<testsuites id="" name="" tests="655" failures="353" skipped="39" errors="0" time="993.9590139999999">
<testsuite name="e2e/checkout.spec.ts" timestamp="2025-07-20T10:35:55.243Z" hostname="chromium" tests="7" failures="4" skipped="0" time="70.804" errors="0">
<testcase name="Checkout Flow › should load checkout page successfully" classname="e2e/checkout.spec.ts" time="9.122">
<failure message="checkout.spec.ts:30:7 should load checkout page successfully" type="FAILURE">
<![CDATA[  [chromium] › e2e/checkout.spec.ts:30:7 › Checkout Flow › should load checkout page successfully ──

    Error: Timed out 5000ms waiting for expect(page).toHaveURL(expected)

    Expected pattern: /.*checkout/
    Received string:  "https://tkafrokitchen.com/menu"
    Call log:
      - Expect "toHaveURL" with timeout 5000ms
        9 × unexpected value "https://tkafrokitchen.com/menu"


      29 |
      30 |   test('should load checkout page successfully', async ({ page }) => {
    > 31 |     await expect(page).toHaveURL(/.*checkout/);
         |                        ^
      32 |     
      33 |     // Check for delivery details form
      34 |     await expect(page.locator('text=Delivery, text=Details, text=Information')).toBeVisible();
        at /Users/I590496/TKAFROKITCHEN/tk-afro-kitchen/tests/e2e/checkout.spec.ts:31:24

    attachment #1: screenshot (image/png) ──────────────────────────────────────────────────────────
    ../test-results/e2e-checkout-Checkout-Flow-dea30--checkout-page-successfully-chromium/test-failed-1.png
    ────────────────────────────────────────────────────────────────────────────────────────────────

    attachment #2: video (video/webm) ──────────────────────────────────────────────────────────────
    ../test-results/e2e-checkout-Checkout-Flow-dea30--checkout-page-successfully-chromium/video.webm
    ────────────────────────────────────────────────────────────────────────────────────────────────

    Error Context: ../test-results/e2e-checkout-Checkout-Flow-dea30--checkout-page-successfully-chromium/error-context.md
]]>
</failure>
<system-out>
<![CDATA[
[[ATTACHMENT|e2e-checkout-Checkout-Flow-dea30--checkout-page-successfully-chromium/test-failed-1.png]]

[[ATTACHMENT|e2e-checkout-Checkout-Flow-dea30--checkout-page-successfully-chromium/video.webm]]

[[ATTACHMENT|e2e-checkout-Checkout-Flow-dea30--checkout-page-successfully-chromium/error-context.md]]
]]>
</system-out>
</testcase>
<testcase name="Checkout Flow › should validate required delivery details" classname="e2e/checkout.spec.ts" time="4.206">
</testcase>
<testcase name="Checkout Flow › should fill delivery details and proceed to payment" classname="e2e/checkout.spec.ts" time="4.322">
</testcase>
<testcase name="Checkout Flow › should show payment options" classname="e2e/checkout.spec.ts" time="32.932">
<failure message="checkout.spec.ts:93:7 should show payment options" type="FAILURE">
<![CDATA[  [chromium] › e2e/checkout.spec.ts:93:7 › Checkout Flow › should show payment options ─────────────

    Test timeout of 30000ms exceeded.

    Error: locator.fill: Test timeout of 30000ms exceeded.
    Call log:
      - waiting for locator('input[name="fullName"], input[placeholder*="name" i]').first()


      93 |   test('should show payment options', async ({ page }) => {
      94 |     // First fill delivery details
    > 95 |     await page.locator('input[name="fullName"], input[placeholder*="name" i]').first().fill('John Doe');
         |                                                                                        ^
      96 |     await page.locator('input[name="email"], input[type="email"]').first().fill('john.doe@example.com');
      97 |     await page.locator('input[name="phone"], input[type="tel"]').first().fill('07123456789');
      98 |     await page.locator('input[name="address"], input[placeholder*="address" i]').first().fill('123 Test Street');
        at /Users/I590496/TKAFROKITCHEN/tk-afro-kitchen/tests/e2e/checkout.spec.ts:95:88

    attachment #1: screenshot (image/png) ──────────────────────────────────────────────────────────
    ../test-results/e2e-checkout-Checkout-Flow-should-show-payment-options-chromium/test-failed-1.png
    ────────────────────────────────────────────────────────────────────────────────────────────────

    attachment #2: video (video/webm) ──────────────────────────────────────────────────────────────
    ../test-results/e2e-checkout-Checkout-Flow-should-show-payment-options-chromium/video.webm
    ────────────────────────────────────────────────────────────────────────────────────────────────

    Error Context: ../test-results/e2e-checkout-Checkout-Flow-should-show-payment-options-chromium/error-context.md
]]>
</failure>
<system-out>
<![CDATA[
[[ATTACHMENT|e2e-checkout-Checkout-Flow-should-show-payment-options-chromium/test-failed-1.png]]

[[ATTACHMENT|e2e-checkout-Checkout-Flow-should-show-payment-options-chromium/video.webm]]

[[ATTACHMENT|e2e-checkout-Checkout-Flow-should-show-payment-options-chromium/error-context.md]]
]]>
</system-out>
</testcase>
<testcase name="Checkout Flow › should have continue shopping option in checkout" classname="e2e/checkout.spec.ts" time="4.288">
</testcase>
<testcase name="Checkout Flow › should show order summary" classname="e2e/checkout.spec.ts" time="9.206">
<failure message="checkout.spec.ts:130:7 should show order summary" type="FAILURE">
<![CDATA[  [chromium] › e2e/checkout.spec.ts:130:7 › Checkout Flow › should show order summary ──────────────

    Error: Timed out 5000ms waiting for expect(locator).toBeVisible()

    Locator: locator('text=Order Summary, text=Summary, text=Total')
    Expected: visible
    Received: <element(s) not found>
    Call log:
      - Expect "toBeVisible" with timeout 5000ms
      - waiting for locator('text=Order Summary, text=Summary, text=Total')


      130 |   test('should show order summary', async ({ page }) => {
      131 |     // Check for order summary section
    > 132 |     await expect(page.locator('text=Order Summary, text=Summary, text=Total')).toBeVisible();
          |                                                                                ^
      133 |     
      134 |     // Check for price display
      135 |     await expect(page.locator('text=£').first()).toBeVisible();
        at /Users/I590496/TKAFROKITCHEN/tk-afro-kitchen/tests/e2e/checkout.spec.ts:132:80

    attachment #1: screenshot (image/png) ──────────────────────────────────────────────────────────
    ../test-results/e2e-checkout-Checkout-Flow-should-show-order-summary-chromium/test-failed-1.png
    ────────────────────────────────────────────────────────────────────────────────────────────────

    attachment #2: video (video/webm) ──────────────────────────────────────────────────────────────
    ../test-results/e2e-checkout-Checkout-Flow-should-show-order-summary-chromium/video.webm
    ────────────────────────────────────────────────────────────────────────────────────────────────

    Error Context: ../test-results/e2e-checkout-Checkout-Flow-should-show-order-summary-chromium/error-context.md
]]>
</failure>
<system-out>
<![CDATA[
[[ATTACHMENT|e2e-checkout-Checkout-Flow-should-show-order-summary-chromium/test-failed-1.png]]

[[ATTACHMENT|e2e-checkout-Checkout-Flow-should-show-order-summary-chromium/video.webm]]

[[ATTACHMENT|e2e-checkout-Checkout-Flow-should-show-order-summary-chromium/error-context.md]]
]]>
</system-out>
</testcase>
<testcase name="Checkout Flow › should show delivery fee calculation" classname="e2e/checkout.spec.ts" time="6.728">
<failure message="checkout.spec.ts:138:7 should show delivery fee calculation" type="FAILURE">
<![CDATA[  [chromium] › e2e/checkout.spec.ts:138:7 › Checkout Flow › should show delivery fee calculation ───

    Error: Timed out 5000ms waiting for expect(locator).toBeVisible()

    Locator: locator('text=Delivery, text=Fee').or(locator('text=Free, text=FREE')).first()
    Expected: visible
    Received: <element(s) not found>
    Call log:
      - Expect "toBeVisible" with timeout 5000ms
      - waiting for locator('text=Delivery, text=Fee').or(locator('text=Free, text=FREE')).first()


      142 |     
      143 |     // Either delivery fee or free delivery should be mentioned
    > 144 |     await expect(deliveryFee.or(freeDelivery).first()).toBeVisible();
          |                                                        ^
      145 |   });
      146 | });
        at /Users/I590496/TKAFROKITCHEN/tk-afro-kitchen/tests/e2e/checkout.spec.ts:144:56

    attachment #1: screenshot (image/png) ──────────────────────────────────────────────────────────
    ../test-results/e2e-checkout-Checkout-Flow-f2fb9-ow-delivery-fee-calculation-chromium/test-failed-1.png
    ────────────────────────────────────────────────────────────────────────────────────────────────

    attachment #2: video (video/webm) ──────────────────────────────────────────────────────────────
    ../test-results/e2e-checkout-Checkout-Flow-f2fb9-ow-delivery-fee-calculation-chromium/video.webm
    ────────────────────────────────────────────────────────────────────────────────────────────────

    Error Context: ../test-results/e2e-checkout-Checkout-Flow-f2fb9-ow-delivery-fee-calculation-chromium/error-context.md
]]>
</failure>
<system-out>
<![CDATA[
[[ATTACHMENT|e2e-checkout-Checkout-Flow-f2fb9-ow-delivery-fee-calculation-chromium/test-failed-1.png]]

[[ATTACHMENT|e2e-checkout-Checkout-Flow-f2fb9-ow-delivery-fee-calculation-chromium/video.webm]]

[[ATTACHMENT|e2e-checkout-Checkout-Flow-f2fb9-ow-delivery-fee-calculation-chromium/error-context.md]]
]]>
</system-out>
</testcase>
</testsuite>
<testsuite name="e2e/contact.spec.ts" timestamp="2025-07-20T10:35:55.243Z" hostname="chromium" tests="14" failures="12" skipped="0" time="208.764" errors="0">
<testcase name="Contact Page › should load contact page successfully" classname="e2e/contact.spec.ts" time="5.677">
<failure message="contact.spec.ts:8:7 should load contact page successfully" type="FAILURE">
<![CDATA[  [chromium] › e2e/contact.spec.ts:8:7 › Contact Page › should load contact page successfully ──────

    Error: Timed out 5000ms waiting for expect(page).toHaveTitle(expected)

    Expected pattern: /Contact/
    Received string:  "TK Afro Kitchen"
    Call log:
      - Expect "toHaveTitle" with timeout 5000ms
        9 × unexpected value "TK Afro Kitchen"


       8 |   test('should load contact page successfully', async ({ page }) => {
       9 |     // Check page title
    > 10 |     await expect(page).toHaveTitle(/Contact/);
         |                        ^
      11 |     
      12 |     // Check main heading
      13 |     await expect(page.locator('h1')).toContainText(/Contact/);
        at /Users/I590496/TKAFROKITCHEN/tk-afro-kitchen/tests/e2e/contact.spec.ts:10:24

    attachment #1: screenshot (image/png) ──────────────────────────────────────────────────────────
    ../test-results/e2e-contact-Contact-Page-s-00e0b-d-contact-page-successfully-chromium/test-failed-1.png
    ────────────────────────────────────────────────────────────────────────────────────────────────

    attachment #2: video (video/webm) ──────────────────────────────────────────────────────────────
    ../test-results/e2e-contact-Contact-Page-s-00e0b-d-contact-page-successfully-chromium/video.webm
    ────────────────────────────────────────────────────────────────────────────────────────────────

    Error Context: ../test-results/e2e-contact-Contact-Page-s-00e0b-d-contact-page-successfully-chromium/error-context.md
]]>
</failure>
<system-out>
<![CDATA[
[[ATTACHMENT|e2e-contact-Contact-Page-s-00e0b-d-contact-page-successfully-chromium/test-failed-1.png]]

[[ATTACHMENT|e2e-contact-Contact-Page-s-00e0b-d-contact-page-successfully-chromium/video.webm]]

[[ATTACHMENT|e2e-contact-Contact-Page-s-00e0b-d-contact-page-successfully-chromium/error-context.md]]
]]>
</system-out>
</testcase>
<testcase name="Contact Page › should display contact form" classname="e2e/contact.spec.ts" time="5.605">
<failure message="contact.spec.ts:19:7 should display contact form" type="FAILURE">
<![CDATA[  [chromium] › e2e/contact.spec.ts:19:7 › Contact Page › should display contact form ───────────────

    Error: Timed out 5000ms waiting for expect(locator).toBeVisible()

    Locator: locator('form')
    Expected: visible
    Received: <element(s) not found>
    Call log:
      - Expect "toBeVisible" with timeout 5000ms
      - waiting for locator('form')


      19 |   test('should display contact form', async ({ page }) => {
      20 |     // Check form is visible
    > 21 |     await expect(page.locator('form')).toBeVisible();
         |                                        ^
      22 |     
      23 |     // Check for form fields
      24 |     await expect(page.locator('input[name="name"], input[placeholder*="Name"]')).toBeVisible();
        at /Users/I590496/TKAFROKITCHEN/tk-afro-kitchen/tests/e2e/contact.spec.ts:21:40

    attachment #1: screenshot (image/png) ──────────────────────────────────────────────────────────
    ../test-results/e2e-contact-Contact-Page-should-display-contact-form-chromium/test-failed-1.png
    ────────────────────────────────────────────────────────────────────────────────────────────────

    attachment #2: video (video/webm) ──────────────────────────────────────────────────────────────
    ../test-results/e2e-contact-Contact-Page-should-display-contact-form-chromium/video.webm
    ────────────────────────────────────────────────────────────────────────────────────────────────

    Error Context: ../test-results/e2e-contact-Contact-Page-should-display-contact-form-chromium/error-context.md
]]>
</failure>
<system-out>
<![CDATA[
[[ATTACHMENT|e2e-contact-Contact-Page-should-display-contact-form-chromium/test-failed-1.png]]

[[ATTACHMENT|e2e-contact-Contact-Page-should-display-contact-form-chromium/video.webm]]

[[ATTACHMENT|e2e-contact-Contact-Page-should-display-contact-form-chromium/error-context.md]]
]]>
</system-out>
</testcase>
<testcase name="Contact Page › should validate required fields" classname="e2e/contact.spec.ts" time="2.574">
</testcase>
<testcase name="Contact Page › should validate email format" classname="e2e/contact.spec.ts" time="30.259">
<failure message="contact.spec.ts:40:7 should validate email format" type="FAILURE">
<![CDATA[  [chromium] › e2e/contact.spec.ts:40:7 › Contact Page › should validate email format ──────────────

    Test timeout of 30000ms exceeded.

    Error: page.fill: Test timeout of 30000ms exceeded.
    Call log:
      - waiting for locator('input[name="name"], input[placeholder*="Name"]')


      40 |   test('should validate email format', async ({ page }) => {
      41 |     // Fill form with invalid email
    > 42 |     await page.fill('input[name="name"], input[placeholder*="Name"]', 'Test User');
         |                ^
      43 |     await page.fill('input[name="email"], input[placeholder*="Email"]', 'invalid-email');
      44 |     await page.fill('textarea[name="message"], textarea[placeholder*="Message"]', 'Test message');
      45 |     
        at /Users/I590496/TKAFROKITCHEN/tk-afro-kitchen/tests/e2e/contact.spec.ts:42:16

    attachment #1: screenshot (image/png) ──────────────────────────────────────────────────────────
    ../test-results/e2e-contact-Contact-Page-should-validate-email-format-chromium/test-failed-1.png
    ────────────────────────────────────────────────────────────────────────────────────────────────

    attachment #2: video (video/webm) ──────────────────────────────────────────────────────────────
    ../test-results/e2e-contact-Contact-Page-should-validate-email-format-chromium/video.webm
    ────────────────────────────────────────────────────────────────────────────────────────────────

    Error Context: ../test-results/e2e-contact-Contact-Page-should-validate-email-format-chromium/error-context.md
]]>
</failure>
<system-out>
<![CDATA[
[[ATTACHMENT|e2e-contact-Contact-Page-should-validate-email-format-chromium/test-failed-1.png]]

[[ATTACHMENT|e2e-contact-Contact-Page-should-validate-email-format-chromium/video.webm]]

[[ATTACHMENT|e2e-contact-Contact-Page-should-validate-email-format-chromium/error-context.md]]
]]>
</system-out>
</testcase>
<testcase name="Contact Page › should accept valid form submission" classname="e2e/contact.spec.ts" time="30.297">
<failure message="contact.spec.ts:56:7 should accept valid form submission" type="FAILURE">
<![CDATA[  [chromium] › e2e/contact.spec.ts:56:7 › Contact Page › should accept valid form submission ───────

    Test timeout of 30000ms exceeded.

    Error: page.fill: Test timeout of 30000ms exceeded.
    Call log:
      - waiting for locator('input[name="name"], input[placeholder*="Name"]')


      56 |   test('should accept valid form submission', async ({ page }) => {
      57 |     // Fill form with valid data
    > 58 |     await page.fill('input[name="name"], input[placeholder*="Name"]', 'Test User');
         |                ^
      59 |     await page.fill('input[name="email"], input[placeholder*="Email"]', 'test@example.com');
      60 |     await page.fill('textarea[name="message"], textarea[placeholder*="Message"]', 'This is a test message');
      61 |     
        at /Users/I590496/TKAFROKITCHEN/tk-afro-kitchen/tests/e2e/contact.spec.ts:58:16

    attachment #1: screenshot (image/png) ──────────────────────────────────────────────────────────
    ../test-results/e2e-contact-Contact-Page-should-accept-valid-form-submission-chromium/test-failed-1.png
    ────────────────────────────────────────────────────────────────────────────────────────────────

    attachment #2: video (video/webm) ──────────────────────────────────────────────────────────────
    ../test-results/e2e-contact-Contact-Page-should-accept-valid-form-submission-chromium/video.webm
    ────────────────────────────────────────────────────────────────────────────────────────────────

    Error Context: ../test-results/e2e-contact-Contact-Page-should-accept-valid-form-submission-chromium/error-context.md
]]>
</failure>
<system-out>
<![CDATA[
[[ATTACHMENT|e2e-contact-Contact-Page-should-accept-valid-form-submission-chromium/test-failed-1.png]]

[[ATTACHMENT|e2e-contact-Contact-Page-should-accept-valid-form-submission-chromium/video.webm]]

[[ATTACHMENT|e2e-contact-Contact-Page-should-accept-valid-form-submission-chromium/error-context.md]]
]]>
</system-out>
</testcase>
<testcase name="Contact Page › should display contact information" classname="e2e/contact.spec.ts" time="0.805">
<failure message="contact.spec.ts:81:7 should display contact information" type="FAILURE">
<![CDATA[  [chromium] › e2e/contact.spec.ts:81:7 › Contact Page › should display contact information ────────

    Error: expect.toBeVisible: Error: strict mode violation: locator('text=Milton Keynes') resolved to 3 elements:
        1) <span>Milton Keynes, UK</span> aka getByRole('banner').getByText('Milton Keynes, UK')
        2) <p class="text-sm sm:text-base text-gray-300">Milton Keynes, UK</p> aka getByRole('paragraph').filter({ hasText: 'Milton Keynes, UK' })
        3) <span class="text-sm">Milton Keynes, UK</span> aka getByRole('contentinfo').getByText('Milton Keynes, UK')

    Call log:
      - Expect "toBeVisible" with timeout 5000ms
      - waiting for locator('text=Milton Keynes')


      81 |   test('should display contact information', async ({ page }) => {
      82 |     // Check for contact details
    > 83 |     await expect(page.locator('text=Milton Keynes')).toBeVisible();
         |                                                      ^
      84 |     
      85 |     // Check for phone number if present
      86 |     const phoneNumber = page.locator('text=+44, a[href*="tel"]');
        at /Users/I590496/TKAFROKITCHEN/tk-afro-kitchen/tests/e2e/contact.spec.ts:83:54

    attachment #1: screenshot (image/png) ──────────────────────────────────────────────────────────
    ../test-results/e2e-contact-Contact-Page-should-display-contact-information-chromium/test-failed-1.png
    ────────────────────────────────────────────────────────────────────────────────────────────────

    attachment #2: video (video/webm) ──────────────────────────────────────────────────────────────
    ../test-results/e2e-contact-Contact-Page-should-display-contact-information-chromium/video.webm
    ────────────────────────────────────────────────────────────────────────────────────────────────

    Error Context: ../test-results/e2e-contact-Contact-Page-should-display-contact-information-chromium/error-context.md
]]>
</failure>
<system-out>
<![CDATA[
[[ATTACHMENT|e2e-contact-Contact-Page-should-display-contact-information-chromium/test-failed-1.png]]

[[ATTACHMENT|e2e-contact-Contact-Page-should-display-contact-information-chromium/video.webm]]

[[ATTACHMENT|e2e-contact-Contact-Page-should-display-contact-information-chromium/error-context.md]]
]]>
</system-out>
</testcase>
<testcase name="Contact Page › should have working social media links" classname="e2e/contact.spec.ts" time="0.486">
<failure message="contact.spec.ts:92:7 should have working social media links" type="FAILURE">
<![CDATA[  [chromium] › e2e/contact.spec.ts:92:7 › Contact Page › should have working social media links ────

    Error: expect.toBeVisible: Error: strict mode violation: locator('a[href*="instagram"]') resolved to 3 elements:
        1) <a target="_blank" href="https://instagram.com/tk_afro_kitchen" class="text-slate-300 hover:text-orange-400 transition-colors">…</a> aka locator('div').filter({ hasText: /^AboutFAQContact$/ }).getByRole('link').first()
        2) <a target="_blank" href="https://instagram.com/tk_afro_kitchen" class="w-10 h-10 sm:w-12 sm:h-12 bg-gradient-to-r from-pink-500 to-purple-500 rounded-full flex items-center justify-center text-white hover:scale-110 transition-transform">…</a> aka getByRole('main').getByRole('link').first()
        3) <a target="_blank" rel="noopener noreferrer" href="https://instagram.com/tk_afro_kitchen" class="w-10 h-10 bg-gradient-to-r from-pink-500 to-purple-500 rounded-full flex items-center justify-center text-white shadow-lg hover:shadow-xl transition-all duration-300">…</a> aka getByRole('contentinfo').getByRole('link').filter({ hasText: /^$/ }).first()

    Call log:
      - Expect "toBeVisible" with timeout 5000ms
      - waiting for locator('a[href*="instagram"]')


      92 |   test('should have working social media links', async ({ page }) => {
      93 |     // Check social media links
    > 94 |     await expect(page.locator('a[href*="instagram"]')).toBeVisible();
         |                                                        ^
      95 |     await expect(page.locator('a[href*="facebook"]')).toBeVisible();
      96 |   });
      97 |
        at /Users/I590496/TKAFROKITCHEN/tk-afro-kitchen/tests/e2e/contact.spec.ts:94:56

    attachment #1: screenshot (image/png) ──────────────────────────────────────────────────────────
    ../test-results/e2e-contact-Contact-Page-s-68c4b--working-social-media-links-chromium/test-failed-1.png
    ────────────────────────────────────────────────────────────────────────────────────────────────

    attachment #2: video (video/webm) ──────────────────────────────────────────────────────────────
    ../test-results/e2e-contact-Contact-Page-s-68c4b--working-social-media-links-chromium/video.webm
    ────────────────────────────────────────────────────────────────────────────────────────────────

    Error Context: ../test-results/e2e-contact-Contact-Page-s-68c4b--working-social-media-links-chromium/error-context.md
]]>
</failure>
<system-out>
<![CDATA[
[[ATTACHMENT|e2e-contact-Contact-Page-s-68c4b--working-social-media-links-chromium/test-failed-1.png]]

[[ATTACHMENT|e2e-contact-Contact-Page-s-68c4b--working-social-media-links-chromium/video.webm]]

[[ATTACHMENT|e2e-contact-Contact-Page-s-68c4b--working-social-media-links-chromium/error-context.md]]
]]>
</system-out>
</testcase>
<testcase name="Contact Page › should display business hours if available" classname="e2e/contact.spec.ts" time="0.426">
</testcase>
<testcase name="Contact Page › should have accessible form labels" classname="e2e/contact.spec.ts" time="5.498">
<failure message="contact.spec.ts:106:7 should have accessible form labels" type="FAILURE">
<![CDATA[  [chromium] › e2e/contact.spec.ts:106:7 › Contact Page › should have accessible form labels ───────

    Error: Timed out 5000ms waiting for expect(locator).toBeVisible()

    Locator: locator('input[name="name"], input[placeholder*="Name"]')
    Expected: visible
    Received: <element(s) not found>
    Call log:
      - Expect "toBeVisible" with timeout 5000ms
      - waiting for locator('input[name="name"], input[placeholder*="Name"]')


      107 |     // Check form fields have proper labels
      108 |     const nameField = page.locator('input[name="name"], input[placeholder*="Name"]');
    > 109 |     await expect(nameField).toBeVisible();
          |                             ^
      110 |     
      111 |     const emailField = page.locator('input[name="email"], input[placeholder*="Email"]');
      112 |     await expect(emailField).toBeVisible();
        at /Users/I590496/TKAFROKITCHEN/tk-afro-kitchen/tests/e2e/contact.spec.ts:109:29

    attachment #1: screenshot (image/png) ──────────────────────────────────────────────────────────
    ../test-results/e2e-contact-Contact-Page-should-have-accessible-form-labels-chromium/test-failed-1.png
    ────────────────────────────────────────────────────────────────────────────────────────────────

    attachment #2: video (video/webm) ──────────────────────────────────────────────────────────────
    ../test-results/e2e-contact-Contact-Page-should-have-accessible-form-labels-chromium/video.webm
    ────────────────────────────────────────────────────────────────────────────────────────────────

    Error Context: ../test-results/e2e-contact-Contact-Page-should-have-accessible-form-labels-chromium/error-context.md
]]>
</failure>
<system-out>
<![CDATA[
[[ATTACHMENT|e2e-contact-Contact-Page-should-have-accessible-form-labels-chromium/test-failed-1.png]]

[[ATTACHMENT|e2e-contact-Contact-Page-should-have-accessible-form-labels-chromium/video.webm]]

[[ATTACHMENT|e2e-contact-Contact-Page-should-have-accessible-form-labels-chromium/error-context.md]]
]]>
</system-out>
</testcase>
<testcase name="Contact Page › should handle form submission errors gracefully" classname="e2e/contact.spec.ts" time="30.616">
<failure message="contact.spec.ts:118:7 should handle form submission errors gracefully" type="FAILURE">
<![CDATA[  [chromium] › e2e/contact.spec.ts:118:7 › Contact Page › should handle form submission errors gracefully 

    Test timeout of 30000ms exceeded.

    Error: page.fill: Test timeout of 30000ms exceeded.
    Call log:
      - waiting for locator('input[name="name"], input[placeholder*="Name"]')


      118 |   test('should handle form submission errors gracefully', async ({ page }) => {
      119 |     // Fill form with valid data
    > 120 |     await page.fill('input[name="name"], input[placeholder*="Name"]', 'Test User');
          |                ^
      121 |     await page.fill('input[name="email"], input[placeholder*="Email"]', 'test@example.com');
      122 |     await page.fill('textarea[name="message"], textarea[placeholder*="Message"]', 'Test message');
      123 |     
        at /Users/I590496/TKAFROKITCHEN/tk-afro-kitchen/tests/e2e/contact.spec.ts:120:16

    attachment #1: screenshot (image/png) ──────────────────────────────────────────────────────────
    ../test-results/e2e-contact-Contact-Page-s-94020-ubmission-errors-gracefully-chromium/test-failed-1.png
    ────────────────────────────────────────────────────────────────────────────────────────────────

    attachment #2: video (video/webm) ──────────────────────────────────────────────────────────────
    ../test-results/e2e-contact-Contact-Page-s-94020-ubmission-errors-gracefully-chromium/video.webm
    ────────────────────────────────────────────────────────────────────────────────────────────────

    Error Context: ../test-results/e2e-contact-Contact-Page-s-94020-ubmission-errors-gracefully-chromium/error-context.md
]]>
</failure>
<system-out>
<![CDATA[
[[ATTACHMENT|e2e-contact-Contact-Page-s-94020-ubmission-errors-gracefully-chromium/test-failed-1.png]]

[[ATTACHMENT|e2e-contact-Contact-Page-s-94020-ubmission-errors-gracefully-chromium/video.webm]]

[[ATTACHMENT|e2e-contact-Contact-Page-s-94020-ubmission-errors-gracefully-chromium/error-context.md]]
]]>
</system-out>
</testcase>
<testcase name="Contact Page › should prevent multiple form submissions" classname="e2e/contact.spec.ts" time="30.463">
<failure message="contact.spec.ts:143:7 should prevent multiple form submissions" type="FAILURE">
<![CDATA[  [chromium] › e2e/contact.spec.ts:143:7 › Contact Page › should prevent multiple form submissions ─

    Test timeout of 30000ms exceeded.

    Error: page.fill: Test timeout of 30000ms exceeded.
    Call log:
      - waiting for locator('input[name="name"], input[placeholder*="Name"]')


      143 |   test('should prevent multiple form submissions', async ({ page }) => {
      144 |     // Fill form
    > 145 |     await page.fill('input[name="name"], input[placeholder*="Name"]', 'Test User');
          |                ^
      146 |     await page.fill('input[name="email"], input[placeholder*="Email"]', 'test@example.com');
      147 |     await page.fill('textarea[name="message"], textarea[placeholder*="Message"]', 'Test message');
      148 |     
        at /Users/I590496/TKAFROKITCHEN/tk-afro-kitchen/tests/e2e/contact.spec.ts:145:16

    attachment #1: screenshot (image/png) ──────────────────────────────────────────────────────────
    ../test-results/e2e-contact-Contact-Page-s-2667b-t-multiple-form-submissions-chromium/test-failed-1.png
    ────────────────────────────────────────────────────────────────────────────────────────────────

    attachment #2: video (video/webm) ──────────────────────────────────────────────────────────────
    ../test-results/e2e-contact-Contact-Page-s-2667b-t-multiple-form-submissions-chromium/video.webm
    ────────────────────────────────────────────────────────────────────────────────────────────────

    Error Context: ../test-results/e2e-contact-Contact-Page-s-2667b-t-multiple-form-submissions-chromium/error-context.md
]]>
</failure>
<system-out>
<![CDATA[
[[ATTACHMENT|e2e-contact-Contact-Page-s-2667b-t-multiple-form-submissions-chromium/test-failed-1.png]]

[[ATTACHMENT|e2e-contact-Contact-Page-s-2667b-t-multiple-form-submissions-chromium/video.webm]]

[[ATTACHMENT|e2e-contact-Contact-Page-s-2667b-t-multiple-form-submissions-chromium/error-context.md]]
]]>
</system-out>
</testcase>
<testcase name="Contact Page › should clear form after successful submission" classname="e2e/contact.spec.ts" time="30.322">
<failure message="contact.spec.ts:169:7 should clear form after successful submission" type="FAILURE">
<![CDATA[  [chromium] › e2e/contact.spec.ts:169:7 › Contact Page › should clear form after successful submission 

    Test timeout of 30000ms exceeded.

    Error: page.fill: Test timeout of 30000ms exceeded.
    Call log:
      - waiting for locator('input[name="name"], input[placeholder*="Name"]')


      169 |   test('should clear form after successful submission', async ({ page }) => {
      170 |     // Fill form
    > 171 |     await page.fill('input[name="name"], input[placeholder*="Name"]', 'Test User');
          |                ^
      172 |     await page.fill('input[name="email"], input[placeholder*="Email"]', 'test@example.com');
      173 |     await page.fill('textarea[name="message"], textarea[placeholder*="Message"]', 'Test message');
      174 |     
        at /Users/I590496/TKAFROKITCHEN/tk-afro-kitchen/tests/e2e/contact.spec.ts:171:16

    attachment #1: screenshot (image/png) ──────────────────────────────────────────────────────────
    ../test-results/e2e-contact-Contact-Page-s-2e0ba-after-successful-submission-chromium/test-failed-1.png
    ────────────────────────────────────────────────────────────────────────────────────────────────

    attachment #2: video (video/webm) ──────────────────────────────────────────────────────────────
    ../test-results/e2e-contact-Contact-Page-s-2e0ba-after-successful-submission-chromium/video.webm
    ────────────────────────────────────────────────────────────────────────────────────────────────

    Error Context: ../test-results/e2e-contact-Contact-Page-s-2e0ba-after-successful-submission-chromium/error-context.md
]]>
</failure>
<system-out>
<![CDATA[
[[ATTACHMENT|e2e-contact-Contact-Page-s-2e0ba-after-successful-submission-chromium/test-failed-1.png]]

[[ATTACHMENT|e2e-contact-Contact-Page-s-2e0ba-after-successful-submission-chromium/video.webm]]

[[ATTACHMENT|e2e-contact-Contact-Page-s-2e0ba-after-successful-submission-chromium/error-context.md]]
]]>
</system-out>
</testcase>
<testcase name="Contact Page › should be responsive on mobile devices" classname="e2e/contact.spec.ts" time="5.443">
<failure message="contact.spec.ts:200:7 should be responsive on mobile devices" type="FAILURE">
<![CDATA[  [chromium] › e2e/contact.spec.ts:200:7 › Contact Page › should be responsive on mobile devices ───

    Error: Timed out 5000ms waiting for expect(locator).toBeVisible()

    Locator: locator('form')
    Expected: visible
    Received: <element(s) not found>
    Call log:
      - Expect "toBeVisible" with timeout 5000ms
      - waiting for locator('form')


      203 |     
      204 |     // Check form is still usable
    > 205 |     await expect(page.locator('form')).toBeVisible();
          |                                        ^
      206 |     await expect(page.locator('input[name="name"], input[placeholder*="Name"]')).toBeVisible();
      207 |     await expect(page.locator('button[type="submit"], button:has-text("Send Message")')).toBeVisible();
      208 |   });
        at /Users/I590496/TKAFROKITCHEN/tk-afro-kitchen/tests/e2e/contact.spec.ts:205:40

    attachment #1: screenshot (image/png) ──────────────────────────────────────────────────────────
    ../test-results/e2e-contact-Contact-Page-s-daced-esponsive-on-mobile-devices-chromium/test-failed-1.png
    ────────────────────────────────────────────────────────────────────────────────────────────────

    attachment #2: video (video/webm) ──────────────────────────────────────────────────────────────
    ../test-results/e2e-contact-Contact-Page-s-daced-esponsive-on-mobile-devices-chromium/video.webm
    ────────────────────────────────────────────────────────────────────────────────────────────────

    Error Context: ../test-results/e2e-contact-Contact-Page-s-daced-esponsive-on-mobile-devices-chromium/error-context.md
]]>
</failure>
<system-out>
<![CDATA[
[[ATTACHMENT|e2e-contact-Contact-Page-s-daced-esponsive-on-mobile-devices-chromium/test-failed-1.png]]

[[ATTACHMENT|e2e-contact-Contact-Page-s-daced-esponsive-on-mobile-devices-chromium/video.webm]]

[[ATTACHMENT|e2e-contact-Contact-Page-s-daced-esponsive-on-mobile-devices-chromium/error-context.md]]
]]>
</system-out>
</testcase>
<testcase name="Contact Page › should handle special characters in form fields" classname="e2e/contact.spec.ts" time="30.293">
<failure message="contact.spec.ts:210:7 should handle special characters in form fields" type="FAILURE">
<![CDATA[  [chromium] › e2e/contact.spec.ts:210:7 › Contact Page › should handle special characters in form fields 

    Test timeout of 30000ms exceeded.

    Error: page.fill: Test timeout of 30000ms exceeded.
    Call log:
      - waiting for locator('input[name="name"], input[placeholder*="Name"]')


      213 |     const specialMessage = 'Hello! This is a test message with special chars: @#$%^&*()';
      214 |     
    > 215 |     await page.fill('input[name="name"], input[placeholder*="Name"]', specialName);
          |                ^
      216 |     await page.fill('input[name="email"], input[placeholder*="Email"]', 'test@example.com');
      217 |     await page.fill('textarea[name="message"], textarea[placeholder*="Message"]', specialMessage);
      218 |     
        at /Users/I590496/TKAFROKITCHEN/tk-afro-kitchen/tests/e2e/contact.spec.ts:215:16

    attachment #1: screenshot (image/png) ──────────────────────────────────────────────────────────
    ../test-results/e2e-contact-Contact-Page-s-09cbe-l-characters-in-form-fields-chromium/test-failed-1.png
    ────────────────────────────────────────────────────────────────────────────────────────────────

    attachment #2: video (video/webm) ──────────────────────────────────────────────────────────────
    ../test-results/e2e-contact-Contact-Page-s-09cbe-l-characters-in-form-fields-chromium/video.webm
    ────────────────────────────────────────────────────────────────────────────────────────────────

    Error Context: ../test-results/e2e-contact-Contact-Page-s-09cbe-l-characters-in-form-fields-chromium/error-context.md
]]>
</failure>
<system-out>
<![CDATA[
[[ATTACHMENT|e2e-contact-Contact-Page-s-09cbe-l-characters-in-form-fields-chromium/test-failed-1.png]]

[[ATTACHMENT|e2e-contact-Contact-Page-s-09cbe-l-characters-in-form-fields-chromium/video.webm]]

[[ATTACHMENT|e2e-contact-Contact-Page-s-09cbe-l-characters-in-form-fields-chromium/error-context.md]]
]]>
</system-out>
</testcase>
</testsuite>
<testsuite name="e2e/cross-browser.spec.ts" timestamp="2025-07-20T10:35:55.243Z" hostname="chromium" tests="10" failures="4" skipped="4" time="41.868" errors="0">
<testcase name="Cross-Browser Compatibility › should load homepage correctly across browsers" classname="e2e/cross-browser.spec.ts" time="6.811">
<failure message="cross-browser.spec.ts:4:7 should load homepage correctly across browsers" type="FAILURE">
<![CDATA[  [chromium] › e2e/cross-browser.spec.ts:4:7 › Cross-Browser Compatibility › should load homepage correctly across browsers 

    Error: Timed out 5000ms waiting for expect(locator).toContainText(expected)

    Locator: locator('h1')
    Expected string: "Authentic Nigerian Cuisine"
    Received string: "TK Afro Kitchen"
    Call log:
      - Expect "toContainText" with timeout 5000ms
      - waiting for locator('h1')
        8 × locator resolved to <h1 class="text-5xl md:text-7xl font-bold mb-6">…</h1>
          - unexpected value "TK Afro Kitchen"


       6 |     
       7 |     // Basic page load check
    >  8 |     await expect(page.locator('h1')).toContainText('Authentic Nigerian Cuisine');
         |                                      ^
       9 |     await expect(page.locator('text=Browse Our Menu')).toBeVisible();
      10 |     
      11 |     // Check that navigation works
        at /Users/I590496/TKAFROKITCHEN/tk-afro-kitchen/tests/e2e/cross-browser.spec.ts:8:38

    attachment #1: screenshot (image/png) ──────────────────────────────────────────────────────────
    ../test-results/e2e-cross-browser-Cross-Br-8508e-e-correctly-across-browsers-chromium/test-failed-1.png
    ────────────────────────────────────────────────────────────────────────────────────────────────

    attachment #2: video (video/webm) ──────────────────────────────────────────────────────────────
    ../test-results/e2e-cross-browser-Cross-Br-8508e-e-correctly-across-browsers-chromium/video.webm
    ────────────────────────────────────────────────────────────────────────────────────────────────

    Error Context: ../test-results/e2e-cross-browser-Cross-Br-8508e-e-correctly-across-browsers-chromium/error-context.md
]]>
</failure>
<system-out>
<![CDATA[
[[ATTACHMENT|e2e-cross-browser-Cross-Br-8508e-e-correctly-across-browsers-chromium/test-failed-1.png]]

[[ATTACHMENT|e2e-cross-browser-Cross-Br-8508e-e-correctly-across-browsers-chromium/video.webm]]

[[ATTACHMENT|e2e-cross-browser-Cross-Br-8508e-e-correctly-across-browsers-chromium/error-context.md]]
]]>
</system-out>
</testcase>
<testcase name="Cross-Browser Compatibility › should handle navigation correctly" classname="e2e/cross-browser.spec.ts" time="6.425">
<failure message="cross-browser.spec.ts:18:7 should handle navigation correctly" type="FAILURE">
<![CDATA[  [chromium] › e2e/cross-browser.spec.ts:18:7 › Cross-Browser Compatibility › should handle navigation correctly 

    Error: Timed out 5000ms waiting for expect(locator).toContainText(expected)

    Locator: locator('h1')
    Expected string: "Authentic Nigerian Cuisine"
    Received string: "TK Afro Kitchen"
    Call log:
      - Expect "toContainText" with timeout 5000ms
      - waiting for locator('h1')
        8 × locator resolved to <h1 class="text-5xl md:text-7xl font-bold mb-6">…</h1>
          - unexpected value "TK Afro Kitchen"


      29 |     // Navigate back to home
      30 |     await page.goto('/');
    > 31 |     await expect(page.locator('h1')).toContainText('Authentic Nigerian Cuisine');
         |                                      ^
      32 |   });
      33 |
      34 |   test('should handle cart functionality', async ({ page }) => {
        at /Users/I590496/TKAFROKITCHEN/tk-afro-kitchen/tests/e2e/cross-browser.spec.ts:31:38

    attachment #1: screenshot (image/png) ──────────────────────────────────────────────────────────
    ../test-results/e2e-cross-browser-Cross-Br-d1cbb-handle-navigation-correctly-chromium/test-failed-1.png
    ────────────────────────────────────────────────────────────────────────────────────────────────

    attachment #2: video (video/webm) ──────────────────────────────────────────────────────────────
    ../test-results/e2e-cross-browser-Cross-Br-d1cbb-handle-navigation-correctly-chromium/video.webm
    ────────────────────────────────────────────────────────────────────────────────────────────────

    Error Context: ../test-results/e2e-cross-browser-Cross-Br-d1cbb-handle-navigation-correctly-chromium/error-context.md
]]>
</failure>
<system-out>
<![CDATA[
[[ATTACHMENT|e2e-cross-browser-Cross-Br-d1cbb-handle-navigation-correctly-chromium/test-failed-1.png]]

[[ATTACHMENT|e2e-cross-browser-Cross-Br-d1cbb-handle-navigation-correctly-chromium/video.webm]]

[[ATTACHMENT|e2e-cross-browser-Cross-Br-d1cbb-handle-navigation-correctly-chromium/error-context.md]]
]]>
</system-out>
</testcase>
<testcase name="Cross-Browser Compatibility › should handle cart functionality" classname="e2e/cross-browser.spec.ts" time="0.934">
</testcase>
<testcase name="Cross-Browser Compatibility › should render responsive design correctly" classname="e2e/cross-browser.spec.ts" time="1.121">
</testcase>
<testcase name="Safari-Specific Compatibility › should handle Safari-specific link behavior" classname="e2e/cross-browser.spec.ts" time="0.22">
<properties>
<property name="skip" value="Safari-specific test">
</property>
</properties>
<skipped>
</skipped>
</testcase>
<testcase name="Safari-Specific Compatibility › should handle Safari payment redirect behavior" classname="e2e/cross-browser.spec.ts" time="0.265">
<properties>
<property name="skip" value="Safari-specific test">
</property>
</properties>
<skipped>
</skipped>
</testcase>
<testcase name="Mobile Compatibility › should handle mobile navigation" classname="e2e/cross-browser.spec.ts" time="0.244">
<properties>
<property name="skip" value="Mobile-specific test">
</property>
</properties>
<skipped>
</skipped>
</testcase>
<testcase name="Mobile Compatibility › should handle mobile cart interaction" classname="e2e/cross-browser.spec.ts" time="0.132">
<properties>
<property name="skip" value="Mobile-specific test">
</property>
</properties>
<skipped>
</skipped>
</testcase>
<testcase name="Performance Checks › should load pages within acceptable time limits" classname="e2e/cross-browser.spec.ts" time="12.619">
<failure message="cross-browser.spec.ts:159:7 should load pages within acceptable time limits" type="FAILURE">
<![CDATA[  [chromium] › e2e/cross-browser.spec.ts:159:7 › Performance Checks › should load pages within acceptable time limits 

    Error: Timed out 5000ms waiting for expect(locator).toBeVisible()

    Locator: locator('text=Browse Our Menu')
    Expected: visible
    Received: <element(s) not found>
    Call log:
      - Expect "toBeVisible" with timeout 5000ms
      - waiting for locator('text=Browse Our Menu')


      169 |     // Check that critical content is visible
      170 |     await expect(page.locator('h1')).toBeVisible();
    > 171 |     await expect(page.locator('text=Browse Our Menu')).toBeVisible();
          |                                                        ^
      172 |   });
      173 |
      174 |   test('should handle JavaScript loading correctly', async ({ page }) => {
        at /Users/I590496/TKAFROKITCHEN/tk-afro-kitchen/tests/e2e/cross-browser.spec.ts:171:56

    attachment #1: screenshot (image/png) ──────────────────────────────────────────────────────────
    ../test-results/e2e-cross-browser-Performa-d046d-thin-acceptable-time-limits-chromium/test-failed-1.png
    ────────────────────────────────────────────────────────────────────────────────────────────────

    attachment #2: video (video/webm) ──────────────────────────────────────────────────────────────
    ../test-results/e2e-cross-browser-Performa-d046d-thin-acceptable-time-limits-chromium/video.webm
    ────────────────────────────────────────────────────────────────────────────────────────────────

    Error Context: ../test-results/e2e-cross-browser-Performa-d046d-thin-acceptable-time-limits-chromium/error-context.md
]]>
</failure>
<system-out>
<![CDATA[
[[ATTACHMENT|e2e-cross-browser-Performa-d046d-thin-acceptable-time-limits-chromium/test-failed-1.png]]

[[ATTACHMENT|e2e-cross-browser-Performa-d046d-thin-acceptable-time-limits-chromium/video.webm]]

[[ATTACHMENT|e2e-cross-browser-Performa-d046d-thin-acceptable-time-limits-chromium/error-context.md]]
]]>
</system-out>
</testcase>
<testcase name="Performance Checks › should handle JavaScript loading correctly" classname="e2e/cross-browser.spec.ts" time="13.097">
<failure message="cross-browser.spec.ts:174:7 should handle JavaScript loading correctly" type="FAILURE">
<![CDATA[  [chromium] › e2e/cross-browser.spec.ts:174:7 › Performance Checks › should handle JavaScript loading correctly 

    Error: Timed out 5000ms waiting for expect(locator).toBeEnabled()

    Locator: locator('text=Browse Our Menu').first()
    Expected: enabled
    Received: <element(s) not found>
    Call log:
      - Expect "toBeEnabled" with timeout 5000ms
      - waiting for locator('text=Browse Our Menu').first()


      180 |     // Interactive elements should work
      181 |     const menuButton = page.locator('text=Browse Our Menu').first();
    > 182 |     await expect(menuButton).toBeEnabled();
          |                              ^
      183 |     
      184 |     await menuButton.click();
      185 |     await page.waitForURL('**/menu');
        at /Users/I590496/TKAFROKITCHEN/tk-afro-kitchen/tests/e2e/cross-browser.spec.ts:182:30

    attachment #1: screenshot (image/png) ──────────────────────────────────────────────────────────
    ../test-results/e2e-cross-browser-Performa-7a126-avaScript-loading-correctly-chromium/test-failed-1.png
    ────────────────────────────────────────────────────────────────────────────────────────────────

    attachment #2: video (video/webm) ──────────────────────────────────────────────────────────────
    ../test-results/e2e-cross-browser-Performa-7a126-avaScript-loading-correctly-chromium/video.webm
    ────────────────────────────────────────────────────────────────────────────────────────────────

    Error Context: ../test-results/e2e-cross-browser-Performa-7a126-avaScript-loading-correctly-chromium/error-context.md
]]>
</failure>
<system-out>
<![CDATA[
[[ATTACHMENT|e2e-cross-browser-Performa-7a126-avaScript-loading-correctly-chromium/test-failed-1.png]]

[[ATTACHMENT|e2e-cross-browser-Performa-7a126-avaScript-loading-correctly-chromium/video.webm]]

[[ATTACHMENT|e2e-cross-browser-Performa-7a126-avaScript-loading-correctly-chromium/error-context.md]]
]]>
</system-out>
</testcase>
</testsuite>
<testsuite name="e2e/final-payment-flow.spec.ts" timestamp="2025-07-20T10:35:55.243Z" hostname="chromium" tests="2" failures="1" skipped="0" time="28.746" errors="0">
<testcase name="Final Payment Flow Test - Complete E2E › should complete add to cart → card payment → success page flow" classname="e2e/final-payment-flow.spec.ts" time="17.166">
<failure message="final-payment-flow.spec.ts:5:7 should complete add to cart → card payment → success page flow" type="FAILURE">
<![CDATA[  [chromium] › e2e/final-payment-flow.spec.ts:5:7 › Final Payment Flow Test - Complete E2E › should complete add to cart → card payment → success page flow 

    Error: Timed out 5000ms waiting for expect(page).toHaveURL(expected)

    Expected pattern: /.*checkout/
    Received string:  "https://tkafrokitchen.com/menu"
    Call log:
      - Expect "toHaveURL" with timeout 5000ms
        8 × unexpected value "https://tkafrokitchen.com/menu"


      57 |     
      58 |     // Verify we're on checkout page and not redirected (cart should have items)
    > 59 |     await expect(page).toHaveURL(/.*checkout/);
         |                        ^
      60 |     console.log('✅ Successfully on checkout page with items in cart');
      61 |     
      62 |     // Step 6: Fill delivery details
        at /Users/I590496/TKAFROKITCHEN/tk-afro-kitchen/tests/e2e/final-payment-flow.spec.ts:59:24

    attachment #1: screenshot (image/png) ──────────────────────────────────────────────────────────
    ../test-results/e2e-final-payment-flow-Fin-cc011-payment-→-success-page-flow-chromium/test-failed-1.png
    ────────────────────────────────────────────────────────────────────────────────────────────────

    attachment #2: video (video/webm) ──────────────────────────────────────────────────────────────
    ../test-results/e2e-final-payment-flow-Fin-cc011-payment-→-success-page-flow-chromium/video.webm
    ────────────────────────────────────────────────────────────────────────────────────────────────

    Error Context: ../test-results/e2e-final-payment-flow-Fin-cc011-payment-→-success-page-flow-chromium/error-context.md
]]>
</failure>
<system-out>
<![CDATA[🚀 Starting complete payment flow test
📱 Step 1: Navigate to menu
🍽️ Step 2: Select menu item
🛒 Step 3: Add item to cart from modal
✅ Item added to cart
🔄 Step 4: Ensure modal is closed
🛍️ Step 5: Navigate to checkout

[[ATTACHMENT|e2e-final-payment-flow-Fin-cc011-payment-→-success-page-flow-chromium/test-failed-1.png]]

[[ATTACHMENT|e2e-final-payment-flow-Fin-cc011-payment-→-success-page-flow-chromium/video.webm]]

[[ATTACHMENT|e2e-final-payment-flow-Fin-cc011-payment-→-success-page-flow-chromium/error-context.md]]
]]>
</system-out>
</testcase>
<testcase name="Final Payment Flow Test - Complete E2E › should add item to cart and verify cart state" classname="e2e/final-payment-flow.spec.ts" time="11.58">
<system-out>
<![CDATA[🛒 Testing cart functionality only
✅ Item added to cart
❌ Redirected from checkout - cart may be empty
]]>
</system-out>
</testcase>
</testsuite>
<testsuite name="e2e/full-payment-flow.spec.ts" timestamp="2025-07-20T10:35:55.243Z" hostname="chromium" tests="4" failures="4" skipped="0" time="122.286" errors="0">
<testcase name="Complete Payment Flow - Add to Cart → Card Payment → Success Page › should complete full payment flow with card payment" classname="e2e/full-payment-flow.spec.ts" time="30.573">
<failure message="full-payment-flow.spec.ts:11:7 should complete full payment flow with card payment" type="FAILURE">
<![CDATA[  [chromium] › e2e/full-payment-flow.spec.ts:11:7 › Complete Payment Flow - Add to Cart → Card Payment → Success Page › should complete full payment flow with card payment 

    Test timeout of 30000ms exceeded.

    Error: locator.click: Test timeout of 30000ms exceeded.
    Call log:
      - waiting for locator('a[href="/menu"]:has-text("Browse Our Menu")')


      14 |     
      15 |     // Navigate to menu using the correct Link component
    > 16 |     await page.locator('a[href="/menu"]:has-text("Browse Our Menu")').click();
         |                                                                       ^
      17 |     await expect(page).toHaveURL(/.*menu/);
      18 |     await page.waitForLoadState('networkidle');
      19 |     
        at /Users/I590496/TKAFROKITCHEN/tk-afro-kitchen/tests/e2e/full-payment-flow.spec.ts:16:71

    attachment #1: screenshot (image/png) ──────────────────────────────────────────────────────────
    ../test-results/e2e-full-payment-flow-Comp-4918c-ment-flow-with-card-payment-chromium/test-failed-1.png
    ────────────────────────────────────────────────────────────────────────────────────────────────

    attachment #2: video (video/webm) ──────────────────────────────────────────────────────────────
    ../test-results/e2e-full-payment-flow-Comp-4918c-ment-flow-with-card-payment-chromium/video.webm
    ────────────────────────────────────────────────────────────────────────────────────────────────

    Error Context: ../test-results/e2e-full-payment-flow-Comp-4918c-ment-flow-with-card-payment-chromium/error-context.md
]]>
</failure>
<system-out>
<![CDATA[🛒 Step 1: Adding item to cart

[[ATTACHMENT|e2e-full-payment-flow-Comp-4918c-ment-flow-with-card-payment-chromium/test-failed-1.png]]

[[ATTACHMENT|e2e-full-payment-flow-Comp-4918c-ment-flow-with-card-payment-chromium/video.webm]]

[[ATTACHMENT|e2e-full-payment-flow-Comp-4918c-ment-flow-with-card-payment-chromium/error-context.md]]
]]>
</system-out>
</testcase>
<testcase name="Complete Payment Flow - Add to Cart → Card Payment → Success Page › should handle continue shopping during checkout" classname="e2e/full-payment-flow.spec.ts" time="30.712">
<failure message="full-payment-flow.spec.ts:159:7 should handle continue shopping during checkout" type="FAILURE">
<![CDATA[  [chromium] › e2e/full-payment-flow.spec.ts:159:7 › Complete Payment Flow - Add to Cart → Card Payment → Success Page › should handle continue shopping during checkout 

    Test timeout of 30000ms exceeded.

    Error: locator.click: Test timeout of 30000ms exceeded.
    Call log:
      - waiting for locator('[data-testid="menu-item"], .menu-item, .product-card').first()


      163 |     
      164 |     const menuItem = page.locator('[data-testid="menu-item"], .menu-item, .product-card').first();
    > 165 |     await menuItem.click();
          |                    ^
      166 |     
      167 |     const addToCartButton = page.locator('button:has-text("Add to Cart"), button:has-text("Add To Cart")');
      168 |     await addToCartButton.click();
        at /Users/I590496/TKAFROKITCHEN/tk-afro-kitchen/tests/e2e/full-payment-flow.spec.ts:165:20

    attachment #1: screenshot (image/png) ──────────────────────────────────────────────────────────
    ../test-results/e2e-full-payment-flow-Comp-c8666-ue-shopping-during-checkout-chromium/test-failed-1.png
    ────────────────────────────────────────────────────────────────────────────────────────────────

    attachment #2: video (video/webm) ──────────────────────────────────────────────────────────────
    ../test-results/e2e-full-payment-flow-Comp-c8666-ue-shopping-during-checkout-chromium/video.webm
    ────────────────────────────────────────────────────────────────────────────────────────────────

    Error Context: ../test-results/e2e-full-payment-flow-Comp-c8666-ue-shopping-during-checkout-chromium/error-context.md
]]>
</failure>
<system-out>
<![CDATA[
[[ATTACHMENT|e2e-full-payment-flow-Comp-c8666-ue-shopping-during-checkout-chromium/test-failed-1.png]]

[[ATTACHMENT|e2e-full-payment-flow-Comp-c8666-ue-shopping-during-checkout-chromium/video.webm]]

[[ATTACHMENT|e2e-full-payment-flow-Comp-c8666-ue-shopping-during-checkout-chromium/error-context.md]]
]]>
</system-out>
</testcase>
<testcase name="Complete Payment Flow - Add to Cart → Card Payment → Success Page › should validate payment form fields" classname="e2e/full-payment-flow.spec.ts" time="30.708">
<failure message="full-payment-flow.spec.ts:182:7 should validate payment form fields" type="FAILURE">
<![CDATA[  [chromium] › e2e/full-payment-flow.spec.ts:182:7 › Complete Payment Flow - Add to Cart → Card Payment → Success Page › should validate payment form fields 

    Test timeout of 30000ms exceeded.

    Error: locator.click: Test timeout of 30000ms exceeded.
    Call log:
      - waiting for locator('[data-testid="menu-item"], .menu-item, .product-card').first()


      186 |     
      187 |     const menuItem = page.locator('[data-testid="menu-item"], .menu-item, .product-card').first();
    > 188 |     await menuItem.click();
          |                    ^
      189 |     
      190 |     const addToCartButton = page.locator('button:has-text("Add to Cart")');
      191 |     await addToCartButton.click();
        at /Users/I590496/TKAFROKITCHEN/tk-afro-kitchen/tests/e2e/full-payment-flow.spec.ts:188:20

    attachment #1: screenshot (image/png) ──────────────────────────────────────────────────────────
    ../test-results/e2e-full-payment-flow-Comp-dd5fd-alidate-payment-form-fields-chromium/test-failed-1.png
    ────────────────────────────────────────────────────────────────────────────────────────────────

    attachment #2: video (video/webm) ──────────────────────────────────────────────────────────────
    ../test-results/e2e-full-payment-flow-Comp-dd5fd-alidate-payment-form-fields-chromium/video.webm
    ────────────────────────────────────────────────────────────────────────────────────────────────

    Error Context: ../test-results/e2e-full-payment-flow-Comp-dd5fd-alidate-payment-form-fields-chromium/error-context.md
]]>
</failure>
<system-out>
<![CDATA[
[[ATTACHMENT|e2e-full-payment-flow-Comp-dd5fd-alidate-payment-form-fields-chromium/test-failed-1.png]]

[[ATTACHMENT|e2e-full-payment-flow-Comp-dd5fd-alidate-payment-form-fields-chromium/video.webm]]

[[ATTACHMENT|e2e-full-payment-flow-Comp-dd5fd-alidate-payment-form-fields-chromium/error-context.md]]
]]>
</system-out>
</testcase>
<testcase name="Complete Payment Flow - Add to Cart → Card Payment → Success Page › should show order summary in checkout" classname="e2e/full-payment-flow.spec.ts" time="30.293">
<failure message="full-payment-flow.spec.ts:204:7 should show order summary in checkout" type="FAILURE">
<![CDATA[  [chromium] › e2e/full-payment-flow.spec.ts:204:7 › Complete Payment Flow - Add to Cart → Card Payment → Success Page › should show order summary in checkout 

    Test timeout of 30000ms exceeded.

    Error: locator.click: Test timeout of 30000ms exceeded.
    Call log:
      - waiting for locator('[data-testid="menu-item"], .menu-item, .product-card').first()


      208 |     
      209 |     const menuItem = page.locator('[data-testid="menu-item"], .menu-item, .product-card').first();
    > 210 |     await menuItem.click();
          |                    ^
      211 |     
      212 |     const addToCartButton = page.locator('button:has-text("Add to Cart")');
      213 |     await addToCartButton.click();
        at /Users/I590496/TKAFROKITCHEN/tk-afro-kitchen/tests/e2e/full-payment-flow.spec.ts:210:20

    attachment #1: screenshot (image/png) ──────────────────────────────────────────────────────────
    ../test-results/e2e-full-payment-flow-Comp-12f70-w-order-summary-in-checkout-chromium/test-failed-1.png
    ────────────────────────────────────────────────────────────────────────────────────────────────

    attachment #2: video (video/webm) ──────────────────────────────────────────────────────────────
    ../test-results/e2e-full-payment-flow-Comp-12f70-w-order-summary-in-checkout-chromium/video.webm
    ────────────────────────────────────────────────────────────────────────────────────────────────

    Error Context: ../test-results/e2e-full-payment-flow-Comp-12f70-w-order-summary-in-checkout-chromium/error-context.md
]]>
</failure>
<system-out>
<![CDATA[
[[ATTACHMENT|e2e-full-payment-flow-Comp-12f70-w-order-summary-in-checkout-chromium/test-failed-1.png]]

[[ATTACHMENT|e2e-full-payment-flow-Comp-12f70-w-order-summary-in-checkout-chromium/video.webm]]

[[ATTACHMENT|e2e-full-payment-flow-Comp-12f70-w-order-summary-in-checkout-chromium/error-context.md]]
]]>
</system-out>
</testcase>
</testsuite>
<testsuite name="e2e/full-user-journey.spec.ts" timestamp="2025-07-20T10:35:55.243Z" hostname="chromium" tests="6" failures="3" skipped="2" time="20.269" errors="0">
<testcase name="Complete User Journey › should complete full user journey from homepage to success" classname="e2e/full-user-journey.spec.ts" time="5.773">
<failure message="full-user-journey.spec.ts:12:7 should complete full user journey from homepage to success" type="FAILURE">
<![CDATA[  [chromium] › e2e/full-user-journey.spec.ts:12:7 › Complete User Journey › should complete full user journey from homepage to success 

    Error: Timed out 5000ms waiting for expect(locator).toContainText(expected)

    Locator: locator('h1')
    Expected string: "Authentic Nigerian Cuisine"
    Received string: "TK Afro Kitchen"
    Call log:
      - Expect "toContainText" with timeout 5000ms
      - waiting for locator('h1')
        9 × locator resolved to <h1 class="text-5xl md:text-7xl font-bold mb-6">…</h1>
          - unexpected value "TK Afro Kitchen"


      13 |     // Step 1: Start from homepage
      14 |     await page.goto('/');
    > 15 |     await expect(page.locator('h1')).toContainText('Authentic Nigerian Cuisine');
         |                                      ^
      16 |
      17 |     // Step 2: Navigate to menu
      18 |     const browseMenuBtn = page.locator('text=Browse Our Menu').first();
        at /Users/I590496/TKAFROKITCHEN/tk-afro-kitchen/tests/e2e/full-user-journey.spec.ts:15:38

    attachment #1: screenshot (image/png) ──────────────────────────────────────────────────────────
    ../test-results/e2e-full-user-journey-Comp-56edd-ey-from-homepage-to-success-chromium/test-failed-1.png
    ────────────────────────────────────────────────────────────────────────────────────────────────

    attachment #2: video (video/webm) ──────────────────────────────────────────────────────────────
    ../test-results/e2e-full-user-journey-Comp-56edd-ey-from-homepage-to-success-chromium/video.webm
    ────────────────────────────────────────────────────────────────────────────────────────────────

    Error Context: ../test-results/e2e-full-user-journey-Comp-56edd-ey-from-homepage-to-success-chromium/error-context.md
]]>
</failure>
<system-out>
<![CDATA[
[[ATTACHMENT|e2e-full-user-journey-Comp-56edd-ey-from-homepage-to-success-chromium/test-failed-1.png]]

[[ATTACHMENT|e2e-full-user-journey-Comp-56edd-ey-from-homepage-to-success-chromium/video.webm]]

[[ATTACHMENT|e2e-full-user-journey-Comp-56edd-ey-from-homepage-to-success-chromium/error-context.md]]
]]>
</system-out>
</testcase>
<testcase name="Complete User Journey › should handle continue shopping flow" classname="e2e/full-user-journey.spec.ts" time="5.656">
<failure message="full-user-journey.spec.ts:64:7 should handle continue shopping flow" type="FAILURE">
<![CDATA[  [chromium] › e2e/full-user-journey.spec.ts:64:7 › Complete User Journey › should handle continue shopping flow 

    Error: Timed out 5000ms waiting for expect(locator).toBeVisible()

    Locator: locator('button:has-text("Add to Cart"), button:has-text("Add to Basket")').first()
    Expected: visible
    Received: <element(s) not found>
    Call log:
      - Expect "toBeVisible" with timeout 5000ms
      - waiting for locator('button:has-text("Add to Cart"), button:has-text("Add to Basket")').first()


       at e2e/utils/test-helpers.ts:13

      11 |     
      12 |     const addToCartBtn = this.page.locator('button:has-text("Add to Cart"), button:has-text("Add to Basket")').first();
    > 13 |     await expect(addToCartBtn).toBeVisible();
         |                                ^
      14 |     await addToCartBtn.click();
      15 |     await this.page.waitForTimeout(1000);
      16 |   }
        at TestHelpers.addItemToCart (/Users/I590496/TKAFROKITCHEN/tk-afro-kitchen/tests/e2e/utils/test-helpers.ts:13:32)
        at /Users/I590496/TKAFROKITCHEN/tk-afro-kitchen/tests/e2e/full-user-journey.spec.ts:66:5

    attachment #1: screenshot (image/png) ──────────────────────────────────────────────────────────
    ../test-results/e2e-full-user-journey-Comp-cd047-ndle-continue-shopping-flow-chromium/test-failed-1.png
    ────────────────────────────────────────────────────────────────────────────────────────────────

    attachment #2: video (video/webm) ──────────────────────────────────────────────────────────────
    ../test-results/e2e-full-user-journey-Comp-cd047-ndle-continue-shopping-flow-chromium/video.webm
    ────────────────────────────────────────────────────────────────────────────────────────────────

    Error Context: ../test-results/e2e-full-user-journey-Comp-cd047-ndle-continue-shopping-flow-chromium/error-context.md
]]>
</failure>
<system-out>
<![CDATA[
[[ATTACHMENT|e2e-full-user-journey-Comp-cd047-ndle-continue-shopping-flow-chromium/test-failed-1.png]]

[[ATTACHMENT|e2e-full-user-journey-Comp-cd047-ndle-continue-shopping-flow-chromium/video.webm]]

[[ATTACHMENT|e2e-full-user-journey-Comp-cd047-ndle-continue-shopping-flow-chromium/error-context.md]]
]]>
</system-out>
</testcase>
<testcase name="Complete User Journey › should handle Safari-specific payment flow" classname="e2e/full-user-journey.spec.ts" time="0.617">
<properties>
<property name="skip" value="">
</property>
</properties>
<skipped>
</skipped>
</testcase>
<testcase name="Complete User Journey › should handle mobile user journey" classname="e2e/full-user-journey.spec.ts" time="0.194">
<properties>
<property name="skip" value="">
</property>
</properties>
<skipped>
</skipped>
</testcase>
<testcase name="Complete User Journey › should handle error scenarios gracefully" classname="e2e/full-user-journey.spec.ts" time="2.514">
</testcase>
<testcase name="Complete User Journey › should maintain cart state across navigation" classname="e2e/full-user-journey.spec.ts" time="5.515">
<failure message="full-user-journey.spec.ts:200:7 should maintain cart state across navigation" type="FAILURE">
<![CDATA[  [chromium] › e2e/full-user-journey.spec.ts:200:7 › Complete User Journey › should maintain cart state across navigation 

    Error: Timed out 5000ms waiting for expect(locator).toBeVisible()

    Locator: locator('button:has-text("Add to Cart"), button:has-text("Add to Basket")').first()
    Expected: visible
    Received: <element(s) not found>
    Call log:
      - Expect "toBeVisible" with timeout 5000ms
      - waiting for locator('button:has-text("Add to Cart"), button:has-text("Add to Basket")').first()


       at e2e/utils/test-helpers.ts:13

      11 |     
      12 |     const addToCartBtn = this.page.locator('button:has-text("Add to Cart"), button:has-text("Add to Basket")').first();
    > 13 |     await expect(addToCartBtn).toBeVisible();
         |                                ^
      14 |     await addToCartBtn.click();
      15 |     await this.page.waitForTimeout(1000);
      16 |   }
        at TestHelpers.addItemToCart (/Users/I590496/TKAFROKITCHEN/tk-afro-kitchen/tests/e2e/utils/test-helpers.ts:13:32)
        at /Users/I590496/TKAFROKITCHEN/tk-afro-kitchen/tests/e2e/full-user-journey.spec.ts:202:5

    attachment #1: screenshot (image/png) ──────────────────────────────────────────────────────────
    ../test-results/e2e-full-user-journey-Comp-6839f-art-state-across-navigation-chromium/test-failed-1.png
    ────────────────────────────────────────────────────────────────────────────────────────────────

    attachment #2: video (video/webm) ──────────────────────────────────────────────────────────────
    ../test-results/e2e-full-user-journey-Comp-6839f-art-state-across-navigation-chromium/video.webm
    ────────────────────────────────────────────────────────────────────────────────────────────────

    Error Context: ../test-results/e2e-full-user-journey-Comp-6839f-art-state-across-navigation-chromium/error-context.md
]]>
</failure>
<system-out>
<![CDATA[
[[ATTACHMENT|e2e-full-user-journey-Comp-6839f-art-state-across-navigation-chromium/test-failed-1.png]]

[[ATTACHMENT|e2e-full-user-journey-Comp-6839f-art-state-across-navigation-chromium/video.webm]]

[[ATTACHMENT|e2e-full-user-journey-Comp-6839f-art-state-across-navigation-chromium/error-context.md]]
]]>
</system-out>
</testcase>
</testsuite>
<testsuite name="e2e/homepage.spec.ts" timestamp="2025-07-20T10:35:55.243Z" hostname="chromium" tests="11" failures="6" skipped="0" time="20.958" errors="0">
<testcase name="Homepage › should load homepage successfully" classname="e2e/homepage.spec.ts" time="1.317">
</testcase>
<testcase name="Homepage › should display navigation menu correctly" classname="e2e/homepage.spec.ts" time="0.521">
<failure message="homepage.spec.ts:19:7 should display navigation menu correctly" type="FAILURE">
<![CDATA[  [chromium] › e2e/homepage.spec.ts:19:7 › Homepage › should display navigation menu correctly ─────

    Error: expect.toBeVisible: Error: strict mode violation: locator('nav') resolved to 3 elements:
        1) <nav class="flex items-center space-x-4">…</nav> aka getByText('AboutFAQContact')
        2) <nav class="hidden md:flex items-center space-x-6">…</nav> aka getByText('MenuPricingFrozenCatering')
        3) <nav class="fixed bottom-0 left-0 right-0 z-50 md:hidden">…</nav> aka locator('nav').filter({ hasText: 'HomeMenuFrozenCateringCart' })

    Call log:
      - Expect "toBeVisible" with timeout 5000ms
      - waiting for locator('nav')


      19 |   test('should display navigation menu correctly', async ({ page }) => {
      20 |     // Check main navigation is visible
    > 21 |     await expect(page.locator('nav')).toBeVisible();
         |                                       ^
      22 |     
      23 |     // Check key navigation links are present
      24 |     const navLinks = ['Menu', 'Pricing', 'Frozen', 'Catering', 'About', 'FAQ', 'Contact'];
        at /Users/I590496/TKAFROKITCHEN/tk-afro-kitchen/tests/e2e/homepage.spec.ts:21:39

    attachment #1: screenshot (image/png) ──────────────────────────────────────────────────────────
    ../test-results/e2e-homepage-Homepage-shou-5ffc8-y-navigation-menu-correctly-chromium/test-failed-1.png
    ────────────────────────────────────────────────────────────────────────────────────────────────

    attachment #2: video (video/webm) ──────────────────────────────────────────────────────────────
    ../test-results/e2e-homepage-Homepage-shou-5ffc8-y-navigation-menu-correctly-chromium/video.webm
    ────────────────────────────────────────────────────────────────────────────────────────────────

    Error Context: ../test-results/e2e-homepage-Homepage-shou-5ffc8-y-navigation-menu-correctly-chromium/error-context.md
]]>
</failure>
<system-out>
<![CDATA[
[[ATTACHMENT|e2e-homepage-Homepage-shou-5ffc8-y-navigation-menu-correctly-chromium/test-failed-1.png]]

[[ATTACHMENT|e2e-homepage-Homepage-shou-5ffc8-y-navigation-menu-correctly-chromium/video.webm]]

[[ATTACHMENT|e2e-homepage-Homepage-shou-5ffc8-y-navigation-menu-correctly-chromium/error-context.md]]
]]>
</system-out>
</testcase>
<testcase name="Homepage › should display hero section with call-to-action" classname="e2e/homepage.spec.ts" time="5.893">
<failure message="homepage.spec.ts:31:7 should display hero section with call-to-action" type="FAILURE">
<![CDATA[  [chromium] › e2e/homepage.spec.ts:31:7 › Homepage › should display hero section with call-to-action 

    Error: Timed out 5000ms waiting for expect(locator).toBeVisible()

    Locator: locator('button:has-text("Order Now")')
    Expected: visible
    Received: <element(s) not found>
    Call log:
      - Expect "toBeVisible" with timeout 5000ms
      - waiting for locator('button:has-text("Order Now")')


      34 |     
      35 |     // Check for call-to-action buttons
    > 36 |     await expect(page.locator('button:has-text("Order Now")')).toBeVisible();
         |                                                                ^
      37 |     await expect(page.locator('a:has-text("Browse Menu")')).toBeVisible();
      38 |   });
      39 |
        at /Users/I590496/TKAFROKITCHEN/tk-afro-kitchen/tests/e2e/homepage.spec.ts:36:64

    attachment #1: screenshot (image/png) ──────────────────────────────────────────────────────────
    ../test-results/e2e-homepage-Homepage-shou-3a893-section-with-call-to-action-chromium/test-failed-1.png
    ────────────────────────────────────────────────────────────────────────────────────────────────

    attachment #2: video (video/webm) ──────────────────────────────────────────────────────────────
    ../test-results/e2e-homepage-Homepage-shou-3a893-section-with-call-to-action-chromium/video.webm
    ────────────────────────────────────────────────────────────────────────────────────────────────

    Error Context: ../test-results/e2e-homepage-Homepage-shou-3a893-section-with-call-to-action-chromium/error-context.md
]]>
</failure>
<system-out>
<![CDATA[
[[ATTACHMENT|e2e-homepage-Homepage-shou-3a893-section-with-call-to-action-chromium/test-failed-1.png]]

[[ATTACHMENT|e2e-homepage-Homepage-shou-3a893-section-with-call-to-action-chromium/video.webm]]

[[ATTACHMENT|e2e-homepage-Homepage-shou-3a893-section-with-call-to-action-chromium/error-context.md]]
]]>
</system-out>
</testcase>
<testcase name="Homepage › should display featured dishes section" classname="e2e/homepage.spec.ts" time="5.794">
<failure message="homepage.spec.ts:40:7 should display featured dishes section" type="FAILURE">
<![CDATA[  [chromium] › e2e/homepage.spec.ts:40:7 › Homepage › should display featured dishes section ───────

    Error: Timed out 5000ms waiting for expect(locator).toBeVisible()

    Locator: locator('.featured-dishes, [data-testid="featured-dishes"]')
    Expected: visible
    Received: <element(s) not found>
    Call log:
      - Expect "toBeVisible" with timeout 5000ms
      - waiting for locator('.featured-dishes, [data-testid="featured-dishes"]')


      43 |     
      44 |     // Check for featured dishes
    > 45 |     await expect(page.locator('.featured-dishes, [data-testid="featured-dishes"]')).toBeVisible();
         |                                                                                     ^
      46 |     
      47 |     // Check for dish cards
      48 |     const dishCards = page.locator('.dish-card, [data-testid="dish-card"]');
        at /Users/I590496/TKAFROKITCHEN/tk-afro-kitchen/tests/e2e/homepage.spec.ts:45:85

    attachment #1: screenshot (image/png) ──────────────────────────────────────────────────────────
    ../test-results/e2e-homepage-Homepage-should-display-featured-dishes-section-chromium/test-failed-1.png
    ────────────────────────────────────────────────────────────────────────────────────────────────

    attachment #2: video (video/webm) ──────────────────────────────────────────────────────────────
    ../test-results/e2e-homepage-Homepage-should-display-featured-dishes-section-chromium/video.webm
    ────────────────────────────────────────────────────────────────────────────────────────────────

    Error Context: ../test-results/e2e-homepage-Homepage-should-display-featured-dishes-section-chromium/error-context.md
]]>
</failure>
<system-out>
<![CDATA[
[[ATTACHMENT|e2e-homepage-Homepage-should-display-featured-dishes-section-chromium/test-failed-1.png]]

[[ATTACHMENT|e2e-homepage-Homepage-should-display-featured-dishes-section-chromium/video.webm]]

[[ATTACHMENT|e2e-homepage-Homepage-should-display-featured-dishes-section-chromium/error-context.md]]
]]>
</system-out>
</testcase>
<testcase name="Homepage › should display footer with contact information" classname="e2e/homepage.spec.ts" time="0.713">
<failure message="homepage.spec.ts:52:7 should display footer with contact information" type="FAILURE">
<![CDATA[  [chromium] › e2e/homepage.spec.ts:52:7 › Homepage › should display footer with contact information 

    Error: expect.toBeVisible: Error: strict mode violation: locator('text=Milton Keynes') resolved to 2 elements:
        1) <span>Milton Keynes, UK</span> aka getByRole('banner').getByText('Milton Keynes, UK')
        2) <span class="text-sm">Milton Keynes, UK</span> aka getByRole('contentinfo').getByText('Milton Keynes, UK')

    Call log:
      - Expect "toBeVisible" with timeout 5000ms
      - waiting for locator('text=Milton Keynes')


      58 |     
      59 |     // Check for contact information
    > 60 |     await expect(page.locator('text=Milton Keynes')).toBeVisible();
         |                                                      ^
      61 |   });
      62 |
      63 |   test('should have working social media links', async ({ page }) => {
        at /Users/I590496/TKAFROKITCHEN/tk-afro-kitchen/tests/e2e/homepage.spec.ts:60:54

    attachment #1: screenshot (image/png) ──────────────────────────────────────────────────────────
    ../test-results/e2e-homepage-Homepage-shou-de17b-er-with-contact-information-chromium/test-failed-1.png
    ────────────────────────────────────────────────────────────────────────────────────────────────

    attachment #2: video (video/webm) ──────────────────────────────────────────────────────────────
    ../test-results/e2e-homepage-Homepage-shou-de17b-er-with-contact-information-chromium/video.webm
    ────────────────────────────────────────────────────────────────────────────────────────────────

    Error Context: ../test-results/e2e-homepage-Homepage-shou-de17b-er-with-contact-information-chromium/error-context.md
]]>
</failure>
<system-out>
<![CDATA[
[[ATTACHMENT|e2e-homepage-Homepage-shou-de17b-er-with-contact-information-chromium/test-failed-1.png]]

[[ATTACHMENT|e2e-homepage-Homepage-shou-de17b-er-with-contact-information-chromium/video.webm]]

[[ATTACHMENT|e2e-homepage-Homepage-shou-de17b-er-with-contact-information-chromium/error-context.md]]
]]>
</system-out>
</testcase>
<testcase name="Homepage › should have working social media links" classname="e2e/homepage.spec.ts" time="0.977">
<failure message="homepage.spec.ts:63:7 should have working social media links" type="FAILURE">
<![CDATA[  [chromium] › e2e/homepage.spec.ts:63:7 › Homepage › should have working social media links ───────

    Error: expect.toBeVisible: Error: strict mode violation: locator('a[href*="instagram"]') resolved to 2 elements:
        1) <a target="_blank" href="https://instagram.com/tk_afro_kitchen" class="text-slate-300 hover:text-orange-400 transition-colors">…</a> aka locator('div').filter({ hasText: /^AboutFAQContact$/ }).getByRole('link').first()
        2) <a target="_blank" rel="noopener noreferrer" href="https://instagram.com/tk_afro_kitchen" class="w-10 h-10 bg-gradient-to-r from-pink-500 to-purple-500 rounded-full flex items-center justify-center text-white shadow-lg hover:shadow-xl transition-all duration-300">…</a> aka getByRole('contentinfo').getByRole('link').filter({ hasText: /^$/ }).first()

    Call log:
      - Expect "toBeVisible" with timeout 5000ms
      - waiting for locator('a[href*="instagram"]')


      63 |   test('should have working social media links', async ({ page }) => {
      64 |     // Check social media icons are present
    > 65 |     await expect(page.locator('a[href*="instagram"]')).toBeVisible();
         |                                                        ^
      66 |     await expect(page.locator('a[href*="facebook"]')).toBeVisible();
      67 |   });
      68 |
        at /Users/I590496/TKAFROKITCHEN/tk-afro-kitchen/tests/e2e/homepage.spec.ts:65:56

    attachment #1: screenshot (image/png) ──────────────────────────────────────────────────────────
    ../test-results/e2e-homepage-Homepage-should-have-working-social-media-links-chromium/test-failed-1.png
    ────────────────────────────────────────────────────────────────────────────────────────────────

    attachment #2: video (video/webm) ──────────────────────────────────────────────────────────────
    ../test-results/e2e-homepage-Homepage-should-have-working-social-media-links-chromium/video.webm
    ────────────────────────────────────────────────────────────────────────────────────────────────

    Error Context: ../test-results/e2e-homepage-Homepage-should-have-working-social-media-links-chromium/error-context.md
]]>
</failure>
<system-out>
<![CDATA[
[[ATTACHMENT|e2e-homepage-Homepage-should-have-working-social-media-links-chromium/test-failed-1.png]]

[[ATTACHMENT|e2e-homepage-Homepage-should-have-working-social-media-links-chromium/video.webm]]

[[ATTACHMENT|e2e-homepage-Homepage-should-have-working-social-media-links-chromium/error-context.md]]
]]>
</system-out>
</testcase>
<testcase name="Homepage › should display logo and branding correctly" classname="e2e/homepage.spec.ts" time="0.755">
<failure message="homepage.spec.ts:69:7 should display logo and branding correctly" type="FAILURE">
<![CDATA[  [chromium] › e2e/homepage.spec.ts:69:7 › Homepage › should display logo and branding correctly ───

    Error: expect.toBeVisible: Error: strict mode violation: locator('img[alt*="TK Afro Kitchen"]') resolved to 2 elements:
        1) <img sizes="100vw" loading="lazy" decoding="async" data-nimg="fill" alt="TK Afro Kitchen" class="object-contain rounded-full" src="/_next/image?url=%2Fimages%2Fbrand%2Ftklogo.jpg&w=3840&q=75" srcset="/_next/image?url=%2Fimages%2Fbrand%2Ftklogo.jpg&w=640&q=75 640w, /_next/image?url=%2Fimages%2Fbrand%2Ftklogo.jpg&w=750&q=75 750w, /_next/image?url=%2Fimages%2Fbrand%2Ftklogo.jpg&w=828&q=75 828w, /_next/image?url=%2Fimages%2Fbrand%2Ftklogo.jpg&w=1080&q=75 1080w, /_next/image?url=%2Fimages%2Fbrand%2Ftklo…/> aka getByRole('link', { name: 'TK Afro Kitchen TKAfro Kitchen' })
        2) <img sizes="100vw" loading="lazy" decoding="async" data-nimg="fill" alt="TK Afro Kitchen" class="object-contain rounded-full" src="/_next/image?url=%2Fimages%2Fbrand%2Ftklogo.jpg&w=3840&q=75" srcset="/_next/image?url=%2Fimages%2Fbrand%2Ftklogo.jpg&w=640&q=75 640w, /_next/image?url=%2Fimages%2Fbrand%2Ftklogo.jpg&w=750&q=75 750w, /_next/image?url=%2Fimages%2Fbrand%2Ftklogo.jpg&w=828&q=75 828w, /_next/image?url=%2Fimages%2Fbrand%2Ftklogo.jpg&w=1080&q=75 1080w, /_next/image?url=%2Fimages%2Fbrand%2Ftklo…/> aka getByRole('contentinfo').getByRole('img', { name: 'TK Afro Kitchen' })

    Call log:
      - Expect "toBeVisible" with timeout 5000ms
      - waiting for locator('img[alt*="TK Afro Kitchen"]')


      69 |   test('should display logo and branding correctly', async ({ page }) => {
      70 |     // Check logo is visible
    > 71 |     await expect(page.locator('img[alt*="TK Afro Kitchen"]')).toBeVisible();
         |                                                               ^
      72 |     
      73 |     // Check brand name is displayed
      74 |     await expect(page.locator('text=TKAfro Kitchen')).toBeVisible();
        at /Users/I590496/TKAFROKITCHEN/tk-afro-kitchen/tests/e2e/homepage.spec.ts:71:63

    attachment #1: screenshot (image/png) ──────────────────────────────────────────────────────────
    ../test-results/e2e-homepage-Homepage-shou-3ea0d-logo-and-branding-correctly-chromium/test-failed-1.png
    ────────────────────────────────────────────────────────────────────────────────────────────────

    attachment #2: video (video/webm) ──────────────────────────────────────────────────────────────
    ../test-results/e2e-homepage-Homepage-shou-3ea0d-logo-and-branding-correctly-chromium/video.webm
    ────────────────────────────────────────────────────────────────────────────────────────────────

    Error Context: ../test-results/e2e-homepage-Homepage-shou-3ea0d-logo-and-branding-correctly-chromium/error-context.md
]]>
</failure>
<system-out>
<![CDATA[
[[ATTACHMENT|e2e-homepage-Homepage-shou-3ea0d-logo-and-branding-correctly-chromium/test-failed-1.png]]

[[ATTACHMENT|e2e-homepage-Homepage-shou-3ea0d-logo-and-branding-correctly-chromium/video.webm]]

[[ATTACHMENT|e2e-homepage-Homepage-shou-3ea0d-logo-and-branding-correctly-chromium/error-context.md]]
]]>
</system-out>
</testcase>
<testcase name="Homepage › should have proper meta tags for SEO" classname="e2e/homepage.spec.ts" time="0.68">
</testcase>
<testcase name="Homepage › should load images without errors" classname="e2e/homepage.spec.ts" time="2.376">
</testcase>
<testcase name="Homepage › should have accessible color contrast" classname="e2e/homepage.spec.ts" time="0.647">
</testcase>
<testcase name="Homepage › should handle page refresh correctly" classname="e2e/homepage.spec.ts" time="1.285">
</testcase>
</testsuite>
<testsuite name="e2e/menu-and-cart.spec.ts" timestamp="2025-07-20T10:35:55.243Z" hostname="chromium" tests="7" failures="4" skipped="0" time="29.088" errors="0">
<testcase name="Menu and Cart Functionality › should load menu page successfully" classname="e2e/menu-and-cart.spec.ts" time="0.966">
</testcase>
<testcase name="Menu and Cart Functionality › should be able to add items to cart" classname="e2e/menu-and-cart.spec.ts" time="5.579">
<failure message="menu-and-cart.spec.ts:23:7 should be able to add items to cart" type="FAILURE">
<![CDATA[  [chromium] › e2e/menu-and-cart.spec.ts:23:7 › Menu and Cart Functionality › should be able to add items to cart 

    Error: Timed out 5000ms waiting for expect(locator).toBeVisible()

    Locator: locator('button:has-text("Add to Cart"), button:has-text("Add to Basket")').first()
    Expected: visible
    Received: <element(s) not found>
    Call log:
      - Expect "toBeVisible" with timeout 5000ms
      - waiting for locator('button:has-text("Add to Cart"), button:has-text("Add to Basket")').first()


      24 |     // Find a menu item with an "Add to Cart" button
      25 |     const addToCartBtn = page.locator('button:has-text("Add to Cart"), button:has-text("Add to Basket")').first();
    > 26 |     await expect(addToCartBtn).toBeVisible();
         |                                ^
      27 |     
      28 |     // Click add to cart
      29 |     await addToCartBtn.click();
        at /Users/I590496/TKAFROKITCHEN/tk-afro-kitchen/tests/e2e/menu-and-cart.spec.ts:26:32

    attachment #1: screenshot (image/png) ──────────────────────────────────────────────────────────
    ../test-results/e2e-menu-and-cart-Menu-and-df8ab-e-able-to-add-items-to-cart-chromium/test-failed-1.png
    ────────────────────────────────────────────────────────────────────────────────────────────────

    attachment #2: video (video/webm) ──────────────────────────────────────────────────────────────
    ../test-results/e2e-menu-and-cart-Menu-and-df8ab-e-able-to-add-items-to-cart-chromium/video.webm
    ────────────────────────────────────────────────────────────────────────────────────────────────

    Error Context: ../test-results/e2e-menu-and-cart-Menu-and-df8ab-e-able-to-add-items-to-cart-chromium/error-context.md
]]>
</failure>
<system-out>
<![CDATA[
[[ATTACHMENT|e2e-menu-and-cart-Menu-and-df8ab-e-able-to-add-items-to-cart-chromium/test-failed-1.png]]

[[ATTACHMENT|e2e-menu-and-cart-Menu-and-df8ab-e-able-to-add-items-to-cart-chromium/video.webm]]

[[ATTACHMENT|e2e-menu-and-cart-Menu-and-df8ab-e-able-to-add-items-to-cart-chromium/error-context.md]]
]]>
</system-out>
</testcase>
<testcase name="Menu and Cart Functionality › should be able to manage cart items" classname="e2e/menu-and-cart.spec.ts" time="6.565">
<failure message="menu-and-cart.spec.ts:50:7 should be able to manage cart items" type="FAILURE">
<![CDATA[  [chromium] › e2e/menu-and-cart.spec.ts:50:7 › Menu and Cart Functionality › should be able to manage cart items 

    Error: Timed out 5000ms waiting for expect(locator).toBeVisible()

    Locator: locator('text=Your Cart, text=Cart')
    Expected: visible
    Received: <element(s) not found>
    Call log:
      - Expect "toBeVisible" with timeout 5000ms
      - waiting for locator('text=Your Cart, text=Cart')


      62 |     
      63 |     // Check if cart modal is open
    > 64 |     await expect(page.locator('text=Your Cart, text=Cart')).toBeVisible();
         |                                                             ^
      65 |     
      66 |     // Look for quantity controls
      67 |     const plusButton = page.locator('button:has-text("+"), button[aria-label*="increase"], button[aria-label*="plus"]');
        at /Users/I590496/TKAFROKITCHEN/tk-afro-kitchen/tests/e2e/menu-and-cart.spec.ts:64:61

    attachment #1: screenshot (image/png) ──────────────────────────────────────────────────────────
    ../test-results/e2e-menu-and-cart-Menu-and-e0bcc-e-able-to-manage-cart-items-chromium/test-failed-1.png
    ────────────────────────────────────────────────────────────────────────────────────────────────

    attachment #2: video (video/webm) ──────────────────────────────────────────────────────────────
    ../test-results/e2e-menu-and-cart-Menu-and-e0bcc-e-able-to-manage-cart-items-chromium/video.webm
    ────────────────────────────────────────────────────────────────────────────────────────────────

    Error Context: ../test-results/e2e-menu-and-cart-Menu-and-e0bcc-e-able-to-manage-cart-items-chromium/error-context.md
]]>
</failure>
<system-out>
<![CDATA[
[[ATTACHMENT|e2e-menu-and-cart-Menu-and-e0bcc-e-able-to-manage-cart-items-chromium/test-failed-1.png]]

[[ATTACHMENT|e2e-menu-and-cart-Menu-and-e0bcc-e-able-to-manage-cart-items-chromium/video.webm]]

[[ATTACHMENT|e2e-menu-and-cart-Menu-and-e0bcc-e-able-to-manage-cart-items-chromium/error-context.md]]
]]>
</system-out>
</testcase>
<testcase name="Menu and Cart Functionality › should show cart total" classname="e2e/menu-and-cart.spec.ts" time="6.43">
<failure message="menu-and-cart.spec.ts:88:7 should show cart total" type="FAILURE">
<![CDATA[  [chromium] › e2e/menu-and-cart.spec.ts:88:7 › Menu and Cart Functionality › should show cart total 

    Error: Timed out 5000ms waiting for expect(locator).toBeVisible()

    Locator: locator('text=Total, text=£').or(locator('[data-testid="cart-total"]'))
    Expected: visible
    Received: <element(s) not found>
    Call log:
      - Expect "toBeVisible" with timeout 5000ms
      - waiting for locator('text=Total, text=£').or(locator('[data-testid="cart-total"]'))


      100 |     
      101 |     // Check for total price
    > 102 |     await expect(page.locator('text=Total, text=£').or(page.locator('[data-testid="cart-total"]'))).toBeVisible();
          |                                                                                                     ^
      103 |   });
      104 |
      105 |   test('should have continue shopping functionality', async ({ page }) => {
        at /Users/I590496/TKAFROKITCHEN/tk-afro-kitchen/tests/e2e/menu-and-cart.spec.ts:102:101

    attachment #1: screenshot (image/png) ──────────────────────────────────────────────────────────
    ../test-results/e2e-menu-and-cart-Menu-and-7db2a-lity-should-show-cart-total-chromium/test-failed-1.png
    ────────────────────────────────────────────────────────────────────────────────────────────────

    attachment #2: video (video/webm) ──────────────────────────────────────────────────────────────
    ../test-results/e2e-menu-and-cart-Menu-and-7db2a-lity-should-show-cart-total-chromium/video.webm
    ────────────────────────────────────────────────────────────────────────────────────────────────

    Error Context: ../test-results/e2e-menu-and-cart-Menu-and-7db2a-lity-should-show-cart-total-chromium/error-context.md
]]>
</failure>
<system-out>
<![CDATA[
[[ATTACHMENT|e2e-menu-and-cart-Menu-and-7db2a-lity-should-show-cart-total-chromium/test-failed-1.png]]

[[ATTACHMENT|e2e-menu-and-cart-Menu-and-7db2a-lity-should-show-cart-total-chromium/video.webm]]

[[ATTACHMENT|e2e-menu-and-cart-Menu-and-7db2a-lity-should-show-cart-total-chromium/error-context.md]]
]]>
</system-out>
</testcase>
<testcase name="Menu and Cart Functionality › should have continue shopping functionality" classname="e2e/menu-and-cart.spec.ts" time="1.635">
</testcase>
<testcase name="Menu and Cart Functionality › should proceed to checkout with items in cart" classname="e2e/menu-and-cart.spec.ts" time="1.477">
</testcase>
<testcase name="Menu and Cart Functionality › should show empty cart message when no items" classname="e2e/menu-and-cart.spec.ts" time="6.436">
<failure message="menu-and-cart.spec.ts:160:7 should show empty cart message when no items" type="FAILURE">
<![CDATA[  [chromium] › e2e/menu-and-cart.spec.ts:160:7 › Menu and Cart Functionality › should show empty cart message when no items 

    Error: Timed out 5000ms waiting for expect(locator).toBeVisible()

    Locator: locator('text=empty, text=no items')
    Expected: visible
    Received: <element(s) not found>
    Call log:
      - Expect "toBeVisible" with timeout 5000ms
      - waiting for locator('text=empty, text=no items')


      165 |     
      166 |     // Should show empty cart message
    > 167 |     await expect(page.locator('text=empty, text=no items')).toBeVisible();
          |                                                             ^
      168 |   });
      169 | });
        at /Users/I590496/TKAFROKITCHEN/tk-afro-kitchen/tests/e2e/menu-and-cart.spec.ts:167:61

    attachment #1: screenshot (image/png) ──────────────────────────────────────────────────────────
    ../test-results/e2e-menu-and-cart-Menu-and-c6fee--cart-message-when-no-items-chromium/test-failed-1.png
    ────────────────────────────────────────────────────────────────────────────────────────────────

    attachment #2: video (video/webm) ──────────────────────────────────────────────────────────────
    ../test-results/e2e-menu-and-cart-Menu-and-c6fee--cart-message-when-no-items-chromium/video.webm
    ────────────────────────────────────────────────────────────────────────────────────────────────

    Error Context: ../test-results/e2e-menu-and-cart-Menu-and-c6fee--cart-message-when-no-items-chromium/error-context.md
]]>
</failure>
<system-out>
<![CDATA[
[[ATTACHMENT|e2e-menu-and-cart-Menu-and-c6fee--cart-message-when-no-items-chromium/test-failed-1.png]]

[[ATTACHMENT|e2e-menu-and-cart-Menu-and-c6fee--cart-message-when-no-items-chromium/video.webm]]

[[ATTACHMENT|e2e-menu-and-cart-Menu-and-c6fee--cart-message-when-no-items-chromium/error-context.md]]
]]>
</system-out>
</testcase>
</testsuite>
<testsuite name="e2e/menu.spec.ts" timestamp="2025-07-20T10:35:55.243Z" hostname="chromium" tests="16" failures="8" skipped="0" time="61.6" errors="0">
<testcase name="Menu Page › should load menu page successfully" classname="e2e/menu.spec.ts" time="5.554">
<failure message="menu.spec.ts:8:7 should load menu page successfully" type="FAILURE">
<![CDATA[  [chromium] › e2e/menu.spec.ts:8:7 › Menu Page › should load menu page successfully ───────────────

    Error: Timed out 5000ms waiting for expect(page).toHaveTitle(expected)

    Expected pattern: /Menu/
    Received string:  "TK Afro Kitchen"
    Call log:
      - Expect "toHaveTitle" with timeout 5000ms
        9 × unexpected value "TK Afro Kitchen"


       8 |   test('should load menu page successfully', async ({ page }) => {
       9 |     // Check page title
    > 10 |     await expect(page).toHaveTitle(/Menu/);
         |                        ^
      11 |     
      12 |     // Check main heading
      13 |     await expect(page.locator('h1')).toContainText(/Our Menu/);
        at /Users/I590496/TKAFROKITCHEN/tk-afro-kitchen/tests/e2e/menu.spec.ts:10:24

    attachment #1: screenshot (image/png) ──────────────────────────────────────────────────────────
    ../test-results/e2e-menu-Menu-Page-should-load-menu-page-successfully-chromium/test-failed-1.png
    ────────────────────────────────────────────────────────────────────────────────────────────────

    attachment #2: video (video/webm) ──────────────────────────────────────────────────────────────
    ../test-results/e2e-menu-Menu-Page-should-load-menu-page-successfully-chromium/video.webm
    ────────────────────────────────────────────────────────────────────────────────────────────────

    Error Context: ../test-results/e2e-menu-Menu-Page-should-load-menu-page-successfully-chromium/error-context.md
]]>
</failure>
<system-out>
<![CDATA[
[[ATTACHMENT|e2e-menu-Menu-Page-should-load-menu-page-successfully-chromium/test-failed-1.png]]

[[ATTACHMENT|e2e-menu-Menu-Page-should-load-menu-page-successfully-chromium/video.webm]]

[[ATTACHMENT|e2e-menu-Menu-Page-should-load-menu-page-successfully-chromium/error-context.md]]
]]>
</system-out>
</testcase>
<testcase name="Menu Page › should display category filters on desktop" classname="e2e/menu.spec.ts" time="0.546">
<failure message="menu.spec.ts:19:7 should display category filters on desktop" type="FAILURE">
<![CDATA[  [chromium] › e2e/menu.spec.ts:19:7 › Menu Page › should display category filters on desktop ──────

    Error: expect.toBeVisible: Error: strict mode violation: locator('button:has-text("All Dishes")') resolved to 2 elements:
        1) <button tabindex="0" class="px-4 sm:px-6 py-2 sm:py-3 rounded-full border transition-all duration-300 text-sm sm:text-base bg-gradient-to-r from-orange-500 to-yellow-500 text-white border-orange-500">🍽️ All Dishes</button> aka getByRole('button', { name: '🍽️ All Dishes' })
        2) <button class="relative w-32 h-20 rounded-xl border-2 transition-all duration-300 flex flex-col items-center justify-center bg-gradient-to-br from-orange-500 to-yellow-500 border-orange-400 text-white shadow-lg">…</button> aka getByText('🍽️All Dishes')

    Call log:
      - Expect "toBeVisible" with timeout 5000ms
      - waiting for locator('button:has-text("All Dishes")')


      22 |     
      23 |     // Check category filter buttons are visible
    > 24 |     await expect(page.locator('button:has-text("All Dishes")')).toBeVisible();
         |                                                                 ^
      25 |     await expect(page.locator('button:has-text("Rice Dishes")')).toBeVisible();
      26 |     await expect(page.locator('button:has-text("Soups & Stews")')).toBeVisible();
      27 |   });
        at /Users/I590496/TKAFROKITCHEN/tk-afro-kitchen/tests/e2e/menu.spec.ts:24:65

    attachment #1: screenshot (image/png) ──────────────────────────────────────────────────────────
    ../test-results/e2e-menu-Menu-Page-should--cfe65-category-filters-on-desktop-chromium/test-failed-1.png
    ────────────────────────────────────────────────────────────────────────────────────────────────

    attachment #2: video (video/webm) ──────────────────────────────────────────────────────────────
    ../test-results/e2e-menu-Menu-Page-should--cfe65-category-filters-on-desktop-chromium/video.webm
    ────────────────────────────────────────────────────────────────────────────────────────────────

    Error Context: ../test-results/e2e-menu-Menu-Page-should--cfe65-category-filters-on-desktop-chromium/error-context.md
]]>
</failure>
<system-out>
<![CDATA[
[[ATTACHMENT|e2e-menu-Menu-Page-should--cfe65-category-filters-on-desktop-chromium/test-failed-1.png]]

[[ATTACHMENT|e2e-menu-Menu-Page-should--cfe65-category-filters-on-desktop-chromium/video.webm]]

[[ATTACHMENT|e2e-menu-Menu-Page-should--cfe65-category-filters-on-desktop-chromium/error-context.md]]
]]>
</system-out>
</testcase>
<testcase name="Menu Page › should display mobile category filter on mobile" classname="e2e/menu.spec.ts" time="0.533">
</testcase>
<testcase name="Menu Page › should filter menu items by category" classname="e2e/menu.spec.ts" time="1.466">
</testcase>
<testcase name="Menu Page › should auto-scroll to menu items on mobile category selection" classname="e2e/menu.spec.ts" time="31.151">
<failure message="menu.spec.ts:62:7 should auto-scroll to menu items on mobile category selection" type="FAILURE">
<![CDATA[  [chromium] › e2e/menu.spec.ts:62:7 › Menu Page › should auto-scroll to menu items on mobile category selection 

    Test timeout of 30000ms exceeded.

    Error: page.click: Test timeout of 30000ms exceeded.
    Call log:
      - waiting for locator('button:has-text("Rice Dishes")')
        - locator resolved to 2 elements. Proceeding with the first one: <button tabindex="0" class="px-4 sm:px-6 py-2 sm:py-3 rounded-full border transition-all duration-300 text-sm sm:text-base bg-transparent text-gray-300 border-gray-600 hover:border-orange-500 hover:text-orange-400">Rice Dishes</button>
      - attempting click action
        2 × waiting for element to be visible, enabled and stable
          - element is not visible
        - retrying click action
        - waiting 20ms
        2 × waiting for element to be visible, enabled and stable
          - element is not visible
        - retrying click action
          - waiting 100ms
        55 × waiting for element to be visible, enabled and stable
           - element is not visible
         - retrying click action
           - waiting 500ms


      68 |     
      69 |     // Click on a category in mobile filter
    > 70 |     await page.click('button:has-text("Rice Dishes")');
         |                ^
      71 |     
      72 |     // Wait for scroll animation
      73 |     await page.waitForTimeout(1000);
        at /Users/I590496/TKAFROKITCHEN/tk-afro-kitchen/tests/e2e/menu.spec.ts:70:16

    attachment #1: screenshot (image/png) ──────────────────────────────────────────────────────────
    ../test-results/e2e-menu-Menu-Page-should--fd837-n-mobile-category-selection-chromium/test-failed-1.png
    ────────────────────────────────────────────────────────────────────────────────────────────────

    attachment #2: video (video/webm) ──────────────────────────────────────────────────────────────
    ../test-results/e2e-menu-Menu-Page-should--fd837-n-mobile-category-selection-chromium/video.webm
    ────────────────────────────────────────────────────────────────────────────────────────────────

    Error Context: ../test-results/e2e-menu-Menu-Page-should--fd837-n-mobile-category-selection-chromium/error-context.md
]]>
</failure>
<system-out>
<![CDATA[
[[ATTACHMENT|e2e-menu-Menu-Page-should--fd837-n-mobile-category-selection-chromium/test-failed-1.png]]

[[ATTACHMENT|e2e-menu-Menu-Page-should--fd837-n-mobile-category-selection-chromium/video.webm]]

[[ATTACHMENT|e2e-menu-Menu-Page-should--fd837-n-mobile-category-selection-chromium/error-context.md]]
]]>
</system-out>
</testcase>
<testcase name="Menu Page › should display menu items with correct information" classname="e2e/menu.spec.ts" time="5.596">
<failure message="menu.spec.ts:80:7 should display menu items with correct information" type="FAILURE">
<![CDATA[  [chromium] › e2e/menu.spec.ts:80:7 › Menu Page › should display menu items with correct information 

    Error: Timed out 5000ms waiting for expect(locator).toBeVisible()

    Locator: locator('.menu-item, [data-testid="menu-item"]').first()
    Expected: visible
    Received: <element(s) not found>
    Call log:
      - Expect "toBeVisible" with timeout 5000ms
      - waiting for locator('.menu-item, [data-testid="menu-item"]').first()


      81 |     // Check for menu items
      82 |     const menuItems = page.locator('.menu-item, [data-testid="menu-item"]');
    > 83 |     await expect(menuItems.first()).toBeVisible();
         |                                     ^
      84 |     
      85 |     // Check item structure
      86 |     const firstItem = menuItems.first();
        at /Users/I590496/TKAFROKITCHEN/tk-afro-kitchen/tests/e2e/menu.spec.ts:83:37

    attachment #1: screenshot (image/png) ──────────────────────────────────────────────────────────
    ../test-results/e2e-menu-Menu-Page-should--3df41-ms-with-correct-information-chromium/test-failed-1.png
    ────────────────────────────────────────────────────────────────────────────────────────────────

    attachment #2: video (video/webm) ──────────────────────────────────────────────────────────────
    ../test-results/e2e-menu-Menu-Page-should--3df41-ms-with-correct-information-chromium/video.webm
    ────────────────────────────────────────────────────────────────────────────────────────────────

    Error Context: ../test-results/e2e-menu-Menu-Page-should--3df41-ms-with-correct-information-chromium/error-context.md
]]>
</failure>
<system-out>
<![CDATA[
[[ATTACHMENT|e2e-menu-Menu-Page-should--3df41-ms-with-correct-information-chromium/test-failed-1.png]]

[[ATTACHMENT|e2e-menu-Menu-Page-should--3df41-ms-with-correct-information-chromium/video.webm]]

[[ATTACHMENT|e2e-menu-Menu-Page-should--3df41-ms-with-correct-information-chromium/error-context.md]]
]]>
</system-out>
</testcase>
<testcase name="Menu Page › should display prices for menu items" classname="e2e/menu.spec.ts" time="5.595">
<failure message="menu.spec.ts:92:7 should display prices for menu items" type="FAILURE">
<![CDATA[  [chromium] › e2e/menu.spec.ts:92:7 › Menu Page › should display prices for menu items ────────────

    Error: Timed out 5000ms waiting for expect(locator).toBeVisible()

    Locator: locator('.price, [data-testid="price"]').first()
    Expected: visible
    Received: <element(s) not found>
    Call log:
      - Expect "toBeVisible" with timeout 5000ms
      - waiting for locator('.price, [data-testid="price"]').first()


      93 |     // Check for price elements
      94 |     const prices = page.locator('.price, [data-testid="price"]');
    > 95 |     await expect(prices.first()).toBeVisible();
         |                                  ^
      96 |     
      97 |     // Check price format (should contain £ symbol)
      98 |     const firstPrice = await prices.first().textContent();
        at /Users/I590496/TKAFROKITCHEN/tk-afro-kitchen/tests/e2e/menu.spec.ts:95:34

    attachment #1: screenshot (image/png) ──────────────────────────────────────────────────────────
    ../test-results/e2e-menu-Menu-Page-should-display-prices-for-menu-items-chromium/test-failed-1.png
    ────────────────────────────────────────────────────────────────────────────────────────────────

    attachment #2: video (video/webm) ──────────────────────────────────────────────────────────────
    ../test-results/e2e-menu-Menu-Page-should-display-prices-for-menu-items-chromium/video.webm
    ────────────────────────────────────────────────────────────────────────────────────────────────

    Error Context: ../test-results/e2e-menu-Menu-Page-should-display-prices-for-menu-items-chromium/error-context.md
]]>
</failure>
<system-out>
<![CDATA[
[[ATTACHMENT|e2e-menu-Menu-Page-should-display-prices-for-menu-items-chromium/test-failed-1.png]]

[[ATTACHMENT|e2e-menu-Menu-Page-should-display-prices-for-menu-items-chromium/video.webm]]

[[ATTACHMENT|e2e-menu-Menu-Page-should-display-prices-for-menu-items-chromium/error-context.md]]
]]>
</system-out>
</testcase>
<testcase name="Menu Page › should have working search functionality" classname="e2e/menu.spec.ts" time="6.051">
<failure message="menu.spec.ts:102:7 should have working search functionality" type="FAILURE">
<![CDATA[  [chromium] › e2e/menu.spec.ts:102:7 › Menu Page › should have working search functionality ───────

    Error: Timed out 5000ms waiting for expect(locator).toBeVisible()

    Locator: locator('.menu-item, [data-testid="menu-item"]').first()
    Expected: visible
    Received: <element(s) not found>
    Call log:
      - Expect "toBeVisible" with timeout 5000ms
      - waiting for locator('.menu-item, [data-testid="menu-item"]').first()


      116 |     // Check that results are filtered
      117 |     const results = page.locator('.menu-item, [data-testid="menu-item"]');
    > 118 |     await expect(results.first()).toBeVisible();
          |                                   ^
      119 |   });
      120 |
      121 |   test('should display size options for menu items', async ({ page }) => {
        at /Users/I590496/TKAFROKITCHEN/tk-afro-kitchen/tests/e2e/menu.spec.ts:118:35

    attachment #1: screenshot (image/png) ──────────────────────────────────────────────────────────
    ../test-results/e2e-menu-Menu-Page-should-have-working-search-functionality-chromium/test-failed-1.png
    ────────────────────────────────────────────────────────────────────────────────────────────────

    attachment #2: video (video/webm) ──────────────────────────────────────────────────────────────
    ../test-results/e2e-menu-Menu-Page-should-have-working-search-functionality-chromium/video.webm
    ────────────────────────────────────────────────────────────────────────────────────────────────

    Error Context: ../test-results/e2e-menu-Menu-Page-should-have-working-search-functionality-chromium/error-context.md
]]>
</failure>
<system-out>
<![CDATA[
[[ATTACHMENT|e2e-menu-Menu-Page-should-have-working-search-functionality-chromium/test-failed-1.png]]

[[ATTACHMENT|e2e-menu-Menu-Page-should-have-working-search-functionality-chromium/video.webm]]

[[ATTACHMENT|e2e-menu-Menu-Page-should-have-working-search-functionality-chromium/error-context.md]]
]]>
</system-out>
</testcase>
<testcase name="Menu Page › should display size options for menu items" classname="e2e/menu.spec.ts" time="0.453">
</testcase>
<testcase name="Menu Page › should have add to cart functionality" classname="e2e/menu.spec.ts" time="0.555">
</testcase>
<testcase name="Menu Page › should handle empty search results gracefully" classname="e2e/menu.spec.ts" time="0.985">
</testcase>
<testcase name="Menu Page › should maintain filter state on page refresh" classname="e2e/menu.spec.ts" time="0.775">
<failure message="menu.spec.ts:155:7 should maintain filter state on page refresh" type="FAILURE">
<![CDATA[  [chromium] › e2e/menu.spec.ts:155:7 › Menu Page › should maintain filter state on page refresh ───

    Error: expect.toHaveClass: Error: strict mode violation: locator('button:has-text("Rice Dishes")') resolved to 2 elements:
        1) <button tabindex="0" class="px-4 sm:px-6 py-2 sm:py-3 rounded-full border transition-all duration-300 text-sm sm:text-base bg-transparent text-gray-300 border-gray-600 hover:border-orange-500 hover:text-orange-400">Rice Dishes</button> aka getByRole('button', { name: 'Rice Dishes' })
        2) <button class="relative w-32 h-20 rounded-xl border-2 transition-all duration-300 flex flex-col items-center justify-center overflow-hidden bg-white/10 border-white/20 text-gray-300 hover:border-orange-500/50 hover:text-orange-400">…</button> aka getByText('🍚Rice Dishes')

    Call log:
      - Expect "toHaveClass" with timeout 5000ms
      - waiting for locator('button:has-text("Rice Dishes")')


      164 |     
      165 |     // Check that the category is still selected
    > 166 |     await expect(page.locator('button:has-text("Rice Dishes")')).toHaveClass(/selected|active/);
          |                                                                  ^
      167 |   });
      168 |
      169 |   test('should have responsive design on different screen sizes', async ({ page }) => {
        at /Users/I590496/TKAFROKITCHEN/tk-afro-kitchen/tests/e2e/menu.spec.ts:166:66

    attachment #1: screenshot (image/png) ──────────────────────────────────────────────────────────
    ../test-results/e2e-menu-Menu-Page-should--25743-ilter-state-on-page-refresh-chromium/test-failed-1.png
    ────────────────────────────────────────────────────────────────────────────────────────────────

    attachment #2: video (video/webm) ──────────────────────────────────────────────────────────────
    ../test-results/e2e-menu-Menu-Page-should--25743-ilter-state-on-page-refresh-chromium/video.webm
    ────────────────────────────────────────────────────────────────────────────────────────────────

    Error Context: ../test-results/e2e-menu-Menu-Page-should--25743-ilter-state-on-page-refresh-chromium/error-context.md
]]>
</failure>
<system-out>
<![CDATA[
[[ATTACHMENT|e2e-menu-Menu-Page-should--25743-ilter-state-on-page-refresh-chromium/test-failed-1.png]]

[[ATTACHMENT|e2e-menu-Menu-Page-should--25743-ilter-state-on-page-refresh-chromium/video.webm]]

[[ATTACHMENT|e2e-menu-Menu-Page-should--25743-ilter-state-on-page-refresh-chromium/error-context.md]]
]]>
</system-out>
</testcase>
<testcase name="Menu Page › should have responsive design on different screen sizes" classname="e2e/menu.spec.ts" time="0.629">
<failure message="menu.spec.ts:169:7 should have responsive design on different screen sizes" type="FAILURE">
<![CDATA[  [chromium] › e2e/menu.spec.ts:169:7 › Menu Page › should have responsive design on different screen sizes 

    Error: expect.toBeVisible: Error: strict mode violation: locator('nav') resolved to 3 elements:
        1) <nav class="flex items-center space-x-4">…</nav> aka getByText('AboutFAQContact')
        2) <nav class="hidden md:flex items-center space-x-6">…</nav> aka getByText('MenuPricingFrozenCatering')
        3) <nav class="fixed bottom-0 left-0 right-0 z-50 md:hidden">…</nav> aka locator('nav').filter({ hasText: 'HomeMenuFrozenCateringCart' })

    Call log:
      - Expect "toBeVisible" with timeout 5000ms
      - waiting for locator('nav')


      170 |     // Test desktop
      171 |     await page.setViewportSize({ width: 1280, height: 720 });
    > 172 |     await expect(page.locator('nav')).toBeVisible();
          |                                       ^
      173 |     
      174 |     // Test tablet
      175 |     await page.setViewportSize({ width: 768, height: 1024 });
        at /Users/I590496/TKAFROKITCHEN/tk-afro-kitchen/tests/e2e/menu.spec.ts:172:39

    attachment #1: screenshot (image/png) ──────────────────────────────────────────────────────────
    ../test-results/e2e-menu-Menu-Page-should--c6122-n-on-different-screen-sizes-chromium/test-failed-1.png
    ────────────────────────────────────────────────────────────────────────────────────────────────

    attachment #2: video (video/webm) ──────────────────────────────────────────────────────────────
    ../test-results/e2e-menu-Menu-Page-should--c6122-n-on-different-screen-sizes-chromium/video.webm
    ────────────────────────────────────────────────────────────────────────────────────────────────

    Error Context: ../test-results/e2e-menu-Menu-Page-should--c6122-n-on-different-screen-sizes-chromium/error-context.md
]]>
</failure>
<system-out>
<![CDATA[
[[ATTACHMENT|e2e-menu-Menu-Page-should--c6122-n-on-different-screen-sizes-chromium/test-failed-1.png]]

[[ATTACHMENT|e2e-menu-Menu-Page-should--c6122-n-on-different-screen-sizes-chromium/video.webm]]

[[ATTACHMENT|e2e-menu-Menu-Page-should--c6122-n-on-different-screen-sizes-chromium/error-context.md]]
]]>
</system-out>
</testcase>
<testcase name="Menu Page › should handle mobile menu toggle correctly" classname="e2e/menu.spec.ts" time="0.509">
</testcase>
<testcase name="Menu Page › should display loading states correctly" classname="e2e/menu.spec.ts" time="0.588">
</testcase>
<testcase name="Menu Page › should handle network errors gracefully" classname="e2e/menu.spec.ts" time="0.614">
</testcase>
</testsuite>
<testsuite name="e2e/mock-payment-flow.spec.ts" timestamp="2025-07-20T10:35:55.243Z" hostname="chromium" tests="4" failures="2" skipped="0" time="49.011" errors="0">
<testcase name="Mock Payment Flow - Bypassing Cart Issues › should complete mock payment flow with card payment" classname="e2e/mock-payment-flow.spec.ts" time="14.611">
<failure message="mock-payment-flow.spec.ts:41:7 should complete mock payment flow with card payment" type="FAILURE">
<![CDATA[  [chromium] › e2e/mock-payment-flow.spec.ts:41:7 › Mock Payment Flow - Bypassing Cart Issues › should complete mock payment flow with card payment 

    Error: locator.count: Unexpected token "=" while parsing css selector "[class*="success"], [class*="green"], text=Payment Successful, text=Order Confirmed". Did you mean to CSS.escape it?

      218 |       // Look for success banners or states on current page
      219 |       const successBanner = page.locator('[class*="success"], [class*="green"], text=Payment Successful, text=Order Confirmed');
    > 220 |       if (await successBanner.count() > 0) {
          |                               ^
      221 |         console.log('✅ Success banner found on current page');
      222 |       }
      223 |       
        at /Users/I590496/TKAFROKITCHEN/tk-afro-kitchen/tests/e2e/mock-payment-flow.spec.ts:220:31

    attachment #1: screenshot (image/png) ──────────────────────────────────────────────────────────
    ../test-results/e2e-mock-payment-flow-Mock-3b853-ment-flow-with-card-payment-chromium/test-failed-1.png
    ────────────────────────────────────────────────────────────────────────────────────────────────

    attachment #2: video (video/webm) ──────────────────────────────────────────────────────────────
    ../test-results/e2e-mock-payment-flow-Mock-3b853-ment-flow-with-card-payment-chromium/video.webm
    ────────────────────────────────────────────────────────────────────────────────────────────────

    Error Context: ../test-results/e2e-mock-payment-flow-Mock-3b853-ment-flow-with-card-payment-chromium/error-context.md
]]>
</failure>
<system-out>
<![CDATA[🚀 Starting mock payment flow test
🛍️ Step 1: Navigate to checkout with mock cart
Current URL: https://tkafrokitchen.com/menu
⚠️ Still redirected - will test checkout components directly
📝 Step 2: Fill delivery details
⚠️ Field fullName not found or not visible
⚠️ Field email not found or not visible
⚠️ Field phone not found or not visible
⚠️ Field address not found or not visible
⚠️ Field city not found or not visible
⚠️ Field postcode not found or not visible
💳 Step 3: Proceed to payment step
⚠️ Continue button not found - may already be on payment step
💳 Step 4: Select card payment method
⚠️ Card payment button not found - checking for existing payment form
🔢 Step 5: Fill payment details
⚠️ Stripe iframe not available: locator.isVisible: Error: strict mode violation: locator('iframe[src*="stripe"], iframe[name*="stripe"]') resolved to 2 elements:
    1) <iframe tabindex="-1" scrolling="no" frameborder="0" allow="payment *" aria-hidden="true" role="presentation" allowtransparency="true" name="__privateStripeController5991" src="https://js.stripe.com/v3/controller-with-preconnect-5a125e125bbb24d882c0a6f33f679c89.html#__shared_params__[version]=basil&apiKey=pk_live_51RI9m6D7KJvDWZWcxrFaS7HOqtfxKfDVxTDtWxJ37EiQkjLSY8Ij2Jd75GZjDinEvyhPgh8DrkrzSohoao5H852g00n8mS2Eca&apiVersion=2025-03-31.basil&stripeJsId=b8723066-85d3-487c-bea3-9e70a00b7fe9&stripeObjId=sob…></iframe> aka locator('iframe[name="__privateStripeController5991"]')
    2) <iframe tabindex="-1" scrolling="no" frameborder="0" allow="payment *" aria-hidden="true" role="presentation" allowtransparency="true" name="__privateStripeMetricsController5990" src="https://js.stripe.com/v3/m-outer-3437aaddcdf6922d623e172c2d6f9278.html#url=https%3A%2F%2Ftkafrokitchen.com%2Fmenu&title=TK%20Afro%20Kitchen&referrer=&muid=NA&sid=NA&version=6&preview=false&__shared_params__[version]=basil"></iframe> aka locator('iframe[name="__privateStripeMetricsController5990"]')

Call log:
[2m    - checking visibility of locator('iframe[src*="stripe"], iframe[name*="stripe"]').contentFrame().locator('input[name="cardnumber"], input[placeholder*="1234"]')[22m

🔧 Looking for mock payment fields
✅ Step 6: Submit payment
Found payment submit button
✅ Payment submitted
🎉 Step 7: Check for success state
Final URL: https://tkafrokitchen.com/pricing
⚠️ Not redirected to success page - checking for success indicators

[[ATTACHMENT|e2e-mock-payment-flow-Mock-3b853-ment-flow-with-card-payment-chromium/test-failed-1.png]]

[[ATTACHMENT|e2e-mock-payment-flow-Mock-3b853-ment-flow-with-card-payment-chromium/video.webm]]

[[ATTACHMENT|e2e-mock-payment-flow-Mock-3b853-ment-flow-with-card-payment-chromium/error-context.md]]
]]>
</system-out>
</testcase>
<testcase name="Mock Payment Flow - Bypassing Cart Issues › should test Safari-specific payment flow" classname="e2e/mock-payment-flow.spec.ts" time="2.119">
<system-out>
<![CDATA[🍎 Testing Safari-specific payment flow
🍎 Safari payment flow test completed
]]>
</system-out>
</testcase>
<testcase name="Mock Payment Flow - Bypassing Cart Issues › should test payment form validation" classname="e2e/mock-payment-flow.spec.ts" time="30.251">
<failure message="mock-payment-flow.spec.ts:312:7 should test payment form validation" type="FAILURE">
<![CDATA[  [chromium] › e2e/mock-payment-flow.spec.ts:312:7 › Mock Payment Flow - Bypassing Cart Issues › should test payment form validation 

    Test timeout of 30000ms exceeded.

    Error: page.fill: Test timeout of 30000ms exceeded.
    Call log:
      - waiting for locator('input[name="fullName"], input[id="fullName"]')


      330 |     
      331 |     // Fill some fields and leave others empty
    > 332 |     await page.fill('input[name="fullName"], input[id="fullName"]', 'Test User');
          |                ^
      333 |     await page.fill('input[name="email"], input[id="email"]', 'invalid-email');
      334 |     
      335 |     if (await continueButton.isVisible()) {
        at /Users/I590496/TKAFROKITCHEN/tk-afro-kitchen/tests/e2e/mock-payment-flow.spec.ts:332:16

    attachment #1: screenshot (image/png) ──────────────────────────────────────────────────────────
    ../test-results/e2e-mock-payment-flow-Mock-b2a23-est-payment-form-validation-chromium/test-failed-1.png
    ────────────────────────────────────────────────────────────────────────────────────────────────

    attachment #2: video (video/webm) ──────────────────────────────────────────────────────────────
    ../test-results/e2e-mock-payment-flow-Mock-b2a23-est-payment-form-validation-chromium/video.webm
    ────────────────────────────────────────────────────────────────────────────────────────────────

    Error Context: ../test-results/e2e-mock-payment-flow-Mock-b2a23-est-payment-form-validation-chromium/error-context.md
]]>
</failure>
<system-out>
<![CDATA[📝 Testing payment form validation

[[ATTACHMENT|e2e-mock-payment-flow-Mock-b2a23-est-payment-form-validation-chromium/test-failed-1.png]]

[[ATTACHMENT|e2e-mock-payment-flow-Mock-b2a23-est-payment-form-validation-chromium/video.webm]]

[[ATTACHMENT|e2e-mock-payment-flow-Mock-b2a23-est-payment-form-validation-chromium/error-context.md]]
]]>
</system-out>
</testcase>
<testcase name="Mock Payment Flow - Bypassing Cart Issues › should test order summary display" classname="e2e/mock-payment-flow.spec.ts" time="2.03">
<system-out>
<![CDATA[📊 Testing order summary display
📊 Order summary test completed
]]>
</system-out>
</testcase>
</testsuite>
<testsuite name="e2e/payment-components-test.spec.ts" timestamp="2025-07-20T10:35:55.243Z" hostname="chromium" tests="6" failures="0" skipped="0" time="16.622" errors="0">
<testcase name="Payment Components Test - Direct Component Testing › should test payment components on success page directly" classname="e2e/payment-components-test.spec.ts" time="1.563">
<system-out>
<![CDATA[🎯 Testing success page components directly
✅ Found success element: text=Success
✅ Found success element: text=Successful
✅ Found success element: text=Confirmed
✅ Found success element: text=Thank you
✅ Found success element: text=Order
✅ Found success element: text=£25.99
✅ Found success element: text=TEST123
Current URL: https://tkafrokitchen.com/success?orderId=TEST123&amount=25.99&method=card&timestamp=1234567890
]]>
</system-out>
</testcase>
<testcase name="Payment Components Test - Direct Component Testing › should test Stripe payment integration with mock setup" classname="e2e/payment-components-test.spec.ts" time="1.591">
<system-out>
<![CDATA[💳 Testing Stripe payment integration
Checkout URL: https://tkafrokitchen.com/menu
⚠️ Redirected to menu - testing Stripe components on menu page
Found 1 Stripe iframes on page
✅ Stripe is loading even on menu page
]]>
</system-out>
</testcase>
<testcase name="Payment Components Test - Direct Component Testing › should test card payment flow with manual checkout setup" classname="e2e/payment-components-test.spec.ts" time="8.863">
<system-out>
<![CDATA[🔧 Testing manual checkout setup
Attempt 1: Accessing checkout
Attempt 1 URL: https://tkafrokitchen.com/menu
Attempt 2: Accessing checkout
Attempt 2 URL: https://tkafrokitchen.com/menu
Attempt 3: Accessing checkout
Attempt 3 URL: https://tkafrokitchen.com/menu
⚠️ All attempts failed - cart persistence issue confirmed
🔄 Testing payment components indirectly
✅ Stripe script found
Found 0 payment-related elements
]]>
</system-out>
</testcase>
<testcase name="Payment Components Test - Direct Component Testing › should simulate card payment success flow" classname="e2e/payment-components-test.spec.ts" time="1.09">
<system-out>
<![CDATA[🎉 Simulating card payment success flow
Success URL: /success?orderId=CARD_TEST_1753007863230&amount=29.99&method=card&customerEmail=test%40example.com&customerName=Card+Test+User&timestamp=1753007863230&paymentId=pi_test_card_payment&safari=false
✅ Payment amount found
⚠️ Customer email not found
⚠️ Customer name not found
⚠️ Success message not found
✅ Card payment success flow test completed
]]>
</system-out>
</testcase>
<testcase name="Payment Components Test - Direct Component Testing › should test Safari payment success flow" classname="e2e/payment-components-test.spec.ts" time="1.276">
<system-out>
<![CDATA[🍎 Simulating Safari payment success flow
Safari Success URL: /success?orderId=SAFARI_TEST_1753007863865&amount=19.99&method=paypal&customerEmail=safari.test%40example.com&customerName=Safari+Test+User&timestamp=1753007863865&paymentId=paypal_safari_test&safari=true
⚠️ PayPal payment method not found
✅ Safari-specific text found
✅ PayPal amount found
⚠️ Safari-specific elements not found
🍎 Safari payment success flow test completed
]]>
</system-out>
</testcase>
<testcase name="Payment Components Test - Direct Component Testing › should validate payment form field behavior" classname="e2e/payment-components-test.spec.ts" time="2.239">
<system-out>
<![CDATA[📝 Testing payment form field behavior
✅ Filled fullName: Form Test User
✅ Filled email: form.test@example.com
✅ Filled phone: 07123456789
✅ Filled address: 123 Form Test Street
✅ Filled city: London
✅ Filled postcode: SW1A 1AA
📝 Form validation test completed
]]>
</system-out>
</testcase>
</testsuite>
<testsuite name="e2e/payment-flow-debug.spec.ts" timestamp="2025-07-20T10:35:55.243Z" hostname="chromium" tests="5" failures="1" skipped="0" time="10.544" errors="0">
<testcase name="Payment Flow Debug - Step by Step › should navigate to menu page" classname="e2e/payment-flow-debug.spec.ts" time="1.843">
<failure message="payment-flow-debug.spec.ts:5:7 should navigate to menu page" type="FAILURE">
<![CDATA[  [chromium] › e2e/payment-flow-debug.spec.ts:5:7 › Payment Flow Debug - Step by Step › should navigate to menu page 

    Error: expect.toBeVisible: Error: strict mode violation: locator('a[href="/menu"]') resolved to 18 elements:
        1) <a href="/menu" class="nav-link">Menu</a> aka getByRole('banner').getByRole('link', { name: 'Menu' })
        2) <a href="/menu" class="hidden md:flex inline-flex items-center justify-center gap-2 whitespace-nowrap rounded-md text-sm font-medium transition-all h-9 px-4 py-2 bg-gradient-to-r from-orange-500 to-yellow-500 hover:from-orange-600 hover:to-yellow-600 text-white">Order Now</a> aka getByRole('banner').getByRole('link', { name: 'Order Now' })
        3) <a href="/menu" class="inline-flex items-center justify-center gap-1 sm:gap-2 whitespace-nowrap rounded-md text-xs sm:text-sm font-medium transition-all h-7 sm:h-9 px-2 sm:px-4 py-1 sm:py-2 bg-white/20 backdrop-blur-sm hover:bg-white/30 text-white border border-white/30 hover:border-white/50">…</a> aka getByText('Order NowOrder')
        4) <a href="/menu">…</a> aka getByRole('link', { name: 'Explore Our Menu' })
        5) <a href="/menu" data-slot="button" class="inline-flex items-center justify-center gap-2 whitespace-nowrap text-sm font-medium transition-all disabled:pointer-events-none disabled:opacity-50 [&_svg]:pointer-events-none [&_svg:not([class*='size-'])]:size-4 shrink-0 [&_svg]:shrink-0 outline-none focus-visible:border-ring focus-visible:ring-ring/50 focus-visible:ring-[3px] aria-invalid:ring-destructive/20 dark:aria-invalid:ring-destructive/40 aria-invalid:border-destructive text-primary-foreground sh…>View Our Menu</a> aka getByRole('link', { name: 'View Our Menu' })
        6) <a href="/menu" data-slot="button" class="inline-flex items-center justify-center whitespace-nowrap text-sm font-medium transition-all disabled:pointer-events-none disabled:opacity-50 [&_svg]:pointer-events-none [&_svg:not([class*='size-'])]:size-4 [&_svg]:shrink-0 outline-none focus-visible:border-ring focus-visible:ring-ring/50 focus-visible:ring-[3px] aria-invalid:ring-destructive/20 dark:aria-invalid:ring-destructive/40 aria-invalid:border-destructive text-primary-foreground shadow-xs hover:b…>…</a> aka getByRole('link', { name: 'Add to Cart' }).first()
        7) <a href="/menu" data-slot="button" class="inline-flex items-center justify-center whitespace-nowrap text-sm font-medium transition-all disabled:pointer-events-none disabled:opacity-50 [&_svg]:pointer-events-none [&_svg:not([class*='size-'])]:size-4 shrink-0 [&_svg]:shrink-0 outline-none focus-visible:border-ring focus-visible:ring-ring/50 focus-visible:ring-[3px] aria-invalid:ring-destructive/20 dark:aria-invalid:ring-destructive/40 aria-invalid:border-destructive border bg-background shadow-xs d…>…</a> aka getByRole('main').getByRole('link').filter({ hasText: /^$/ }).first()
        8) <a href="/menu" data-slot="button" class="inline-flex items-center justify-center whitespace-nowrap text-sm font-medium transition-all disabled:pointer-events-none disabled:opacity-50 [&_svg]:pointer-events-none [&_svg:not([class*='size-'])]:size-4 [&_svg]:shrink-0 outline-none focus-visible:border-ring focus-visible:ring-ring/50 focus-visible:ring-[3px] aria-invalid:ring-destructive/20 dark:aria-invalid:ring-destructive/40 aria-invalid:border-destructive text-primary-foreground shadow-xs hover:b…>…</a> aka getByRole('link', { name: 'Add to Cart' }).nth(1)
        9) <a href="/menu" data-slot="button" class="inline-flex items-center justify-center whitespace-nowrap text-sm font-medium transition-all disabled:pointer-events-none disabled:opacity-50 [&_svg]:pointer-events-none [&_svg:not([class*='size-'])]:size-4 shrink-0 [&_svg]:shrink-0 outline-none focus-visible:border-ring focus-visible:ring-ring/50 focus-visible:ring-[3px] aria-invalid:ring-destructive/20 dark:aria-invalid:ring-destructive/40 aria-invalid:border-destructive border bg-background shadow-xs d…>…</a> aka getByRole('main').getByRole('link').filter({ hasText: /^$/ }).nth(1)
        10) <a href="/menu" data-slot="button" class="inline-flex items-center justify-center whitespace-nowrap text-sm font-medium transition-all disabled:pointer-events-none disabled:opacity-50 [&_svg]:pointer-events-none [&_svg:not([class*='size-'])]:size-4 [&_svg]:shrink-0 outline-none focus-visible:border-ring focus-visible:ring-ring/50 focus-visible:ring-[3px] aria-invalid:ring-destructive/20 dark:aria-invalid:ring-destructive/40 aria-invalid:border-destructive text-primary-foreground shadow-xs hover:b…>…</a> aka getByRole('link', { name: 'Add to Cart' }).nth(2)
        ...

    Call log:
      - Expect "toBeVisible" with timeout 5000ms
      - waiting for locator('a[href="/menu"]')


      13 |     // Check if menu link exists
      14 |     const menuLink = page.locator('a[href="/menu"]');
    > 15 |     await expect(menuLink).toBeVisible();
         |                            ^
      16 |     console.log('✅ Menu link found');
      17 |     
      18 |     // Click menu link
        at /Users/I590496/TKAFROKITCHEN/tk-afro-kitchen/tests/e2e/payment-flow-debug.spec.ts:15:28

    attachment #1: screenshot (image/png) ──────────────────────────────────────────────────────────
    ../test-results/e2e-payment-flow-debug-Pay-f4071-hould-navigate-to-menu-page-chromium/test-failed-1.png
    ────────────────────────────────────────────────────────────────────────────────────────────────

    attachment #2: video (video/webm) ──────────────────────────────────────────────────────────────
    ../test-results/e2e-payment-flow-debug-Pay-f4071-hould-navigate-to-menu-page-chromium/video.webm
    ────────────────────────────────────────────────────────────────────────────────────────────────

    Error Context: ../test-results/e2e-payment-flow-debug-Pay-f4071-hould-navigate-to-menu-page-chromium/error-context.md
]]>
</failure>
<system-out>
<![CDATA[
[[ATTACHMENT|e2e-payment-flow-debug-Pay-f4071-hould-navigate-to-menu-page-chromium/test-failed-1.png]]

[[ATTACHMENT|e2e-payment-flow-debug-Pay-f4071-hould-navigate-to-menu-page-chromium/video.webm]]

[[ATTACHMENT|e2e-payment-flow-debug-Pay-f4071-hould-navigate-to-menu-page-chromium/error-context.md]]
]]>
</system-out>
</testcase>
<testcase name="Payment Flow Debug - Step by Step › should find menu items on menu page" classname="e2e/payment-flow-debug.spec.ts" time="3.474">
<system-out>
<![CDATA[Found 94 potential menu cards
First card text: Jollof RiceOur signature Jollof rice cooked with rich tomato sauce and aromatic spicesFrom £35.003 s
✅ Successfully clicked first menu item
]]>
</system-out>
</testcase>
<testcase name="Payment Flow Debug - Step by Step › should find and use cart functionality" classname="e2e/payment-flow-debug.spec.ts" time="2.226">
<system-out>
<![CDATA[Found 1 potential cart buttons in header
✅ Cart button found in header
✅ Cart button clicked
Found 0 "Add to Cart" buttons
]]>
</system-out>
</testcase>
<testcase name="Payment Flow Debug - Step by Step › should access checkout page directly" classname="e2e/payment-flow-debug.spec.ts" time="1.472">
<system-out>
<![CDATA[Current URL after checkout navigation: https://tkafrokitchen.com/menu
❌ Redirected from checkout (likely due to empty cart)
]]>
</system-out>
</testcase>
<testcase name="Payment Flow Debug - Step by Step › should find payment components" classname="e2e/payment-flow-debug.spec.ts" time="1.529">
<system-out>
<![CDATA[Found 0 payment method options
Found 1 Stripe iframes
]]>
</system-out>
</testcase>
</testsuite>
<testsuite name="e2e/safari-checkout-verification.spec.ts" timestamp="2025-07-20T10:35:55.243Z" hostname="chromium" tests="3" failures="1" skipped="0" time="19.455" errors="0">
<testcase name="Safari Checkout Verification - End to End › should verify Safari checkout to success flow without menu revert" classname="e2e/safari-checkout-verification.spec.ts" time="7.113">
<system-out>
<![CDATA[🍎 Verifying complete Safari checkout to success flow
🛒 Step 1: Simulating successful Safari payment
🎯 Step 2: Navigating to Safari success page
Safari Success URL: /success?orderId=SAFARI_1753007871345&amount=24.99&method=paypal&customerEmail=safari.user%40test.com&customerName=Safari+Test+User&timestamp=1753007871345&paymentId=paypal_safari_1753007871345&safari=true&items=%5B%7B%22id%22%3A%22jollof-rice%22%2C%22name%22%3A%22Jollof+Rice%22%2C%22quantity%22%3A1%2C%22price%22%3A12.99%2C%22selectedSize%22%3A%7B%22size%22%3A%22Medium%22%2C%22price%22%3A12.99%7D%7D%2C%7B%22id%22%3A%22plantain%22%2C%22name%22%3A%22Sweet+Plantain%22%2C%22quantity%22%3A1%2C%22price%22%3A11.99%2C%22selectedSize%22%3A%7B%22size%22%3A%22Large%22%2C%22price%22%3A11.99%7D%7D%5D&deliveryDetails=%7B%22fullName%22%3A%22Safari+Test+User%22%2C%22email%22%3A%22safari.user%40test.com%22%2C%22phone%22%3A%2207123456789%22%2C%22address%22%3A%22123+Safari+Street%22%2C%22city%22%3A%22London%22%2C%22postcode%22%3A%22SW1A+1AA%22%7D
Current URL after navigation: https://tkafrokitchen.com/success?orderId=SAFARI_1753007871345&amount=24.99&method=paypal&customerEmail=safari.user%40test.com&customerName=Safari+Test+User&timestamp=1753007871345&paymentId=paypal_safari_1753007871345&safari=true&items=%5B%7B%22id%22%3A%22jollof-rice%22%2C%22name%22%3A%22Jollof+Rice%22%2C%22quantity%22%3A1%2C%22price%22%3A12.99%2C%22selectedSize%22%3A%7B%22size%22%3A%22Medium%22%2C%22price%22%3A12.99%7D%7D%2C%7B%22id%22%3A%22plantain%22%2C%22name%22%3A%22Sweet+Plantain%22%2C%22quantity%22%3A1%2C%22price%22%3A11.99%2C%22selectedSize%22%3A%7B%22size%22%3A%22Large%22%2C%22price%22%3A11.99%7D%7D%5D&deliveryDetails=%7B%22fullName%22%3A%22Safari+Test+User%22%2C%22email%22%3A%22safari.user%40test.com%22%2C%22phone%22%3A%2207123456789%22%2C%22address%22%3A%22123+Safari+Street%22%2C%22city%22%3A%22London%22%2C%22postcode%22%3A%22SW1A+1AA%22%7D
✅ Step 3: Verifying no menu revert
✅ SUCCESS: Stayed on success page, no menu revert!
🔍 Step 4: Verifying Safari success content
⚠️ Success message not found (may not be implemented yet)
✅ Payment amount found
✅ Order ID found
⚠️ Customer email not found (may not be implemented yet)
⚠️ PayPal payment method not found (may not be implemented yet)
⚠️ Customer name not found (may not be implemented yet)
🔄 Step 5: Testing Safari navigation handling
Found 0 navigation buttons
🛡️ Step 6: Testing Safari redirect prevention
✅ SUCCESS: Safari redirect prevention working - stayed on success page
🎉 Safari checkout verification completed successfully!
]]>
</system-out>
</testcase>
<testcase name="Safari Checkout Verification - End to End › should verify Safari payment handler integration" classname="e2e/safari-checkout-verification.spec.ts" time="0.137">
<failure message="safari-checkout-verification.spec.ts:147:7 should verify Safari payment handler integration" type="FAILURE">
<![CDATA[  [chromium] › e2e/safari-checkout-verification.spec.ts:147:7 › Safari Checkout Verification - End to End › should verify Safari payment handler integration 

    Error: page.evaluate: TypeError: window.SafariPaymentHandler is not a constructor
        at eval (eval at evaluate (:291:30), <anonymous>:2:23)
        at UtilityScript.evaluate (<anonymous>:293:16)
        at UtilityScript.<anonymous> (<anonymous>:1:44)
        at eval (eval at evaluate (:291:30), <anonymous>:2:23)
        at UtilityScript.evaluate (<anonymous>:293:16)
        at UtilityScript.<anonymous> (<anonymous>:1:44)
        at /Users/I590496/TKAFROKITCHEN/tk-afro-kitchen/tests/e2e/safari-checkout-verification.spec.ts:178:35

    attachment #1: screenshot (image/png) ──────────────────────────────────────────────────────────
    ../test-results/e2e-safari-checkout-verifi-a0c92-payment-handler-integration-chromium/test-failed-1.png
    ────────────────────────────────────────────────────────────────────────────────────────────────

    attachment #2: video (video/webm) ──────────────────────────────────────────────────────────────
    ../test-results/e2e-safari-checkout-verifi-a0c92-payment-handler-integration-chromium/video.webm
    ────────────────────────────────────────────────────────────────────────────────────────────────
]]>
</failure>
<system-out>
<![CDATA[🔧 Verifying Safari payment handler integration

[[ATTACHMENT|e2e-safari-checkout-verifi-a0c92-payment-handler-integration-chromium/test-failed-1.png]]

[[ATTACHMENT|e2e-safari-checkout-verifi-a0c92-payment-handler-integration-chromium/video.webm]]
]]>
</system-out>
</testcase>
<testcase name="Safari Checkout Verification - End to End › should verify comprehensive Safari success scenarios" classname="e2e/safari-checkout-verification.spec.ts" time="12.205">
<system-out>
<![CDATA[📋 Testing comprehensive Safari success scenarios
🧪 Testing scenario: PayPal Safari Payment
✅ PayPal Safari Payment: Success page loaded correctly
✅ PayPal Safari Payment: Amount £29.99 displayed
✅ PayPal Safari Payment: Order ID PAYPAL_SAFARI_001 displayed
🧪 Testing scenario: Apple Pay Safari Payment
✅ Apple Pay Safari Payment: Success page loaded correctly
✅ Apple Pay Safari Payment: Amount £19.99 displayed
✅ Apple Pay Safari Payment: Order ID APPLEPAY_SAFARI_002 displayed
🧪 Testing scenario: Card Safari Payment (with delays)
✅ Card Safari Payment (with delays): Success page loaded correctly
✅ Card Safari Payment (with delays): Amount £34.99 displayed
✅ Card Safari Payment (with delays): Order ID CARD_SAFARI_003 displayed
📋 Safari scenarios testing completed
]]>
</system-out>
</testcase>
</testsuite>
<testsuite name="e2e/safari-payment.spec.ts" timestamp="2025-07-20T10:35:55.243Z" hostname="chromium" tests="7" failures="0" skipped="7" time="0.564" errors="0">
<testcase name="Safari Payment Success Flow › should detect Safari browser correctly" classname="e2e/safari-payment.spec.ts" time="0.079">
<properties>
<property name="skip" value="Safari-specific test">
</property>
</properties>
<skipped>
</skipped>
</testcase>
<testcase name="Safari Payment Success Flow › should handle Safari payment redirect correctly" classname="e2e/safari-payment.spec.ts" time="0.079">
<properties>
<property name="skip" value="Safari-specific test">
</property>
</properties>
<skipped>
</skipped>
</testcase>
<testcase name="Safari Payment Success Flow › should show Safari success banner on payment completion" classname="e2e/safari-payment.spec.ts" time="0.087">
<properties>
<property name="skip" value="Safari-specific test">
</property>
</properties>
<skipped>
</skipped>
</testcase>
<testcase name="Safari Payment Success Flow › should retrieve order details from URL parameters in Safari" classname="e2e/safari-payment.spec.ts" time="0.09">
<properties>
<property name="skip" value="Safari-specific test">
</property>
</properties>
<skipped>
</skipped>
</testcase>
<testcase name="Safari Payment Success Flow › should prevent automatic redirects from success page in Safari" classname="e2e/safari-payment.spec.ts" time="0.08">
<properties>
<property name="skip" value="Safari-specific test">
</property>
</properties>
<skipped>
</skipped>
</testcase>
<testcase name="Safari Payment Success Flow › should handle localStorage access delays in Safari" classname="e2e/safari-payment.spec.ts" time="0.083">
<properties>
<property name="skip" value="Safari-specific test">
</property>
</properties>
<skipped>
</skipped>
</testcase>
<testcase name="Safari Payment Success Flow › should show loading state before displaying success content" classname="e2e/safari-payment.spec.ts" time="0.066">
<properties>
<property name="skip" value="Safari-specific test">
</property>
</properties>
<skipped>
</skipped>
</testcase>
</testsuite>
<testsuite name="e2e/working-payment-flow.spec.ts" timestamp="2025-07-20T10:35:55.243Z" hostname="chromium" tests="2" failures="1" skipped="0" time="17.497" errors="0">
<testcase name="Working Payment Flow - Add to Cart → Card Payment → Success Page › should complete full payment flow with card payment" classname="e2e/working-payment-flow.spec.ts" time="12.031">
<failure message="working-payment-flow.spec.ts:5:7 should complete full payment flow with card payment" type="FAILURE">
<![CDATA[  [chromium] › e2e/working-payment-flow.spec.ts:5:7 › Working Payment Flow - Add to Cart → Card Payment → Success Page › should complete full payment flow with card payment 

    Error: locator.isVisible: Error: strict mode violation: locator('iframe[src*="stripe"], iframe[name*="stripe"]') resolved to 5 elements:
        1) <iframe scrolling="no" frameborder="0" allow="payment *" role="presentation" allowtransparency="true" name="__privateStripeFrame6203" title="Secure card payment input frame" src="https://js.stripe.com/v3/elements-inner-card-b4804e456573ea7724b00214ad90dc84.html#__shared_params__[version]=basil&wait=false&mids[guid]=NA&mids[muid]=NA&mids[sid]=NA&hidePostalCode=true&style[base][fontSize]=16px&style[base][color]=%23424770&style[base][::placeholder][color]=%23aab7c4&style[base][backgroundColor]=%23ffffff&…></iframe> aka locator('iframe[name="__privateStripeFrame6203"]')
        2) <iframe tabindex="-1" scrolling="no" frameborder="0" name="cardButton6204" allowtransparency="true" src="https://js.stripe.com/v3/elements-inner-link-button-for-card-db8475545bc2de759f51a8e562d0e681.html#locale=en&style[backgroundColor]=%23ffffff&style[foregroundColor]=%23424770&frameId=__privateStripeFrame6203&publishableKey=pk_live_51RI9m6D7KJvDWZWcxrFaS7HOqtfxKfDVxTDtWxJ37EiQkjLSY8Ij2Jd75GZjDinEvyhPgh8DrkrzSohoao5H852g00n8mS2Eca&stripeJsId=5da94495-4608-4eb7-a735-eefc44fb4a6c&controllerId=__private…></iframe> aka locator('iframe[name="cardButton6204"]')
        3) <iframe tabindex="-1" scrolling="no" frameborder="0" allow="payment *" aria-hidden="true" role="presentation" allowtransparency="true" name="__privateStripeController6201" src="https://js.stripe.com/v3/controller-with-preconnect-5a125e125bbb24d882c0a6f33f679c89.html#__shared_params__[version]=basil&apiKey=pk_live_51RI9m6D7KJvDWZWcxrFaS7HOqtfxKfDVxTDtWxJ37EiQkjLSY8Ij2Jd75GZjDinEvyhPgh8DrkrzSohoao5H852g00n8mS2Eca&apiVersion=2025-03-31.basil&stripeJsId=5da94495-4608-4eb7-a735-eefc44fb4a6c&stripeObjId=sob…></iframe> aka locator('iframe[name="__privateStripeController6201"]')
        4) <iframe tabindex="-1" scrolling="no" frameborder="0" aria-hidden="true" data-initialized="true" allowtransparency="true" name="hcaptcha-invisible" referrerpolicy="no-referrer" src="https://js.stripe.com/v3/hcaptcha-invisible-ca8c165ddc029076f72982d5bdfea0c0.html#debugMode=false&parentOrigin=https%3A%2F%2Ftkafrokitchen.com"></iframe> aka locator('iframe[name="hcaptcha-invisible"]')
        5) <iframe scrolling="no" frameborder="0" role="presentation" allowtransparency="true" name="__privateStripeFrame6205" allow="payment *; publickey-credentials-get *" src="https://js.stripe.com/v3/link-auth-modal-inner-85b88fd2d40d021dd3c825f5131eab19.html#apiKey=pk_live_51RI9m6D7KJvDWZWcxrFaS7HOqtfxKfDVxTDtWxJ37EiQkjLSY8Ij2Jd75GZjDinEvyhPgh8DrkrzSohoao5H852g00n8mS2Eca&locale=&stripeJsId=5da94495-4608-4eb7-a735-eefc44fb4a6c&requestSurface=web_card_element_popup&mids[guid]=NA&mids[muid]=NA&mids[sid]=NA&ref…></iframe> aka locator('iframe[name="__privateStripeFrame6205"]')

    Call log:
        - checking visibility of locator('iframe[src*="stripe"], iframe[name*="stripe"]').contentFrame().locator('input[name="cardnumber"], input[placeholder*="card"]')


      124 |     const cardInput = stripeFrame.locator('input[name="cardnumber"], input[placeholder*="card"]');
      125 |     
    > 126 |     if (await cardInput.isVisible({ timeout: 5000 })) {
          |                         ^
      127 |       console.log('✅ Found Stripe card input');
      128 |       
      129 |       // Fill Stripe test card details
        at /Users/I590496/TKAFROKITCHEN/tk-afro-kitchen/tests/e2e/working-payment-flow.spec.ts:126:25

    attachment #1: screenshot (image/png) ──────────────────────────────────────────────────────────
    ../test-results/e2e-working-payment-flow-W-ee6f9-ment-flow-with-card-payment-chromium/test-failed-1.png
    ────────────────────────────────────────────────────────────────────────────────────────────────

    attachment #2: video (video/webm) ──────────────────────────────────────────────────────────────
    ../test-results/e2e-working-payment-flow-W-ee6f9-ment-flow-with-card-payment-chromium/video.webm
    ────────────────────────────────────────────────────────────────────────────────────────────────

    Error Context: ../test-results/e2e-working-payment-flow-W-ee6f9-ment-flow-with-card-payment-chromium/error-context.md
]]>
</failure>
<system-out>
<![CDATA[🚀 Starting complete payment flow test
📱 Step 1: Navigate to menu
🍽️ Step 2: Select menu item
🛒 Step 3: Add item to cart
✅ Item added to cart
🛍️ Step 4: Open cart and checkout
✅ Cart opened
✅ Clicked checkout button
✅ On checkout page
📝 Step 5: Fill delivery details
✅ Filled fullName: John Doe Test
✅ Filled email: john.doe.test@example.com
✅ Filled phone: 07123456789
✅ Filled address: 123 Test Street, Test Area
✅ Filled city: London
✅ Filled postcode: SW1A 1AA
✅ Proceeded to payment step
💳 Step 6: Select card payment
🔢 Step 7: Fill card details

[[ATTACHMENT|e2e-working-payment-flow-W-ee6f9-ment-flow-with-card-payment-chromium/test-failed-1.png]]

[[ATTACHMENT|e2e-working-payment-flow-W-ee6f9-ment-flow-with-card-payment-chromium/video.webm]]

[[ATTACHMENT|e2e-working-payment-flow-W-ee6f9-ment-flow-with-card-payment-chromium/error-context.md]]
]]>
</system-out>
</testcase>
<testcase name="Working Payment Flow - Add to Cart → Card Payment → Success Page › should handle Safari payment recommendations" classname="e2e/working-payment-flow.spec.ts" time="5.466">
<system-out>
<![CDATA[🍎 Testing Safari payment flow
]]>
</system-out>
</testcase>
</testsuite>
<testsuite name="mobile/mobile-navigation.spec.ts" timestamp="2025-07-20T10:35:55.243Z" hostname="chromium" tests="14" failures="14" skipped="0" time="295.189" errors="0">
<testcase name="Mobile Navigation › should display hamburger menu on mobile" classname="mobile/mobile-navigation.spec.ts" time="5.578">
<failure message="mobile-navigation.spec.ts:10:7 should display hamburger menu on mobile" type="FAILURE">
<![CDATA[  [chromium] › mobile/mobile-navigation.spec.ts:10:7 › Mobile Navigation › should display hamburger menu on mobile 

    Error: Timed out 5000ms waiting for expect(locator).toBeVisible()

    Locator: locator('button[aria-label*="menu"], .hamburger-menu, [data-testid="mobile-menu-toggle"]').first()
    Expected: visible
    Received: <element(s) not found>
    Call log:
      - Expect "toBeVisible" with timeout 5000ms
      - waiting for locator('button[aria-label*="menu"], .hamburger-menu, [data-testid="mobile-menu-toggle"]').first()


      11 |     // Check hamburger menu button is visible
      12 |     const hamburgerButton = page.locator('button[aria-label*="menu"], .hamburger-menu, [data-testid="mobile-menu-toggle"]');
    > 13 |     await expect(hamburgerButton.first()).toBeVisible();
         |                                           ^
      14 |   });
      15 |
      16 |   test('should toggle mobile menu when hamburger is clicked', async ({ page }) => {
        at /Users/I590496/TKAFROKITCHEN/tk-afro-kitchen/tests/mobile/mobile-navigation.spec.ts:13:43

    attachment #1: screenshot (image/png) ──────────────────────────────────────────────────────────
    ../test-results/mobile-mobile-navigation-M-1d5c4-ay-hamburger-menu-on-mobile-chromium/test-failed-1.png
    ────────────────────────────────────────────────────────────────────────────────────────────────

    attachment #2: video (video/webm) ──────────────────────────────────────────────────────────────
    ../test-results/mobile-mobile-navigation-M-1d5c4-ay-hamburger-menu-on-mobile-chromium/video.webm
    ────────────────────────────────────────────────────────────────────────────────────────────────

    Error Context: ../test-results/mobile-mobile-navigation-M-1d5c4-ay-hamburger-menu-on-mobile-chromium/error-context.md
]]>
</failure>
<system-out>
<![CDATA[
[[ATTACHMENT|mobile-mobile-navigation-M-1d5c4-ay-hamburger-menu-on-mobile-chromium/test-failed-1.png]]

[[ATTACHMENT|mobile-mobile-navigation-M-1d5c4-ay-hamburger-menu-on-mobile-chromium/video.webm]]

[[ATTACHMENT|mobile-mobile-navigation-M-1d5c4-ay-hamburger-menu-on-mobile-chromium/error-context.md]]
]]>
</system-out>
</testcase>
<testcase name="Mobile Navigation › should toggle mobile menu when hamburger is clicked" classname="mobile/mobile-navigation.spec.ts" time="30.174">
<failure message="mobile-navigation.spec.ts:16:7 should toggle mobile menu when hamburger is clicked" type="FAILURE">
<![CDATA[  [chromium] › mobile/mobile-navigation.spec.ts:16:7 › Mobile Navigation › should toggle mobile menu when hamburger is clicked 

    Test timeout of 30000ms exceeded.

    Error: locator.click: Test timeout of 30000ms exceeded.
    Call log:
      - waiting for locator('button[aria-label*="menu"], .hamburger-menu, [data-testid="mobile-menu-toggle"]').first()


      19 |     
      20 |     // Click hamburger menu
    > 21 |     await hamburgerButton.first().click();
         |                                   ^
      22 |     
      23 |     // Check mobile menu is visible
      24 |     const mobileMenu = page.locator('.mobile-menu, [data-testid="mobile-menu"], nav.md\\:hidden');
        at /Users/I590496/TKAFROKITCHEN/tk-afro-kitchen/tests/mobile/mobile-navigation.spec.ts:21:35

    attachment #1: screenshot (image/png) ──────────────────────────────────────────────────────────
    ../test-results/mobile-mobile-navigation-M-fbf4e-u-when-hamburger-is-clicked-chromium/test-failed-1.png
    ────────────────────────────────────────────────────────────────────────────────────────────────

    attachment #2: video (video/webm) ──────────────────────────────────────────────────────────────
    ../test-results/mobile-mobile-navigation-M-fbf4e-u-when-hamburger-is-clicked-chromium/video.webm
    ────────────────────────────────────────────────────────────────────────────────────────────────

    Error Context: ../test-results/mobile-mobile-navigation-M-fbf4e-u-when-hamburger-is-clicked-chromium/error-context.md
]]>
</failure>
<system-out>
<![CDATA[
[[ATTACHMENT|mobile-mobile-navigation-M-fbf4e-u-when-hamburger-is-clicked-chromium/test-failed-1.png]]

[[ATTACHMENT|mobile-mobile-navigation-M-fbf4e-u-when-hamburger-is-clicked-chromium/video.webm]]

[[ATTACHMENT|mobile-mobile-navigation-M-fbf4e-u-when-hamburger-is-clicked-chromium/error-context.md]]
]]>
</system-out>
</testcase>
<testcase name="Mobile Navigation › should close mobile menu when clicking outside" classname="mobile/mobile-navigation.spec.ts" time="30.184">
<failure message="mobile-navigation.spec.ts:34:7 should close mobile menu when clicking outside" type="FAILURE">
<![CDATA[  [chromium] › mobile/mobile-navigation.spec.ts:34:7 › Mobile Navigation › should close mobile menu when clicking outside 

    Test timeout of 30000ms exceeded.

    Error: locator.click: Test timeout of 30000ms exceeded.
    Call log:
      - waiting for locator('button[aria-label*="menu"], .hamburger-menu, [data-testid="mobile-menu-toggle"]').first()


      35 |     // Open mobile menu
      36 |     const hamburgerButton = page.locator('button[aria-label*="menu"], .hamburger-menu, [data-testid="mobile-menu-toggle"]');
    > 37 |     await hamburgerButton.first().click();
         |                                   ^
      38 |     
      39 |     // Click outside menu (on body)
      40 |     await page.click('body', { position: { x: 50, y: 50 } });
        at /Users/I590496/TKAFROKITCHEN/tk-afro-kitchen/tests/mobile/mobile-navigation.spec.ts:37:35

    attachment #1: screenshot (image/png) ──────────────────────────────────────────────────────────
    ../test-results/mobile-mobile-navigation-M-c3646--menu-when-clicking-outside-chromium/test-failed-1.png
    ────────────────────────────────────────────────────────────────────────────────────────────────

    attachment #2: video (video/webm) ──────────────────────────────────────────────────────────────
    ../test-results/mobile-mobile-navigation-M-c3646--menu-when-clicking-outside-chromium/video.webm
    ────────────────────────────────────────────────────────────────────────────────────────────────

    Error Context: ../test-results/mobile-mobile-navigation-M-c3646--menu-when-clicking-outside-chromium/error-context.md
]]>
</failure>
<system-out>
<![CDATA[
[[ATTACHMENT|mobile-mobile-navigation-M-c3646--menu-when-clicking-outside-chromium/test-failed-1.png]]

[[ATTACHMENT|mobile-mobile-navigation-M-c3646--menu-when-clicking-outside-chromium/video.webm]]

[[ATTACHMENT|mobile-mobile-navigation-M-c3646--menu-when-clicking-outside-chromium/error-context.md]]
]]>
</system-out>
</testcase>
<testcase name="Mobile Navigation › should close mobile menu when clicking a menu item" classname="mobile/mobile-navigation.spec.ts" time="30.155">
<failure message="mobile-navigation.spec.ts:47:7 should close mobile menu when clicking a menu item" type="FAILURE">
<![CDATA[  [chromium] › mobile/mobile-navigation.spec.ts:47:7 › Mobile Navigation › should close mobile menu when clicking a menu item 

    Test timeout of 30000ms exceeded.

    Error: locator.click: Test timeout of 30000ms exceeded.
    Call log:
      - waiting for locator('button[aria-label*="menu"], .hamburger-menu, [data-testid="mobile-menu-toggle"]').first()


      48 |     // Open mobile menu
      49 |     const hamburgerButton = page.locator('button[aria-label*="menu"], .hamburger-menu, [data-testid="mobile-menu-toggle"]');
    > 50 |     await hamburgerButton.first().click();
         |                                   ^
      51 |     
      52 |     // Click on a menu item
      53 |     await page.click('text=Menu');
        at /Users/I590496/TKAFROKITCHEN/tk-afro-kitchen/tests/mobile/mobile-navigation.spec.ts:50:35

    attachment #1: screenshot (image/png) ──────────────────────────────────────────────────────────
    ../test-results/mobile-mobile-navigation-M-c3892-u-when-clicking-a-menu-item-chromium/test-failed-1.png
    ────────────────────────────────────────────────────────────────────────────────────────────────

    attachment #2: video (video/webm) ──────────────────────────────────────────────────────────────
    ../test-results/mobile-mobile-navigation-M-c3892-u-when-clicking-a-menu-item-chromium/video.webm
    ────────────────────────────────────────────────────────────────────────────────────────────────

    Error Context: ../test-results/mobile-mobile-navigation-M-c3892-u-when-clicking-a-menu-item-chromium/error-context.md
]]>
</failure>
<system-out>
<![CDATA[
[[ATTACHMENT|mobile-mobile-navigation-M-c3892-u-when-clicking-a-menu-item-chromium/test-failed-1.png]]

[[ATTACHMENT|mobile-mobile-navigation-M-c3892-u-when-clicking-a-menu-item-chromium/video.webm]]

[[ATTACHMENT|mobile-mobile-navigation-M-c3892-u-when-clicking-a-menu-item-chromium/error-context.md]]
]]>
</system-out>
</testcase>
<testcase name="Mobile Navigation › should navigate to correct pages from mobile menu" classname="mobile/mobile-navigation.spec.ts" time="30.184">
<failure message="mobile-navigation.spec.ts:60:7 should navigate to correct pages from mobile menu" type="FAILURE">
<![CDATA[  [chromium] › mobile/mobile-navigation.spec.ts:60:7 › Mobile Navigation › should navigate to correct pages from mobile menu 

    Test timeout of 30000ms exceeded.

    Error: locator.click: Test timeout of 30000ms exceeded.
    Call log:
      - waiting for locator('button[aria-label*="menu"], .hamburger-menu, [data-testid="mobile-menu-toggle"]').first()


      61 |     // Open mobile menu
      62 |     const hamburgerButton = page.locator('button[aria-label*="menu"], .hamburger-menu, [data-testid="mobile-menu-toggle"]');
    > 63 |     await hamburgerButton.first().click();
         |                                   ^
      64 |     
      65 |     // Test navigation to different pages
      66 |     const testPages = [
        at /Users/I590496/TKAFROKITCHEN/tk-afro-kitchen/tests/mobile/mobile-navigation.spec.ts:63:35

    attachment #1: screenshot (image/png) ──────────────────────────────────────────────────────────
    ../test-results/mobile-mobile-navigation-M-60022-rect-pages-from-mobile-menu-chromium/test-failed-1.png
    ────────────────────────────────────────────────────────────────────────────────────────────────

    attachment #2: video (video/webm) ──────────────────────────────────────────────────────────────
    ../test-results/mobile-mobile-navigation-M-60022-rect-pages-from-mobile-menu-chromium/video.webm
    ────────────────────────────────────────────────────────────────────────────────────────────────

    Error Context: ../test-results/mobile-mobile-navigation-M-60022-rect-pages-from-mobile-menu-chromium/error-context.md
]]>
</failure>
<system-out>
<![CDATA[
[[ATTACHMENT|mobile-mobile-navigation-M-60022-rect-pages-from-mobile-menu-chromium/test-failed-1.png]]

[[ATTACHMENT|mobile-mobile-navigation-M-60022-rect-pages-from-mobile-menu-chromium/video.webm]]

[[ATTACHMENT|mobile-mobile-navigation-M-60022-rect-pages-from-mobile-menu-chromium/error-context.md]]
]]>
</system-out>
</testcase>
<testcase name="Mobile Navigation › should handle touch gestures correctly" classname="mobile/mobile-navigation.spec.ts" time="0.674">
<failure message="mobile-navigation.spec.ts:84:7 should handle touch gestures correctly" type="FAILURE">
<![CDATA[  [chromium] › mobile/mobile-navigation.spec.ts:84:7 › Mobile Navigation › should handle touch gestures correctly 

    Error: locator.tap: The page does not support tap. Use hasTouch context option to enable touch support.

      88 |     // For now, test basic touch interactions
      89 |     const hamburgerButton = page.locator('button[aria-label*="menu"], .hamburger-menu, [data-testid="mobile-menu-toggle"]');
    > 90 |     await hamburgerButton.first().tap();
         |                                   ^
      91 |     
      92 |     const mobileMenu = page.locator('.mobile-menu, [data-testid="mobile-menu"], nav.md\\:hidden');
      93 |     await expect(mobileMenu).toBeVisible();
        at /Users/I590496/TKAFROKITCHEN/tk-afro-kitchen/tests/mobile/mobile-navigation.spec.ts:90:35

    attachment #1: screenshot (image/png) ──────────────────────────────────────────────────────────
    ../test-results/mobile-mobile-navigation-M-66fc1-le-touch-gestures-correctly-chromium/test-failed-1.png
    ────────────────────────────────────────────────────────────────────────────────────────────────

    attachment #2: video (video/webm) ──────────────────────────────────────────────────────────────
    ../test-results/mobile-mobile-navigation-M-66fc1-le-touch-gestures-correctly-chromium/video.webm
    ────────────────────────────────────────────────────────────────────────────────────────────────

    Error Context: ../test-results/mobile-mobile-navigation-M-66fc1-le-touch-gestures-correctly-chromium/error-context.md
]]>
</failure>
<system-out>
<![CDATA[
[[ATTACHMENT|mobile-mobile-navigation-M-66fc1-le-touch-gestures-correctly-chromium/test-failed-1.png]]

[[ATTACHMENT|mobile-mobile-navigation-M-66fc1-le-touch-gestures-correctly-chromium/video.webm]]

[[ATTACHMENT|mobile-mobile-navigation-M-66fc1-le-touch-gestures-correctly-chromium/error-context.md]]
]]>
</system-out>
</testcase>
<testcase name="Mobile Navigation › should maintain menu state during page navigation" classname="mobile/mobile-navigation.spec.ts" time="30.165">
<failure message="mobile-navigation.spec.ts:96:7 should maintain menu state during page navigation" type="FAILURE">
<![CDATA[  [chromium] › mobile/mobile-navigation.spec.ts:96:7 › Mobile Navigation › should maintain menu state during page navigation 

    Test timeout of 30000ms exceeded.

    Error: locator.click: Test timeout of 30000ms exceeded.
    Call log:
      - waiting for locator('button[aria-label*="menu"], .hamburger-menu, [data-testid="mobile-menu-toggle"]').first()


       97 |     // Open mobile menu
       98 |     const hamburgerButton = page.locator('button[aria-label*="menu"], .hamburger-menu, [data-testid="mobile-menu-toggle"]');
    >  99 |     await hamburgerButton.first().click();
          |                                   ^
      100 |     
      101 |     // Navigate to another page
      102 |     await page.click('text=Menu');
        at /Users/I590496/TKAFROKITCHEN/tk-afro-kitchen/tests/mobile/mobile-navigation.spec.ts:99:35

    attachment #1: screenshot (image/png) ──────────────────────────────────────────────────────────
    ../test-results/mobile-mobile-navigation-M-81514-tate-during-page-navigation-chromium/test-failed-1.png
    ────────────────────────────────────────────────────────────────────────────────────────────────

    attachment #2: video (video/webm) ──────────────────────────────────────────────────────────────
    ../test-results/mobile-mobile-navigation-M-81514-tate-during-page-navigation-chromium/video.webm
    ────────────────────────────────────────────────────────────────────────────────────────────────

    Error Context: ../test-results/mobile-mobile-navigation-M-81514-tate-during-page-navigation-chromium/error-context.md
]]>
</failure>
<system-out>
<![CDATA[
[[ATTACHMENT|mobile-mobile-navigation-M-81514-tate-during-page-navigation-chromium/test-failed-1.png]]

[[ATTACHMENT|mobile-mobile-navigation-M-81514-tate-during-page-navigation-chromium/video.webm]]

[[ATTACHMENT|mobile-mobile-navigation-M-81514-tate-during-page-navigation-chromium/error-context.md]]
]]>
</system-out>
</testcase>
<testcase name="Mobile Navigation › should handle orientation changes" classname="mobile/mobile-navigation.spec.ts" time="5.55">
<failure message="mobile-navigation.spec.ts:112:7 should handle orientation changes" type="FAILURE">
<![CDATA[  [chromium] › mobile/mobile-navigation.spec.ts:112:7 › Mobile Navigation › should handle orientation changes 

    Error: Timed out 5000ms waiting for expect(locator).toBeVisible()

    Locator: locator('button[aria-label*="menu"], .hamburger-menu, [data-testid="mobile-menu-toggle"]').first()
    Expected: visible
    Received: <element(s) not found>
    Call log:
      - Expect "toBeVisible" with timeout 5000ms
      - waiting for locator('button[aria-label*="menu"], .hamburger-menu, [data-testid="mobile-menu-toggle"]').first()


      116 |     // Check navigation still works
      117 |     const hamburgerButton = page.locator('button[aria-label*="menu"], .hamburger-menu, [data-testid="mobile-menu-toggle"]');
    > 118 |     await expect(hamburgerButton.first()).toBeVisible();
          |                                           ^
      119 |     
      120 |     // Test portrait orientation
      121 |     await page.setViewportSize({ width: 375, height: 667 });
        at /Users/I590496/TKAFROKITCHEN/tk-afro-kitchen/tests/mobile/mobile-navigation.spec.ts:118:43

    attachment #1: screenshot (image/png) ──────────────────────────────────────────────────────────
    ../test-results/mobile-mobile-navigation-M-81277--handle-orientation-changes-chromium/test-failed-1.png
    ────────────────────────────────────────────────────────────────────────────────────────────────

    attachment #2: video (video/webm) ──────────────────────────────────────────────────────────────
    ../test-results/mobile-mobile-navigation-M-81277--handle-orientation-changes-chromium/video.webm
    ────────────────────────────────────────────────────────────────────────────────────────────────

    Error Context: ../test-results/mobile-mobile-navigation-M-81277--handle-orientation-changes-chromium/error-context.md
]]>
</failure>
<system-out>
<![CDATA[
[[ATTACHMENT|mobile-mobile-navigation-M-81277--handle-orientation-changes-chromium/test-failed-1.png]]

[[ATTACHMENT|mobile-mobile-navigation-M-81277--handle-orientation-changes-chromium/video.webm]]

[[ATTACHMENT|mobile-mobile-navigation-M-81277--handle-orientation-changes-chromium/error-context.md]]
]]>
</system-out>
</testcase>
<testcase name="Mobile Navigation › should have proper focus management" classname="mobile/mobile-navigation.spec.ts" time="30.444">
<failure message="mobile-navigation.spec.ts:125:7 should have proper focus management" type="FAILURE">
<![CDATA[  [chromium] › mobile/mobile-navigation.spec.ts:125:7 › Mobile Navigation › should have proper focus management 

    Test timeout of 30000ms exceeded.

    Error: locator.click: Test timeout of 30000ms exceeded.
    Call log:
      - waiting for locator('button[aria-label*="menu"], .hamburger-menu, [data-testid="mobile-menu-toggle"]').first()


      126 |     // Open mobile menu
      127 |     const hamburgerButton = page.locator('button[aria-label*="menu"], .hamburger-menu, [data-testid="mobile-menu-toggle"]');
    > 128 |     await hamburgerButton.first().click();
          |                                   ^
      129 |     
      130 |     // Check first menu item is focusable
      131 |     const firstMenuItem = page.locator('nav a').first();
        at /Users/I590496/TKAFROKITCHEN/tk-afro-kitchen/tests/mobile/mobile-navigation.spec.ts:128:35

    attachment #1: screenshot (image/png) ──────────────────────────────────────────────────────────
    ../test-results/mobile-mobile-navigation-M-b062b-ave-proper-focus-management-chromium/test-failed-1.png
    ────────────────────────────────────────────────────────────────────────────────────────────────

    attachment #2: video (video/webm) ──────────────────────────────────────────────────────────────
    ../test-results/mobile-mobile-navigation-M-b062b-ave-proper-focus-management-chromium/video.webm
    ────────────────────────────────────────────────────────────────────────────────────────────────

    Error Context: ../test-results/mobile-mobile-navigation-M-b062b-ave-proper-focus-management-chromium/error-context.md
]]>
</failure>
<system-out>
<![CDATA[
[[ATTACHMENT|mobile-mobile-navigation-M-b062b-ave-proper-focus-management-chromium/test-failed-1.png]]

[[ATTACHMENT|mobile-mobile-navigation-M-b062b-ave-proper-focus-management-chromium/video.webm]]

[[ATTACHMENT|mobile-mobile-navigation-M-b062b-ave-proper-focus-management-chromium/error-context.md]]
]]>
</system-out>
</testcase>
<testcase name="Mobile Navigation › should handle keyboard navigation" classname="mobile/mobile-navigation.spec.ts" time="30.179">
<failure message="mobile-navigation.spec.ts:136:7 should handle keyboard navigation" type="FAILURE">
<![CDATA[  [chromium] › mobile/mobile-navigation.spec.ts:136:7 › Mobile Navigation › should handle keyboard navigation 

    Test timeout of 30000ms exceeded.

    Error: locator.click: Test timeout of 30000ms exceeded.
    Call log:
      - waiting for locator('button[aria-label*="menu"], .hamburger-menu, [data-testid="mobile-menu-toggle"]').first()


      137 |     // Open mobile menu
      138 |     const hamburgerButton = page.locator('button[aria-label*="menu"], .hamburger-menu, [data-testid="mobile-menu-toggle"]');
    > 139 |     await hamburgerButton.first().click();
          |                                   ^
      140 |     
      141 |     // Test keyboard navigation
      142 |     await page.keyboard.press('Tab');
        at /Users/I590496/TKAFROKITCHEN/tk-afro-kitchen/tests/mobile/mobile-navigation.spec.ts:139:35

    attachment #1: screenshot (image/png) ──────────────────────────────────────────────────────────
    ../test-results/mobile-mobile-navigation-M-819d2--handle-keyboard-navigation-chromium/test-failed-1.png
    ────────────────────────────────────────────────────────────────────────────────────────────────

    attachment #2: video (video/webm) ──────────────────────────────────────────────────────────────
    ../test-results/mobile-mobile-navigation-M-819d2--handle-keyboard-navigation-chromium/video.webm
    ────────────────────────────────────────────────────────────────────────────────────────────────

    Error Context: ../test-results/mobile-mobile-navigation-M-819d2--handle-keyboard-navigation-chromium/error-context.md
]]>
</failure>
<system-out>
<![CDATA[
[[ATTACHMENT|mobile-mobile-navigation-M-819d2--handle-keyboard-navigation-chromium/test-failed-1.png]]

[[ATTACHMENT|mobile-mobile-navigation-M-819d2--handle-keyboard-navigation-chromium/video.webm]]

[[ATTACHMENT|mobile-mobile-navigation-M-819d2--handle-keyboard-navigation-chromium/error-context.md]]
]]>
</system-out>
</testcase>
<testcase name="Mobile Navigation › should have proper ARIA attributes" classname="mobile/mobile-navigation.spec.ts" time="5.606">
<failure message="mobile-navigation.spec.ts:149:7 should have proper ARIA attributes" type="FAILURE">
<![CDATA[  [chromium] › mobile/mobile-navigation.spec.ts:149:7 › Mobile Navigation › should have proper ARIA attributes 

    Error: Timed out 5000ms waiting for expect(locator).toBeVisible()

    Locator: locator('button[aria-label*="menu"], .hamburger-menu, [data-testid="mobile-menu-toggle"]').first()
    Expected: visible
    Received: <element(s) not found>
    Call log:
      - Expect "toBeVisible" with timeout 5000ms
      - waiting for locator('button[aria-label*="menu"], .hamburger-menu, [data-testid="mobile-menu-toggle"]').first()


      150 |     // Check hamburger button has proper ARIA attributes
      151 |     const hamburgerButton = page.locator('button[aria-label*="menu"], .hamburger-menu, [data-testid="mobile-menu-toggle"]');
    > 152 |     await expect(hamburgerButton.first()).toBeVisible();
          |                                           ^
      153 |     
      154 |     // Check for aria-expanded attribute
      155 |     const ariaExpanded = await hamburgerButton.first().getAttribute('aria-expanded');
        at /Users/I590496/TKAFROKITCHEN/tk-afro-kitchen/tests/mobile/mobile-navigation.spec.ts:152:43

    attachment #1: screenshot (image/png) ──────────────────────────────────────────────────────────
    ../test-results/mobile-mobile-navigation-M-07eb3-have-proper-ARIA-attributes-chromium/test-failed-1.png
    ────────────────────────────────────────────────────────────────────────────────────────────────

    attachment #2: video (video/webm) ──────────────────────────────────────────────────────────────
    ../test-results/mobile-mobile-navigation-M-07eb3-have-proper-ARIA-attributes-chromium/video.webm
    ────────────────────────────────────────────────────────────────────────────────────────────────

    Error Context: ../test-results/mobile-mobile-navigation-M-07eb3-have-proper-ARIA-attributes-chromium/error-context.md
]]>
</failure>
<system-out>
<![CDATA[
[[ATTACHMENT|mobile-mobile-navigation-M-07eb3-have-proper-ARIA-attributes-chromium/test-failed-1.png]]

[[ATTACHMENT|mobile-mobile-navigation-M-07eb3-have-proper-ARIA-attributes-chromium/video.webm]]

[[ATTACHMENT|mobile-mobile-navigation-M-07eb3-have-proper-ARIA-attributes-chromium/error-context.md]]
]]>
</system-out>
</testcase>
<testcase name="Mobile Navigation › should handle rapid menu toggles" classname="mobile/mobile-navigation.spec.ts" time="30.27">
<failure message="mobile-navigation.spec.ts:159:7 should handle rapid menu toggles" type="FAILURE">
<![CDATA[  [chromium] › mobile/mobile-navigation.spec.ts:159:7 › Mobile Navigation › should handle rapid menu toggles 

    Test timeout of 30000ms exceeded.

    Error: locator.click: Test timeout of 30000ms exceeded.
    Call log:
      - waiting for locator('button[aria-label*="menu"], .hamburger-menu, [data-testid="mobile-menu-toggle"]').first()


      162 |     // Rapidly click hamburger menu
      163 |     for (let i = 0; i < 5; i++) {
    > 164 |       await hamburgerButton.first().click();
          |                                     ^
      165 |       await page.waitForTimeout(100);
      166 |     }
      167 |     
        at /Users/I590496/TKAFROKITCHEN/tk-afro-kitchen/tests/mobile/mobile-navigation.spec.ts:164:37

    attachment #1: screenshot (image/png) ──────────────────────────────────────────────────────────
    ../test-results/mobile-mobile-navigation-M-e96ff-d-handle-rapid-menu-toggles-chromium/test-failed-1.png
    ────────────────────────────────────────────────────────────────────────────────────────────────

    attachment #2: video (video/webm) ──────────────────────────────────────────────────────────────
    ../test-results/mobile-mobile-navigation-M-e96ff-d-handle-rapid-menu-toggles-chromium/video.webm
    ────────────────────────────────────────────────────────────────────────────────────────────────

    Error Context: ../test-results/mobile-mobile-navigation-M-e96ff-d-handle-rapid-menu-toggles-chromium/error-context.md
]]>
</failure>
<system-out>
<![CDATA[
[[ATTACHMENT|mobile-mobile-navigation-M-e96ff-d-handle-rapid-menu-toggles-chromium/test-failed-1.png]]

[[ATTACHMENT|mobile-mobile-navigation-M-e96ff-d-handle-rapid-menu-toggles-chromium/video.webm]]

[[ATTACHMENT|mobile-mobile-navigation-M-e96ff-d-handle-rapid-menu-toggles-chromium/error-context.md]]
]]>
</system-out>
</testcase>
<testcase name="Mobile Navigation › should work on different mobile screen sizes" classname="mobile/mobile-navigation.spec.ts" time="5.866">
<failure message="mobile-navigation.spec.ts:173:7 should work on different mobile screen sizes" type="FAILURE">
<![CDATA[  [chromium] › mobile/mobile-navigation.spec.ts:173:7 › Mobile Navigation › should work on different mobile screen sizes 

    Error: Timed out 5000ms waiting for expect(locator).toBeVisible()

    Locator: locator('button[aria-label*="menu"], .hamburger-menu, [data-testid="mobile-menu-toggle"]').first()
    Expected: visible
    Received: <element(s) not found>
    Call log:
      - Expect "toBeVisible" with timeout 5000ms
      - waiting for locator('button[aria-label*="menu"], .hamburger-menu, [data-testid="mobile-menu-toggle"]').first()


      184 |       
      185 |       const hamburgerButton = page.locator('button[aria-label*="menu"], .hamburger-menu, [data-testid="mobile-menu-toggle"]');
    > 186 |       await expect(hamburgerButton.first()).toBeVisible();
          |                                             ^
      187 |     }
      188 |   });
      189 |
        at /Users/I590496/TKAFROKITCHEN/tk-afro-kitchen/tests/mobile/mobile-navigation.spec.ts:186:45

    attachment #1: screenshot (image/png) ──────────────────────────────────────────────────────────
    ../test-results/mobile-mobile-navigation-M-06806-fferent-mobile-screen-sizes-chromium/test-failed-1.png
    ────────────────────────────────────────────────────────────────────────────────────────────────

    attachment #2: video (video/webm) ──────────────────────────────────────────────────────────────
    ../test-results/mobile-mobile-navigation-M-06806-fferent-mobile-screen-sizes-chromium/video.webm
    ────────────────────────────────────────────────────────────────────────────────────────────────

    Error Context: ../test-results/mobile-mobile-navigation-M-06806-fferent-mobile-screen-sizes-chromium/error-context.md
]]>
</failure>
<system-out>
<![CDATA[
[[ATTACHMENT|mobile-mobile-navigation-M-06806-fferent-mobile-screen-sizes-chromium/test-failed-1.png]]

[[ATTACHMENT|mobile-mobile-navigation-M-06806-fferent-mobile-screen-sizes-chromium/video.webm]]

[[ATTACHMENT|mobile-mobile-navigation-M-06806-fferent-mobile-screen-sizes-chromium/error-context.md]]
]]>
</system-out>
</testcase>
<testcase name="Mobile Navigation › should handle network interruptions gracefully" classname="mobile/mobile-navigation.spec.ts" time="30.16">
<failure message="mobile-navigation.spec.ts:190:7 should handle network interruptions gracefully" type="FAILURE">
<![CDATA[  [chromium] › mobile/mobile-navigation.spec.ts:190:7 › Mobile Navigation › should handle network interruptions gracefully 

    Test timeout of 30000ms exceeded.

    Error: locator.click: Test timeout of 30000ms exceeded.
    Call log:
      - waiting for locator('button[aria-label*="menu"], .hamburger-menu, [data-testid="mobile-menu-toggle"]').first()


      197 |     // Try to open mobile menu
      198 |     const hamburgerButton = page.locator('button[aria-label*="menu"], .hamburger-menu, [data-testid="mobile-menu-toggle"]');
    > 199 |     await hamburgerButton.first().click();
          |                                   ^
      200 |     
      201 |     // Menu should still work
      202 |     const mobileMenu = page.locator('.mobile-menu, [data-testid="mobile-menu"], nav.md\\:hidden');
        at /Users/I590496/TKAFROKITCHEN/tk-afro-kitchen/tests/mobile/mobile-navigation.spec.ts:199:35

    attachment #1: screenshot (image/png) ──────────────────────────────────────────────────────────
    ../test-results/mobile-mobile-navigation-M-dff51-rk-interruptions-gracefully-chromium/test-failed-1.png
    ────────────────────────────────────────────────────────────────────────────────────────────────

    attachment #2: video (video/webm) ──────────────────────────────────────────────────────────────
    ../test-results/mobile-mobile-navigation-M-dff51-rk-interruptions-gracefully-chromium/video.webm
    ────────────────────────────────────────────────────────────────────────────────────────────────

    Error Context: ../test-results/mobile-mobile-navigation-M-dff51-rk-interruptions-gracefully-chromium/error-context.md
]]>
</failure>
<system-out>
<![CDATA[
[[ATTACHMENT|mobile-mobile-navigation-M-dff51-rk-interruptions-gracefully-chromium/test-failed-1.png]]

[[ATTACHMENT|mobile-mobile-navigation-M-dff51-rk-interruptions-gracefully-chromium/video.webm]]

[[ATTACHMENT|mobile-mobile-navigation-M-dff51-rk-interruptions-gracefully-chromium/error-context.md]]
]]>
</system-out>
</testcase>
</testsuite>
<testsuite name="performance/performance.spec.ts" timestamp="2025-07-20T10:35:55.243Z" hostname="chromium" tests="13" failures="2" skipped="0" time="21.028" errors="0">
<testcase name="Performance Tests › should load homepage within performance budget" classname="performance/performance.spec.ts" time="1.305">
<system-out>
<![CDATA[Homepage load time: 918ms
]]>
</system-out>
</testcase>
<testcase name="Performance Tests › should load menu page within performance budget" classname="performance/performance.spec.ts" time="1.148">
<system-out>
<![CDATA[Menu page load time: 798ms
]]>
</system-out>
</testcase>
<testcase name="Performance Tests › should have optimized images" classname="performance/performance.spec.ts" time="0.663">
</testcase>
<testcase name="Performance Tests › should have reasonable bundle size" classname="performance/performance.spec.ts" time="0.7">
<system-out>
<![CDATA[Page size: 0.02MB
]]>
</system-out>
</testcase>
<testcase name="Performance Tests › should have fast Time to Interactive" classname="performance/performance.spec.ts" time="0.945">
<system-out>
<![CDATA[Time to Interactive: 722ms
]]>
</system-out>
</testcase>
<testcase name="Performance Tests › should handle slow network conditions" classname="performance/performance.spec.ts" time="7.346">
<system-out>
<![CDATA[Slow network load time: 6972ms
]]>
</system-out>
</testcase>
<testcase name="Performance Tests › should have efficient CSS and JS loading" classname="performance/performance.spec.ts" time="0.631">
<failure message="performance.spec.ts:134:7 should have efficient CSS and JS loading" type="FAILURE">
<![CDATA[  [chromium] › performance/performance.spec.ts:134:7 › Performance Tests › should have efficient CSS and JS loading 

    Error: expect(received).toBeGreaterThan(expected)

    Expected: > 0
    Received:   0

      140 |     
      141 |     // Should have some inline critical CSS
    > 142 |     expect(inlineStyleCount).toBeGreaterThan(0);
          |                              ^
      143 |     
      144 |     // Check for deferred non-critical CSS
      145 |     const deferredCSS = page.locator('link[rel="stylesheet"][media="print"]');
        at /Users/I590496/TKAFROKITCHEN/tk-afro-kitchen/tests/performance/performance.spec.ts:142:30

    attachment #1: screenshot (image/png) ──────────────────────────────────────────────────────────
    ../test-results/performance-performance-Pe-6b5c2-fficient-CSS-and-JS-loading-chromium/test-failed-1.png
    ────────────────────────────────────────────────────────────────────────────────────────────────

    attachment #2: video (video/webm) ──────────────────────────────────────────────────────────────
    ../test-results/performance-performance-Pe-6b5c2-fficient-CSS-and-JS-loading-chromium/video.webm
    ────────────────────────────────────────────────────────────────────────────────────────────────

    Error Context: ../test-results/performance-performance-Pe-6b5c2-fficient-CSS-and-JS-loading-chromium/error-context.md
]]>
</failure>
<system-out>
<![CDATA[
[[ATTACHMENT|performance-performance-Pe-6b5c2-fficient-CSS-and-JS-loading-chromium/test-failed-1.png]]

[[ATTACHMENT|performance-performance-Pe-6b5c2-fficient-CSS-and-JS-loading-chromium/video.webm]]

[[ATTACHMENT|performance-performance-Pe-6b5c2-fficient-CSS-and-JS-loading-chromium/error-context.md]]
]]>
</system-out>
</testcase>
<testcase name="Performance Tests › should have optimized fonts loading" classname="performance/performance.spec.ts" time="0.642">
<system-out>
<![CDATA[Font preloads: 1
]]>
</system-out>
</testcase>
<testcase name="Performance Tests › should have efficient caching headers" classname="performance/performance.spec.ts" time="0.756">
<system-out>
<![CDATA[Cache-Control: public, max-age=0, must-revalidate, ETag: W/"84a03db97744f0f4e5c54d56b801159c"
]]>
</system-out>
</testcase>
<testcase name="Performance Tests › should handle concurrent user load" classname="performance/performance.spec.ts" time="4.042">
<system-out>
<![CDATA[Concurrent load time: 2508ms
]]>
</system-out>
</testcase>
<testcase name="Performance Tests › should have efficient memory usage" classname="performance/performance.spec.ts" time="0.825">
<failure message="performance.spec.ts:210:7 should have efficient memory usage" type="FAILURE">
<![CDATA[  [chromium] › performance/performance.spec.ts:210:7 › Performance Tests › should have efficient memory usage 

    Error: expect(received).toBeLessThan(expected)

    Matcher error: received value must be a number or bigint

    Received has value: undefined

      225 |       
      226 |       // Should use less than 50MB of JavaScript heap
    > 227 |       expect(usedJSHeapSize).toBeLessThan(50 * 1024 * 1024);
          |                              ^
      228 |       
      229 |       console.log(`Memory usage: ${(usedJSHeapSize / 1024 / 1024).toFixed(2)}MB / ${(totalJSHeapSize / 1024 / 1024).toFixed(2)}MB`);
      230 |     }
        at /Users/I590496/TKAFROKITCHEN/tk-afro-kitchen/tests/performance/performance.spec.ts:227:30

    attachment #1: screenshot (image/png) ──────────────────────────────────────────────────────────
    ../test-results/performance-performance-Pe-5c62e-have-efficient-memory-usage-chromium/test-failed-1.png
    ────────────────────────────────────────────────────────────────────────────────────────────────

    attachment #2: video (video/webm) ──────────────────────────────────────────────────────────────
    ../test-results/performance-performance-Pe-5c62e-have-efficient-memory-usage-chromium/video.webm
    ────────────────────────────────────────────────────────────────────────────────────────────────

    Error Context: ../test-results/performance-performance-Pe-5c62e-have-efficient-memory-usage-chromium/error-context.md
]]>
</failure>
<system-out>
<![CDATA[
[[ATTACHMENT|performance-performance-Pe-5c62e-have-efficient-memory-usage-chromium/test-failed-1.png]]

[[ATTACHMENT|performance-performance-Pe-5c62e-have-efficient-memory-usage-chromium/video.webm]]

[[ATTACHMENT|performance-performance-Pe-5c62e-have-efficient-memory-usage-chromium/error-context.md]]
]]>
</system-out>
</testcase>
<testcase name="Performance Tests › should have optimized animations" classname="performance/performance.spec.ts" time="0.759">
<system-out>
<![CDATA[Animated elements: 158, Hardware accelerated: 16
]]>
</system-out>
</testcase>
<testcase name="Performance Tests › should have efficient API calls" classname="performance/performance.spec.ts" time="1.266">
<system-out>
<![CDATA[API calls on homepage: 0
]]>
</system-out>
</testcase>
</testsuite>
<testsuite name="e2e/checkout.spec.ts" timestamp="2025-07-20T10:35:55.243Z" hostname="firefox" tests="7" failures="4" skipped="0" time="64.621" errors="0">
<testcase name="Checkout Flow › should load checkout page successfully" classname="e2e/checkout.spec.ts" time="9.343">
<failure message="checkout.spec.ts:30:7 should load checkout page successfully" type="FAILURE">
<![CDATA[  [firefox] › e2e/checkout.spec.ts:30:7 › Checkout Flow › should load checkout page successfully ───

    Error: Timed out 5000ms waiting for expect(page).toHaveURL(expected)

    Expected pattern: /.*checkout/
    Received string:  "https://tkafrokitchen.com/menu"
    Call log:
      - Expect "toHaveURL" with timeout 5000ms
        8 × unexpected value "https://tkafrokitchen.com/menu"


      29 |
      30 |   test('should load checkout page successfully', async ({ page }) => {
    > 31 |     await expect(page).toHaveURL(/.*checkout/);
         |                        ^
      32 |     
      33 |     // Check for delivery details form
      34 |     await expect(page.locator('text=Delivery, text=Details, text=Information')).toBeVisible();
        at /Users/I590496/TKAFROKITCHEN/tk-afro-kitchen/tests/e2e/checkout.spec.ts:31:24

    attachment #1: screenshot (image/png) ──────────────────────────────────────────────────────────
    ../test-results/e2e-checkout-Checkout-Flow-dea30--checkout-page-successfully-firefox/test-failed-1.png
    ────────────────────────────────────────────────────────────────────────────────────────────────

    attachment #2: video (video/webm) ──────────────────────────────────────────────────────────────
    ../test-results/e2e-checkout-Checkout-Flow-dea30--checkout-page-successfully-firefox/video.webm
    ────────────────────────────────────────────────────────────────────────────────────────────────

    Error Context: ../test-results/e2e-checkout-Checkout-Flow-dea30--checkout-page-successfully-firefox/error-context.md
]]>
</failure>
<system-out>
<![CDATA[
[[ATTACHMENT|e2e-checkout-Checkout-Flow-dea30--checkout-page-successfully-firefox/test-failed-1.png]]

[[ATTACHMENT|e2e-checkout-Checkout-Flow-dea30--checkout-page-successfully-firefox/video.webm]]

[[ATTACHMENT|e2e-checkout-Checkout-Flow-dea30--checkout-page-successfully-firefox/error-context.md]]
]]>
</system-out>
</testcase>
<testcase name="Checkout Flow › should validate required delivery details" classname="e2e/checkout.spec.ts" time="2.924">
</testcase>
<testcase name="Checkout Flow › should fill delivery details and proceed to payment" classname="e2e/checkout.spec.ts" time="2.962">
</testcase>
<testcase name="Checkout Flow › should show payment options" classname="e2e/checkout.spec.ts" time="30.265">
<failure message="checkout.spec.ts:93:7 should show payment options" type="FAILURE">
<![CDATA[  [firefox] › e2e/checkout.spec.ts:93:7 › Checkout Flow › should show payment options ──────────────

    Test timeout of 30000ms exceeded.

    Error: locator.fill: Test timeout of 30000ms exceeded.
    Call log:
      - waiting for locator('input[name="fullName"], input[placeholder*="name" i]').first()


      93 |   test('should show payment options', async ({ page }) => {
      94 |     // First fill delivery details
    > 95 |     await page.locator('input[name="fullName"], input[placeholder*="name" i]').first().fill('John Doe');
         |                                                                                        ^
      96 |     await page.locator('input[name="email"], input[type="email"]').first().fill('john.doe@example.com');
      97 |     await page.locator('input[name="phone"], input[type="tel"]').first().fill('07123456789');
      98 |     await page.locator('input[name="address"], input[placeholder*="address" i]').first().fill('123 Test Street');
        at /Users/I590496/TKAFROKITCHEN/tk-afro-kitchen/tests/e2e/checkout.spec.ts:95:88

    attachment #1: screenshot (image/png) ──────────────────────────────────────────────────────────
    ../test-results/e2e-checkout-Checkout-Flow-should-show-payment-options-firefox/test-failed-1.png
    ────────────────────────────────────────────────────────────────────────────────────────────────

    attachment #2: video (video/webm) ──────────────────────────────────────────────────────────────
    ../test-results/e2e-checkout-Checkout-Flow-should-show-payment-options-firefox/video.webm
    ────────────────────────────────────────────────────────────────────────────────────────────────

    Error Context: ../test-results/e2e-checkout-Checkout-Flow-should-show-payment-options-firefox/error-context.md
]]>
</failure>
<system-out>
<![CDATA[
[[ATTACHMENT|e2e-checkout-Checkout-Flow-should-show-payment-options-firefox/test-failed-1.png]]

[[ATTACHMENT|e2e-checkout-Checkout-Flow-should-show-payment-options-firefox/video.webm]]

[[ATTACHMENT|e2e-checkout-Checkout-Flow-should-show-payment-options-firefox/error-context.md]]
]]>
</system-out>
</testcase>
<testcase name="Checkout Flow › should have continue shopping option in checkout" classname="e2e/checkout.spec.ts" time="2.017">
</testcase>
<testcase name="Checkout Flow › should show order summary" classname="e2e/checkout.spec.ts" time="8.336">
<failure message="checkout.spec.ts:130:7 should show order summary" type="FAILURE">
<![CDATA[  [firefox] › e2e/checkout.spec.ts:130:7 › Checkout Flow › should show order summary ───────────────

    Error: Timed out 5000ms waiting for expect(locator).toBeVisible()

    Locator: locator('text=Order Summary, text=Summary, text=Total')
    Expected: visible
    Received: <element(s) not found>
    Call log:
      - Expect "toBeVisible" with timeout 5000ms
      - waiting for locator('text=Order Summary, text=Summary, text=Total')


      130 |   test('should show order summary', async ({ page }) => {
      131 |     // Check for order summary section
    > 132 |     await expect(page.locator('text=Order Summary, text=Summary, text=Total')).toBeVisible();
          |                                                                                ^
      133 |     
      134 |     // Check for price display
      135 |     await expect(page.locator('text=£').first()).toBeVisible();
        at /Users/I590496/TKAFROKITCHEN/tk-afro-kitchen/tests/e2e/checkout.spec.ts:132:80

    attachment #1: screenshot (image/png) ──────────────────────────────────────────────────────────
    ../test-results/e2e-checkout-Checkout-Flow-should-show-order-summary-firefox/test-failed-1.png
    ────────────────────────────────────────────────────────────────────────────────────────────────

    attachment #2: video (video/webm) ──────────────────────────────────────────────────────────────
    ../test-results/e2e-checkout-Checkout-Flow-should-show-order-summary-firefox/video.webm
    ────────────────────────────────────────────────────────────────────────────────────────────────

    Error Context: ../test-results/e2e-checkout-Checkout-Flow-should-show-order-summary-firefox/error-context.md
]]>
</failure>
<system-out>
<![CDATA[
[[ATTACHMENT|e2e-checkout-Checkout-Flow-should-show-order-summary-firefox/test-failed-1.png]]

[[ATTACHMENT|e2e-checkout-Checkout-Flow-should-show-order-summary-firefox/video.webm]]

[[ATTACHMENT|e2e-checkout-Checkout-Flow-should-show-order-summary-firefox/error-context.md]]
]]>
</system-out>
</testcase>
<testcase name="Checkout Flow › should show delivery fee calculation" classname="e2e/checkout.spec.ts" time="8.774">
<failure message="checkout.spec.ts:138:7 should show delivery fee calculation" type="FAILURE">
<![CDATA[  [firefox] › e2e/checkout.spec.ts:138:7 › Checkout Flow › should show delivery fee calculation ────

    Error: Timed out 5000ms waiting for expect(locator).toBeVisible()

    Locator: locator('text=Delivery, text=Fee').or(locator('text=Free, text=FREE')).first()
    Expected: visible
    Received: <element(s) not found>
    Call log:
      - Expect "toBeVisible" with timeout 5000ms
      - waiting for locator('text=Delivery, text=Fee').or(locator('text=Free, text=FREE')).first()


      142 |     
      143 |     // Either delivery fee or free delivery should be mentioned
    > 144 |     await expect(deliveryFee.or(freeDelivery).first()).toBeVisible();
          |                                                        ^
      145 |   });
      146 | });
        at /Users/I590496/TKAFROKITCHEN/tk-afro-kitchen/tests/e2e/checkout.spec.ts:144:56

    attachment #1: screenshot (image/png) ──────────────────────────────────────────────────────────
    ../test-results/e2e-checkout-Checkout-Flow-f2fb9-ow-delivery-fee-calculation-firefox/test-failed-1.png
    ────────────────────────────────────────────────────────────────────────────────────────────────

    attachment #2: video (video/webm) ──────────────────────────────────────────────────────────────
    ../test-results/e2e-checkout-Checkout-Flow-f2fb9-ow-delivery-fee-calculation-firefox/video.webm
    ────────────────────────────────────────────────────────────────────────────────────────────────

    Error Context: ../test-results/e2e-checkout-Checkout-Flow-f2fb9-ow-delivery-fee-calculation-firefox/error-context.md
]]>
</failure>
<system-out>
<![CDATA[
[[ATTACHMENT|e2e-checkout-Checkout-Flow-f2fb9-ow-delivery-fee-calculation-firefox/test-failed-1.png]]

[[ATTACHMENT|e2e-checkout-Checkout-Flow-f2fb9-ow-delivery-fee-calculation-firefox/video.webm]]

[[ATTACHMENT|e2e-checkout-Checkout-Flow-f2fb9-ow-delivery-fee-calculation-firefox/error-context.md]]
]]>
</system-out>
</testcase>
</testsuite>
<testsuite name="e2e/contact.spec.ts" timestamp="2025-07-20T10:35:55.243Z" hostname="firefox" tests="14" failures="12" skipped="0" time="212.252" errors="0">
<testcase name="Contact Page › should load contact page successfully" classname="e2e/contact.spec.ts" time="6.246">
<failure message="contact.spec.ts:8:7 should load contact page successfully" type="FAILURE">
<![CDATA[  [firefox] › e2e/contact.spec.ts:8:7 › Contact Page › should load contact page successfully ───────

    Error: Timed out 5000ms waiting for expect(page).toHaveTitle(expected)

    Expected pattern: /Contact/
    Received string:  "TK Afro Kitchen"
    Call log:
      - Expect "toHaveTitle" with timeout 5000ms
        9 × unexpected value "TK Afro Kitchen"


       8 |   test('should load contact page successfully', async ({ page }) => {
       9 |     // Check page title
    > 10 |     await expect(page).toHaveTitle(/Contact/);
         |                        ^
      11 |     
      12 |     // Check main heading
      13 |     await expect(page.locator('h1')).toContainText(/Contact/);
        at /Users/I590496/TKAFROKITCHEN/tk-afro-kitchen/tests/e2e/contact.spec.ts:10:24

    attachment #1: screenshot (image/png) ──────────────────────────────────────────────────────────
    ../test-results/e2e-contact-Contact-Page-s-00e0b-d-contact-page-successfully-firefox/test-failed-1.png
    ────────────────────────────────────────────────────────────────────────────────────────────────

    attachment #2: video (video/webm) ──────────────────────────────────────────────────────────────
    ../test-results/e2e-contact-Contact-Page-s-00e0b-d-contact-page-successfully-firefox/video.webm
    ────────────────────────────────────────────────────────────────────────────────────────────────

    Error Context: ../test-results/e2e-contact-Contact-Page-s-00e0b-d-contact-page-successfully-firefox/error-context.md
]]>
</failure>
<system-out>
<![CDATA[
[[ATTACHMENT|e2e-contact-Contact-Page-s-00e0b-d-contact-page-successfully-firefox/test-failed-1.png]]

[[ATTACHMENT|e2e-contact-Contact-Page-s-00e0b-d-contact-page-successfully-firefox/video.webm]]

[[ATTACHMENT|e2e-contact-Contact-Page-s-00e0b-d-contact-page-successfully-firefox/error-context.md]]
]]>
</system-out>
</testcase>
<testcase name="Contact Page › should display contact form" classname="e2e/contact.spec.ts" time="6.182">
<failure message="contact.spec.ts:19:7 should display contact form" type="FAILURE">
<![CDATA[  [firefox] › e2e/contact.spec.ts:19:7 › Contact Page › should display contact form ────────────────

    Error: Timed out 5000ms waiting for expect(locator).toBeVisible()

    Locator: locator('form')
    Expected: visible
    Received: <element(s) not found>
    Call log:
      - Expect "toBeVisible" with timeout 5000ms
      - waiting for locator('form')


      19 |   test('should display contact form', async ({ page }) => {
      20 |     // Check form is visible
    > 21 |     await expect(page.locator('form')).toBeVisible();
         |                                        ^
      22 |     
      23 |     // Check for form fields
      24 |     await expect(page.locator('input[name="name"], input[placeholder*="Name"]')).toBeVisible();
        at /Users/I590496/TKAFROKITCHEN/tk-afro-kitchen/tests/e2e/contact.spec.ts:21:40

    attachment #1: screenshot (image/png) ──────────────────────────────────────────────────────────
    ../test-results/e2e-contact-Contact-Page-should-display-contact-form-firefox/test-failed-1.png
    ────────────────────────────────────────────────────────────────────────────────────────────────

    attachment #2: video (video/webm) ──────────────────────────────────────────────────────────────
    ../test-results/e2e-contact-Contact-Page-should-display-contact-form-firefox/video.webm
    ────────────────────────────────────────────────────────────────────────────────────────────────

    Error Context: ../test-results/e2e-contact-Contact-Page-should-display-contact-form-firefox/error-context.md
]]>
</failure>
<system-out>
<![CDATA[
[[ATTACHMENT|e2e-contact-Contact-Page-should-display-contact-form-firefox/test-failed-1.png]]

[[ATTACHMENT|e2e-contact-Contact-Page-should-display-contact-form-firefox/video.webm]]

[[ATTACHMENT|e2e-contact-Contact-Page-should-display-contact-form-firefox/error-context.md]]
]]>
</system-out>
</testcase>
<testcase name="Contact Page › should validate required fields" classname="e2e/contact.spec.ts" time="3.253">
</testcase>
<testcase name="Contact Page › should validate email format" classname="e2e/contact.spec.ts" time="30.134">
<failure message="contact.spec.ts:40:7 should validate email format" type="FAILURE">
<![CDATA[  [firefox] › e2e/contact.spec.ts:40:7 › Contact Page › should validate email format ───────────────

    Test timeout of 30000ms exceeded.

    Error: page.fill: Test timeout of 30000ms exceeded.
    Call log:
      - waiting for locator('input[name="name"], input[placeholder*="Name"]')


      40 |   test('should validate email format', async ({ page }) => {
      41 |     // Fill form with invalid email
    > 42 |     await page.fill('input[name="name"], input[placeholder*="Name"]', 'Test User');
         |                ^
      43 |     await page.fill('input[name="email"], input[placeholder*="Email"]', 'invalid-email');
      44 |     await page.fill('textarea[name="message"], textarea[placeholder*="Message"]', 'Test message');
      45 |     
        at /Users/I590496/TKAFROKITCHEN/tk-afro-kitchen/tests/e2e/contact.spec.ts:42:16

    attachment #1: screenshot (image/png) ──────────────────────────────────────────────────────────
    ../test-results/e2e-contact-Contact-Page-should-validate-email-format-firefox/test-failed-1.png
    ────────────────────────────────────────────────────────────────────────────────────────────────

    attachment #2: video (video/webm) ──────────────────────────────────────────────────────────────
    ../test-results/e2e-contact-Contact-Page-should-validate-email-format-firefox/video.webm
    ────────────────────────────────────────────────────────────────────────────────────────────────

    Error Context: ../test-results/e2e-contact-Contact-Page-should-validate-email-format-firefox/error-context.md
]]>
</failure>
<system-out>
<![CDATA[
[[ATTACHMENT|e2e-contact-Contact-Page-should-validate-email-format-firefox/test-failed-1.png]]

[[ATTACHMENT|e2e-contact-Contact-Page-should-validate-email-format-firefox/video.webm]]

[[ATTACHMENT|e2e-contact-Contact-Page-should-validate-email-format-firefox/error-context.md]]
]]>
</system-out>
</testcase>
<testcase name="Contact Page › should accept valid form submission" classname="e2e/contact.spec.ts" time="30.185">
<failure message="contact.spec.ts:56:7 should accept valid form submission" type="FAILURE">
<![CDATA[  [firefox] › e2e/contact.spec.ts:56:7 › Contact Page › should accept valid form submission ────────

    Test timeout of 30000ms exceeded.

    Error: page.fill: Test timeout of 30000ms exceeded.
    Call log:
      - waiting for locator('input[name="name"], input[placeholder*="Name"]')


      56 |   test('should accept valid form submission', async ({ page }) => {
      57 |     // Fill form with valid data
    > 58 |     await page.fill('input[name="name"], input[placeholder*="Name"]', 'Test User');
         |                ^
      59 |     await page.fill('input[name="email"], input[placeholder*="Email"]', 'test@example.com');
      60 |     await page.fill('textarea[name="message"], textarea[placeholder*="Message"]', 'This is a test message');
      61 |     
        at /Users/I590496/TKAFROKITCHEN/tk-afro-kitchen/tests/e2e/contact.spec.ts:58:16

    attachment #1: screenshot (image/png) ──────────────────────────────────────────────────────────
    ../test-results/e2e-contact-Contact-Page-should-accept-valid-form-submission-firefox/test-failed-1.png
    ────────────────────────────────────────────────────────────────────────────────────────────────

    attachment #2: video (video/webm) ──────────────────────────────────────────────────────────────
    ../test-results/e2e-contact-Contact-Page-should-accept-valid-form-submission-firefox/video.webm
    ────────────────────────────────────────────────────────────────────────────────────────────────

    Error Context: ../test-results/e2e-contact-Contact-Page-should-accept-valid-form-submission-firefox/error-context.md
]]>
</failure>
<system-out>
<![CDATA[
[[ATTACHMENT|e2e-contact-Contact-Page-should-accept-valid-form-submission-firefox/test-failed-1.png]]

[[ATTACHMENT|e2e-contact-Contact-Page-should-accept-valid-form-submission-firefox/video.webm]]

[[ATTACHMENT|e2e-contact-Contact-Page-should-accept-valid-form-submission-firefox/error-context.md]]
]]>
</system-out>
</testcase>
<testcase name="Contact Page › should display contact information" classname="e2e/contact.spec.ts" time="0.69">
<failure message="contact.spec.ts:81:7 should display contact information" type="FAILURE">
<![CDATA[  [firefox] › e2e/contact.spec.ts:81:7 › Contact Page › should display contact information ─────────

    Error: expect.toBeVisible: Error: strict mode violation: locator('text=Milton Keynes') resolved to 3 elements:
        1) <span>Milton Keynes, UK</span> aka getByRole('banner').getByText('Milton Keynes, UK')
        2) <p class="text-sm sm:text-base text-gray-300">Milton Keynes, UK</p> aka getByRole('paragraph').filter({ hasText: 'Milton Keynes, UK' })
        3) <span class="text-sm">Milton Keynes, UK</span> aka getByRole('contentinfo').getByText('Milton Keynes, UK')

    Call log:
      - Expect "toBeVisible" with timeout 5000ms
      - waiting for locator('text=Milton Keynes')


      81 |   test('should display contact information', async ({ page }) => {
      82 |     // Check for contact details
    > 83 |     await expect(page.locator('text=Milton Keynes')).toBeVisible();
         |                                                      ^
      84 |     
      85 |     // Check for phone number if present
      86 |     const phoneNumber = page.locator('text=+44, a[href*="tel"]');
        at /Users/I590496/TKAFROKITCHEN/tk-afro-kitchen/tests/e2e/contact.spec.ts:83:54

    attachment #1: screenshot (image/png) ──────────────────────────────────────────────────────────
    ../test-results/e2e-contact-Contact-Page-should-display-contact-information-firefox/test-failed-1.png
    ────────────────────────────────────────────────────────────────────────────────────────────────

    attachment #2: video (video/webm) ──────────────────────────────────────────────────────────────
    ../test-results/e2e-contact-Contact-Page-should-display-contact-information-firefox/video.webm
    ────────────────────────────────────────────────────────────────────────────────────────────────

    Error Context: ../test-results/e2e-contact-Contact-Page-should-display-contact-information-firefox/error-context.md
]]>
</failure>
<system-out>
<![CDATA[
[[ATTACHMENT|e2e-contact-Contact-Page-should-display-contact-information-firefox/test-failed-1.png]]

[[ATTACHMENT|e2e-contact-Contact-Page-should-display-contact-information-firefox/video.webm]]

[[ATTACHMENT|e2e-contact-Contact-Page-should-display-contact-information-firefox/error-context.md]]
]]>
</system-out>
</testcase>
<testcase name="Contact Page › should have working social media links" classname="e2e/contact.spec.ts" time="1.521">
<failure message="contact.spec.ts:92:7 should have working social media links" type="FAILURE">
<![CDATA[  [firefox] › e2e/contact.spec.ts:92:7 › Contact Page › should have working social media links ─────

    Error: expect.toBeVisible: Error: strict mode violation: locator('a[href*="instagram"]') resolved to 3 elements:
        1) <a target="_blank" href="https://instagram.com/tk_afro_kitchen" class="text-slate-300 hover:text-orange-400 transition-colors">…</a> aka locator('div').filter({ hasText: /^AboutFAQContact$/ }).getByRole('link').first()
        2) <a target="_blank" href="https://instagram.com/tk_afro_kitchen" class="w-10 h-10 sm:w-12 sm:h-12 bg-gradient-to-r from-pink-500 to-purple-500 rounded-full flex items-center justify-center text-white hover:scale-110 transition-transform">…</a> aka getByRole('main').getByRole('link').first()
        3) <a target="_blank" rel="noopener noreferrer" href="https://instagram.com/tk_afro_kitchen" class="w-10 h-10 bg-gradient-to-r from-pink-500 to-purple-500 rounded-full flex items-center justify-center text-white shadow-lg hover:shadow-xl transition-all duration-300">…</a> aka getByRole('contentinfo').getByRole('link').filter({ hasText: /^$/ }).first()

    Call log:
      - Expect "toBeVisible" with timeout 5000ms
      - waiting for locator('a[href*="instagram"]')


      92 |   test('should have working social media links', async ({ page }) => {
      93 |     // Check social media links
    > 94 |     await expect(page.locator('a[href*="instagram"]')).toBeVisible();
         |                                                        ^
      95 |     await expect(page.locator('a[href*="facebook"]')).toBeVisible();
      96 |   });
      97 |
        at /Users/I590496/TKAFROKITCHEN/tk-afro-kitchen/tests/e2e/contact.spec.ts:94:56

    attachment #1: screenshot (image/png) ──────────────────────────────────────────────────────────
    ../test-results/e2e-contact-Contact-Page-s-68c4b--working-social-media-links-firefox/test-failed-1.png
    ────────────────────────────────────────────────────────────────────────────────────────────────

    attachment #2: video (video/webm) ──────────────────────────────────────────────────────────────
    ../test-results/e2e-contact-Contact-Page-s-68c4b--working-social-media-links-firefox/video.webm
    ────────────────────────────────────────────────────────────────────────────────────────────────

    Error Context: ../test-results/e2e-contact-Contact-Page-s-68c4b--working-social-media-links-firefox/error-context.md
]]>
</failure>
<system-out>
<![CDATA[
[[ATTACHMENT|e2e-contact-Contact-Page-s-68c4b--working-social-media-links-firefox/test-failed-1.png]]

[[ATTACHMENT|e2e-contact-Contact-Page-s-68c4b--working-social-media-links-firefox/video.webm]]

[[ATTACHMENT|e2e-contact-Contact-Page-s-68c4b--working-social-media-links-firefox/error-context.md]]
]]>
</system-out>
</testcase>
<testcase name="Contact Page › should display business hours if available" classname="e2e/contact.spec.ts" time="1.204">
</testcase>
<testcase name="Contact Page › should have accessible form labels" classname="e2e/contact.spec.ts" time="6.164">
<failure message="contact.spec.ts:106:7 should have accessible form labels" type="FAILURE">
<![CDATA[  [firefox] › e2e/contact.spec.ts:106:7 › Contact Page › should have accessible form labels ────────

    Error: Timed out 5000ms waiting for expect(locator).toBeVisible()

    Locator: locator('input[name="name"], input[placeholder*="Name"]')
    Expected: visible
    Received: <element(s) not found>
    Call log:
      - Expect "toBeVisible" with timeout 5000ms
      - waiting for locator('input[name="name"], input[placeholder*="Name"]')


      107 |     // Check form fields have proper labels
      108 |     const nameField = page.locator('input[name="name"], input[placeholder*="Name"]');
    > 109 |     await expect(nameField).toBeVisible();
          |                             ^
      110 |     
      111 |     const emailField = page.locator('input[name="email"], input[placeholder*="Email"]');
      112 |     await expect(emailField).toBeVisible();
        at /Users/I590496/TKAFROKITCHEN/tk-afro-kitchen/tests/e2e/contact.spec.ts:109:29

    attachment #1: screenshot (image/png) ──────────────────────────────────────────────────────────
    ../test-results/e2e-contact-Contact-Page-should-have-accessible-form-labels-firefox/test-failed-1.png
    ────────────────────────────────────────────────────────────────────────────────────────────────

    attachment #2: video (video/webm) ──────────────────────────────────────────────────────────────
    ../test-results/e2e-contact-Contact-Page-should-have-accessible-form-labels-firefox/video.webm
    ────────────────────────────────────────────────────────────────────────────────────────────────

    Error Context: ../test-results/e2e-contact-Contact-Page-should-have-accessible-form-labels-firefox/error-context.md
]]>
</failure>
<system-out>
<![CDATA[
[[ATTACHMENT|e2e-contact-Contact-Page-should-have-accessible-form-labels-firefox/test-failed-1.png]]

[[ATTACHMENT|e2e-contact-Contact-Page-should-have-accessible-form-labels-firefox/video.webm]]

[[ATTACHMENT|e2e-contact-Contact-Page-should-have-accessible-form-labels-firefox/error-context.md]]
]]>
</system-out>
</testcase>
<testcase name="Contact Page › should handle form submission errors gracefully" classname="e2e/contact.spec.ts" time="30.117">
<failure message="contact.spec.ts:118:7 should handle form submission errors gracefully" type="FAILURE">
<![CDATA[  [firefox] › e2e/contact.spec.ts:118:7 › Contact Page › should handle form submission errors gracefully 

    Test timeout of 30000ms exceeded.

    Error: page.fill: Test timeout of 30000ms exceeded.
    Call log:
      - waiting for locator('input[name="name"], input[placeholder*="Name"]')


      118 |   test('should handle form submission errors gracefully', async ({ page }) => {
      119 |     // Fill form with valid data
    > 120 |     await page.fill('input[name="name"], input[placeholder*="Name"]', 'Test User');
          |                ^
      121 |     await page.fill('input[name="email"], input[placeholder*="Email"]', 'test@example.com');
      122 |     await page.fill('textarea[name="message"], textarea[placeholder*="Message"]', 'Test message');
      123 |     
        at /Users/I590496/TKAFROKITCHEN/tk-afro-kitchen/tests/e2e/contact.spec.ts:120:16

    attachment #1: screenshot (image/png) ──────────────────────────────────────────────────────────
    ../test-results/e2e-contact-Contact-Page-s-94020-ubmission-errors-gracefully-firefox/test-failed-1.png
    ────────────────────────────────────────────────────────────────────────────────────────────────

    attachment #2: video (video/webm) ──────────────────────────────────────────────────────────────
    ../test-results/e2e-contact-Contact-Page-s-94020-ubmission-errors-gracefully-firefox/video.webm
    ────────────────────────────────────────────────────────────────────────────────────────────────

    Error Context: ../test-results/e2e-contact-Contact-Page-s-94020-ubmission-errors-gracefully-firefox/error-context.md
]]>
</failure>
<system-out>
<![CDATA[
[[ATTACHMENT|e2e-contact-Contact-Page-s-94020-ubmission-errors-gracefully-firefox/test-failed-1.png]]

[[ATTACHMENT|e2e-contact-Contact-Page-s-94020-ubmission-errors-gracefully-firefox/video.webm]]

[[ATTACHMENT|e2e-contact-Contact-Page-s-94020-ubmission-errors-gracefully-firefox/error-context.md]]
]]>
</system-out>
</testcase>
<testcase name="Contact Page › should prevent multiple form submissions" classname="e2e/contact.spec.ts" time="30.173">
<failure message="contact.spec.ts:143:7 should prevent multiple form submissions" type="FAILURE">
<![CDATA[  [firefox] › e2e/contact.spec.ts:143:7 › Contact Page › should prevent multiple form submissions ──

    Test timeout of 30000ms exceeded.

    Error: page.fill: Test timeout of 30000ms exceeded.
    Call log:
      - waiting for locator('input[name="name"], input[placeholder*="Name"]')


      143 |   test('should prevent multiple form submissions', async ({ page }) => {
      144 |     // Fill form
    > 145 |     await page.fill('input[name="name"], input[placeholder*="Name"]', 'Test User');
          |                ^
      146 |     await page.fill('input[name="email"], input[placeholder*="Email"]', 'test@example.com');
      147 |     await page.fill('textarea[name="message"], textarea[placeholder*="Message"]', 'Test message');
      148 |     
        at /Users/I590496/TKAFROKITCHEN/tk-afro-kitchen/tests/e2e/contact.spec.ts:145:16

    attachment #1: screenshot (image/png) ──────────────────────────────────────────────────────────
    ../test-results/e2e-contact-Contact-Page-s-2667b-t-multiple-form-submissions-firefox/test-failed-1.png
    ────────────────────────────────────────────────────────────────────────────────────────────────

    attachment #2: video (video/webm) ──────────────────────────────────────────────────────────────
    ../test-results/e2e-contact-Contact-Page-s-2667b-t-multiple-form-submissions-firefox/video.webm
    ────────────────────────────────────────────────────────────────────────────────────────────────

    Error Context: ../test-results/e2e-contact-Contact-Page-s-2667b-t-multiple-form-submissions-firefox/error-context.md
]]>
</failure>
<system-out>
<![CDATA[
[[ATTACHMENT|e2e-contact-Contact-Page-s-2667b-t-multiple-form-submissions-firefox/test-failed-1.png]]

[[ATTACHMENT|e2e-contact-Contact-Page-s-2667b-t-multiple-form-submissions-firefox/video.webm]]

[[ATTACHMENT|e2e-contact-Contact-Page-s-2667b-t-multiple-form-submissions-firefox/error-context.md]]
]]>
</system-out>
</testcase>
<testcase name="Contact Page › should clear form after successful submission" classname="e2e/contact.spec.ts" time="30.209">
<failure message="contact.spec.ts:169:7 should clear form after successful submission" type="FAILURE">
<![CDATA[  [firefox] › e2e/contact.spec.ts:169:7 › Contact Page › should clear form after successful submission 

    Test timeout of 30000ms exceeded.

    Error: page.fill: Test timeout of 30000ms exceeded.
    Call log:
      - waiting for locator('input[name="name"], input[placeholder*="Name"]')


      169 |   test('should clear form after successful submission', async ({ page }) => {
      170 |     // Fill form
    > 171 |     await page.fill('input[name="name"], input[placeholder*="Name"]', 'Test User');
          |                ^
      172 |     await page.fill('input[name="email"], input[placeholder*="Email"]', 'test@example.com');
      173 |     await page.fill('textarea[name="message"], textarea[placeholder*="Message"]', 'Test message');
      174 |     
        at /Users/I590496/TKAFROKITCHEN/tk-afro-kitchen/tests/e2e/contact.spec.ts:171:16

    attachment #1: screenshot (image/png) ──────────────────────────────────────────────────────────
    ../test-results/e2e-contact-Contact-Page-s-2e0ba-after-successful-submission-firefox/test-failed-1.png
    ────────────────────────────────────────────────────────────────────────────────────────────────

    attachment #2: video (video/webm) ──────────────────────────────────────────────────────────────
    ../test-results/e2e-contact-Contact-Page-s-2e0ba-after-successful-submission-firefox/video.webm
    ────────────────────────────────────────────────────────────────────────────────────────────────

    Error Context: ../test-results/e2e-contact-Contact-Page-s-2e0ba-after-successful-submission-firefox/error-context.md
]]>
</failure>
<system-out>
<![CDATA[
[[ATTACHMENT|e2e-contact-Contact-Page-s-2e0ba-after-successful-submission-firefox/test-failed-1.png]]

[[ATTACHMENT|e2e-contact-Contact-Page-s-2e0ba-after-successful-submission-firefox/video.webm]]

[[ATTACHMENT|e2e-contact-Contact-Page-s-2e0ba-after-successful-submission-firefox/error-context.md]]
]]>
</system-out>
</testcase>
<testcase name="Contact Page › should be responsive on mobile devices" classname="e2e/contact.spec.ts" time="6.054">
<failure message="contact.spec.ts:200:7 should be responsive on mobile devices" type="FAILURE">
<![CDATA[  [firefox] › e2e/contact.spec.ts:200:7 › Contact Page › should be responsive on mobile devices ────

    Error: Timed out 5000ms waiting for expect(locator).toBeVisible()

    Locator: locator('form')
    Expected: visible
    Received: <element(s) not found>
    Call log:
      - Expect "toBeVisible" with timeout 5000ms
      - waiting for locator('form')


      203 |     
      204 |     // Check form is still usable
    > 205 |     await expect(page.locator('form')).toBeVisible();
          |                                        ^
      206 |     await expect(page.locator('input[name="name"], input[placeholder*="Name"]')).toBeVisible();
      207 |     await expect(page.locator('button[type="submit"], button:has-text("Send Message")')).toBeVisible();
      208 |   });
        at /Users/I590496/TKAFROKITCHEN/tk-afro-kitchen/tests/e2e/contact.spec.ts:205:40

    attachment #1: screenshot (image/png) ──────────────────────────────────────────────────────────
    ../test-results/e2e-contact-Contact-Page-s-daced-esponsive-on-mobile-devices-firefox/test-failed-1.png
    ────────────────────────────────────────────────────────────────────────────────────────────────

    attachment #2: video (video/webm) ──────────────────────────────────────────────────────────────
    ../test-results/e2e-contact-Contact-Page-s-daced-esponsive-on-mobile-devices-firefox/video.webm
    ────────────────────────────────────────────────────────────────────────────────────────────────

    Error Context: ../test-results/e2e-contact-Contact-Page-s-daced-esponsive-on-mobile-devices-firefox/error-context.md
]]>
</failure>
<system-out>
<![CDATA[
[[ATTACHMENT|e2e-contact-Contact-Page-s-daced-esponsive-on-mobile-devices-firefox/test-failed-1.png]]

[[ATTACHMENT|e2e-contact-Contact-Page-s-daced-esponsive-on-mobile-devices-firefox/video.webm]]

[[ATTACHMENT|e2e-contact-Contact-Page-s-daced-esponsive-on-mobile-devices-firefox/error-context.md]]
]]>
</system-out>
</testcase>
<testcase name="Contact Page › should handle special characters in form fields" classname="e2e/contact.spec.ts" time="30.12">
<failure message="contact.spec.ts:210:7 should handle special characters in form fields" type="FAILURE">
<![CDATA[  [firefox] › e2e/contact.spec.ts:210:7 › Contact Page › should handle special characters in form fields 

    Test timeout of 30000ms exceeded.

    Error: page.fill: Test timeout of 30000ms exceeded.
    Call log:
      - waiting for locator('input[name="name"], input[placeholder*="Name"]')


      213 |     const specialMessage = 'Hello! This is a test message with special chars: @#$%^&*()';
      214 |     
    > 215 |     await page.fill('input[name="name"], input[placeholder*="Name"]', specialName);
          |                ^
      216 |     await page.fill('input[name="email"], input[placeholder*="Email"]', 'test@example.com');
      217 |     await page.fill('textarea[name="message"], textarea[placeholder*="Message"]', specialMessage);
      218 |     
        at /Users/I590496/TKAFROKITCHEN/tk-afro-kitchen/tests/e2e/contact.spec.ts:215:16

    attachment #1: screenshot (image/png) ──────────────────────────────────────────────────────────
    ../test-results/e2e-contact-Contact-Page-s-09cbe-l-characters-in-form-fields-firefox/test-failed-1.png
    ────────────────────────────────────────────────────────────────────────────────────────────────

    attachment #2: video (video/webm) ──────────────────────────────────────────────────────────────
    ../test-results/e2e-contact-Contact-Page-s-09cbe-l-characters-in-form-fields-firefox/video.webm
    ────────────────────────────────────────────────────────────────────────────────────────────────

    Error Context: ../test-results/e2e-contact-Contact-Page-s-09cbe-l-characters-in-form-fields-firefox/error-context.md
]]>
</failure>
<system-out>
<![CDATA[
[[ATTACHMENT|e2e-contact-Contact-Page-s-09cbe-l-characters-in-form-fields-firefox/test-failed-1.png]]

[[ATTACHMENT|e2e-contact-Contact-Page-s-09cbe-l-characters-in-form-fields-firefox/video.webm]]

[[ATTACHMENT|e2e-contact-Contact-Page-s-09cbe-l-characters-in-form-fields-firefox/error-context.md]]
]]>
</system-out>
</testcase>
</testsuite>
<testsuite name="e2e/cross-browser.spec.ts" timestamp="2025-07-20T10:35:55.243Z" hostname="firefox" tests="10" failures="4" skipped="4" time="29.721" errors="0">
<testcase name="Cross-Browser Compatibility › should load homepage correctly across browsers" classname="e2e/cross-browser.spec.ts" time="6.206">
<failure message="cross-browser.spec.ts:4:7 should load homepage correctly across browsers" type="FAILURE">
<![CDATA[  [firefox] › e2e/cross-browser.spec.ts:4:7 › Cross-Browser Compatibility › should load homepage correctly across browsers 

    Error: Timed out 5000ms waiting for expect(locator).toContainText(expected)

    Locator: locator('h1')
    Expected string: "Authentic Nigerian Cuisine"
    Received string: "TK Afro Kitchen"
    Call log:
      - Expect "toContainText" with timeout 5000ms
      - waiting for locator('h1')
        9 × locator resolved to <h1 class="text-5xl md:text-7xl font-bold mb-6">…</h1>
          - unexpected value "TK Afro Kitchen"


       6 |     
       7 |     // Basic page load check
    >  8 |     await expect(page.locator('h1')).toContainText('Authentic Nigerian Cuisine');
         |                                      ^
       9 |     await expect(page.locator('text=Browse Our Menu')).toBeVisible();
      10 |     
      11 |     // Check that navigation works
        at /Users/I590496/TKAFROKITCHEN/tk-afro-kitchen/tests/e2e/cross-browser.spec.ts:8:38

    attachment #1: screenshot (image/png) ──────────────────────────────────────────────────────────
    ../test-results/e2e-cross-browser-Cross-Br-8508e-e-correctly-across-browsers-firefox/test-failed-1.png
    ────────────────────────────────────────────────────────────────────────────────────────────────

    attachment #2: video (video/webm) ──────────────────────────────────────────────────────────────
    ../test-results/e2e-cross-browser-Cross-Br-8508e-e-correctly-across-browsers-firefox/video.webm
    ────────────────────────────────────────────────────────────────────────────────────────────────

    Error Context: ../test-results/e2e-cross-browser-Cross-Br-8508e-e-correctly-across-browsers-firefox/error-context.md
]]>
</failure>
<system-out>
<![CDATA[
[[ATTACHMENT|e2e-cross-browser-Cross-Br-8508e-e-correctly-across-browsers-firefox/test-failed-1.png]]

[[ATTACHMENT|e2e-cross-browser-Cross-Br-8508e-e-correctly-across-browsers-firefox/video.webm]]

[[ATTACHMENT|e2e-cross-browser-Cross-Br-8508e-e-correctly-across-browsers-firefox/error-context.md]]
]]>
</system-out>
</testcase>
<testcase name="Cross-Browser Compatibility › should handle navigation correctly" classname="e2e/cross-browser.spec.ts" time="6.609">
<failure message="cross-browser.spec.ts:18:7 should handle navigation correctly" type="FAILURE">
<![CDATA[  [firefox] › e2e/cross-browser.spec.ts:18:7 › Cross-Browser Compatibility › should handle navigation correctly 

    Error: Timed out 5000ms waiting for expect(locator).toContainText(expected)

    Locator: locator('h1')
    Expected string: "Authentic Nigerian Cuisine"
    Received string: "TK Afro Kitchen"
    Call log:
      - Expect "toContainText" with timeout 5000ms
      - waiting for locator('h1')
        9 × locator resolved to <h1 class="text-5xl md:text-7xl font-bold mb-6">…</h1>
          - unexpected value "TK Afro Kitchen"


      29 |     // Navigate back to home
      30 |     await page.goto('/');
    > 31 |     await expect(page.locator('h1')).toContainText('Authentic Nigerian Cuisine');
         |                                      ^
      32 |   });
      33 |
      34 |   test('should handle cart functionality', async ({ page }) => {
        at /Users/I590496/TKAFROKITCHEN/tk-afro-kitchen/tests/e2e/cross-browser.spec.ts:31:38

    attachment #1: screenshot (image/png) ──────────────────────────────────────────────────────────
    ../test-results/e2e-cross-browser-Cross-Br-d1cbb-handle-navigation-correctly-firefox/test-failed-1.png
    ────────────────────────────────────────────────────────────────────────────────────────────────

    attachment #2: video (video/webm) ──────────────────────────────────────────────────────────────
    ../test-results/e2e-cross-browser-Cross-Br-d1cbb-handle-navigation-correctly-firefox/video.webm
    ────────────────────────────────────────────────────────────────────────────────────────────────

    Error Context: ../test-results/e2e-cross-browser-Cross-Br-d1cbb-handle-navigation-correctly-firefox/error-context.md
]]>
</failure>
<system-out>
<![CDATA[
[[ATTACHMENT|e2e-cross-browser-Cross-Br-d1cbb-handle-navigation-correctly-firefox/test-failed-1.png]]

[[ATTACHMENT|e2e-cross-browser-Cross-Br-d1cbb-handle-navigation-correctly-firefox/video.webm]]

[[ATTACHMENT|e2e-cross-browser-Cross-Br-d1cbb-handle-navigation-correctly-firefox/error-context.md]]
]]>
</system-out>
</testcase>
<testcase name="Cross-Browser Compatibility › should handle cart functionality" classname="e2e/cross-browser.spec.ts" time="1.292">
</testcase>
<testcase name="Cross-Browser Compatibility › should render responsive design correctly" classname="e2e/cross-browser.spec.ts" time="1.312">
</testcase>
<testcase name="Safari-Specific Compatibility › should handle Safari-specific link behavior" classname="e2e/cross-browser.spec.ts" time="0.918">
<properties>
<property name="skip" value="Safari-specific test">
</property>
</properties>
<skipped>
</skipped>
</testcase>
<testcase name="Safari-Specific Compatibility › should handle Safari payment redirect behavior" classname="e2e/cross-browser.spec.ts" time="0.204">
<properties>
<property name="skip" value="Safari-specific test">
</property>
</properties>
<skipped>
</skipped>
</testcase>
<testcase name="Mobile Compatibility › should handle mobile navigation" classname="e2e/cross-browser.spec.ts" time="0.198">
<properties>
<property name="skip" value="Mobile-specific test">
</property>
</properties>
<skipped>
</skipped>
</testcase>
<testcase name="Mobile Compatibility › should handle mobile cart interaction" classname="e2e/cross-browser.spec.ts" time="0.26">
<properties>
<property name="skip" value="Mobile-specific test">
</property>
</properties>
<skipped>
</skipped>
</testcase>
<testcase name="Performance Checks › should load pages within acceptable time limits" classname="e2e/cross-browser.spec.ts" time="5.866">
<failure message="cross-browser.spec.ts:159:7 should load pages within acceptable time limits" type="FAILURE">
<![CDATA[  [firefox] › e2e/cross-browser.spec.ts:159:7 › Performance Checks › should load pages within acceptable time limits 

    Error: Timed out 5000ms waiting for expect(locator).toBeVisible()

    Locator: locator('text=Browse Our Menu')
    Expected: visible
    Received: <element(s) not found>
    Call log:
      - Expect "toBeVisible" with timeout 5000ms
      - waiting for locator('text=Browse Our Menu')


      169 |     // Check that critical content is visible
      170 |     await expect(page.locator('h1')).toBeVisible();
    > 171 |     await expect(page.locator('text=Browse Our Menu')).toBeVisible();
          |                                                        ^
      172 |   });
      173 |
      174 |   test('should handle JavaScript loading correctly', async ({ page }) => {
        at /Users/I590496/TKAFROKITCHEN/tk-afro-kitchen/tests/e2e/cross-browser.spec.ts:171:56

    attachment #1: screenshot (image/png) ──────────────────────────────────────────────────────────
    ../test-results/e2e-cross-browser-Performa-d046d-thin-acceptable-time-limits-firefox/test-failed-1.png
    ────────────────────────────────────────────────────────────────────────────────────────────────

    attachment #2: video (video/webm) ──────────────────────────────────────────────────────────────
    ../test-results/e2e-cross-browser-Performa-d046d-thin-acceptable-time-limits-firefox/video.webm
    ────────────────────────────────────────────────────────────────────────────────────────────────

    Error Context: ../test-results/e2e-cross-browser-Performa-d046d-thin-acceptable-time-limits-firefox/error-context.md
]]>
</failure>
<system-out>
<![CDATA[
[[ATTACHMENT|e2e-cross-browser-Performa-d046d-thin-acceptable-time-limits-firefox/test-failed-1.png]]

[[ATTACHMENT|e2e-cross-browser-Performa-d046d-thin-acceptable-time-limits-firefox/video.webm]]

[[ATTACHMENT|e2e-cross-browser-Performa-d046d-thin-acceptable-time-limits-firefox/error-context.md]]
]]>
</system-out>
</testcase>
<testcase name="Performance Checks › should handle JavaScript loading correctly" classname="e2e/cross-browser.spec.ts" time="6.856">
<failure message="cross-browser.spec.ts:174:7 should handle JavaScript loading correctly" type="FAILURE">
<![CDATA[  [firefox] › e2e/cross-browser.spec.ts:174:7 › Performance Checks › should handle JavaScript loading correctly 

    Error: Timed out 5000ms waiting for expect(locator).toBeEnabled()

    Locator: locator('text=Browse Our Menu').first()
    Expected: enabled
    Received: <element(s) not found>
    Call log:
      - Expect "toBeEnabled" with timeout 5000ms
      - waiting for locator('text=Browse Our Menu').first()


      180 |     // Interactive elements should work
      181 |     const menuButton = page.locator('text=Browse Our Menu').first();
    > 182 |     await expect(menuButton).toBeEnabled();
          |                              ^
      183 |     
      184 |     await menuButton.click();
      185 |     await page.waitForURL('**/menu');
        at /Users/I590496/TKAFROKITCHEN/tk-afro-kitchen/tests/e2e/cross-browser.spec.ts:182:30

    attachment #1: screenshot (image/png) ──────────────────────────────────────────────────────────
    ../test-results/e2e-cross-browser-Performa-7a126-avaScript-loading-correctly-firefox/test-failed-1.png
    ────────────────────────────────────────────────────────────────────────────────────────────────

    attachment #2: video (video/webm) ──────────────────────────────────────────────────────────────
    ../test-results/e2e-cross-browser-Performa-7a126-avaScript-loading-correctly-firefox/video.webm
    ────────────────────────────────────────────────────────────────────────────────────────────────

    Error Context: ../test-results/e2e-cross-browser-Performa-7a126-avaScript-loading-correctly-firefox/error-context.md
]]>
</failure>
<system-out>
<![CDATA[
[[ATTACHMENT|e2e-cross-browser-Performa-7a126-avaScript-loading-correctly-firefox/test-failed-1.png]]

[[ATTACHMENT|e2e-cross-browser-Performa-7a126-avaScript-loading-correctly-firefox/video.webm]]

[[ATTACHMENT|e2e-cross-browser-Performa-7a126-avaScript-loading-correctly-firefox/error-context.md]]
]]>
</system-out>
</testcase>
</testsuite>
<testsuite name="e2e/final-payment-flow.spec.ts" timestamp="2025-07-20T10:35:55.243Z" hostname="firefox" tests="2" failures="1" skipped="0" time="19.838" errors="0">
<testcase name="Final Payment Flow Test - Complete E2E › should complete add to cart → card payment → success page flow" classname="e2e/final-payment-flow.spec.ts" time="12.863">
<failure message="final-payment-flow.spec.ts:5:7 should complete add to cart → card payment → success page flow" type="FAILURE">
<![CDATA[  [firefox] › e2e/final-payment-flow.spec.ts:5:7 › Final Payment Flow Test - Complete E2E › should complete add to cart → card payment → success page flow 

    Error: Timed out 5000ms waiting for expect(page).toHaveURL(expected)

    Expected pattern: /.*checkout/
    Received string:  "https://tkafrokitchen.com/menu"
    Call log:
      - Expect "toHaveURL" with timeout 5000ms
        9 × unexpected value "https://tkafrokitchen.com/menu"


      57 |     
      58 |     // Verify we're on checkout page and not redirected (cart should have items)
    > 59 |     await expect(page).toHaveURL(/.*checkout/);
         |                        ^
      60 |     console.log('✅ Successfully on checkout page with items in cart');
      61 |     
      62 |     // Step 6: Fill delivery details
        at /Users/I590496/TKAFROKITCHEN/tk-afro-kitchen/tests/e2e/final-payment-flow.spec.ts:59:24

    attachment #1: screenshot (image/png) ──────────────────────────────────────────────────────────
    ../test-results/e2e-final-payment-flow-Fin-cc011-payment-→-success-page-flow-firefox/test-failed-1.png
    ────────────────────────────────────────────────────────────────────────────────────────────────

    attachment #2: video (video/webm) ──────────────────────────────────────────────────────────────
    ../test-results/e2e-final-payment-flow-Fin-cc011-payment-→-success-page-flow-firefox/video.webm
    ────────────────────────────────────────────────────────────────────────────────────────────────

    Error Context: ../test-results/e2e-final-payment-flow-Fin-cc011-payment-→-success-page-flow-firefox/error-context.md
]]>
</failure>
<system-out>
<![CDATA[🚀 Starting complete payment flow test
📱 Step 1: Navigate to menu
🍽️ Step 2: Select menu item
🛒 Step 3: Add item to cart from modal
✅ Item added to cart
🔄 Step 4: Ensure modal is closed
🛍️ Step 5: Navigate to checkout

[[ATTACHMENT|e2e-final-payment-flow-Fin-cc011-payment-→-success-page-flow-firefox/test-failed-1.png]]

[[ATTACHMENT|e2e-final-payment-flow-Fin-cc011-payment-→-success-page-flow-firefox/video.webm]]

[[ATTACHMENT|e2e-final-payment-flow-Fin-cc011-payment-→-success-page-flow-firefox/error-context.md]]
]]>
</system-out>
</testcase>
<testcase name="Final Payment Flow Test - Complete E2E › should add item to cart and verify cart state" classname="e2e/final-payment-flow.spec.ts" time="6.975">
<system-out>
<![CDATA[🛒 Testing cart functionality only
✅ Item added to cart
❌ Redirected from checkout - cart may be empty
]]>
</system-out>
</testcase>
</testsuite>
<testsuite name="e2e/full-payment-flow.spec.ts" timestamp="2025-07-20T10:35:55.243Z" hostname="firefox" tests="4" failures="4" skipped="0" time="121.083" errors="0">
<testcase name="Complete Payment Flow - Add to Cart → Card Payment → Success Page › should complete full payment flow with card payment" classname="e2e/full-payment-flow.spec.ts" time="30.375">
<failure message="full-payment-flow.spec.ts:11:7 should complete full payment flow with card payment" type="FAILURE">
<![CDATA[  [firefox] › e2e/full-payment-flow.spec.ts:11:7 › Complete Payment Flow - Add to Cart → Card Payment → Success Page › should complete full payment flow with card payment 

    Test timeout of 30000ms exceeded.

    Error: locator.click: Test timeout of 30000ms exceeded.
    Call log:
      - waiting for locator('a[href="/menu"]:has-text("Browse Our Menu")')


      14 |     
      15 |     // Navigate to menu using the correct Link component
    > 16 |     await page.locator('a[href="/menu"]:has-text("Browse Our Menu")').click();
         |                                                                       ^
      17 |     await expect(page).toHaveURL(/.*menu/);
      18 |     await page.waitForLoadState('networkidle');
      19 |     
        at /Users/I590496/TKAFROKITCHEN/tk-afro-kitchen/tests/e2e/full-payment-flow.spec.ts:16:71

    attachment #1: screenshot (image/png) ──────────────────────────────────────────────────────────
    ../test-results/e2e-full-payment-flow-Comp-4918c-ment-flow-with-card-payment-firefox/test-failed-1.png
    ────────────────────────────────────────────────────────────────────────────────────────────────

    attachment #2: video (video/webm) ──────────────────────────────────────────────────────────────
    ../test-results/e2e-full-payment-flow-Comp-4918c-ment-flow-with-card-payment-firefox/video.webm
    ────────────────────────────────────────────────────────────────────────────────────────────────

    Error Context: ../test-results/e2e-full-payment-flow-Comp-4918c-ment-flow-with-card-payment-firefox/error-context.md
]]>
</failure>
<system-out>
<![CDATA[🛒 Step 1: Adding item to cart

[[ATTACHMENT|e2e-full-payment-flow-Comp-4918c-ment-flow-with-card-payment-firefox/test-failed-1.png]]

[[ATTACHMENT|e2e-full-payment-flow-Comp-4918c-ment-flow-with-card-payment-firefox/video.webm]]

[[ATTACHMENT|e2e-full-payment-flow-Comp-4918c-ment-flow-with-card-payment-firefox/error-context.md]]
]]>
</system-out>
</testcase>
<testcase name="Complete Payment Flow - Add to Cart → Card Payment → Success Page › should handle continue shopping during checkout" classname="e2e/full-payment-flow.spec.ts" time="30.177">
<failure message="full-payment-flow.spec.ts:159:7 should handle continue shopping during checkout" type="FAILURE">
<![CDATA[  [firefox] › e2e/full-payment-flow.spec.ts:159:7 › Complete Payment Flow - Add to Cart → Card Payment → Success Page › should handle continue shopping during checkout 

    Test timeout of 30000ms exceeded.

    Error: locator.click: Test timeout of 30000ms exceeded.
    Call log:
      - waiting for locator('[data-testid="menu-item"], .menu-item, .product-card').first()


      163 |     
      164 |     const menuItem = page.locator('[data-testid="menu-item"], .menu-item, .product-card').first();
    > 165 |     await menuItem.click();
          |                    ^
      166 |     
      167 |     const addToCartButton = page.locator('button:has-text("Add to Cart"), button:has-text("Add To Cart")');
      168 |     await addToCartButton.click();
        at /Users/I590496/TKAFROKITCHEN/tk-afro-kitchen/tests/e2e/full-payment-flow.spec.ts:165:20

    attachment #1: screenshot (image/png) ──────────────────────────────────────────────────────────
    ../test-results/e2e-full-payment-flow-Comp-c8666-ue-shopping-during-checkout-firefox/test-failed-1.png
    ────────────────────────────────────────────────────────────────────────────────────────────────

    attachment #2: video (video/webm) ──────────────────────────────────────────────────────────────
    ../test-results/e2e-full-payment-flow-Comp-c8666-ue-shopping-during-checkout-firefox/video.webm
    ────────────────────────────────────────────────────────────────────────────────────────────────

    Error Context: ../test-results/e2e-full-payment-flow-Comp-c8666-ue-shopping-during-checkout-firefox/error-context.md
]]>
</failure>
<system-out>
<![CDATA[
[[ATTACHMENT|e2e-full-payment-flow-Comp-c8666-ue-shopping-during-checkout-firefox/test-failed-1.png]]

[[ATTACHMENT|e2e-full-payment-flow-Comp-c8666-ue-shopping-during-checkout-firefox/video.webm]]

[[ATTACHMENT|e2e-full-payment-flow-Comp-c8666-ue-shopping-during-checkout-firefox/error-context.md]]
]]>
</system-out>
</testcase>
<testcase name="Complete Payment Flow - Add to Cart → Card Payment → Success Page › should validate payment form fields" classname="e2e/full-payment-flow.spec.ts" time="30.268">
<failure message="full-payment-flow.spec.ts:182:7 should validate payment form fields" type="FAILURE">
<![CDATA[  [firefox] › e2e/full-payment-flow.spec.ts:182:7 › Complete Payment Flow - Add to Cart → Card Payment → Success Page › should validate payment form fields 

    Test timeout of 30000ms exceeded.

    Error: locator.click: Test timeout of 30000ms exceeded.
    Call log:
      - waiting for locator('[data-testid="menu-item"], .menu-item, .product-card').first()


      186 |     
      187 |     const menuItem = page.locator('[data-testid="menu-item"], .menu-item, .product-card').first();
    > 188 |     await menuItem.click();
          |                    ^
      189 |     
      190 |     const addToCartButton = page.locator('button:has-text("Add to Cart")');
      191 |     await addToCartButton.click();
        at /Users/I590496/TKAFROKITCHEN/tk-afro-kitchen/tests/e2e/full-payment-flow.spec.ts:188:20

    attachment #1: screenshot (image/png) ──────────────────────────────────────────────────────────
    ../test-results/e2e-full-payment-flow-Comp-dd5fd-alidate-payment-form-fields-firefox/test-failed-1.png
    ────────────────────────────────────────────────────────────────────────────────────────────────

    attachment #2: video (video/webm) ──────────────────────────────────────────────────────────────
    ../test-results/e2e-full-payment-flow-Comp-dd5fd-alidate-payment-form-fields-firefox/video.webm
    ────────────────────────────────────────────────────────────────────────────────────────────────

    Error Context: ../test-results/e2e-full-payment-flow-Comp-dd5fd-alidate-payment-form-fields-firefox/error-context.md
]]>
</failure>
<system-out>
<![CDATA[
[[ATTACHMENT|e2e-full-payment-flow-Comp-dd5fd-alidate-payment-form-fields-firefox/test-failed-1.png]]

[[ATTACHMENT|e2e-full-payment-flow-Comp-dd5fd-alidate-payment-form-fields-firefox/video.webm]]

[[ATTACHMENT|e2e-full-payment-flow-Comp-dd5fd-alidate-payment-form-fields-firefox/error-context.md]]
]]>
</system-out>
</testcase>
<testcase name="Complete Payment Flow - Add to Cart → Card Payment → Success Page › should show order summary in checkout" classname="e2e/full-payment-flow.spec.ts" time="30.263">
<failure message="full-payment-flow.spec.ts:204:7 should show order summary in checkout" type="FAILURE">
<![CDATA[  [firefox] › e2e/full-payment-flow.spec.ts:204:7 › Complete Payment Flow - Add to Cart → Card Payment → Success Page › should show order summary in checkout 

    Test timeout of 30000ms exceeded.

    Error: locator.click: Test timeout of 30000ms exceeded.
    Call log:
      - waiting for locator('[data-testid="menu-item"], .menu-item, .product-card').first()


      208 |     
      209 |     const menuItem = page.locator('[data-testid="menu-item"], .menu-item, .product-card').first();
    > 210 |     await menuItem.click();
          |                    ^
      211 |     
      212 |     const addToCartButton = page.locator('button:has-text("Add to Cart")');
      213 |     await addToCartButton.click();
        at /Users/I590496/TKAFROKITCHEN/tk-afro-kitchen/tests/e2e/full-payment-flow.spec.ts:210:20

    attachment #1: screenshot (image/png) ──────────────────────────────────────────────────────────
    ../test-results/e2e-full-payment-flow-Comp-12f70-w-order-summary-in-checkout-firefox/test-failed-1.png
    ────────────────────────────────────────────────────────────────────────────────────────────────

    attachment #2: video (video/webm) ──────────────────────────────────────────────────────────────
    ../test-results/e2e-full-payment-flow-Comp-12f70-w-order-summary-in-checkout-firefox/video.webm
    ────────────────────────────────────────────────────────────────────────────────────────────────

    Error Context: ../test-results/e2e-full-payment-flow-Comp-12f70-w-order-summary-in-checkout-firefox/error-context.md
]]>
</failure>
<system-out>
<![CDATA[
[[ATTACHMENT|e2e-full-payment-flow-Comp-12f70-w-order-summary-in-checkout-firefox/test-failed-1.png]]

[[ATTACHMENT|e2e-full-payment-flow-Comp-12f70-w-order-summary-in-checkout-firefox/video.webm]]

[[ATTACHMENT|e2e-full-payment-flow-Comp-12f70-w-order-summary-in-checkout-firefox/error-context.md]]
]]>
</system-out>
</testcase>
</testsuite>
<testsuite name="e2e/full-user-journey.spec.ts" timestamp="2025-07-20T10:35:55.243Z" hostname="firefox" tests="6" failures="3" skipped="2" time="22.146" errors="0">
<testcase name="Complete User Journey › should complete full user journey from homepage to success" classname="e2e/full-user-journey.spec.ts" time="6.4">
<failure message="full-user-journey.spec.ts:12:7 should complete full user journey from homepage to success" type="FAILURE">
<![CDATA[  [firefox] › e2e/full-user-journey.spec.ts:12:7 › Complete User Journey › should complete full user journey from homepage to success 

    Error: Timed out 5000ms waiting for expect(locator).toContainText(expected)

    Locator: locator('h1')
    Expected string: "Authentic Nigerian Cuisine"
    Received string: "TK Afro Kitchen"
    Call log:
      - Expect "toContainText" with timeout 5000ms
      - waiting for locator('h1')
        9 × locator resolved to <h1 class="text-5xl md:text-7xl font-bold mb-6">…</h1>
          - unexpected value "TK Afro Kitchen"


      13 |     // Step 1: Start from homepage
      14 |     await page.goto('/');
    > 15 |     await expect(page.locator('h1')).toContainText('Authentic Nigerian Cuisine');
         |                                      ^
      16 |
      17 |     // Step 2: Navigate to menu
      18 |     const browseMenuBtn = page.locator('text=Browse Our Menu').first();
        at /Users/I590496/TKAFROKITCHEN/tk-afro-kitchen/tests/e2e/full-user-journey.spec.ts:15:38

    attachment #1: screenshot (image/png) ──────────────────────────────────────────────────────────
    ../test-results/e2e-full-user-journey-Comp-56edd-ey-from-homepage-to-success-firefox/test-failed-1.png
    ────────────────────────────────────────────────────────────────────────────────────────────────

    attachment #2: video (video/webm) ──────────────────────────────────────────────────────────────
    ../test-results/e2e-full-user-journey-Comp-56edd-ey-from-homepage-to-success-firefox/video.webm
    ────────────────────────────────────────────────────────────────────────────────────────────────

    Error Context: ../test-results/e2e-full-user-journey-Comp-56edd-ey-from-homepage-to-success-firefox/error-context.md
]]>
</failure>
<system-out>
<![CDATA[
[[ATTACHMENT|e2e-full-user-journey-Comp-56edd-ey-from-homepage-to-success-firefox/test-failed-1.png]]

[[ATTACHMENT|e2e-full-user-journey-Comp-56edd-ey-from-homepage-to-success-firefox/video.webm]]

[[ATTACHMENT|e2e-full-user-journey-Comp-56edd-ey-from-homepage-to-success-firefox/error-context.md]]
]]>
</system-out>
</testcase>
<testcase name="Complete User Journey › should handle continue shopping flow" classname="e2e/full-user-journey.spec.ts" time="6.143">
<failure message="full-user-journey.spec.ts:64:7 should handle continue shopping flow" type="FAILURE">
<![CDATA[  [firefox] › e2e/full-user-journey.spec.ts:64:7 › Complete User Journey › should handle continue shopping flow 

    Error: Timed out 5000ms waiting for expect(locator).toBeVisible()

    Locator: locator('button:has-text("Add to Cart"), button:has-text("Add to Basket")').first()
    Expected: visible
    Received: <element(s) not found>
    Call log:
      - Expect "toBeVisible" with timeout 5000ms
      - waiting for locator('button:has-text("Add to Cart"), button:has-text("Add to Basket")').first()


       at e2e/utils/test-helpers.ts:13

      11 |     
      12 |     const addToCartBtn = this.page.locator('button:has-text("Add to Cart"), button:has-text("Add to Basket")').first();
    > 13 |     await expect(addToCartBtn).toBeVisible();
         |                                ^
      14 |     await addToCartBtn.click();
      15 |     await this.page.waitForTimeout(1000);
      16 |   }
        at TestHelpers.addItemToCart (/Users/I590496/TKAFROKITCHEN/tk-afro-kitchen/tests/e2e/utils/test-helpers.ts:13:32)
        at /Users/I590496/TKAFROKITCHEN/tk-afro-kitchen/tests/e2e/full-user-journey.spec.ts:66:5

    attachment #1: screenshot (image/png) ──────────────────────────────────────────────────────────
    ../test-results/e2e-full-user-journey-Comp-cd047-ndle-continue-shopping-flow-firefox/test-failed-1.png
    ────────────────────────────────────────────────────────────────────────────────────────────────

    attachment #2: video (video/webm) ──────────────────────────────────────────────────────────────
    ../test-results/e2e-full-user-journey-Comp-cd047-ndle-continue-shopping-flow-firefox/video.webm
    ────────────────────────────────────────────────────────────────────────────────────────────────

    Error Context: ../test-results/e2e-full-user-journey-Comp-cd047-ndle-continue-shopping-flow-firefox/error-context.md
]]>
</failure>
<system-out>
<![CDATA[
[[ATTACHMENT|e2e-full-user-journey-Comp-cd047-ndle-continue-shopping-flow-firefox/test-failed-1.png]]

[[ATTACHMENT|e2e-full-user-journey-Comp-cd047-ndle-continue-shopping-flow-firefox/video.webm]]

[[ATTACHMENT|e2e-full-user-journey-Comp-cd047-ndle-continue-shopping-flow-firefox/error-context.md]]
]]>
</system-out>
</testcase>
<testcase name="Complete User Journey › should handle Safari-specific payment flow" classname="e2e/full-user-journey.spec.ts" time="0.726">
<properties>
<property name="skip" value="">
</property>
</properties>
<skipped>
</skipped>
</testcase>
<testcase name="Complete User Journey › should handle mobile user journey" classname="e2e/full-user-journey.spec.ts" time="0.287">
<properties>
<property name="skip" value="">
</property>
</properties>
<skipped>
</skipped>
</testcase>
<testcase name="Complete User Journey › should handle error scenarios gracefully" classname="e2e/full-user-journey.spec.ts" time="2.491">
</testcase>
<testcase name="Complete User Journey › should maintain cart state across navigation" classname="e2e/full-user-journey.spec.ts" time="6.099">
<failure message="full-user-journey.spec.ts:200:7 should maintain cart state across navigation" type="FAILURE">
<![CDATA[  [firefox] › e2e/full-user-journey.spec.ts:200:7 › Complete User Journey › should maintain cart state across navigation 

    Error: Timed out 5000ms waiting for expect(locator).toBeVisible()

    Locator: locator('button:has-text("Add to Cart"), button:has-text("Add to Basket")').first()
    Expected: visible
    Received: <element(s) not found>
    Call log:
      - Expect "toBeVisible" with timeout 5000ms
      - waiting for locator('button:has-text("Add to Cart"), button:has-text("Add to Basket")').first()


       at e2e/utils/test-helpers.ts:13

      11 |     
      12 |     const addToCartBtn = this.page.locator('button:has-text("Add to Cart"), button:has-text("Add to Basket")').first();
    > 13 |     await expect(addToCartBtn).toBeVisible();
         |                                ^
      14 |     await addToCartBtn.click();
      15 |     await this.page.waitForTimeout(1000);
      16 |   }
        at TestHelpers.addItemToCart (/Users/I590496/TKAFROKITCHEN/tk-afro-kitchen/tests/e2e/utils/test-helpers.ts:13:32)
        at /Users/I590496/TKAFROKITCHEN/tk-afro-kitchen/tests/e2e/full-user-journey.spec.ts:202:5

    attachment #1: screenshot (image/png) ──────────────────────────────────────────────────────────
    ../test-results/e2e-full-user-journey-Comp-6839f-art-state-across-navigation-firefox/test-failed-1.png
    ────────────────────────────────────────────────────────────────────────────────────────────────

    attachment #2: video (video/webm) ──────────────────────────────────────────────────────────────
    ../test-results/e2e-full-user-journey-Comp-6839f-art-state-across-navigation-firefox/video.webm
    ────────────────────────────────────────────────────────────────────────────────────────────────

    Error Context: ../test-results/e2e-full-user-journey-Comp-6839f-art-state-across-navigation-firefox/error-context.md
]]>
</failure>
<system-out>
<![CDATA[
[[ATTACHMENT|e2e-full-user-journey-Comp-6839f-art-state-across-navigation-firefox/test-failed-1.png]]

[[ATTACHMENT|e2e-full-user-journey-Comp-6839f-art-state-across-navigation-firefox/video.webm]]

[[ATTACHMENT|e2e-full-user-journey-Comp-6839f-art-state-across-navigation-firefox/error-context.md]]
]]>
</system-out>
</testcase>
</testsuite>
<testsuite name="e2e/homepage.spec.ts" timestamp="2025-07-20T10:35:55.243Z" hostname="firefox" tests="11" failures="6" skipped="0" time="26.274" errors="0">
<testcase name="Homepage › should load homepage successfully" classname="e2e/homepage.spec.ts" time="0.72">
</testcase>
<testcase name="Homepage › should display navigation menu correctly" classname="e2e/homepage.spec.ts" time="1.097">
<failure message="homepage.spec.ts:19:7 should display navigation menu correctly" type="FAILURE">
<![CDATA[  [firefox] › e2e/homepage.spec.ts:19:7 › Homepage › should display navigation menu correctly ──────

    Error: expect.toBeVisible: Error: strict mode violation: locator('nav') resolved to 3 elements:
        1) <nav class="flex items-center space-x-4">…</nav> aka getByText('AboutFAQContact')
        2) <nav class="hidden md:flex items-center space-x-6">…</nav> aka getByText('MenuPricingFrozenCatering')
        3) <nav class="fixed bottom-0 left-0 right-0 z-50 md:hidden">…</nav> aka locator('nav').filter({ hasText: 'HomeMenuFrozenCateringCart' })

    Call log:
      - Expect "toBeVisible" with timeout 5000ms
      - waiting for locator('nav')


      19 |   test('should display navigation menu correctly', async ({ page }) => {
      20 |     // Check main navigation is visible
    > 21 |     await expect(page.locator('nav')).toBeVisible();
         |                                       ^
      22 |     
      23 |     // Check key navigation links are present
      24 |     const navLinks = ['Menu', 'Pricing', 'Frozen', 'Catering', 'About', 'FAQ', 'Contact'];
        at /Users/I590496/TKAFROKITCHEN/tk-afro-kitchen/tests/e2e/homepage.spec.ts:21:39

    attachment #1: screenshot (image/png) ──────────────────────────────────────────────────────────
    ../test-results/e2e-homepage-Homepage-shou-5ffc8-y-navigation-menu-correctly-firefox/test-failed-1.png
    ────────────────────────────────────────────────────────────────────────────────────────────────

    attachment #2: video (video/webm) ──────────────────────────────────────────────────────────────
    ../test-results/e2e-homepage-Homepage-shou-5ffc8-y-navigation-menu-correctly-firefox/video.webm
    ────────────────────────────────────────────────────────────────────────────────────────────────

    Error Context: ../test-results/e2e-homepage-Homepage-shou-5ffc8-y-navigation-menu-correctly-firefox/error-context.md
]]>
</failure>
<system-out>
<![CDATA[
[[ATTACHMENT|e2e-homepage-Homepage-shou-5ffc8-y-navigation-menu-correctly-firefox/test-failed-1.png]]

[[ATTACHMENT|e2e-homepage-Homepage-shou-5ffc8-y-navigation-menu-correctly-firefox/video.webm]]

[[ATTACHMENT|e2e-homepage-Homepage-shou-5ffc8-y-navigation-menu-correctly-firefox/error-context.md]]
]]>
</system-out>
</testcase>
<testcase name="Homepage › should display hero section with call-to-action" classname="e2e/homepage.spec.ts" time="6.613">
<failure message="homepage.spec.ts:31:7 should display hero section with call-to-action" type="FAILURE">
<![CDATA[  [firefox] › e2e/homepage.spec.ts:31:7 › Homepage › should display hero section with call-to-action 

    Error: Timed out 5000ms waiting for expect(locator).toBeVisible()

    Locator: locator('button:has-text("Order Now")')
    Expected: visible
    Received: <element(s) not found>
    Call log:
      - Expect "toBeVisible" with timeout 5000ms
      - waiting for locator('button:has-text("Order Now")')


      34 |     
      35 |     // Check for call-to-action buttons
    > 36 |     await expect(page.locator('button:has-text("Order Now")')).toBeVisible();
         |                                                                ^
      37 |     await expect(page.locator('a:has-text("Browse Menu")')).toBeVisible();
      38 |   });
      39 |
        at /Users/I590496/TKAFROKITCHEN/tk-afro-kitchen/tests/e2e/homepage.spec.ts:36:64

    attachment #1: screenshot (image/png) ──────────────────────────────────────────────────────────
    ../test-results/e2e-homepage-Homepage-shou-3a893-section-with-call-to-action-firefox/test-failed-1.png
    ────────────────────────────────────────────────────────────────────────────────────────────────

    attachment #2: video (video/webm) ──────────────────────────────────────────────────────────────
    ../test-results/e2e-homepage-Homepage-shou-3a893-section-with-call-to-action-firefox/video.webm
    ────────────────────────────────────────────────────────────────────────────────────────────────

    Error Context: ../test-results/e2e-homepage-Homepage-shou-3a893-section-with-call-to-action-firefox/error-context.md
]]>
</failure>
<system-out>
<![CDATA[
[[ATTACHMENT|e2e-homepage-Homepage-shou-3a893-section-with-call-to-action-firefox/test-failed-1.png]]

[[ATTACHMENT|e2e-homepage-Homepage-shou-3a893-section-with-call-to-action-firefox/video.webm]]

[[ATTACHMENT|e2e-homepage-Homepage-shou-3a893-section-with-call-to-action-firefox/error-context.md]]
]]>
</system-out>
</testcase>
<testcase name="Homepage › should display featured dishes section" classname="e2e/homepage.spec.ts" time="6.547">
<failure message="homepage.spec.ts:40:7 should display featured dishes section" type="FAILURE">
<![CDATA[  [firefox] › e2e/homepage.spec.ts:40:7 › Homepage › should display featured dishes section ────────

    Error: Timed out 5000ms waiting for expect(locator).toBeVisible()

    Locator: locator('.featured-dishes, [data-testid="featured-dishes"]')
    Expected: visible
    Received: <element(s) not found>
    Call log:
      - Expect "toBeVisible" with timeout 5000ms
      - waiting for locator('.featured-dishes, [data-testid="featured-dishes"]')


      43 |     
      44 |     // Check for featured dishes
    > 45 |     await expect(page.locator('.featured-dishes, [data-testid="featured-dishes"]')).toBeVisible();
         |                                                                                     ^
      46 |     
      47 |     // Check for dish cards
      48 |     const dishCards = page.locator('.dish-card, [data-testid="dish-card"]');
        at /Users/I590496/TKAFROKITCHEN/tk-afro-kitchen/tests/e2e/homepage.spec.ts:45:85

    attachment #1: screenshot (image/png) ──────────────────────────────────────────────────────────
    ../test-results/e2e-homepage-Homepage-should-display-featured-dishes-section-firefox/test-failed-1.png
    ────────────────────────────────────────────────────────────────────────────────────────────────

    attachment #2: video (video/webm) ──────────────────────────────────────────────────────────────
    ../test-results/e2e-homepage-Homepage-should-display-featured-dishes-section-firefox/video.webm
    ────────────────────────────────────────────────────────────────────────────────────────────────

    Error Context: ../test-results/e2e-homepage-Homepage-should-display-featured-dishes-section-firefox/error-context.md
]]>
</failure>
<system-out>
<![CDATA[
[[ATTACHMENT|e2e-homepage-Homepage-should-display-featured-dishes-section-firefox/test-failed-1.png]]

[[ATTACHMENT|e2e-homepage-Homepage-should-display-featured-dishes-section-firefox/video.webm]]

[[ATTACHMENT|e2e-homepage-Homepage-should-display-featured-dishes-section-firefox/error-context.md]]
]]>
</system-out>
</testcase>
<testcase name="Homepage › should display footer with contact information" classname="e2e/homepage.spec.ts" time="1.379">
<failure message="homepage.spec.ts:52:7 should display footer with contact information" type="FAILURE">
<![CDATA[  [firefox] › e2e/homepage.spec.ts:52:7 › Homepage › should display footer with contact information 

    Error: expect.toBeVisible: Error: strict mode violation: locator('text=Milton Keynes') resolved to 2 elements:
        1) <span>Milton Keynes, UK</span> aka getByRole('banner').getByText('Milton Keynes, UK')
        2) <span class="text-sm">Milton Keynes, UK</span> aka getByRole('contentinfo').getByText('Milton Keynes, UK')

    Call log:
      - Expect "toBeVisible" with timeout 5000ms
      - waiting for locator('text=Milton Keynes')


      58 |     
      59 |     // Check for contact information
    > 60 |     await expect(page.locator('text=Milton Keynes')).toBeVisible();
         |                                                      ^
      61 |   });
      62 |
      63 |   test('should have working social media links', async ({ page }) => {
        at /Users/I590496/TKAFROKITCHEN/tk-afro-kitchen/tests/e2e/homepage.spec.ts:60:54

    attachment #1: screenshot (image/png) ──────────────────────────────────────────────────────────
    ../test-results/e2e-homepage-Homepage-shou-de17b-er-with-contact-information-firefox/test-failed-1.png
    ────────────────────────────────────────────────────────────────────────────────────────────────

    attachment #2: video (video/webm) ──────────────────────────────────────────────────────────────
    ../test-results/e2e-homepage-Homepage-shou-de17b-er-with-contact-information-firefox/video.webm
    ────────────────────────────────────────────────────────────────────────────────────────────────

    Error Context: ../test-results/e2e-homepage-Homepage-shou-de17b-er-with-contact-information-firefox/error-context.md
]]>
</failure>
<system-out>
<![CDATA[
[[ATTACHMENT|e2e-homepage-Homepage-shou-de17b-er-with-contact-information-firefox/test-failed-1.png]]

[[ATTACHMENT|e2e-homepage-Homepage-shou-de17b-er-with-contact-information-firefox/video.webm]]

[[ATTACHMENT|e2e-homepage-Homepage-shou-de17b-er-with-contact-information-firefox/error-context.md]]
]]>
</system-out>
</testcase>
<testcase name="Homepage › should have working social media links" classname="e2e/homepage.spec.ts" time="1.732">
<failure message="homepage.spec.ts:63:7 should have working social media links" type="FAILURE">
<![CDATA[  [firefox] › e2e/homepage.spec.ts:63:7 › Homepage › should have working social media links ────────

    Error: expect.toBeVisible: Error: strict mode violation: locator('a[href*="instagram"]') resolved to 2 elements:
        1) <a target="_blank" href="https://instagram.com/tk_afro_kitchen" class="text-slate-300 hover:text-orange-400 transition-colors">…</a> aka locator('div').filter({ hasText: /^AboutFAQContact$/ }).getByRole('link').first()
        2) <a target="_blank" rel="noopener noreferrer" href="https://instagram.com/tk_afro_kitchen" class="w-10 h-10 bg-gradient-to-r from-pink-500 to-purple-500 rounded-full flex items-center justify-center text-white shadow-lg hover:shadow-xl transition-all duration-300">…</a> aka getByRole('contentinfo').getByRole('link').filter({ hasText: /^$/ }).first()

    Call log:
      - Expect "toBeVisible" with timeout 5000ms
      - waiting for locator('a[href*="instagram"]')


      63 |   test('should have working social media links', async ({ page }) => {
      64 |     // Check social media icons are present
    > 65 |     await expect(page.locator('a[href*="instagram"]')).toBeVisible();
         |                                                        ^
      66 |     await expect(page.locator('a[href*="facebook"]')).toBeVisible();
      67 |   });
      68 |
        at /Users/I590496/TKAFROKITCHEN/tk-afro-kitchen/tests/e2e/homepage.spec.ts:65:56

    attachment #1: screenshot (image/png) ──────────────────────────────────────────────────────────
    ../test-results/e2e-homepage-Homepage-should-have-working-social-media-links-firefox/test-failed-1.png
    ────────────────────────────────────────────────────────────────────────────────────────────────

    attachment #2: video (video/webm) ──────────────────────────────────────────────────────────────
    ../test-results/e2e-homepage-Homepage-should-have-working-social-media-links-firefox/video.webm
    ────────────────────────────────────────────────────────────────────────────────────────────────

    Error Context: ../test-results/e2e-homepage-Homepage-should-have-working-social-media-links-firefox/error-context.md
]]>
</failure>
<system-out>
<![CDATA[
[[ATTACHMENT|e2e-homepage-Homepage-should-have-working-social-media-links-firefox/test-failed-1.png]]

[[ATTACHMENT|e2e-homepage-Homepage-should-have-working-social-media-links-firefox/video.webm]]

[[ATTACHMENT|e2e-homepage-Homepage-should-have-working-social-media-links-firefox/error-context.md]]
]]>
</system-out>
</testcase>
<testcase name="Homepage › should display logo and branding correctly" classname="e2e/homepage.spec.ts" time="1.607">
<failure message="homepage.spec.ts:69:7 should display logo and branding correctly" type="FAILURE">
<![CDATA[  [firefox] › e2e/homepage.spec.ts:69:7 › Homepage › should display logo and branding correctly ────

    Error: expect.toBeVisible: Error: strict mode violation: locator('img[alt*="TK Afro Kitchen"]') resolved to 2 elements:
        1) <img sizes="100vw" loading="lazy" decoding="async" data-nimg="fill" alt="TK Afro Kitchen" class="object-contain rounded-full" src="/_next/image?url=%2Fimages%2Fbrand%2Ftklogo.jpg&w=3840&q=75" srcset="/_next/image?url=%2Fimages%2Fbrand%2Ftklogo.jpg&w=640&q=75 640w, /_next/image?url=%2Fimages%2Fbrand%2Ftklogo.jpg&w=750&q=75 750w, /_next/image?url=%2Fimages%2Fbrand%2Ftklogo.jpg&w=828&q=75 828w, /_next/image?url=%2Fimages%2Fbrand%2Ftklogo.jpg&w=1080&q=75 1080w, /_next/image?url=%2Fimages%2Fbrand%2Ftklo…/> aka getByRole('link', { name: 'TK Afro Kitchen TKAfro Kitchen' })
        2) <img sizes="100vw" loading="lazy" decoding="async" data-nimg="fill" alt="TK Afro Kitchen" class="object-contain rounded-full" src="/_next/image?url=%2Fimages%2Fbrand%2Ftklogo.jpg&w=3840&q=75" srcset="/_next/image?url=%2Fimages%2Fbrand%2Ftklogo.jpg&w=640&q=75 640w, /_next/image?url=%2Fimages%2Fbrand%2Ftklogo.jpg&w=750&q=75 750w, /_next/image?url=%2Fimages%2Fbrand%2Ftklogo.jpg&w=828&q=75 828w, /_next/image?url=%2Fimages%2Fbrand%2Ftklogo.jpg&w=1080&q=75 1080w, /_next/image?url=%2Fimages%2Fbrand%2Ftklo…/> aka getByRole('contentinfo').getByRole('img', { name: 'TK Afro Kitchen' })

    Call log:
      - Expect "toBeVisible" with timeout 5000ms
      - waiting for locator('img[alt*="TK Afro Kitchen"]')


      69 |   test('should display logo and branding correctly', async ({ page }) => {
      70 |     // Check logo is visible
    > 71 |     await expect(page.locator('img[alt*="TK Afro Kitchen"]')).toBeVisible();
         |                                                               ^
      72 |     
      73 |     // Check brand name is displayed
      74 |     await expect(page.locator('text=TKAfro Kitchen')).toBeVisible();
        at /Users/I590496/TKAFROKITCHEN/tk-afro-kitchen/tests/e2e/homepage.spec.ts:71:63

    attachment #1: screenshot (image/png) ──────────────────────────────────────────────────────────
    ../test-results/e2e-homepage-Homepage-shou-3ea0d-logo-and-branding-correctly-firefox/test-failed-1.png
    ────────────────────────────────────────────────────────────────────────────────────────────────

    attachment #2: video (video/webm) ──────────────────────────────────────────────────────────────
    ../test-results/e2e-homepage-Homepage-shou-3ea0d-logo-and-branding-correctly-firefox/video.webm
    ────────────────────────────────────────────────────────────────────────────────────────────────

    Error Context: ../test-results/e2e-homepage-Homepage-shou-3ea0d-logo-and-branding-correctly-firefox/error-context.md
]]>
</failure>
<system-out>
<![CDATA[
[[ATTACHMENT|e2e-homepage-Homepage-shou-3ea0d-logo-and-branding-correctly-firefox/test-failed-1.png]]

[[ATTACHMENT|e2e-homepage-Homepage-shou-3ea0d-logo-and-branding-correctly-firefox/video.webm]]

[[ATTACHMENT|e2e-homepage-Homepage-shou-3ea0d-logo-and-branding-correctly-firefox/error-context.md]]
]]>
</system-out>
</testcase>
<testcase name="Homepage › should have proper meta tags for SEO" classname="e2e/homepage.spec.ts" time="1.052">
</testcase>
<testcase name="Homepage › should load images without errors" classname="e2e/homepage.spec.ts" time="2.347">
</testcase>
<testcase name="Homepage › should have accessible color contrast" classname="e2e/homepage.spec.ts" time="1.032">
</testcase>
<testcase name="Homepage › should handle page refresh correctly" classname="e2e/homepage.spec.ts" time="2.148">
</testcase>
</testsuite>
<testsuite name="e2e/menu-and-cart.spec.ts" timestamp="2025-07-20T10:35:55.243Z" hostname="firefox" tests="7" failures="4" skipped="0" time="32.543" errors="0">
<testcase name="Menu and Cart Functionality › should load menu page successfully" classname="e2e/menu-and-cart.spec.ts" time="1.785">
</testcase>
<testcase name="Menu and Cart Functionality › should be able to add items to cart" classname="e2e/menu-and-cart.spec.ts" time="6.028">
<failure message="menu-and-cart.spec.ts:23:7 should be able to add items to cart" type="FAILURE">
<![CDATA[  [firefox] › e2e/menu-and-cart.spec.ts:23:7 › Menu and Cart Functionality › should be able to add items to cart 

    Error: Timed out 5000ms waiting for expect(locator).toBeVisible()

    Locator: locator('button:has-text("Add to Cart"), button:has-text("Add to Basket")').first()
    Expected: visible
    Received: <element(s) not found>
    Call log:
      - Expect "toBeVisible" with timeout 5000ms
      - waiting for locator('button:has-text("Add to Cart"), button:has-text("Add to Basket")').first()


      24 |     // Find a menu item with an "Add to Cart" button
      25 |     const addToCartBtn = page.locator('button:has-text("Add to Cart"), button:has-text("Add to Basket")').first();
    > 26 |     await expect(addToCartBtn).toBeVisible();
         |                                ^
      27 |     
      28 |     // Click add to cart
      29 |     await addToCartBtn.click();
        at /Users/I590496/TKAFROKITCHEN/tk-afro-kitchen/tests/e2e/menu-and-cart.spec.ts:26:32

    attachment #1: screenshot (image/png) ──────────────────────────────────────────────────────────
    ../test-results/e2e-menu-and-cart-Menu-and-df8ab-e-able-to-add-items-to-cart-firefox/test-failed-1.png
    ────────────────────────────────────────────────────────────────────────────────────────────────

    attachment #2: video (video/webm) ──────────────────────────────────────────────────────────────
    ../test-results/e2e-menu-and-cart-Menu-and-df8ab-e-able-to-add-items-to-cart-firefox/video.webm
    ────────────────────────────────────────────────────────────────────────────────────────────────

    Error Context: ../test-results/e2e-menu-and-cart-Menu-and-df8ab-e-able-to-add-items-to-cart-firefox/error-context.md
]]>
</failure>
<system-out>
<![CDATA[
[[ATTACHMENT|e2e-menu-and-cart-Menu-and-df8ab-e-able-to-add-items-to-cart-firefox/test-failed-1.png]]

[[ATTACHMENT|e2e-menu-and-cart-Menu-and-df8ab-e-able-to-add-items-to-cart-firefox/video.webm]]

[[ATTACHMENT|e2e-menu-and-cart-Menu-and-df8ab-e-able-to-add-items-to-cart-firefox/error-context.md]]
]]>
</system-out>
</testcase>
<testcase name="Menu and Cart Functionality › should be able to manage cart items" classname="e2e/menu-and-cart.spec.ts" time="8.157">
<failure message="menu-and-cart.spec.ts:50:7 should be able to manage cart items" type="FAILURE">
<![CDATA[  [firefox] › e2e/menu-and-cart.spec.ts:50:7 › Menu and Cart Functionality › should be able to manage cart items 

    Error: Timed out 5000ms waiting for expect(locator).toBeVisible()

    Locator: locator('text=Your Cart, text=Cart')
    Expected: visible
    Received: <element(s) not found>
    Call log:
      - Expect "toBeVisible" with timeout 5000ms
      - waiting for locator('text=Your Cart, text=Cart')


      62 |     
      63 |     // Check if cart modal is open
    > 64 |     await expect(page.locator('text=Your Cart, text=Cart')).toBeVisible();
         |                                                             ^
      65 |     
      66 |     // Look for quantity controls
      67 |     const plusButton = page.locator('button:has-text("+"), button[aria-label*="increase"], button[aria-label*="plus"]');
        at /Users/I590496/TKAFROKITCHEN/tk-afro-kitchen/tests/e2e/menu-and-cart.spec.ts:64:61

    attachment #1: screenshot (image/png) ──────────────────────────────────────────────────────────
    ../test-results/e2e-menu-and-cart-Menu-and-e0bcc-e-able-to-manage-cart-items-firefox/test-failed-1.png
    ────────────────────────────────────────────────────────────────────────────────────────────────

    attachment #2: video (video/webm) ──────────────────────────────────────────────────────────────
    ../test-results/e2e-menu-and-cart-Menu-and-e0bcc-e-able-to-manage-cart-items-firefox/video.webm
    ────────────────────────────────────────────────────────────────────────────────────────────────

    Error Context: ../test-results/e2e-menu-and-cart-Menu-and-e0bcc-e-able-to-manage-cart-items-firefox/error-context.md
]]>
</failure>
<system-out>
<![CDATA[
[[ATTACHMENT|e2e-menu-and-cart-Menu-and-e0bcc-e-able-to-manage-cart-items-firefox/test-failed-1.png]]

[[ATTACHMENT|e2e-menu-and-cart-Menu-and-e0bcc-e-able-to-manage-cart-items-firefox/video.webm]]

[[ATTACHMENT|e2e-menu-and-cart-Menu-and-e0bcc-e-able-to-manage-cart-items-firefox/error-context.md]]
]]>
</system-out>
</testcase>
<testcase name="Menu and Cart Functionality › should show cart total" classname="e2e/menu-and-cart.spec.ts" time="7.05">
<failure message="menu-and-cart.spec.ts:88:7 should show cart total" type="FAILURE">
<![CDATA[  [firefox] › e2e/menu-and-cart.spec.ts:88:7 › Menu and Cart Functionality › should show cart total 

    Error: Timed out 5000ms waiting for expect(locator).toBeVisible()

    Locator: locator('text=Total, text=£').or(locator('[data-testid="cart-total"]'))
    Expected: visible
    Received: <element(s) not found>
    Call log:
      - Expect "toBeVisible" with timeout 5000ms
      - waiting for locator('text=Total, text=£').or(locator('[data-testid="cart-total"]'))


      100 |     
      101 |     // Check for total price
    > 102 |     await expect(page.locator('text=Total, text=£').or(page.locator('[data-testid="cart-total"]'))).toBeVisible();
          |                                                                                                     ^
      103 |   });
      104 |
      105 |   test('should have continue shopping functionality', async ({ page }) => {
        at /Users/I590496/TKAFROKITCHEN/tk-afro-kitchen/tests/e2e/menu-and-cart.spec.ts:102:101

    attachment #1: screenshot (image/png) ──────────────────────────────────────────────────────────
    ../test-results/e2e-menu-and-cart-Menu-and-7db2a-lity-should-show-cart-total-firefox/test-failed-1.png
    ────────────────────────────────────────────────────────────────────────────────────────────────

    attachment #2: video (video/webm) ──────────────────────────────────────────────────────────────
    ../test-results/e2e-menu-and-cart-Menu-and-7db2a-lity-should-show-cart-total-firefox/video.webm
    ────────────────────────────────────────────────────────────────────────────────────────────────

    Error Context: ../test-results/e2e-menu-and-cart-Menu-and-7db2a-lity-should-show-cart-total-firefox/error-context.md
]]>
</failure>
<system-out>
<![CDATA[
[[ATTACHMENT|e2e-menu-and-cart-Menu-and-7db2a-lity-should-show-cart-total-firefox/test-failed-1.png]]

[[ATTACHMENT|e2e-menu-and-cart-Menu-and-7db2a-lity-should-show-cart-total-firefox/video.webm]]

[[ATTACHMENT|e2e-menu-and-cart-Menu-and-7db2a-lity-should-show-cart-total-firefox/error-context.md]]
]]>
</system-out>
</testcase>
<testcase name="Menu and Cart Functionality › should have continue shopping functionality" classname="e2e/menu-and-cart.spec.ts" time="1.568">
</testcase>
<testcase name="Menu and Cart Functionality › should proceed to checkout with items in cart" classname="e2e/menu-and-cart.spec.ts" time="1.398">
</testcase>
<testcase name="Menu and Cart Functionality › should show empty cart message when no items" classname="e2e/menu-and-cart.spec.ts" time="6.557">
<failure message="menu-and-cart.spec.ts:160:7 should show empty cart message when no items" type="FAILURE">
<![CDATA[  [firefox] › e2e/menu-and-cart.spec.ts:160:7 › Menu and Cart Functionality › should show empty cart message when no items 

    Error: Timed out 5000ms waiting for expect(locator).toBeVisible()

    Locator: locator('text=empty, text=no items')
    Expected: visible
    Received: <element(s) not found>
    Call log:
      - Expect "toBeVisible" with timeout 5000ms
      - waiting for locator('text=empty, text=no items')


      165 |     
      166 |     // Should show empty cart message
    > 167 |     await expect(page.locator('text=empty, text=no items')).toBeVisible();
          |                                                             ^
      168 |   });
      169 | });
        at /Users/I590496/TKAFROKITCHEN/tk-afro-kitchen/tests/e2e/menu-and-cart.spec.ts:167:61

    attachment #1: screenshot (image/png) ──────────────────────────────────────────────────────────
    ../test-results/e2e-menu-and-cart-Menu-and-c6fee--cart-message-when-no-items-firefox/test-failed-1.png
    ────────────────────────────────────────────────────────────────────────────────────────────────

    attachment #2: video (video/webm) ──────────────────────────────────────────────────────────────
    ../test-results/e2e-menu-and-cart-Menu-and-c6fee--cart-message-when-no-items-firefox/video.webm
    ────────────────────────────────────────────────────────────────────────────────────────────────

    Error Context: ../test-results/e2e-menu-and-cart-Menu-and-c6fee--cart-message-when-no-items-firefox/error-context.md
]]>
</failure>
<system-out>
<![CDATA[
[[ATTACHMENT|e2e-menu-and-cart-Menu-and-c6fee--cart-message-when-no-items-firefox/test-failed-1.png]]

[[ATTACHMENT|e2e-menu-and-cart-Menu-and-c6fee--cart-message-when-no-items-firefox/video.webm]]

[[ATTACHMENT|e2e-menu-and-cart-Menu-and-c6fee--cart-message-when-no-items-firefox/error-context.md]]
]]>
</system-out>
</testcase>
</testsuite>
<testsuite name="e2e/menu.spec.ts" timestamp="2025-07-20T10:35:55.243Z" hostname="firefox" tests="16" failures="8" skipped="0" time="65.983" errors="0">
<testcase name="Menu Page › should load menu page successfully" classname="e2e/menu.spec.ts" time="5.522">
<failure message="menu.spec.ts:8:7 should load menu page successfully" type="FAILURE">
<![CDATA[  [firefox] › e2e/menu.spec.ts:8:7 › Menu Page › should load menu page successfully ────────────────

    Error: Timed out 5000ms waiting for expect(page).toHaveTitle(expected)

    Expected pattern: /Menu/
    Received string:  "TK Afro Kitchen"
    Call log:
      - Expect "toHaveTitle" with timeout 5000ms
        9 × unexpected value "TK Afro Kitchen"


       8 |   test('should load menu page successfully', async ({ page }) => {
       9 |     // Check page title
    > 10 |     await expect(page).toHaveTitle(/Menu/);
         |                        ^
      11 |     
      12 |     // Check main heading
      13 |     await expect(page.locator('h1')).toContainText(/Our Menu/);
        at /Users/I590496/TKAFROKITCHEN/tk-afro-kitchen/tests/e2e/menu.spec.ts:10:24

    attachment #1: screenshot (image/png) ──────────────────────────────────────────────────────────
    ../test-results/e2e-menu-Menu-Page-should-load-menu-page-successfully-firefox/test-failed-1.png
    ────────────────────────────────────────────────────────────────────────────────────────────────

    attachment #2: video (video/webm) ──────────────────────────────────────────────────────────────
    ../test-results/e2e-menu-Menu-Page-should-load-menu-page-successfully-firefox/video.webm
    ────────────────────────────────────────────────────────────────────────────────────────────────

    Error Context: ../test-results/e2e-menu-Menu-Page-should-load-menu-page-successfully-firefox/error-context.md
]]>
</failure>
<system-out>
<![CDATA[
[[ATTACHMENT|e2e-menu-Menu-Page-should-load-menu-page-successfully-firefox/test-failed-1.png]]

[[ATTACHMENT|e2e-menu-Menu-Page-should-load-menu-page-successfully-firefox/video.webm]]

[[ATTACHMENT|e2e-menu-Menu-Page-should-load-menu-page-successfully-firefox/error-context.md]]
]]>
</system-out>
</testcase>
<testcase name="Menu Page › should display category filters on desktop" classname="e2e/menu.spec.ts" time="0.771">
<failure message="menu.spec.ts:19:7 should display category filters on desktop" type="FAILURE">
<![CDATA[  [firefox] › e2e/menu.spec.ts:19:7 › Menu Page › should display category filters on desktop ───────

    Error: expect.toBeVisible: Error: strict mode violation: locator('button:has-text("All Dishes")') resolved to 2 elements:
        1) <button tabindex="0" class="px-4 sm:px-6 py-2 sm:py-3 rounded-full border transition-all duration-300 text-sm sm:text-base bg-gradient-to-r from-orange-500 to-yellow-500 text-white border-orange-500">🍽️ All Dishes</button> aka getByRole('button', { name: '🍽️ All Dishes' })
        2) <button class="relative w-32 h-20 rounded-xl border-2 transition-all duration-300 flex flex-col items-center justify-center bg-gradient-to-br from-orange-500 to-yellow-500 border-orange-400 text-white shadow-lg">…</button> aka getByText('🍽️All Dishes')

    Call log:
      - Expect "toBeVisible" with timeout 5000ms
      - waiting for locator('button:has-text("All Dishes")')


      22 |     
      23 |     // Check category filter buttons are visible
    > 24 |     await expect(page.locator('button:has-text("All Dishes")')).toBeVisible();
         |                                                                 ^
      25 |     await expect(page.locator('button:has-text("Rice Dishes")')).toBeVisible();
      26 |     await expect(page.locator('button:has-text("Soups & Stews")')).toBeVisible();
      27 |   });
        at /Users/I590496/TKAFROKITCHEN/tk-afro-kitchen/tests/e2e/menu.spec.ts:24:65

    attachment #1: screenshot (image/png) ──────────────────────────────────────────────────────────
    ../test-results/e2e-menu-Menu-Page-should--cfe65-category-filters-on-desktop-firefox/test-failed-1.png
    ────────────────────────────────────────────────────────────────────────────────────────────────

    attachment #2: video (video/webm) ──────────────────────────────────────────────────────────────
    ../test-results/e2e-menu-Menu-Page-should--cfe65-category-filters-on-desktop-firefox/video.webm
    ────────────────────────────────────────────────────────────────────────────────────────────────

    Error Context: ../test-results/e2e-menu-Menu-Page-should--cfe65-category-filters-on-desktop-firefox/error-context.md
]]>
</failure>
<system-out>
<![CDATA[
[[ATTACHMENT|e2e-menu-Menu-Page-should--cfe65-category-filters-on-desktop-firefox/test-failed-1.png]]

[[ATTACHMENT|e2e-menu-Menu-Page-should--cfe65-category-filters-on-desktop-firefox/video.webm]]

[[ATTACHMENT|e2e-menu-Menu-Page-should--cfe65-category-filters-on-desktop-firefox/error-context.md]]
]]>
</system-out>
</testcase>
<testcase name="Menu Page › should display mobile category filter on mobile" classname="e2e/menu.spec.ts" time="1.17">
</testcase>
<testcase name="Menu Page › should filter menu items by category" classname="e2e/menu.spec.ts" time="1.87">
</testcase>
<testcase name="Menu Page › should auto-scroll to menu items on mobile category selection" classname="e2e/menu.spec.ts" time="30.164">
<failure message="menu.spec.ts:62:7 should auto-scroll to menu items on mobile category selection" type="FAILURE">
<![CDATA[  [firefox] › e2e/menu.spec.ts:62:7 › Menu Page › should auto-scroll to menu items on mobile category selection 

    Test timeout of 30000ms exceeded.

    Error: page.click: Test timeout of 30000ms exceeded.
    Call log:
      - waiting for locator('button:has-text("Rice Dishes")')
        - locator resolved to 2 elements. Proceeding with the first one: <button tabindex="0" class="px-4 sm:px-6 py-2 sm:py-3 rounded-full border transition-all duration-300 text-sm sm:text-base bg-transparent text-gray-300 border-gray-600 hover:border-orange-500 hover:text-orange-400">Rice Dishes</button>
      - attempting click action
        2 × waiting for element to be visible, enabled and stable
          - element is not visible
        - retrying click action
        - waiting 20ms
        2 × waiting for element to be visible, enabled and stable
          - element is not visible
        - retrying click action
          - waiting 100ms
        54 × waiting for element to be visible, enabled and stable
           - element is not visible
         - retrying click action
           - waiting 500ms


      68 |     
      69 |     // Click on a category in mobile filter
    > 70 |     await page.click('button:has-text("Rice Dishes")');
         |                ^
      71 |     
      72 |     // Wait for scroll animation
      73 |     await page.waitForTimeout(1000);
        at /Users/I590496/TKAFROKITCHEN/tk-afro-kitchen/tests/e2e/menu.spec.ts:70:16

    attachment #1: screenshot (image/png) ──────────────────────────────────────────────────────────
    ../test-results/e2e-menu-Menu-Page-should--fd837-n-mobile-category-selection-firefox/test-failed-1.png
    ────────────────────────────────────────────────────────────────────────────────────────────────

    attachment #2: video (video/webm) ──────────────────────────────────────────────────────────────
    ../test-results/e2e-menu-Menu-Page-should--fd837-n-mobile-category-selection-firefox/video.webm
    ────────────────────────────────────────────────────────────────────────────────────────────────

    Error Context: ../test-results/e2e-menu-Menu-Page-should--fd837-n-mobile-category-selection-firefox/error-context.md
]]>
</failure>
<system-out>
<![CDATA[
[[ATTACHMENT|e2e-menu-Menu-Page-should--fd837-n-mobile-category-selection-firefox/test-failed-1.png]]

[[ATTACHMENT|e2e-menu-Menu-Page-should--fd837-n-mobile-category-selection-firefox/video.webm]]

[[ATTACHMENT|e2e-menu-Menu-Page-should--fd837-n-mobile-category-selection-firefox/error-context.md]]
]]>
</system-out>
</testcase>
<testcase name="Menu Page › should display menu items with correct information" classname="e2e/menu.spec.ts" time="6.162">
<failure message="menu.spec.ts:80:7 should display menu items with correct information" type="FAILURE">
<![CDATA[  [firefox] › e2e/menu.spec.ts:80:7 › Menu Page › should display menu items with correct information 

    Error: Timed out 5000ms waiting for expect(locator).toBeVisible()

    Locator: locator('.menu-item, [data-testid="menu-item"]').first()
    Expected: visible
    Received: <element(s) not found>
    Call log:
      - Expect "toBeVisible" with timeout 5000ms
      - waiting for locator('.menu-item, [data-testid="menu-item"]').first()


      81 |     // Check for menu items
      82 |     const menuItems = page.locator('.menu-item, [data-testid="menu-item"]');
    > 83 |     await expect(menuItems.first()).toBeVisible();
         |                                     ^
      84 |     
      85 |     // Check item structure
      86 |     const firstItem = menuItems.first();
        at /Users/I590496/TKAFROKITCHEN/tk-afro-kitchen/tests/e2e/menu.spec.ts:83:37

    attachment #1: screenshot (image/png) ──────────────────────────────────────────────────────────
    ../test-results/e2e-menu-Menu-Page-should--3df41-ms-with-correct-information-firefox/test-failed-1.png
    ────────────────────────────────────────────────────────────────────────────────────────────────

    attachment #2: video (video/webm) ──────────────────────────────────────────────────────────────
    ../test-results/e2e-menu-Menu-Page-should--3df41-ms-with-correct-information-firefox/video.webm
    ────────────────────────────────────────────────────────────────────────────────────────────────

    Error Context: ../test-results/e2e-menu-Menu-Page-should--3df41-ms-with-correct-information-firefox/error-context.md
]]>
</failure>
<system-out>
<![CDATA[
[[ATTACHMENT|e2e-menu-Menu-Page-should--3df41-ms-with-correct-information-firefox/test-failed-1.png]]

[[ATTACHMENT|e2e-menu-Menu-Page-should--3df41-ms-with-correct-information-firefox/video.webm]]

[[ATTACHMENT|e2e-menu-Menu-Page-should--3df41-ms-with-correct-information-firefox/error-context.md]]
]]>
</system-out>
</testcase>
<testcase name="Menu Page › should display prices for menu items" classname="e2e/menu.spec.ts" time="5.579">
<failure message="menu.spec.ts:92:7 should display prices for menu items" type="FAILURE">
<![CDATA[  [firefox] › e2e/menu.spec.ts:92:7 › Menu Page › should display prices for menu items ─────────────

    Error: Timed out 5000ms waiting for expect(locator).toBeVisible()

    Locator: locator('.price, [data-testid="price"]').first()
    Expected: visible
    Received: <element(s) not found>
    Call log:
      - Expect "toBeVisible" with timeout 5000ms
      - waiting for locator('.price, [data-testid="price"]').first()


      93 |     // Check for price elements
      94 |     const prices = page.locator('.price, [data-testid="price"]');
    > 95 |     await expect(prices.first()).toBeVisible();
         |                                  ^
      96 |     
      97 |     // Check price format (should contain £ symbol)
      98 |     const firstPrice = await prices.first().textContent();
        at /Users/I590496/TKAFROKITCHEN/tk-afro-kitchen/tests/e2e/menu.spec.ts:95:34

    attachment #1: screenshot (image/png) ──────────────────────────────────────────────────────────
    ../test-results/e2e-menu-Menu-Page-should-display-prices-for-menu-items-firefox/test-failed-1.png
    ────────────────────────────────────────────────────────────────────────────────────────────────

    attachment #2: video (video/webm) ──────────────────────────────────────────────────────────────
    ../test-results/e2e-menu-Menu-Page-should-display-prices-for-menu-items-firefox/video.webm
    ────────────────────────────────────────────────────────────────────────────────────────────────

    Error Context: ../test-results/e2e-menu-Menu-Page-should-display-prices-for-menu-items-firefox/error-context.md
]]>
</failure>
<system-out>
<![CDATA[
[[ATTACHMENT|e2e-menu-Menu-Page-should-display-prices-for-menu-items-firefox/test-failed-1.png]]

[[ATTACHMENT|e2e-menu-Menu-Page-should-display-prices-for-menu-items-firefox/video.webm]]

[[ATTACHMENT|e2e-menu-Menu-Page-should-display-prices-for-menu-items-firefox/error-context.md]]
]]>
</system-out>
</testcase>
<testcase name="Menu Page › should have working search functionality" classname="e2e/menu.spec.ts" time="6.155">
<failure message="menu.spec.ts:102:7 should have working search functionality" type="FAILURE">
<![CDATA[  [firefox] › e2e/menu.spec.ts:102:7 › Menu Page › should have working search functionality ────────

    Error: Timed out 5000ms waiting for expect(locator).toBeVisible()

    Locator: locator('.menu-item, [data-testid="menu-item"]').first()
    Expected: visible
    Received: <element(s) not found>
    Call log:
      - Expect "toBeVisible" with timeout 5000ms
      - waiting for locator('.menu-item, [data-testid="menu-item"]').first()


      116 |     // Check that results are filtered
      117 |     const results = page.locator('.menu-item, [data-testid="menu-item"]');
    > 118 |     await expect(results.first()).toBeVisible();
          |                                   ^
      119 |   });
      120 |
      121 |   test('should display size options for menu items', async ({ page }) => {
        at /Users/I590496/TKAFROKITCHEN/tk-afro-kitchen/tests/e2e/menu.spec.ts:118:35

    attachment #1: screenshot (image/png) ──────────────────────────────────────────────────────────
    ../test-results/e2e-menu-Menu-Page-should-have-working-search-functionality-firefox/test-failed-1.png
    ────────────────────────────────────────────────────────────────────────────────────────────────

    attachment #2: video (video/webm) ──────────────────────────────────────────────────────────────
    ../test-results/e2e-menu-Menu-Page-should-have-working-search-functionality-firefox/video.webm
    ────────────────────────────────────────────────────────────────────────────────────────────────

    Error Context: ../test-results/e2e-menu-Menu-Page-should-have-working-search-functionality-firefox/error-context.md
]]>
</failure>
<system-out>
<![CDATA[
[[ATTACHMENT|e2e-menu-Menu-Page-should-have-working-search-functionality-firefox/test-failed-1.png]]

[[ATTACHMENT|e2e-menu-Menu-Page-should-have-working-search-functionality-firefox/video.webm]]

[[ATTACHMENT|e2e-menu-Menu-Page-should-have-working-search-functionality-firefox/error-context.md]]
]]>
</system-out>
</testcase>
<testcase name="Menu Page › should display size options for menu items" classname="e2e/menu.spec.ts" time="0.976">
</testcase>
<testcase name="Menu Page › should have add to cart functionality" classname="e2e/menu.spec.ts" time="1.063">
</testcase>
<testcase name="Menu Page › should handle empty search results gracefully" classname="e2e/menu.spec.ts" time="1.039">
</testcase>
<testcase name="Menu Page › should maintain filter state on page refresh" classname="e2e/menu.spec.ts" time="1.101">
<failure message="menu.spec.ts:155:7 should maintain filter state on page refresh" type="FAILURE">
<![CDATA[  [firefox] › e2e/menu.spec.ts:155:7 › Menu Page › should maintain filter state on page refresh ────

    Error: expect.toHaveClass: Error: strict mode violation: locator('button:has-text("Rice Dishes")') resolved to 2 elements:
        1) <button tabindex="0" class="px-4 sm:px-6 py-2 sm:py-3 rounded-full border transition-all duration-300 text-sm sm:text-base bg-transparent text-gray-300 border-gray-600 hover:border-orange-500 hover:text-orange-400">Rice Dishes</button> aka getByRole('button', { name: 'Rice Dishes' })
        2) <button class="relative w-32 h-20 rounded-xl border-2 transition-all duration-300 flex flex-col items-center justify-center overflow-hidden bg-white/10 border-white/20 text-gray-300 hover:border-orange-500/50 hover:text-orange-400">…</button> aka getByText('🍚Rice Dishes')

    Call log:
      - Expect "toHaveClass" with timeout 5000ms
      - waiting for locator('button:has-text("Rice Dishes")')


      164 |     
      165 |     // Check that the category is still selected
    > 166 |     await expect(page.locator('button:has-text("Rice Dishes")')).toHaveClass(/selected|active/);
          |                                                                  ^
      167 |   });
      168 |
      169 |   test('should have responsive design on different screen sizes', async ({ page }) => {
        at /Users/I590496/TKAFROKITCHEN/tk-afro-kitchen/tests/e2e/menu.spec.ts:166:66

    attachment #1: screenshot (image/png) ──────────────────────────────────────────────────────────
    ../test-results/e2e-menu-Menu-Page-should--25743-ilter-state-on-page-refresh-firefox/test-failed-1.png
    ────────────────────────────────────────────────────────────────────────────────────────────────

    attachment #2: video (video/webm) ──────────────────────────────────────────────────────────────
    ../test-results/e2e-menu-Menu-Page-should--25743-ilter-state-on-page-refresh-firefox/video.webm
    ────────────────────────────────────────────────────────────────────────────────────────────────

    Error Context: ../test-results/e2e-menu-Menu-Page-should--25743-ilter-state-on-page-refresh-firefox/error-context.md
]]>
</failure>
<system-out>
<![CDATA[
[[ATTACHMENT|e2e-menu-Menu-Page-should--25743-ilter-state-on-page-refresh-firefox/test-failed-1.png]]

[[ATTACHMENT|e2e-menu-Menu-Page-should--25743-ilter-state-on-page-refresh-firefox/video.webm]]

[[ATTACHMENT|e2e-menu-Menu-Page-should--25743-ilter-state-on-page-refresh-firefox/error-context.md]]
]]>
</system-out>
</testcase>
<testcase name="Menu Page › should have responsive design on different screen sizes" classname="e2e/menu.spec.ts" time="0.706">
<failure message="menu.spec.ts:169:7 should have responsive design on different screen sizes" type="FAILURE">
<![CDATA[  [firefox] › e2e/menu.spec.ts:169:7 › Menu Page › should have responsive design on different screen sizes 

    Error: expect.toBeVisible: Error: strict mode violation: locator('nav') resolved to 3 elements:
        1) <nav class="flex items-center space-x-4">…</nav> aka getByText('AboutFAQContact')
        2) <nav class="hidden md:flex items-center space-x-6">…</nav> aka getByText('MenuPricingFrozenCatering')
        3) <nav class="fixed bottom-0 left-0 right-0 z-50 md:hidden">…</nav> aka locator('nav').filter({ hasText: 'HomeMenuFrozenCateringCart' })

    Call log:
      - Expect "toBeVisible" with timeout 5000ms
      - waiting for locator('nav')


      170 |     // Test desktop
      171 |     await page.setViewportSize({ width: 1280, height: 720 });
    > 172 |     await expect(page.locator('nav')).toBeVisible();
          |                                       ^
      173 |     
      174 |     // Test tablet
      175 |     await page.setViewportSize({ width: 768, height: 1024 });
        at /Users/I590496/TKAFROKITCHEN/tk-afro-kitchen/tests/e2e/menu.spec.ts:172:39

    attachment #1: screenshot (image/png) ──────────────────────────────────────────────────────────
    ../test-results/e2e-menu-Menu-Page-should--c6122-n-on-different-screen-sizes-firefox/test-failed-1.png
    ────────────────────────────────────────────────────────────────────────────────────────────────

    attachment #2: video (video/webm) ──────────────────────────────────────────────────────────────
    ../test-results/e2e-menu-Menu-Page-should--c6122-n-on-different-screen-sizes-firefox/video.webm
    ────────────────────────────────────────────────────────────────────────────────────────────────

    Error Context: ../test-results/e2e-menu-Menu-Page-should--c6122-n-on-different-screen-sizes-firefox/error-context.md
]]>
</failure>
<system-out>
<![CDATA[
[[ATTACHMENT|e2e-menu-Menu-Page-should--c6122-n-on-different-screen-sizes-firefox/test-failed-1.png]]

[[ATTACHMENT|e2e-menu-Menu-Page-should--c6122-n-on-different-screen-sizes-firefox/video.webm]]

[[ATTACHMENT|e2e-menu-Menu-Page-should--c6122-n-on-different-screen-sizes-firefox/error-context.md]]
]]>
</system-out>
</testcase>
<testcase name="Menu Page › should handle mobile menu toggle correctly" classname="e2e/menu.spec.ts" time="1.136">
</testcase>
<testcase name="Menu Page › should display loading states correctly" classname="e2e/menu.spec.ts" time="1.153">
</testcase>
<testcase name="Menu Page › should handle network errors gracefully" classname="e2e/menu.spec.ts" time="1.416">
</testcase>
</testsuite>
<testsuite name="e2e/mock-payment-flow.spec.ts" timestamp="2025-07-20T10:35:55.243Z" hostname="firefox" tests="4" failures="2" skipped="0" time="48.603" errors="0">
<testcase name="Mock Payment Flow - Bypassing Cart Issues › should complete mock payment flow with card payment" classname="e2e/mock-payment-flow.spec.ts" time="14.005">
<failure message="mock-payment-flow.spec.ts:41:7 should complete mock payment flow with card payment" type="FAILURE">
<![CDATA[  [firefox] › e2e/mock-payment-flow.spec.ts:41:7 › Mock Payment Flow - Bypassing Cart Issues › should complete mock payment flow with card payment 

    Error: locator.count: Unexpected token "=" while parsing css selector "[class*="success"], [class*="green"], text=Payment Successful, text=Order Confirmed". Did you mean to CSS.escape it?

      218 |       // Look for success banners or states on current page
      219 |       const successBanner = page.locator('[class*="success"], [class*="green"], text=Payment Successful, text=Order Confirmed');
    > 220 |       if (await successBanner.count() > 0) {
          |                               ^
      221 |         console.log('✅ Success banner found on current page');
      222 |       }
      223 |       
        at /Users/I590496/TKAFROKITCHEN/tk-afro-kitchen/tests/e2e/mock-payment-flow.spec.ts:220:31

    attachment #1: screenshot (image/png) ──────────────────────────────────────────────────────────
    ../test-results/e2e-mock-payment-flow-Mock-3b853-ment-flow-with-card-payment-firefox/test-failed-1.png
    ────────────────────────────────────────────────────────────────────────────────────────────────

    attachment #2: video (video/webm) ──────────────────────────────────────────────────────────────
    ../test-results/e2e-mock-payment-flow-Mock-3b853-ment-flow-with-card-payment-firefox/video.webm
    ────────────────────────────────────────────────────────────────────────────────────────────────

    Error Context: ../test-results/e2e-mock-payment-flow-Mock-3b853-ment-flow-with-card-payment-firefox/error-context.md
]]>
</failure>
<system-out>
<![CDATA[🚀 Starting mock payment flow test
🛍️ Step 1: Navigate to checkout with mock cart
Current URL: https://tkafrokitchen.com/menu
⚠️ Still redirected - will test checkout components directly
📝 Step 2: Fill delivery details
⚠️ Field fullName not found or not visible
⚠️ Field email not found or not visible
⚠️ Field phone not found or not visible
⚠️ Field address not found or not visible
⚠️ Field city not found or not visible
⚠️ Field postcode not found or not visible
💳 Step 3: Proceed to payment step
⚠️ Continue button not found - may already be on payment step
💳 Step 4: Select card payment method
⚠️ Card payment button not found - checking for existing payment form
🔢 Step 5: Fill payment details
🔧 Looking for mock payment fields
✅ Step 6: Submit payment
Found payment submit button
✅ Payment submitted
🎉 Step 7: Check for success state
Final URL: https://tkafrokitchen.com/pricing
⚠️ Not redirected to success page - checking for success indicators

[[ATTACHMENT|e2e-mock-payment-flow-Mock-3b853-ment-flow-with-card-payment-firefox/test-failed-1.png]]

[[ATTACHMENT|e2e-mock-payment-flow-Mock-3b853-ment-flow-with-card-payment-firefox/video.webm]]

[[ATTACHMENT|e2e-mock-payment-flow-Mock-3b853-ment-flow-with-card-payment-firefox/error-context.md]]
]]>
</system-out>
</testcase>
<testcase name="Mock Payment Flow - Bypassing Cart Issues › should test Safari-specific payment flow" classname="e2e/mock-payment-flow.spec.ts" time="2.748">
<system-out>
<![CDATA[🍎 Testing Safari-specific payment flow
🍎 Safari payment flow test completed
]]>
</system-out>
</testcase>
<testcase name="Mock Payment Flow - Bypassing Cart Issues › should test payment form validation" classname="e2e/mock-payment-flow.spec.ts" time="30.157">
<failure message="mock-payment-flow.spec.ts:312:7 should test payment form validation" type="FAILURE">
<![CDATA[  [firefox] › e2e/mock-payment-flow.spec.ts:312:7 › Mock Payment Flow - Bypassing Cart Issues › should test payment form validation 

    Test timeout of 30000ms exceeded.

    Error: page.fill: Test timeout of 30000ms exceeded.
    Call log:
      - waiting for locator('input[name="fullName"], input[id="fullName"]')


      330 |     
      331 |     // Fill some fields and leave others empty
    > 332 |     await page.fill('input[name="fullName"], input[id="fullName"]', 'Test User');
          |                ^
      333 |     await page.fill('input[name="email"], input[id="email"]', 'invalid-email');
      334 |     
      335 |     if (await continueButton.isVisible()) {
        at /Users/I590496/TKAFROKITCHEN/tk-afro-kitchen/tests/e2e/mock-payment-flow.spec.ts:332:16

    attachment #1: screenshot (image/png) ──────────────────────────────────────────────────────────
    ../test-results/e2e-mock-payment-flow-Mock-b2a23-est-payment-form-validation-firefox/test-failed-1.png
    ────────────────────────────────────────────────────────────────────────────────────────────────

    attachment #2: video (video/webm) ──────────────────────────────────────────────────────────────
    ../test-results/e2e-mock-payment-flow-Mock-b2a23-est-payment-form-validation-firefox/video.webm
    ────────────────────────────────────────────────────────────────────────────────────────────────

    Error Context: ../test-results/e2e-mock-payment-flow-Mock-b2a23-est-payment-form-validation-firefox/error-context.md
]]>
</failure>
<system-out>
<![CDATA[📝 Testing payment form validation

[[ATTACHMENT|e2e-mock-payment-flow-Mock-b2a23-est-payment-form-validation-firefox/test-failed-1.png]]

[[ATTACHMENT|e2e-mock-payment-flow-Mock-b2a23-est-payment-form-validation-firefox/video.webm]]

[[ATTACHMENT|e2e-mock-payment-flow-Mock-b2a23-est-payment-form-validation-firefox/error-context.md]]
]]>
</system-out>
</testcase>
<testcase name="Mock Payment Flow - Bypassing Cart Issues › should test order summary display" classname="e2e/mock-payment-flow.spec.ts" time="1.693">
<system-out>
<![CDATA[📊 Testing order summary display
📊 Order summary test completed
]]>
</system-out>
</testcase>
</testsuite>
<testsuite name="e2e/payment-components-test.spec.ts" timestamp="2025-07-20T10:35:55.243Z" hostname="firefox" tests="6" failures="1" skipped="0" time="44.196" errors="0">
<testcase name="Payment Components Test - Direct Component Testing › should test payment components on success page directly" classname="e2e/payment-components-test.spec.ts" time="1.159">
<system-out>
<![CDATA[🎯 Testing success page components directly
✅ Found success element: text=Success
✅ Found success element: text=Successful
✅ Found success element: text=Confirmed
✅ Found success element: text=Thank you
✅ Found success element: text=Order
✅ Found success element: text=£25.99
✅ Found success element: text=TEST123
Current URL: https://tkafrokitchen.com/success?orderId=TEST123&amount=25.99&method=card&timestamp=1234567890
]]>
</system-out>
</testcase>
<testcase name="Payment Components Test - Direct Component Testing › should test Stripe payment integration with mock setup" classname="e2e/payment-components-test.spec.ts" time="1.346">
<system-out>
<![CDATA[💳 Testing Stripe payment integration
Checkout URL: https://tkafrokitchen.com/menu
⚠️ Redirected to menu - testing Stripe components on menu page
Found 1 Stripe iframes on page
✅ Stripe is loading even on menu page
]]>
</system-out>
</testcase>
<testcase name="Payment Components Test - Direct Component Testing › should test card payment flow with manual checkout setup" classname="e2e/payment-components-test.spec.ts" time="9.236">
<system-out>
<![CDATA[🔧 Testing manual checkout setup
Attempt 1: Accessing checkout
Attempt 1 URL: https://tkafrokitchen.com/menu
Attempt 2: Accessing checkout
Attempt 2 URL: https://tkafrokitchen.com/menu
Attempt 3: Accessing checkout
Attempt 3 URL: https://tkafrokitchen.com/menu
⚠️ All attempts failed - cart persistence issue confirmed
🔄 Testing payment components indirectly
✅ Stripe script found
Found 0 payment-related elements
]]>
</system-out>
</testcase>
<testcase name="Payment Components Test - Direct Component Testing › should simulate card payment success flow" classname="e2e/payment-components-test.spec.ts" time="1.117">
<system-out>
<![CDATA[🎉 Simulating card payment success flow
Success URL: /success?orderId=CARD_TEST_1753008052921&amount=29.99&method=card&customerEmail=test%40example.com&customerName=Card+Test+User&timestamp=1753008052921&paymentId=pi_test_card_payment&safari=false
✅ Payment amount found
⚠️ Customer email not found
⚠️ Customer name not found
⚠️ Success message not found
✅ Card payment success flow test completed
]]>
</system-out>
</testcase>
<testcase name="Payment Components Test - Direct Component Testing › should test Safari payment success flow" classname="e2e/payment-components-test.spec.ts" time="1.271">
<system-out>
<![CDATA[🍎 Simulating Safari payment success flow
Safari Success URL: /success?orderId=SAFARI_TEST_1753008053673&amount=19.99&method=paypal&customerEmail=safari.test%40example.com&customerName=Safari+Test+User&timestamp=1753008053673&paymentId=paypal_safari_test&safari=true
⚠️ PayPal payment method not found
✅ Safari-specific text found
✅ PayPal amount found
⚠️ Safari-specific elements not found
🍎 Safari payment success flow test completed
]]>
</system-out>
</testcase>
<testcase name="Payment Components Test - Direct Component Testing › should validate payment form field behavior" classname="e2e/payment-components-test.spec.ts" time="30.067">
<failure message="payment-components-test.spec.ts:233:7 should validate payment form field behavior" type="FAILURE">
<![CDATA[  [firefox] › e2e/payment-components-test.spec.ts:233:7 › Payment Components Test - Direct Component Testing › should validate payment form field behavior 

    Test timeout of 30000ms exceeded.

    Error: page.waitForLoadState: Test timeout of 30000ms exceeded.

      274 |     // Set the HTML content
      275 |     await page.setContent(testFormHtml);
    > 276 |     await page.waitForLoadState('networkidle');
          |                ^
      277 |     
      278 |     // Test form field interactions
      279 |     const testData = {
        at /Users/I590496/TKAFROKITCHEN/tk-afro-kitchen/tests/e2e/payment-components-test.spec.ts:276:16

    attachment #1: screenshot (image/png) ──────────────────────────────────────────────────────────
    ../test-results/e2e-payment-components-tes-f8c49-payment-form-field-behavior-firefox/test-failed-1.png
    ────────────────────────────────────────────────────────────────────────────────────────────────

    attachment #2: video (video/webm) ──────────────────────────────────────────────────────────────
    ../test-results/e2e-payment-components-tes-f8c49-payment-form-field-behavior-firefox/video.webm
    ────────────────────────────────────────────────────────────────────────────────────────────────

    Error Context: ../test-results/e2e-payment-components-tes-f8c49-payment-form-field-behavior-firefox/error-context.md
]]>
</failure>
<system-out>
<![CDATA[📝 Testing payment form field behavior

[[ATTACHMENT|e2e-payment-components-tes-f8c49-payment-form-field-behavior-firefox/test-failed-1.png]]

[[ATTACHMENT|e2e-payment-components-tes-f8c49-payment-form-field-behavior-firefox/video.webm]]

[[ATTACHMENT|e2e-payment-components-tes-f8c49-payment-form-field-behavior-firefox/error-context.md]]
]]>
</system-out>
</testcase>
</testsuite>
<testsuite name="e2e/payment-flow-debug.spec.ts" timestamp="2025-07-20T10:35:55.243Z" hostname="firefox" tests="5" failures="1" skipped="0" time="10.888" errors="0">
<testcase name="Payment Flow Debug - Step by Step › should navigate to menu page" classname="e2e/payment-flow-debug.spec.ts" time="2.202">
<failure message="payment-flow-debug.spec.ts:5:7 should navigate to menu page" type="FAILURE">
<![CDATA[  [firefox] › e2e/payment-flow-debug.spec.ts:5:7 › Payment Flow Debug - Step by Step › should navigate to menu page 

    Error: expect.toBeVisible: Error: strict mode violation: locator('a[href="/menu"]') resolved to 18 elements:
        1) <a href="/menu" class="nav-link">Menu</a> aka getByRole('banner').getByRole('link', { name: 'Menu' })
        2) <a href="/menu" class="hidden md:flex inline-flex items-center justify-center gap-2 whitespace-nowrap rounded-md text-sm font-medium transition-all h-9 px-4 py-2 bg-gradient-to-r from-orange-500 to-yellow-500 hover:from-orange-600 hover:to-yellow-600 text-white">Order Now</a> aka getByRole('banner').getByRole('link', { name: 'Order Now' })
        3) <a href="/menu" class="inline-flex items-center justify-center gap-1 sm:gap-2 whitespace-nowrap rounded-md text-xs sm:text-sm font-medium transition-all h-7 sm:h-9 px-2 sm:px-4 py-1 sm:py-2 bg-white/20 backdrop-blur-sm hover:bg-white/30 text-white border border-white/30 hover:border-white/50">…</a> aka getByText('Order NowOrder')
        4) <a href="/menu">…</a> aka getByRole('link', { name: 'Explore Our Menu' })
        5) <a href="/menu" data-slot="button" class="inline-flex items-center justify-center gap-2 whitespace-nowrap text-sm font-medium transition-all disabled:pointer-events-none disabled:opacity-50 [&_svg]:pointer-events-none [&_svg:not([class*='size-'])]:size-4 shrink-0 [&_svg]:shrink-0 outline-none focus-visible:border-ring focus-visible:ring-ring/50 focus-visible:ring-[3px] aria-invalid:ring-destructive/20 dark:aria-invalid:ring-destructive/40 aria-invalid:border-destructive text-primary-foreground sh…>View Our Menu</a> aka getByRole('link', { name: 'View Our Menu' })
        6) <a href="/menu" data-slot="button" class="inline-flex items-center justify-center whitespace-nowrap text-sm font-medium transition-all disabled:pointer-events-none disabled:opacity-50 [&_svg]:pointer-events-none [&_svg:not([class*='size-'])]:size-4 [&_svg]:shrink-0 outline-none focus-visible:border-ring focus-visible:ring-ring/50 focus-visible:ring-[3px] aria-invalid:ring-destructive/20 dark:aria-invalid:ring-destructive/40 aria-invalid:border-destructive text-primary-foreground shadow-xs hover:b…>…</a> aka getByRole('link', { name: 'Add to Cart' }).first()
        7) <a href="/menu" data-slot="button" class="inline-flex items-center justify-center whitespace-nowrap text-sm font-medium transition-all disabled:pointer-events-none disabled:opacity-50 [&_svg]:pointer-events-none [&_svg:not([class*='size-'])]:size-4 shrink-0 [&_svg]:shrink-0 outline-none focus-visible:border-ring focus-visible:ring-ring/50 focus-visible:ring-[3px] aria-invalid:ring-destructive/20 dark:aria-invalid:ring-destructive/40 aria-invalid:border-destructive border bg-background shadow-xs d…>…</a> aka getByRole('main').getByRole('link').filter({ hasText: /^$/ }).first()
        8) <a href="/menu" data-slot="button" class="inline-flex items-center justify-center whitespace-nowrap text-sm font-medium transition-all disabled:pointer-events-none disabled:opacity-50 [&_svg]:pointer-events-none [&_svg:not([class*='size-'])]:size-4 [&_svg]:shrink-0 outline-none focus-visible:border-ring focus-visible:ring-ring/50 focus-visible:ring-[3px] aria-invalid:ring-destructive/20 dark:aria-invalid:ring-destructive/40 aria-invalid:border-destructive text-primary-foreground shadow-xs hover:b…>…</a> aka getByRole('link', { name: 'Add to Cart' }).nth(1)
        9) <a href="/menu" data-slot="button" class="inline-flex items-center justify-center whitespace-nowrap text-sm font-medium transition-all disabled:pointer-events-none disabled:opacity-50 [&_svg]:pointer-events-none [&_svg:not([class*='size-'])]:size-4 shrink-0 [&_svg]:shrink-0 outline-none focus-visible:border-ring focus-visible:ring-ring/50 focus-visible:ring-[3px] aria-invalid:ring-destructive/20 dark:aria-invalid:ring-destructive/40 aria-invalid:border-destructive border bg-background shadow-xs d…>…</a> aka getByRole('main').getByRole('link').filter({ hasText: /^$/ }).nth(1)
        10) <a href="/menu" data-slot="button" class="inline-flex items-center justify-center whitespace-nowrap text-sm font-medium transition-all disabled:pointer-events-none disabled:opacity-50 [&_svg]:pointer-events-none [&_svg:not([class*='size-'])]:size-4 [&_svg]:shrink-0 outline-none focus-visible:border-ring focus-visible:ring-ring/50 focus-visible:ring-[3px] aria-invalid:ring-destructive/20 dark:aria-invalid:ring-destructive/40 aria-invalid:border-destructive text-primary-foreground shadow-xs hover:b…>…</a> aka getByRole('link', { name: 'Add to Cart' }).nth(2)
        ...

    Call log:
      - Expect "toBeVisible" with timeout 5000ms
      - waiting for locator('a[href="/menu"]')


      13 |     // Check if menu link exists
      14 |     const menuLink = page.locator('a[href="/menu"]');
    > 15 |     await expect(menuLink).toBeVisible();
         |                            ^
      16 |     console.log('✅ Menu link found');
      17 |     
      18 |     // Click menu link
        at /Users/I590496/TKAFROKITCHEN/tk-afro-kitchen/tests/e2e/payment-flow-debug.spec.ts:15:28

    attachment #1: screenshot (image/png) ──────────────────────────────────────────────────────────
    ../test-results/e2e-payment-flow-debug-Pay-f4071-hould-navigate-to-menu-page-firefox/test-failed-1.png
    ────────────────────────────────────────────────────────────────────────────────────────────────

    attachment #2: video (video/webm) ──────────────────────────────────────────────────────────────
    ../test-results/e2e-payment-flow-debug-Pay-f4071-hould-navigate-to-menu-page-firefox/video.webm
    ────────────────────────────────────────────────────────────────────────────────────────────────

    Error Context: ../test-results/e2e-payment-flow-debug-Pay-f4071-hould-navigate-to-menu-page-firefox/error-context.md
]]>
</failure>
<system-out>
<![CDATA[
[[ATTACHMENT|e2e-payment-flow-debug-Pay-f4071-hould-navigate-to-menu-page-firefox/test-failed-1.png]]

[[ATTACHMENT|e2e-payment-flow-debug-Pay-f4071-hould-navigate-to-menu-page-firefox/video.webm]]

[[ATTACHMENT|e2e-payment-flow-debug-Pay-f4071-hould-navigate-to-menu-page-firefox/error-context.md]]
]]>
</system-out>
</testcase>
<testcase name="Payment Flow Debug - Step by Step › should find menu items on menu page" classname="e2e/payment-flow-debug.spec.ts" time="3.927">
<system-out>
<![CDATA[Found 94 potential menu cards
First card text: Jollof RiceOur signature Jollof rice cooked with rich tomato sauce and aromatic spicesFrom £35.003 s
✅ Successfully clicked first menu item
]]>
</system-out>
</testcase>
<testcase name="Payment Flow Debug - Step by Step › should find and use cart functionality" classname="e2e/payment-flow-debug.spec.ts" time="2.127">
<system-out>
<![CDATA[Found 1 potential cart buttons in header
✅ Cart button found in header
✅ Cart button clicked
Found 0 "Add to Cart" buttons
]]>
</system-out>
</testcase>
<testcase name="Payment Flow Debug - Step by Step › should access checkout page directly" classname="e2e/payment-flow-debug.spec.ts" time="1.297">
<system-out>
<![CDATA[Current URL after checkout navigation: https://tkafrokitchen.com/menu
❌ Redirected from checkout (likely due to empty cart)
]]>
</system-out>
</testcase>
<testcase name="Payment Flow Debug - Step by Step › should find payment components" classname="e2e/payment-flow-debug.spec.ts" time="1.335">
<system-out>
<![CDATA[Found 0 payment method options
Found 1 Stripe iframes
]]>
</system-out>
</testcase>
</testsuite>
<testsuite name="e2e/safari-checkout-verification.spec.ts" timestamp="2025-07-20T10:35:55.243Z" hostname="firefox" tests="3" failures="1" skipped="0" time="20.133" errors="0">
<testcase name="Safari Checkout Verification - End to End › should verify Safari checkout to success flow without menu revert" classname="e2e/safari-checkout-verification.spec.ts" time="7.324">
<system-out>
<![CDATA[🍎 Verifying complete Safari checkout to success flow
🛒 Step 1: Simulating successful Safari payment
🎯 Step 2: Navigating to Safari success page
Safari Success URL: /success?orderId=SAFARI_1753008063781&amount=24.99&method=paypal&customerEmail=safari.user%40test.com&customerName=Safari+Test+User&timestamp=1753008063781&paymentId=paypal_safari_1753008063781&safari=true&items=%5B%7B%22id%22%3A%22jollof-rice%22%2C%22name%22%3A%22Jollof+Rice%22%2C%22quantity%22%3A1%2C%22price%22%3A12.99%2C%22selectedSize%22%3A%7B%22size%22%3A%22Medium%22%2C%22price%22%3A12.99%7D%7D%2C%7B%22id%22%3A%22plantain%22%2C%22name%22%3A%22Sweet+Plantain%22%2C%22quantity%22%3A1%2C%22price%22%3A11.99%2C%22selectedSize%22%3A%7B%22size%22%3A%22Large%22%2C%22price%22%3A11.99%7D%7D%5D&deliveryDetails=%7B%22fullName%22%3A%22Safari+Test+User%22%2C%22email%22%3A%22safari.user%40test.com%22%2C%22phone%22%3A%2207123456789%22%2C%22address%22%3A%22123+Safari+Street%22%2C%22city%22%3A%22London%22%2C%22postcode%22%3A%22SW1A+1AA%22%7D
Current URL after navigation: https://tkafrokitchen.com/success?orderId=SAFARI_1753008063781&amount=24.99&method=paypal&customerEmail=safari.user%40test.com&customerName=Safari+Test+User&timestamp=1753008063781&paymentId=paypal_safari_1753008063781&safari=true&items=%5B%7B%22id%22%3A%22jollof-rice%22%2C%22name%22%3A%22Jollof+Rice%22%2C%22quantity%22%3A1%2C%22price%22%3A12.99%2C%22selectedSize%22%3A%7B%22size%22%3A%22Medium%22%2C%22price%22%3A12.99%7D%7D%2C%7B%22id%22%3A%22plantain%22%2C%22name%22%3A%22Sweet+Plantain%22%2C%22quantity%22%3A1%2C%22price%22%3A11.99%2C%22selectedSize%22%3A%7B%22size%22%3A%22Large%22%2C%22price%22%3A11.99%7D%7D%5D&deliveryDetails=%7B%22fullName%22%3A%22Safari+Test+User%22%2C%22email%22%3A%22safari.user%40test.com%22%2C%22phone%22%3A%2207123456789%22%2C%22address%22%3A%22123+Safari+Street%22%2C%22city%22%3A%22London%22%2C%22postcode%22%3A%22SW1A+1AA%22%7D
✅ Step 3: Verifying no menu revert
✅ SUCCESS: Stayed on success page, no menu revert!
🔍 Step 4: Verifying Safari success content
⚠️ Success message not found (may not be implemented yet)
✅ Payment amount found
✅ Order ID found
⚠️ Customer email not found (may not be implemented yet)
⚠️ PayPal payment method not found (may not be implemented yet)
⚠️ Customer name not found (may not be implemented yet)
🔄 Step 5: Testing Safari navigation handling
Found 0 navigation buttons
🛡️ Step 6: Testing Safari redirect prevention
✅ SUCCESS: Safari redirect prevention working - stayed on success page
🎉 Safari checkout verification completed successfully!
]]>
</system-out>
</testcase>
<testcase name="Safari Checkout Verification - End to End › should verify Safari payment handler integration" classname="e2e/safari-checkout-verification.spec.ts" time="0.672">
<failure message="safari-checkout-verification.spec.ts:147:7 should verify Safari payment handler integration" type="FAILURE">
<![CDATA[  [firefox] › e2e/safari-checkout-verification.spec.ts:147:7 › Safari Checkout Verification - End to End › should verify Safari payment handler integration 

    Error: page.evaluate: window.SafariPaymentHandler is not a constructor
    @debugger eval code line 291 > eval:2:23
    evaluate@debugger eval code:293:16
    @debugger eval code:1:44

        at @debugger eval code line 291 > eval:2:23
        at evaluate@debugger eval code:293:16
        at @debugger eval code:1:44
        at /Users/I590496/TKAFROKITCHEN/tk-afro-kitchen/tests/e2e/safari-checkout-verification.spec.ts:178:35

    attachment #1: screenshot (image/png) ──────────────────────────────────────────────────────────
    ../test-results/e2e-safari-checkout-verifi-a0c92-payment-handler-integration-firefox/test-failed-1.png
    ────────────────────────────────────────────────────────────────────────────────────────────────

    attachment #2: video (video/webm) ──────────────────────────────────────────────────────────────
    ../test-results/e2e-safari-checkout-verifi-a0c92-payment-handler-integration-firefox/video.webm
    ────────────────────────────────────────────────────────────────────────────────────────────────
]]>
</failure>
<system-out>
<![CDATA[🔧 Verifying Safari payment handler integration

[[ATTACHMENT|e2e-safari-checkout-verifi-a0c92-payment-handler-integration-firefox/test-failed-1.png]]

[[ATTACHMENT|e2e-safari-checkout-verifi-a0c92-payment-handler-integration-firefox/video.webm]]
]]>
</system-out>
</testcase>
<testcase name="Safari Checkout Verification - End to End › should verify comprehensive Safari success scenarios" classname="e2e/safari-checkout-verification.spec.ts" time="12.137">
<system-out>
<![CDATA[📋 Testing comprehensive Safari success scenarios
🧪 Testing scenario: PayPal Safari Payment
✅ PayPal Safari Payment: Success page loaded correctly
✅ PayPal Safari Payment: Amount £29.99 displayed
✅ PayPal Safari Payment: Order ID PAYPAL_SAFARI_001 displayed
🧪 Testing scenario: Apple Pay Safari Payment
✅ Apple Pay Safari Payment: Success page loaded correctly
✅ Apple Pay Safari Payment: Amount £19.99 displayed
✅ Apple Pay Safari Payment: Order ID APPLEPAY_SAFARI_002 displayed
🧪 Testing scenario: Card Safari Payment (with delays)
✅ Card Safari Payment (with delays): Success page loaded correctly
✅ Card Safari Payment (with delays): Amount £34.99 displayed
✅ Card Safari Payment (with delays): Order ID CARD_SAFARI_003 displayed
📋 Safari scenarios testing completed
]]>
</system-out>
</testcase>
</testsuite>
<testsuite name="e2e/safari-payment.spec.ts" timestamp="2025-07-20T10:35:55.243Z" hostname="firefox" tests="7" failures="0" skipped="7" time="1.723" errors="0">
<testcase name="Safari Payment Success Flow › should detect Safari browser correctly" classname="e2e/safari-payment.spec.ts" time="0.643">
<properties>
<property name="skip" value="Safari-specific test">
</property>
</properties>
<skipped>
</skipped>
</testcase>
<testcase name="Safari Payment Success Flow › should handle Safari payment redirect correctly" classname="e2e/safari-payment.spec.ts" time="0.198">
<properties>
<property name="skip" value="Safari-specific test">
</property>
</properties>
<skipped>
</skipped>
</testcase>
<testcase name="Safari Payment Success Flow › should show Safari success banner on payment completion" classname="e2e/safari-payment.spec.ts" time="0.176">
<properties>
<property name="skip" value="Safari-specific test">
</property>
</properties>
<skipped>
</skipped>
</testcase>
<testcase name="Safari Payment Success Flow › should retrieve order details from URL parameters in Safari" classname="e2e/safari-payment.spec.ts" time="0.18">
<properties>
<property name="skip" value="Safari-specific test">
</property>
</properties>
<skipped>
</skipped>
</testcase>
<testcase name="Safari Payment Success Flow › should prevent automatic redirects from success page in Safari" classname="e2e/safari-payment.spec.ts" time="0.18">
<properties>
<property name="skip" value="Safari-specific test">
</property>
</properties>
<skipped>
</skipped>
</testcase>
<testcase name="Safari Payment Success Flow › should handle localStorage access delays in Safari" classname="e2e/safari-payment.spec.ts" time="0.167">
<properties>
<property name="skip" value="Safari-specific test">
</property>
</properties>
<skipped>
</skipped>
</testcase>
<testcase name="Safari Payment Success Flow › should show loading state before displaying success content" classname="e2e/safari-payment.spec.ts" time="0.179">
<properties>
<property name="skip" value="Safari-specific test">
</property>
</properties>
<skipped>
</skipped>
</testcase>
</testsuite>
<testsuite name="e2e/working-payment-flow.spec.ts" timestamp="2025-07-20T10:35:55.243Z" hostname="firefox" tests="2" failures="1" skipped="0" time="15.269" errors="0">
<testcase name="Working Payment Flow - Add to Cart → Card Payment → Success Page › should complete full payment flow with card payment" classname="e2e/working-payment-flow.spec.ts" time="9.984">
<failure message="working-payment-flow.spec.ts:5:7 should complete full payment flow with card payment" type="FAILURE">
<![CDATA[  [firefox] › e2e/working-payment-flow.spec.ts:5:7 › Working Payment Flow - Add to Cart → Card Payment → Success Page › should complete full payment flow with card payment 

    Error: locator.isVisible: Error: strict mode violation: locator('iframe[src*="stripe"], iframe[name*="stripe"]') resolved to 3 elements:
        1) <iframe scrolling="no" frameborder="0" role="presentation" allowtransparency="true" name="__privateStripeFrame5463" title="Secure card payment input frame" src="https://js.stripe.com/v3/elements-inner-card-b4804e456573ea7724b00214ad90dc84.html#__shared_params__[version]=basil&wait=false&mids[guid]=NA&mids[muid]=NA&mids[sid]=NA&hidePostalCode=true&style[base][fontSize]=16px&style[base][color]=%23424770&style[base][::placeholder][color]=%23aab7c4&style[base][backgroundColor]=%23ffffff&style[base][paddin…></iframe> aka locator('iframe[name="__privateStripeFrame5463"]')
        2) <iframe tabindex="-1" scrolling="no" frameborder="0" aria-hidden="true" role="presentation" allowtransparency="true" name="__privateStripeController5461" src="https://js.stripe.com/v3/controller-with-preconnect-5a125e125bbb24d882c0a6f33f679c89.html#__shared_params__[version]=basil&apiKey=pk_live_51RI9m6D7KJvDWZWcxrFaS7HOqtfxKfDVxTDtWxJ37EiQkjLSY8Ij2Jd75GZjDinEvyhPgh8DrkrzSohoao5H852g00n8mS2Eca&apiVersion=2025-03-31.basil&stripeJsId=3586d4db-bf6e-4fa8-8098-05ee4c130a32&stripeObjId=sobj-c01b6ca6-262d-49…></iframe> aka locator('iframe[name="__privateStripeController5461"]')
        3) <iframe tabindex="-1" scrolling="no" frameborder="0" aria-hidden="true" data-initialized="true" allowtransparency="true" name="hcaptcha-invisible" referrerpolicy="no-referrer" src="https://js.stripe.com/v3/hcaptcha-invisible-ca8c165ddc029076f72982d5bdfea0c0.html#debugMode=false&parentOrigin=https%3A%2F%2Ftkafrokitchen.com"></iframe> aka locator('iframe[name="hcaptcha-invisible"]')

    Call log:
        - checking visibility of locator('iframe[src*="stripe"], iframe[name*="stripe"]').contentFrame().locator('input[name="cardnumber"], input[placeholder*="card"]')


      124 |     const cardInput = stripeFrame.locator('input[name="cardnumber"], input[placeholder*="card"]');
      125 |     
    > 126 |     if (await cardInput.isVisible({ timeout: 5000 })) {
          |                         ^
      127 |       console.log('✅ Found Stripe card input');
      128 |       
      129 |       // Fill Stripe test card details
        at /Users/I590496/TKAFROKITCHEN/tk-afro-kitchen/tests/e2e/working-payment-flow.spec.ts:126:25

    attachment #1: screenshot (image/png) ──────────────────────────────────────────────────────────
    ../test-results/e2e-working-payment-flow-W-ee6f9-ment-flow-with-card-payment-firefox/test-failed-1.png
    ────────────────────────────────────────────────────────────────────────────────────────────────

    attachment #2: video (video/webm) ──────────────────────────────────────────────────────────────
    ../test-results/e2e-working-payment-flow-W-ee6f9-ment-flow-with-card-payment-firefox/video.webm
    ────────────────────────────────────────────────────────────────────────────────────────────────

    Error Context: ../test-results/e2e-working-payment-flow-W-ee6f9-ment-flow-with-card-payment-firefox/error-context.md
]]>
</failure>
<system-out>
<![CDATA[🚀 Starting complete payment flow test
📱 Step 1: Navigate to menu
🍽️ Step 2: Select menu item
🛒 Step 3: Add item to cart
✅ Item added to cart
🛍️ Step 4: Open cart and checkout
✅ Cart opened
✅ Clicked checkout button
✅ On checkout page
📝 Step 5: Fill delivery details
✅ Filled fullName: John Doe Test
✅ Filled email: john.doe.test@example.com
✅ Filled phone: 07123456789
✅ Filled address: 123 Test Street, Test Area
✅ Filled city: London
✅ Filled postcode: SW1A 1AA
✅ Proceeded to payment step
💳 Step 6: Select card payment
🔢 Step 7: Fill card details

[[ATTACHMENT|e2e-working-payment-flow-W-ee6f9-ment-flow-with-card-payment-firefox/test-failed-1.png]]

[[ATTACHMENT|e2e-working-payment-flow-W-ee6f9-ment-flow-with-card-payment-firefox/video.webm]]

[[ATTACHMENT|e2e-working-payment-flow-W-ee6f9-ment-flow-with-card-payment-firefox/error-context.md]]
]]>
</system-out>
</testcase>
<testcase name="Working Payment Flow - Add to Cart → Card Payment → Success Page › should handle Safari payment recommendations" classname="e2e/working-payment-flow.spec.ts" time="5.285">
<system-out>
<![CDATA[🍎 Testing Safari payment flow
]]>
</system-out>
</testcase>
</testsuite>
<testsuite name="mobile/mobile-navigation.spec.ts" timestamp="2025-07-20T10:35:55.243Z" hostname="firefox" tests="14" failures="14" skipped="0" time="298.288" errors="0">
<testcase name="Mobile Navigation › should display hamburger menu on mobile" classname="mobile/mobile-navigation.spec.ts" time="6.136">
<failure message="mobile-navigation.spec.ts:10:7 should display hamburger menu on mobile" type="FAILURE">
<![CDATA[  [firefox] › mobile/mobile-navigation.spec.ts:10:7 › Mobile Navigation › should display hamburger menu on mobile 

    Error: Timed out 5000ms waiting for expect(locator).toBeVisible()

    Locator: locator('button[aria-label*="menu"], .hamburger-menu, [data-testid="mobile-menu-toggle"]').first()
    Expected: visible
    Received: <element(s) not found>
    Call log:
      - Expect "toBeVisible" with timeout 5000ms
      - waiting for locator('button[aria-label*="menu"], .hamburger-menu, [data-testid="mobile-menu-toggle"]').first()


      11 |     // Check hamburger menu button is visible
      12 |     const hamburgerButton = page.locator('button[aria-label*="menu"], .hamburger-menu, [data-testid="mobile-menu-toggle"]');
    > 13 |     await expect(hamburgerButton.first()).toBeVisible();
         |                                           ^
      14 |   });
      15 |
      16 |   test('should toggle mobile menu when hamburger is clicked', async ({ page }) => {
        at /Users/I590496/TKAFROKITCHEN/tk-afro-kitchen/tests/mobile/mobile-navigation.spec.ts:13:43

    attachment #1: screenshot (image/png) ──────────────────────────────────────────────────────────
    ../test-results/mobile-mobile-navigation-M-1d5c4-ay-hamburger-menu-on-mobile-firefox/test-failed-1.png
    ────────────────────────────────────────────────────────────────────────────────────────────────

    attachment #2: video (video/webm) ──────────────────────────────────────────────────────────────
    ../test-results/mobile-mobile-navigation-M-1d5c4-ay-hamburger-menu-on-mobile-firefox/video.webm
    ────────────────────────────────────────────────────────────────────────────────────────────────

    Error Context: ../test-results/mobile-mobile-navigation-M-1d5c4-ay-hamburger-menu-on-mobile-firefox/error-context.md
]]>
</failure>
<system-out>
<![CDATA[
[[ATTACHMENT|mobile-mobile-navigation-M-1d5c4-ay-hamburger-menu-on-mobile-firefox/test-failed-1.png]]

[[ATTACHMENT|mobile-mobile-navigation-M-1d5c4-ay-hamburger-menu-on-mobile-firefox/video.webm]]

[[ATTACHMENT|mobile-mobile-navigation-M-1d5c4-ay-hamburger-menu-on-mobile-firefox/error-context.md]]
]]>
</system-out>
</testcase>
<testcase name="Mobile Navigation › should toggle mobile menu when hamburger is clicked" classname="mobile/mobile-navigation.spec.ts" time="30.162">
<failure message="mobile-navigation.spec.ts:16:7 should toggle mobile menu when hamburger is clicked" type="FAILURE">
<![CDATA[  [firefox] › mobile/mobile-navigation.spec.ts:16:7 › Mobile Navigation › should toggle mobile menu when hamburger is clicked 

    Test timeout of 30000ms exceeded.

    Error: locator.click: Test timeout of 30000ms exceeded.
    Call log:
      - waiting for locator('button[aria-label*="menu"], .hamburger-menu, [data-testid="mobile-menu-toggle"]').first()


      19 |     
      20 |     // Click hamburger menu
    > 21 |     await hamburgerButton.first().click();
         |                                   ^
      22 |     
      23 |     // Check mobile menu is visible
      24 |     const mobileMenu = page.locator('.mobile-menu, [data-testid="mobile-menu"], nav.md\\:hidden');
        at /Users/I590496/TKAFROKITCHEN/tk-afro-kitchen/tests/mobile/mobile-navigation.spec.ts:21:35

    attachment #1: screenshot (image/png) ──────────────────────────────────────────────────────────
    ../test-results/mobile-mobile-navigation-M-fbf4e-u-when-hamburger-is-clicked-firefox/test-failed-1.png
    ────────────────────────────────────────────────────────────────────────────────────────────────

    attachment #2: video (video/webm) ──────────────────────────────────────────────────────────────
    ../test-results/mobile-mobile-navigation-M-fbf4e-u-when-hamburger-is-clicked-firefox/video.webm
    ────────────────────────────────────────────────────────────────────────────────────────────────

    Error Context: ../test-results/mobile-mobile-navigation-M-fbf4e-u-when-hamburger-is-clicked-firefox/error-context.md
]]>
</failure>
<system-out>
<![CDATA[
[[ATTACHMENT|mobile-mobile-navigation-M-fbf4e-u-when-hamburger-is-clicked-firefox/test-failed-1.png]]

[[ATTACHMENT|mobile-mobile-navigation-M-fbf4e-u-when-hamburger-is-clicked-firefox/video.webm]]

[[ATTACHMENT|mobile-mobile-navigation-M-fbf4e-u-when-hamburger-is-clicked-firefox/error-context.md]]
]]>
</system-out>
</testcase>
<testcase name="Mobile Navigation › should close mobile menu when clicking outside" classname="mobile/mobile-navigation.spec.ts" time="30.13">
<failure message="mobile-navigation.spec.ts:34:7 should close mobile menu when clicking outside" type="FAILURE">
<![CDATA[  [firefox] › mobile/mobile-navigation.spec.ts:34:7 › Mobile Navigation › should close mobile menu when clicking outside 

    Test timeout of 30000ms exceeded.

    Error: locator.click: Test timeout of 30000ms exceeded.
    Call log:
      - waiting for locator('button[aria-label*="menu"], .hamburger-menu, [data-testid="mobile-menu-toggle"]').first()


      35 |     // Open mobile menu
      36 |     const hamburgerButton = page.locator('button[aria-label*="menu"], .hamburger-menu, [data-testid="mobile-menu-toggle"]');
    > 37 |     await hamburgerButton.first().click();
         |                                   ^
      38 |     
      39 |     // Click outside menu (on body)
      40 |     await page.click('body', { position: { x: 50, y: 50 } });
        at /Users/I590496/TKAFROKITCHEN/tk-afro-kitchen/tests/mobile/mobile-navigation.spec.ts:37:35

    attachment #1: screenshot (image/png) ──────────────────────────────────────────────────────────
    ../test-results/mobile-mobile-navigation-M-c3646--menu-when-clicking-outside-firefox/test-failed-1.png
    ────────────────────────────────────────────────────────────────────────────────────────────────

    attachment #2: video (video/webm) ──────────────────────────────────────────────────────────────
    ../test-results/mobile-mobile-navigation-M-c3646--menu-when-clicking-outside-firefox/video.webm
    ────────────────────────────────────────────────────────────────────────────────────────────────

    Error Context: ../test-results/mobile-mobile-navigation-M-c3646--menu-when-clicking-outside-firefox/error-context.md
]]>
</failure>
<system-out>
<![CDATA[
[[ATTACHMENT|mobile-mobile-navigation-M-c3646--menu-when-clicking-outside-firefox/test-failed-1.png]]

[[ATTACHMENT|mobile-mobile-navigation-M-c3646--menu-when-clicking-outside-firefox/video.webm]]

[[ATTACHMENT|mobile-mobile-navigation-M-c3646--menu-when-clicking-outside-firefox/error-context.md]]
]]>
</system-out>
</testcase>
<testcase name="Mobile Navigation › should close mobile menu when clicking a menu item" classname="mobile/mobile-navigation.spec.ts" time="30.191">
<failure message="mobile-navigation.spec.ts:47:7 should close mobile menu when clicking a menu item" type="FAILURE">
<![CDATA[  [firefox] › mobile/mobile-navigation.spec.ts:47:7 › Mobile Navigation › should close mobile menu when clicking a menu item 

    Test timeout of 30000ms exceeded.

    Error: locator.click: Test timeout of 30000ms exceeded.
    Call log:
      - waiting for locator('button[aria-label*="menu"], .hamburger-menu, [data-testid="mobile-menu-toggle"]').first()


      48 |     // Open mobile menu
      49 |     const hamburgerButton = page.locator('button[aria-label*="menu"], .hamburger-menu, [data-testid="mobile-menu-toggle"]');
    > 50 |     await hamburgerButton.first().click();
         |                                   ^
      51 |     
      52 |     // Click on a menu item
      53 |     await page.click('text=Menu');
        at /Users/I590496/TKAFROKITCHEN/tk-afro-kitchen/tests/mobile/mobile-navigation.spec.ts:50:35

    attachment #1: screenshot (image/png) ──────────────────────────────────────────────────────────
    ../test-results/mobile-mobile-navigation-M-c3892-u-when-clicking-a-menu-item-firefox/test-failed-1.png
    ────────────────────────────────────────────────────────────────────────────────────────────────

    attachment #2: video (video/webm) ──────────────────────────────────────────────────────────────
    ../test-results/mobile-mobile-navigation-M-c3892-u-when-clicking-a-menu-item-firefox/video.webm
    ────────────────────────────────────────────────────────────────────────────────────────────────

    Error Context: ../test-results/mobile-mobile-navigation-M-c3892-u-when-clicking-a-menu-item-firefox/error-context.md
]]>
</failure>
<system-out>
<![CDATA[
[[ATTACHMENT|mobile-mobile-navigation-M-c3892-u-when-clicking-a-menu-item-firefox/test-failed-1.png]]

[[ATTACHMENT|mobile-mobile-navigation-M-c3892-u-when-clicking-a-menu-item-firefox/video.webm]]

[[ATTACHMENT|mobile-mobile-navigation-M-c3892-u-when-clicking-a-menu-item-firefox/error-context.md]]
]]>
</system-out>
</testcase>
<testcase name="Mobile Navigation › should navigate to correct pages from mobile menu" classname="mobile/mobile-navigation.spec.ts" time="30.171">
<failure message="mobile-navigation.spec.ts:60:7 should navigate to correct pages from mobile menu" type="FAILURE">
<![CDATA[  [firefox] › mobile/mobile-navigation.spec.ts:60:7 › Mobile Navigation › should navigate to correct pages from mobile menu 

    Test timeout of 30000ms exceeded.

    Error: locator.click: Test timeout of 30000ms exceeded.
    Call log:
      - waiting for locator('button[aria-label*="menu"], .hamburger-menu, [data-testid="mobile-menu-toggle"]').first()


      61 |     // Open mobile menu
      62 |     const hamburgerButton = page.locator('button[aria-label*="menu"], .hamburger-menu, [data-testid="mobile-menu-toggle"]');
    > 63 |     await hamburgerButton.first().click();
         |                                   ^
      64 |     
      65 |     // Test navigation to different pages
      66 |     const testPages = [
        at /Users/I590496/TKAFROKITCHEN/tk-afro-kitchen/tests/mobile/mobile-navigation.spec.ts:63:35

    attachment #1: screenshot (image/png) ──────────────────────────────────────────────────────────
    ../test-results/mobile-mobile-navigation-M-60022-rect-pages-from-mobile-menu-firefox/test-failed-1.png
    ────────────────────────────────────────────────────────────────────────────────────────────────

    attachment #2: video (video/webm) ──────────────────────────────────────────────────────────────
    ../test-results/mobile-mobile-navigation-M-60022-rect-pages-from-mobile-menu-firefox/video.webm
    ────────────────────────────────────────────────────────────────────────────────────────────────

    Error Context: ../test-results/mobile-mobile-navigation-M-60022-rect-pages-from-mobile-menu-firefox/error-context.md
]]>
</failure>
<system-out>
<![CDATA[
[[ATTACHMENT|mobile-mobile-navigation-M-60022-rect-pages-from-mobile-menu-firefox/test-failed-1.png]]

[[ATTACHMENT|mobile-mobile-navigation-M-60022-rect-pages-from-mobile-menu-firefox/video.webm]]

[[ATTACHMENT|mobile-mobile-navigation-M-60022-rect-pages-from-mobile-menu-firefox/error-context.md]]
]]>
</system-out>
</testcase>
<testcase name="Mobile Navigation › should handle touch gestures correctly" classname="mobile/mobile-navigation.spec.ts" time="1.318">
<failure message="mobile-navigation.spec.ts:84:7 should handle touch gestures correctly" type="FAILURE">
<![CDATA[  [firefox] › mobile/mobile-navigation.spec.ts:84:7 › Mobile Navigation › should handle touch gestures correctly 

    Error: locator.tap: The page does not support tap. Use hasTouch context option to enable touch support.

      88 |     // For now, test basic touch interactions
      89 |     const hamburgerButton = page.locator('button[aria-label*="menu"], .hamburger-menu, [data-testid="mobile-menu-toggle"]');
    > 90 |     await hamburgerButton.first().tap();
         |                                   ^
      91 |     
      92 |     const mobileMenu = page.locator('.mobile-menu, [data-testid="mobile-menu"], nav.md\\:hidden');
      93 |     await expect(mobileMenu).toBeVisible();
        at /Users/I590496/TKAFROKITCHEN/tk-afro-kitchen/tests/mobile/mobile-navigation.spec.ts:90:35

    attachment #1: screenshot (image/png) ──────────────────────────────────────────────────────────
    ../test-results/mobile-mobile-navigation-M-66fc1-le-touch-gestures-correctly-firefox/test-failed-1.png
    ────────────────────────────────────────────────────────────────────────────────────────────────

    attachment #2: video (video/webm) ──────────────────────────────────────────────────────────────
    ../test-results/mobile-mobile-navigation-M-66fc1-le-touch-gestures-correctly-firefox/video.webm
    ────────────────────────────────────────────────────────────────────────────────────────────────

    Error Context: ../test-results/mobile-mobile-navigation-M-66fc1-le-touch-gestures-correctly-firefox/error-context.md
]]>
</failure>
<system-out>
<![CDATA[
[[ATTACHMENT|mobile-mobile-navigation-M-66fc1-le-touch-gestures-correctly-firefox/test-failed-1.png]]

[[ATTACHMENT|mobile-mobile-navigation-M-66fc1-le-touch-gestures-correctly-firefox/video.webm]]

[[ATTACHMENT|mobile-mobile-navigation-M-66fc1-le-touch-gestures-correctly-firefox/error-context.md]]
]]>
</system-out>
</testcase>
<testcase name="Mobile Navigation › should maintain menu state during page navigation" classname="mobile/mobile-navigation.spec.ts" time="30.176">
<failure message="mobile-navigation.spec.ts:96:7 should maintain menu state during page navigation" type="FAILURE">
<![CDATA[  [firefox] › mobile/mobile-navigation.spec.ts:96:7 › Mobile Navigation › should maintain menu state during page navigation 

    Test timeout of 30000ms exceeded.

    Error: locator.click: Test timeout of 30000ms exceeded.
    Call log:
      - waiting for locator('button[aria-label*="menu"], .hamburger-menu, [data-testid="mobile-menu-toggle"]').first()


       97 |     // Open mobile menu
       98 |     const hamburgerButton = page.locator('button[aria-label*="menu"], .hamburger-menu, [data-testid="mobile-menu-toggle"]');
    >  99 |     await hamburgerButton.first().click();
          |                                   ^
      100 |     
      101 |     // Navigate to another page
      102 |     await page.click('text=Menu');
        at /Users/I590496/TKAFROKITCHEN/tk-afro-kitchen/tests/mobile/mobile-navigation.spec.ts:99:35

    attachment #1: screenshot (image/png) ──────────────────────────────────────────────────────────
    ../test-results/mobile-mobile-navigation-M-81514-tate-during-page-navigation-firefox/test-failed-1.png
    ────────────────────────────────────────────────────────────────────────────────────────────────

    attachment #2: video (video/webm) ──────────────────────────────────────────────────────────────
    ../test-results/mobile-mobile-navigation-M-81514-tate-during-page-navigation-firefox/video.webm
    ────────────────────────────────────────────────────────────────────────────────────────────────

    Error Context: ../test-results/mobile-mobile-navigation-M-81514-tate-during-page-navigation-firefox/error-context.md
]]>
</failure>
<system-out>
<![CDATA[
[[ATTACHMENT|mobile-mobile-navigation-M-81514-tate-during-page-navigation-firefox/test-failed-1.png]]

[[ATTACHMENT|mobile-mobile-navigation-M-81514-tate-during-page-navigation-firefox/video.webm]]

[[ATTACHMENT|mobile-mobile-navigation-M-81514-tate-during-page-navigation-firefox/error-context.md]]
]]>
</system-out>
</testcase>
<testcase name="Mobile Navigation › should handle orientation changes" classname="mobile/mobile-navigation.spec.ts" time="6.395">
<failure message="mobile-navigation.spec.ts:112:7 should handle orientation changes" type="FAILURE">
<![CDATA[  [firefox] › mobile/mobile-navigation.spec.ts:112:7 › Mobile Navigation › should handle orientation changes 

    Error: Timed out 5000ms waiting for expect(locator).toBeVisible()

    Locator: locator('button[aria-label*="menu"], .hamburger-menu, [data-testid="mobile-menu-toggle"]').first()
    Expected: visible
    Received: <element(s) not found>
    Call log:
      - Expect "toBeVisible" with timeout 5000ms
      - waiting for locator('button[aria-label*="menu"], .hamburger-menu, [data-testid="mobile-menu-toggle"]').first()


      116 |     // Check navigation still works
      117 |     const hamburgerButton = page.locator('button[aria-label*="menu"], .hamburger-menu, [data-testid="mobile-menu-toggle"]');
    > 118 |     await expect(hamburgerButton.first()).toBeVisible();
          |                                           ^
      119 |     
      120 |     // Test portrait orientation
      121 |     await page.setViewportSize({ width: 375, height: 667 });
        at /Users/I590496/TKAFROKITCHEN/tk-afro-kitchen/tests/mobile/mobile-navigation.spec.ts:118:43

    attachment #1: screenshot (image/png) ──────────────────────────────────────────────────────────
    ../test-results/mobile-mobile-navigation-M-81277--handle-orientation-changes-firefox/test-failed-1.png
    ────────────────────────────────────────────────────────────────────────────────────────────────

    attachment #2: video (video/webm) ──────────────────────────────────────────────────────────────
    ../test-results/mobile-mobile-navigation-M-81277--handle-orientation-changes-firefox/video.webm
    ────────────────────────────────────────────────────────────────────────────────────────────────

    Error Context: ../test-results/mobile-mobile-navigation-M-81277--handle-orientation-changes-firefox/error-context.md
]]>
</failure>
<system-out>
<![CDATA[
[[ATTACHMENT|mobile-mobile-navigation-M-81277--handle-orientation-changes-firefox/test-failed-1.png]]

[[ATTACHMENT|mobile-mobile-navigation-M-81277--handle-orientation-changes-firefox/video.webm]]

[[ATTACHMENT|mobile-mobile-navigation-M-81277--handle-orientation-changes-firefox/error-context.md]]
]]>
</system-out>
</testcase>
<testcase name="Mobile Navigation › should have proper focus management" classname="mobile/mobile-navigation.spec.ts" time="30.193">
<failure message="mobile-navigation.spec.ts:125:7 should have proper focus management" type="FAILURE">
<![CDATA[  [firefox] › mobile/mobile-navigation.spec.ts:125:7 › Mobile Navigation › should have proper focus management 

    Test timeout of 30000ms exceeded.

    Error: locator.click: Test timeout of 30000ms exceeded.
    Call log:
      - waiting for locator('button[aria-label*="menu"], .hamburger-menu, [data-testid="mobile-menu-toggle"]').first()


      126 |     // Open mobile menu
      127 |     const hamburgerButton = page.locator('button[aria-label*="menu"], .hamburger-menu, [data-testid="mobile-menu-toggle"]');
    > 128 |     await hamburgerButton.first().click();
          |                                   ^
      129 |     
      130 |     // Check first menu item is focusable
      131 |     const firstMenuItem = page.locator('nav a').first();
        at /Users/I590496/TKAFROKITCHEN/tk-afro-kitchen/tests/mobile/mobile-navigation.spec.ts:128:35

    attachment #1: screenshot (image/png) ──────────────────────────────────────────────────────────
    ../test-results/mobile-mobile-navigation-M-b062b-ave-proper-focus-management-firefox/test-failed-1.png
    ────────────────────────────────────────────────────────────────────────────────────────────────

    attachment #2: video (video/webm) ──────────────────────────────────────────────────────────────
    ../test-results/mobile-mobile-navigation-M-b062b-ave-proper-focus-management-firefox/video.webm
    ────────────────────────────────────────────────────────────────────────────────────────────────

    Error Context: ../test-results/mobile-mobile-navigation-M-b062b-ave-proper-focus-management-firefox/error-context.md
]]>
</failure>
<system-out>
<![CDATA[
[[ATTACHMENT|mobile-mobile-navigation-M-b062b-ave-proper-focus-management-firefox/test-failed-1.png]]

[[ATTACHMENT|mobile-mobile-navigation-M-b062b-ave-proper-focus-management-firefox/video.webm]]

[[ATTACHMENT|mobile-mobile-navigation-M-b062b-ave-proper-focus-management-firefox/error-context.md]]
]]>
</system-out>
</testcase>
<testcase name="Mobile Navigation › should handle keyboard navigation" classname="mobile/mobile-navigation.spec.ts" time="30.196">
<failure message="mobile-navigation.spec.ts:136:7 should handle keyboard navigation" type="FAILURE">
<![CDATA[  [firefox] › mobile/mobile-navigation.spec.ts:136:7 › Mobile Navigation › should handle keyboard navigation 

    Test timeout of 30000ms exceeded.

    Error: locator.click: Test timeout of 30000ms exceeded.
    Call log:
      - waiting for locator('button[aria-label*="menu"], .hamburger-menu, [data-testid="mobile-menu-toggle"]').first()


      137 |     // Open mobile menu
      138 |     const hamburgerButton = page.locator('button[aria-label*="menu"], .hamburger-menu, [data-testid="mobile-menu-toggle"]');
    > 139 |     await hamburgerButton.first().click();
          |                                   ^
      140 |     
      141 |     // Test keyboard navigation
      142 |     await page.keyboard.press('Tab');
        at /Users/I590496/TKAFROKITCHEN/tk-afro-kitchen/tests/mobile/mobile-navigation.spec.ts:139:35

    attachment #1: screenshot (image/png) ──────────────────────────────────────────────────────────
    ../test-results/mobile-mobile-navigation-M-819d2--handle-keyboard-navigation-firefox/test-failed-1.png
    ────────────────────────────────────────────────────────────────────────────────────────────────

    attachment #2: video (video/webm) ──────────────────────────────────────────────────────────────
    ../test-results/mobile-mobile-navigation-M-819d2--handle-keyboard-navigation-firefox/video.webm
    ────────────────────────────────────────────────────────────────────────────────────────────────

    Error Context: ../test-results/mobile-mobile-navigation-M-819d2--handle-keyboard-navigation-firefox/error-context.md
]]>
</failure>
<system-out>
<![CDATA[
[[ATTACHMENT|mobile-mobile-navigation-M-819d2--handle-keyboard-navigation-firefox/test-failed-1.png]]

[[ATTACHMENT|mobile-mobile-navigation-M-819d2--handle-keyboard-navigation-firefox/video.webm]]

[[ATTACHMENT|mobile-mobile-navigation-M-819d2--handle-keyboard-navigation-firefox/error-context.md]]
]]>
</system-out>
</testcase>
<testcase name="Mobile Navigation › should have proper ARIA attributes" classname="mobile/mobile-navigation.spec.ts" time="6.418">
<failure message="mobile-navigation.spec.ts:149:7 should have proper ARIA attributes" type="FAILURE">
<![CDATA[  [firefox] › mobile/mobile-navigation.spec.ts:149:7 › Mobile Navigation › should have proper ARIA attributes 

    Error: Timed out 5000ms waiting for expect(locator).toBeVisible()

    Locator: locator('button[aria-label*="menu"], .hamburger-menu, [data-testid="mobile-menu-toggle"]').first()
    Expected: visible
    Received: <element(s) not found>
    Call log:
      - Expect "toBeVisible" with timeout 5000ms
      - waiting for locator('button[aria-label*="menu"], .hamburger-menu, [data-testid="mobile-menu-toggle"]').first()


      150 |     // Check hamburger button has proper ARIA attributes
      151 |     const hamburgerButton = page.locator('button[aria-label*="menu"], .hamburger-menu, [data-testid="mobile-menu-toggle"]');
    > 152 |     await expect(hamburgerButton.first()).toBeVisible();
          |                                           ^
      153 |     
      154 |     // Check for aria-expanded attribute
      155 |     const ariaExpanded = await hamburgerButton.first().getAttribute('aria-expanded');
        at /Users/I590496/TKAFROKITCHEN/tk-afro-kitchen/tests/mobile/mobile-navigation.spec.ts:152:43

    attachment #1: screenshot (image/png) ──────────────────────────────────────────────────────────
    ../test-results/mobile-mobile-navigation-M-07eb3-have-proper-ARIA-attributes-firefox/test-failed-1.png
    ────────────────────────────────────────────────────────────────────────────────────────────────

    attachment #2: video (video/webm) ──────────────────────────────────────────────────────────────
    ../test-results/mobile-mobile-navigation-M-07eb3-have-proper-ARIA-attributes-firefox/video.webm
    ────────────────────────────────────────────────────────────────────────────────────────────────

    Error Context: ../test-results/mobile-mobile-navigation-M-07eb3-have-proper-ARIA-attributes-firefox/error-context.md
]]>
</failure>
<system-out>
<![CDATA[
[[ATTACHMENT|mobile-mobile-navigation-M-07eb3-have-proper-ARIA-attributes-firefox/test-failed-1.png]]

[[ATTACHMENT|mobile-mobile-navigation-M-07eb3-have-proper-ARIA-attributes-firefox/video.webm]]

[[ATTACHMENT|mobile-mobile-navigation-M-07eb3-have-proper-ARIA-attributes-firefox/error-context.md]]
]]>
</system-out>
</testcase>
<testcase name="Mobile Navigation › should handle rapid menu toggles" classname="mobile/mobile-navigation.spec.ts" time="30.167">
<failure message="mobile-navigation.spec.ts:159:7 should handle rapid menu toggles" type="FAILURE">
<![CDATA[  [firefox] › mobile/mobile-navigation.spec.ts:159:7 › Mobile Navigation › should handle rapid menu toggles 

    Test timeout of 30000ms exceeded.

    Error: locator.click: Test timeout of 30000ms exceeded.
    Call log:
      - waiting for locator('button[aria-label*="menu"], .hamburger-menu, [data-testid="mobile-menu-toggle"]').first()


      162 |     // Rapidly click hamburger menu
      163 |     for (let i = 0; i < 5; i++) {
    > 164 |       await hamburgerButton.first().click();
          |                                     ^
      165 |       await page.waitForTimeout(100);
      166 |     }
      167 |     
        at /Users/I590496/TKAFROKITCHEN/tk-afro-kitchen/tests/mobile/mobile-navigation.spec.ts:164:37

    attachment #1: screenshot (image/png) ──────────────────────────────────────────────────────────
    ../test-results/mobile-mobile-navigation-M-e96ff-d-handle-rapid-menu-toggles-firefox/test-failed-1.png
    ────────────────────────────────────────────────────────────────────────────────────────────────

    attachment #2: video (video/webm) ──────────────────────────────────────────────────────────────
    ../test-results/mobile-mobile-navigation-M-e96ff-d-handle-rapid-menu-toggles-firefox/video.webm
    ────────────────────────────────────────────────────────────────────────────────────────────────

    Error Context: ../test-results/mobile-mobile-navigation-M-e96ff-d-handle-rapid-menu-toggles-firefox/error-context.md
]]>
</failure>
<system-out>
<![CDATA[
[[ATTACHMENT|mobile-mobile-navigation-M-e96ff-d-handle-rapid-menu-toggles-firefox/test-failed-1.png]]

[[ATTACHMENT|mobile-mobile-navigation-M-e96ff-d-handle-rapid-menu-toggles-firefox/video.webm]]

[[ATTACHMENT|mobile-mobile-navigation-M-e96ff-d-handle-rapid-menu-toggles-firefox/error-context.md]]
]]>
</system-out>
</testcase>
<testcase name="Mobile Navigation › should work on different mobile screen sizes" classname="mobile/mobile-navigation.spec.ts" time="6.42">
<failure message="mobile-navigation.spec.ts:173:7 should work on different mobile screen sizes" type="FAILURE">
<![CDATA[  [firefox] › mobile/mobile-navigation.spec.ts:173:7 › Mobile Navigation › should work on different mobile screen sizes 

    Error: Timed out 5000ms waiting for expect(locator).toBeVisible()

    Locator: locator('button[aria-label*="menu"], .hamburger-menu, [data-testid="mobile-menu-toggle"]').first()
    Expected: visible
    Received: <element(s) not found>
    Call log:
      - Expect "toBeVisible" with timeout 5000ms
      - waiting for locator('button[aria-label*="menu"], .hamburger-menu, [data-testid="mobile-menu-toggle"]').first()


      184 |       
      185 |       const hamburgerButton = page.locator('button[aria-label*="menu"], .hamburger-menu, [data-testid="mobile-menu-toggle"]');
    > 186 |       await expect(hamburgerButton.first()).toBeVisible();
          |                                             ^
      187 |     }
      188 |   });
      189 |
        at /Users/I590496/TKAFROKITCHEN/tk-afro-kitchen/tests/mobile/mobile-navigation.spec.ts:186:45

    attachment #1: screenshot (image/png) ──────────────────────────────────────────────────────────
    ../test-results/mobile-mobile-navigation-M-06806-fferent-mobile-screen-sizes-firefox/test-failed-1.png
    ────────────────────────────────────────────────────────────────────────────────────────────────

    attachment #2: video (video/webm) ──────────────────────────────────────────────────────────────
    ../test-results/mobile-mobile-navigation-M-06806-fferent-mobile-screen-sizes-firefox/video.webm
    ────────────────────────────────────────────────────────────────────────────────────────────────

    Error Context: ../test-results/mobile-mobile-navigation-M-06806-fferent-mobile-screen-sizes-firefox/error-context.md
]]>
</failure>
<system-out>
<![CDATA[
[[ATTACHMENT|mobile-mobile-navigation-M-06806-fferent-mobile-screen-sizes-firefox/test-failed-1.png]]

[[ATTACHMENT|mobile-mobile-navigation-M-06806-fferent-mobile-screen-sizes-firefox/video.webm]]

[[ATTACHMENT|mobile-mobile-navigation-M-06806-fferent-mobile-screen-sizes-firefox/error-context.md]]
]]>
</system-out>
</testcase>
<testcase name="Mobile Navigation › should handle network interruptions gracefully" classname="mobile/mobile-navigation.spec.ts" time="30.215">
<failure message="mobile-navigation.spec.ts:190:7 should handle network interruptions gracefully" type="FAILURE">
<![CDATA[  [firefox] › mobile/mobile-navigation.spec.ts:190:7 › Mobile Navigation › should handle network interruptions gracefully 

    Test timeout of 30000ms exceeded.

    Error: locator.click: Test timeout of 30000ms exceeded.
    Call log:
      - waiting for locator('button[aria-label*="menu"], .hamburger-menu, [data-testid="mobile-menu-toggle"]').first()


      197 |     // Try to open mobile menu
      198 |     const hamburgerButton = page.locator('button[aria-label*="menu"], .hamburger-menu, [data-testid="mobile-menu-toggle"]');
    > 199 |     await hamburgerButton.first().click();
          |                                   ^
      200 |     
      201 |     // Menu should still work
      202 |     const mobileMenu = page.locator('.mobile-menu, [data-testid="mobile-menu"], nav.md\\:hidden');
        at /Users/I590496/TKAFROKITCHEN/tk-afro-kitchen/tests/mobile/mobile-navigation.spec.ts:199:35

    attachment #1: screenshot (image/png) ──────────────────────────────────────────────────────────
    ../test-results/mobile-mobile-navigation-M-dff51-rk-interruptions-gracefully-firefox/test-failed-1.png
    ────────────────────────────────────────────────────────────────────────────────────────────────

    attachment #2: video (video/webm) ──────────────────────────────────────────────────────────────
    ../test-results/mobile-mobile-navigation-M-dff51-rk-interruptions-gracefully-firefox/video.webm
    ────────────────────────────────────────────────────────────────────────────────────────────────

    Error Context: ../test-results/mobile-mobile-navigation-M-dff51-rk-interruptions-gracefully-firefox/error-context.md
]]>
</failure>
<system-out>
<![CDATA[
[[ATTACHMENT|mobile-mobile-navigation-M-dff51-rk-interruptions-gracefully-firefox/test-failed-1.png]]

[[ATTACHMENT|mobile-mobile-navigation-M-dff51-rk-interruptions-gracefully-firefox/video.webm]]

[[ATTACHMENT|mobile-mobile-navigation-M-dff51-rk-interruptions-gracefully-firefox/error-context.md]]
]]>
</system-out>
</testcase>
</testsuite>
<testsuite name="performance/performance.spec.ts" timestamp="2025-07-20T10:35:55.243Z" hostname="firefox" tests="13" failures="1" skipped="0" time="25.515" errors="0">
<testcase name="Performance Tests › should load homepage within performance budget" classname="performance/performance.spec.ts" time="1.962">
<system-out>
<![CDATA[Homepage load time: 1098ms
]]>
</system-out>
</testcase>
<testcase name="Performance Tests › should load menu page within performance budget" classname="performance/performance.spec.ts" time="1.081">
<system-out>
<![CDATA[Menu page load time: 837ms
]]>
</system-out>
</testcase>
<testcase name="Performance Tests › should have optimized images" classname="performance/performance.spec.ts" time="1.292">
</testcase>
<testcase name="Performance Tests › should have reasonable bundle size" classname="performance/performance.spec.ts" time="0.68">
<system-out>
<![CDATA[Page size: 0.02MB
]]>
</system-out>
</testcase>
<testcase name="Performance Tests › should have fast Time to Interactive" classname="performance/performance.spec.ts" time="0.86">
<system-out>
<![CDATA[Time to Interactive: 496ms
]]>
</system-out>
</testcase>
<testcase name="Performance Tests › should handle slow network conditions" classname="performance/performance.spec.ts" time="7.354">
<system-out>
<![CDATA[Slow network load time: 6989ms
]]>
</system-out>
</testcase>
<testcase name="Performance Tests › should have efficient CSS and JS loading" classname="performance/performance.spec.ts" time="0.611">
<failure message="performance.spec.ts:134:7 should have efficient CSS and JS loading" type="FAILURE">
<![CDATA[  [firefox] › performance/performance.spec.ts:134:7 › Performance Tests › should have efficient CSS and JS loading 

    Error: expect(received).toBeGreaterThan(expected)

    Expected: > 0
    Received:   0

      140 |     
      141 |     // Should have some inline critical CSS
    > 142 |     expect(inlineStyleCount).toBeGreaterThan(0);
          |                              ^
      143 |     
      144 |     // Check for deferred non-critical CSS
      145 |     const deferredCSS = page.locator('link[rel="stylesheet"][media="print"]');
        at /Users/I590496/TKAFROKITCHEN/tk-afro-kitchen/tests/performance/performance.spec.ts:142:30

    attachment #1: screenshot (image/png) ──────────────────────────────────────────────────────────
    ../test-results/performance-performance-Pe-6b5c2-fficient-CSS-and-JS-loading-firefox/test-failed-1.png
    ────────────────────────────────────────────────────────────────────────────────────────────────

    attachment #2: video (video/webm) ──────────────────────────────────────────────────────────────
    ../test-results/performance-performance-Pe-6b5c2-fficient-CSS-and-JS-loading-firefox/video.webm
    ────────────────────────────────────────────────────────────────────────────────────────────────

    Error Context: ../test-results/performance-performance-Pe-6b5c2-fficient-CSS-and-JS-loading-firefox/error-context.md
]]>
</failure>
<system-out>
<![CDATA[
[[ATTACHMENT|performance-performance-Pe-6b5c2-fficient-CSS-and-JS-loading-firefox/test-failed-1.png]]

[[ATTACHMENT|performance-performance-Pe-6b5c2-fficient-CSS-and-JS-loading-firefox/video.webm]]

[[ATTACHMENT|performance-performance-Pe-6b5c2-fficient-CSS-and-JS-loading-firefox/error-context.md]]
]]>
</system-out>
</testcase>
<testcase name="Performance Tests › should have optimized fonts loading" classname="performance/performance.spec.ts" time="1.274">
<system-out>
<![CDATA[Font preloads: 1
]]>
</system-out>
</testcase>
<testcase name="Performance Tests › should have efficient caching headers" classname="performance/performance.spec.ts" time="1.872">
<system-out>
<![CDATA[Cache-Control: public, max-age=0, must-revalidate, ETag: W/"84a03db97744f0f4e5c54d56b801159c"
]]>
</system-out>
</testcase>
<testcase name="Performance Tests › should handle concurrent user load" classname="performance/performance.spec.ts" time="5.304">
<system-out>
<![CDATA[Concurrent load time: 4388ms
]]>
</system-out>
</testcase>
<testcase name="Performance Tests › should have efficient memory usage" classname="performance/performance.spec.ts" time="0.745">
</testcase>
<testcase name="Performance Tests › should have optimized animations" classname="performance/performance.spec.ts" time="0.848">
<system-out>
<![CDATA[Animated elements: 158, Hardware accelerated: 17
]]>
</system-out>
</testcase>
<testcase name="Performance Tests › should have efficient API calls" classname="performance/performance.spec.ts" time="1.632">
<system-out>
<![CDATA[API calls on homepage: 0
]]>
</system-out>
</testcase>
</testsuite>
<testsuite name="e2e/checkout.spec.ts" timestamp="2025-07-20T10:35:55.243Z" hostname="webkit" tests="7" failures="4" skipped="0" time="59.854" errors="0">
<testcase name="Checkout Flow › should load checkout page successfully" classname="e2e/checkout.spec.ts" time="7.973">
<failure message="checkout.spec.ts:30:7 should load checkout page successfully" type="FAILURE">
<![CDATA[  [webkit] › e2e/checkout.spec.ts:30:7 › Checkout Flow › should load checkout page successfully ────

    Error: Timed out 5000ms waiting for expect(page).toHaveURL(expected)

    Expected pattern: /.*checkout/
    Received string:  "https://tkafrokitchen.com/menu"
    Call log:
      - Expect "toHaveURL" with timeout 5000ms
        9 × unexpected value "https://tkafrokitchen.com/menu"


      29 |
      30 |   test('should load checkout page successfully', async ({ page }) => {
    > 31 |     await expect(page).toHaveURL(/.*checkout/);
         |                        ^
      32 |     
      33 |     // Check for delivery details form
      34 |     await expect(page.locator('text=Delivery, text=Details, text=Information')).toBeVisible();
        at /Users/I590496/TKAFROKITCHEN/tk-afro-kitchen/tests/e2e/checkout.spec.ts:31:24

    attachment #1: screenshot (image/png) ──────────────────────────────────────────────────────────
    ../test-results/e2e-checkout-Checkout-Flow-dea30--checkout-page-successfully-webkit/test-failed-1.png
    ────────────────────────────────────────────────────────────────────────────────────────────────

    attachment #2: video (video/webm) ──────────────────────────────────────────────────────────────
    ../test-results/e2e-checkout-Checkout-Flow-dea30--checkout-page-successfully-webkit/video.webm
    ────────────────────────────────────────────────────────────────────────────────────────────────

    Error Context: ../test-results/e2e-checkout-Checkout-Flow-dea30--checkout-page-successfully-webkit/error-context.md
]]>
</failure>
<system-out>
<![CDATA[
[[ATTACHMENT|e2e-checkout-Checkout-Flow-dea30--checkout-page-successfully-webkit/test-failed-1.png]]

[[ATTACHMENT|e2e-checkout-Checkout-Flow-dea30--checkout-page-successfully-webkit/video.webm]]

[[ATTACHMENT|e2e-checkout-Checkout-Flow-dea30--checkout-page-successfully-webkit/error-context.md]]
]]>
</system-out>
</testcase>
<testcase name="Checkout Flow › should validate required delivery details" classname="e2e/checkout.spec.ts" time="2.507">
</testcase>
<testcase name="Checkout Flow › should fill delivery details and proceed to payment" classname="e2e/checkout.spec.ts" time="2.472">
</testcase>
<testcase name="Checkout Flow › should show payment options" classname="e2e/checkout.spec.ts" time="30.296">
<failure message="checkout.spec.ts:93:7 should show payment options" type="FAILURE">
<![CDATA[  [webkit] › e2e/checkout.spec.ts:93:7 › Checkout Flow › should show payment options ───────────────

    Test timeout of 30000ms exceeded.

    Error: locator.fill: Test timeout of 30000ms exceeded.
    Call log:
      - waiting for locator('input[name="fullName"], input[placeholder*="name" i]').first()


      93 |   test('should show payment options', async ({ page }) => {
      94 |     // First fill delivery details
    > 95 |     await page.locator('input[name="fullName"], input[placeholder*="name" i]').first().fill('John Doe');
         |                                                                                        ^
      96 |     await page.locator('input[name="email"], input[type="email"]').first().fill('john.doe@example.com');
      97 |     await page.locator('input[name="phone"], input[type="tel"]').first().fill('07123456789');
      98 |     await page.locator('input[name="address"], input[placeholder*="address" i]').first().fill('123 Test Street');
        at /Users/I590496/TKAFROKITCHEN/tk-afro-kitchen/tests/e2e/checkout.spec.ts:95:88

    attachment #1: screenshot (image/png) ──────────────────────────────────────────────────────────
    ../test-results/e2e-checkout-Checkout-Flow-should-show-payment-options-webkit/test-failed-1.png
    ────────────────────────────────────────────────────────────────────────────────────────────────

    attachment #2: video (video/webm) ──────────────────────────────────────────────────────────────
    ../test-results/e2e-checkout-Checkout-Flow-should-show-payment-options-webkit/video.webm
    ────────────────────────────────────────────────────────────────────────────────────────────────

    Error Context: ../test-results/e2e-checkout-Checkout-Flow-should-show-payment-options-webkit/error-context.md
]]>
</failure>
<system-out>
<![CDATA[
[[ATTACHMENT|e2e-checkout-Checkout-Flow-should-show-payment-options-webkit/test-failed-1.png]]

[[ATTACHMENT|e2e-checkout-Checkout-Flow-should-show-payment-options-webkit/video.webm]]

[[ATTACHMENT|e2e-checkout-Checkout-Flow-should-show-payment-options-webkit/error-context.md]]
]]>
</system-out>
</testcase>
<testcase name="Checkout Flow › should have continue shopping option in checkout" classname="e2e/checkout.spec.ts" time="2.132">
</testcase>
<testcase name="Checkout Flow › should show order summary" classname="e2e/checkout.spec.ts" time="7.045">
<failure message="checkout.spec.ts:130:7 should show order summary" type="FAILURE">
<![CDATA[  [webkit] › e2e/checkout.spec.ts:130:7 › Checkout Flow › should show order summary ────────────────

    Error: Timed out 5000ms waiting for expect(locator).toBeVisible()

    Locator: locator('text=Order Summary, text=Summary, text=Total')
    Expected: visible
    Received: <element(s) not found>
    Call log:
      - Expect "toBeVisible" with timeout 5000ms
      - waiting for locator('text=Order Summary, text=Summary, text=Total')


      130 |   test('should show order summary', async ({ page }) => {
      131 |     // Check for order summary section
    > 132 |     await expect(page.locator('text=Order Summary, text=Summary, text=Total')).toBeVisible();
          |                                                                                ^
      133 |     
      134 |     // Check for price display
      135 |     await expect(page.locator('text=£').first()).toBeVisible();
        at /Users/I590496/TKAFROKITCHEN/tk-afro-kitchen/tests/e2e/checkout.spec.ts:132:80

    attachment #1: screenshot (image/png) ──────────────────────────────────────────────────────────
    ../test-results/e2e-checkout-Checkout-Flow-should-show-order-summary-webkit/test-failed-1.png
    ────────────────────────────────────────────────────────────────────────────────────────────────

    attachment #2: video (video/webm) ──────────────────────────────────────────────────────────────
    ../test-results/e2e-checkout-Checkout-Flow-should-show-order-summary-webkit/video.webm
    ────────────────────────────────────────────────────────────────────────────────────────────────

    Error Context: ../test-results/e2e-checkout-Checkout-Flow-should-show-order-summary-webkit/error-context.md
]]>
</failure>
<system-out>
<![CDATA[
[[ATTACHMENT|e2e-checkout-Checkout-Flow-should-show-order-summary-webkit/test-failed-1.png]]

[[ATTACHMENT|e2e-checkout-Checkout-Flow-should-show-order-summary-webkit/video.webm]]

[[ATTACHMENT|e2e-checkout-Checkout-Flow-should-show-order-summary-webkit/error-context.md]]
]]>
</system-out>
</testcase>
<testcase name="Checkout Flow › should show delivery fee calculation" classname="e2e/checkout.spec.ts" time="7.429">
<failure message="checkout.spec.ts:138:7 should show delivery fee calculation" type="FAILURE">
<![CDATA[  [webkit] › e2e/checkout.spec.ts:138:7 › Checkout Flow › should show delivery fee calculation ─────

    Error: Timed out 5000ms waiting for expect(locator).toBeVisible()

    Locator: locator('text=Delivery, text=Fee').or(locator('text=Free, text=FREE')).first()
    Expected: visible
    Received: <element(s) not found>
    Call log:
      - Expect "toBeVisible" with timeout 5000ms
      - waiting for locator('text=Delivery, text=Fee').or(locator('text=Free, text=FREE')).first()


      142 |     
      143 |     // Either delivery fee or free delivery should be mentioned
    > 144 |     await expect(deliveryFee.or(freeDelivery).first()).toBeVisible();
          |                                                        ^
      145 |   });
      146 | });
        at /Users/I590496/TKAFROKITCHEN/tk-afro-kitchen/tests/e2e/checkout.spec.ts:144:56

    attachment #1: screenshot (image/png) ──────────────────────────────────────────────────────────
    ../test-results/e2e-checkout-Checkout-Flow-f2fb9-ow-delivery-fee-calculation-webkit/test-failed-1.png
    ────────────────────────────────────────────────────────────────────────────────────────────────

    attachment #2: video (video/webm) ──────────────────────────────────────────────────────────────
    ../test-results/e2e-checkout-Checkout-Flow-f2fb9-ow-delivery-fee-calculation-webkit/video.webm
    ────────────────────────────────────────────────────────────────────────────────────────────────

    Error Context: ../test-results/e2e-checkout-Checkout-Flow-f2fb9-ow-delivery-fee-calculation-webkit/error-context.md
]]>
</failure>
<system-out>
<![CDATA[
[[ATTACHMENT|e2e-checkout-Checkout-Flow-f2fb9-ow-delivery-fee-calculation-webkit/test-failed-1.png]]

[[ATTACHMENT|e2e-checkout-Checkout-Flow-f2fb9-ow-delivery-fee-calculation-webkit/video.webm]]

[[ATTACHMENT|e2e-checkout-Checkout-Flow-f2fb9-ow-delivery-fee-calculation-webkit/error-context.md]]
]]>
</system-out>
</testcase>
</testsuite>
<testsuite name="e2e/contact.spec.ts" timestamp="2025-07-20T10:35:55.243Z" hostname="webkit" tests="14" failures="12" skipped="0" time="211.283" errors="0">
<testcase name="Contact Page › should load contact page successfully" classname="e2e/contact.spec.ts" time="5.892">
<failure message="contact.spec.ts:8:7 should load contact page successfully" type="FAILURE">
<![CDATA[  [webkit] › e2e/contact.spec.ts:8:7 › Contact Page › should load contact page successfully ────────

    Error: Timed out 5000ms waiting for expect(page).toHaveTitle(expected)

    Expected pattern: /Contact/
    Received string:  "TK Afro Kitchen"
    Call log:
      - Expect "toHaveTitle" with timeout 5000ms
        9 × unexpected value "TK Afro Kitchen"


       8 |   test('should load contact page successfully', async ({ page }) => {
       9 |     // Check page title
    > 10 |     await expect(page).toHaveTitle(/Contact/);
         |                        ^
      11 |     
      12 |     // Check main heading
      13 |     await expect(page.locator('h1')).toContainText(/Contact/);
        at /Users/I590496/TKAFROKITCHEN/tk-afro-kitchen/tests/e2e/contact.spec.ts:10:24

    attachment #1: screenshot (image/png) ──────────────────────────────────────────────────────────
    ../test-results/e2e-contact-Contact-Page-s-00e0b-d-contact-page-successfully-webkit/test-failed-1.png
    ────────────────────────────────────────────────────────────────────────────────────────────────

    attachment #2: video (video/webm) ──────────────────────────────────────────────────────────────
    ../test-results/e2e-contact-Contact-Page-s-00e0b-d-contact-page-successfully-webkit/video.webm
    ────────────────────────────────────────────────────────────────────────────────────────────────

    Error Context: ../test-results/e2e-contact-Contact-Page-s-00e0b-d-contact-page-successfully-webkit/error-context.md
]]>
</failure>
<system-out>
<![CDATA[
[[ATTACHMENT|e2e-contact-Contact-Page-s-00e0b-d-contact-page-successfully-webkit/test-failed-1.png]]

[[ATTACHMENT|e2e-contact-Contact-Page-s-00e0b-d-contact-page-successfully-webkit/video.webm]]

[[ATTACHMENT|e2e-contact-Contact-Page-s-00e0b-d-contact-page-successfully-webkit/error-context.md]]
]]>
</system-out>
</testcase>
<testcase name="Contact Page › should display contact form" classname="e2e/contact.spec.ts" time="5.914">
<failure message="contact.spec.ts:19:7 should display contact form" type="FAILURE">
<![CDATA[  [webkit] › e2e/contact.spec.ts:19:7 › Contact Page › should display contact form ─────────────────

    Error: Timed out 5000ms waiting for expect(locator).toBeVisible()

    Locator: locator('form')
    Expected: visible
    Received: <element(s) not found>
    Call log:
      - Expect "toBeVisible" with timeout 5000ms
      - waiting for locator('form')


      19 |   test('should display contact form', async ({ page }) => {
      20 |     // Check form is visible
    > 21 |     await expect(page.locator('form')).toBeVisible();
         |                                        ^
      22 |     
      23 |     // Check for form fields
      24 |     await expect(page.locator('input[name="name"], input[placeholder*="Name"]')).toBeVisible();
        at /Users/I590496/TKAFROKITCHEN/tk-afro-kitchen/tests/e2e/contact.spec.ts:21:40

    attachment #1: screenshot (image/png) ──────────────────────────────────────────────────────────
    ../test-results/e2e-contact-Contact-Page-should-display-contact-form-webkit/test-failed-1.png
    ────────────────────────────────────────────────────────────────────────────────────────────────

    attachment #2: video (video/webm) ──────────────────────────────────────────────────────────────
    ../test-results/e2e-contact-Contact-Page-should-display-contact-form-webkit/video.webm
    ────────────────────────────────────────────────────────────────────────────────────────────────

    Error Context: ../test-results/e2e-contact-Contact-Page-should-display-contact-form-webkit/error-context.md
]]>
</failure>
<system-out>
<![CDATA[
[[ATTACHMENT|e2e-contact-Contact-Page-should-display-contact-form-webkit/test-failed-1.png]]

[[ATTACHMENT|e2e-contact-Contact-Page-should-display-contact-form-webkit/video.webm]]

[[ATTACHMENT|e2e-contact-Contact-Page-should-display-contact-form-webkit/error-context.md]]
]]>
</system-out>
</testcase>
<testcase name="Contact Page › should validate required fields" classname="e2e/contact.spec.ts" time="3.446">
</testcase>
<testcase name="Contact Page › should validate email format" classname="e2e/contact.spec.ts" time="30.237">
<failure message="contact.spec.ts:40:7 should validate email format" type="FAILURE">
<![CDATA[  [webkit] › e2e/contact.spec.ts:40:7 › Contact Page › should validate email format ────────────────

    Test timeout of 30000ms exceeded.

    Error: page.fill: Test timeout of 30000ms exceeded.
    Call log:
      - waiting for locator('input[name="name"], input[placeholder*="Name"]')


      40 |   test('should validate email format', async ({ page }) => {
      41 |     // Fill form with invalid email
    > 42 |     await page.fill('input[name="name"], input[placeholder*="Name"]', 'Test User');
         |                ^
      43 |     await page.fill('input[name="email"], input[placeholder*="Email"]', 'invalid-email');
      44 |     await page.fill('textarea[name="message"], textarea[placeholder*="Message"]', 'Test message');
      45 |     
        at /Users/I590496/TKAFROKITCHEN/tk-afro-kitchen/tests/e2e/contact.spec.ts:42:16

    attachment #1: screenshot (image/png) ──────────────────────────────────────────────────────────
    ../test-results/e2e-contact-Contact-Page-should-validate-email-format-webkit/test-failed-1.png
    ────────────────────────────────────────────────────────────────────────────────────────────────

    attachment #2: video (video/webm) ──────────────────────────────────────────────────────────────
    ../test-results/e2e-contact-Contact-Page-should-validate-email-format-webkit/video.webm
    ────────────────────────────────────────────────────────────────────────────────────────────────

    Error Context: ../test-results/e2e-contact-Contact-Page-should-validate-email-format-webkit/error-context.md
]]>
</failure>
<system-out>
<![CDATA[
[[ATTACHMENT|e2e-contact-Contact-Page-should-validate-email-format-webkit/test-failed-1.png]]

[[ATTACHMENT|e2e-contact-Contact-Page-should-validate-email-format-webkit/video.webm]]

[[ATTACHMENT|e2e-contact-Contact-Page-should-validate-email-format-webkit/error-context.md]]
]]>
</system-out>
</testcase>
<testcase name="Contact Page › should accept valid form submission" classname="e2e/contact.spec.ts" time="30.259">
<failure message="contact.spec.ts:56:7 should accept valid form submission" type="FAILURE">
<![CDATA[  [webkit] › e2e/contact.spec.ts:56:7 › Contact Page › should accept valid form submission ─────────

    Test timeout of 30000ms exceeded.

    Error: page.fill: Test timeout of 30000ms exceeded.
    Call log:
      - waiting for locator('input[name="name"], input[placeholder*="Name"]')


      56 |   test('should accept valid form submission', async ({ page }) => {
      57 |     // Fill form with valid data
    > 58 |     await page.fill('input[name="name"], input[placeholder*="Name"]', 'Test User');
         |                ^
      59 |     await page.fill('input[name="email"], input[placeholder*="Email"]', 'test@example.com');
      60 |     await page.fill('textarea[name="message"], textarea[placeholder*="Message"]', 'This is a test message');
      61 |     
        at /Users/I590496/TKAFROKITCHEN/tk-afro-kitchen/tests/e2e/contact.spec.ts:58:16

    attachment #1: screenshot (image/png) ──────────────────────────────────────────────────────────
    ../test-results/e2e-contact-Contact-Page-should-accept-valid-form-submission-webkit/test-failed-1.png
    ────────────────────────────────────────────────────────────────────────────────────────────────

    attachment #2: video (video/webm) ──────────────────────────────────────────────────────────────
    ../test-results/e2e-contact-Contact-Page-should-accept-valid-form-submission-webkit/video.webm
    ────────────────────────────────────────────────────────────────────────────────────────────────

    Error Context: ../test-results/e2e-contact-Contact-Page-should-accept-valid-form-submission-webkit/error-context.md
]]>
</failure>
<system-out>
<![CDATA[
[[ATTACHMENT|e2e-contact-Contact-Page-should-accept-valid-form-submission-webkit/test-failed-1.png]]

[[ATTACHMENT|e2e-contact-Contact-Page-should-accept-valid-form-submission-webkit/video.webm]]

[[ATTACHMENT|e2e-contact-Contact-Page-should-accept-valid-form-submission-webkit/error-context.md]]
]]>
</system-out>
</testcase>
<testcase name="Contact Page › should display contact information" classname="e2e/contact.spec.ts" time="1.061">
<failure message="contact.spec.ts:81:7 should display contact information" type="FAILURE">
<![CDATA[  [webkit] › e2e/contact.spec.ts:81:7 › Contact Page › should display contact information ──────────

    Error: expect.toBeVisible: Error: strict mode violation: locator('text=Milton Keynes') resolved to 3 elements:
        1) <span>Milton Keynes, UK</span> aka getByRole('banner').getByText('Milton Keynes, UK')
        2) <p class="text-sm sm:text-base text-gray-300">Milton Keynes, UK</p> aka getByRole('paragraph').filter({ hasText: 'Milton Keynes, UK' })
        3) <span class="text-sm">Milton Keynes, UK</span> aka getByRole('contentinfo').getByText('Milton Keynes, UK')

    Call log:
      - Expect "toBeVisible" with timeout 5000ms
      - waiting for locator('text=Milton Keynes')


      81 |   test('should display contact information', async ({ page }) => {
      82 |     // Check for contact details
    > 83 |     await expect(page.locator('text=Milton Keynes')).toBeVisible();
         |                                                      ^
      84 |     
      85 |     // Check for phone number if present
      86 |     const phoneNumber = page.locator('text=+44, a[href*="tel"]');
        at /Users/I590496/TKAFROKITCHEN/tk-afro-kitchen/tests/e2e/contact.spec.ts:83:54

    attachment #1: screenshot (image/png) ──────────────────────────────────────────────────────────
    ../test-results/e2e-contact-Contact-Page-should-display-contact-information-webkit/test-failed-1.png
    ────────────────────────────────────────────────────────────────────────────────────────────────

    attachment #2: video (video/webm) ──────────────────────────────────────────────────────────────
    ../test-results/e2e-contact-Contact-Page-should-display-contact-information-webkit/video.webm
    ────────────────────────────────────────────────────────────────────────────────────────────────

    Error Context: ../test-results/e2e-contact-Contact-Page-should-display-contact-information-webkit/error-context.md
]]>
</failure>
<system-out>
<![CDATA[
[[ATTACHMENT|e2e-contact-Contact-Page-should-display-contact-information-webkit/test-failed-1.png]]

[[ATTACHMENT|e2e-contact-Contact-Page-should-display-contact-information-webkit/video.webm]]

[[ATTACHMENT|e2e-contact-Contact-Page-should-display-contact-information-webkit/error-context.md]]
]]>
</system-out>
</testcase>
<testcase name="Contact Page › should have working social media links" classname="e2e/contact.spec.ts" time="0.826">
<failure message="contact.spec.ts:92:7 should have working social media links" type="FAILURE">
<![CDATA[  [webkit] › e2e/contact.spec.ts:92:7 › Contact Page › should have working social media links ──────

    Error: expect.toBeVisible: Error: strict mode violation: locator('a[href*="instagram"]') resolved to 3 elements:
        1) <a target="_blank" href="https://instagram.com/tk_afro_kitchen" class="text-slate-300 hover:text-orange-400 transition-colors">…</a> aka locator('div').filter({ hasText: /^AboutFAQContact$/ }).getByRole('link').first()
        2) <a target="_blank" href="https://instagram.com/tk_afro_kitchen" class="w-10 h-10 sm:w-12 sm:h-12 bg-gradient-to-r from-pink-500 to-purple-500 rounded-full flex items-center justify-center text-white hover:scale-110 transition-transform">…</a> aka getByRole('main').getByRole('link').first()
        3) <a target="_blank" rel="noopener noreferrer" href="https://instagram.com/tk_afro_kitchen" class="w-10 h-10 bg-gradient-to-r from-pink-500 to-purple-500 rounded-full flex items-center justify-center text-white shadow-lg hover:shadow-xl transition-all duration-300">…</a> aka getByRole('contentinfo').getByRole('link').filter({ hasText: /^$/ }).first()

    Call log:
      - Expect "toBeVisible" with timeout 5000ms
      - waiting for locator('a[href*="instagram"]')


      92 |   test('should have working social media links', async ({ page }) => {
      93 |     // Check social media links
    > 94 |     await expect(page.locator('a[href*="instagram"]')).toBeVisible();
         |                                                        ^
      95 |     await expect(page.locator('a[href*="facebook"]')).toBeVisible();
      96 |   });
      97 |
        at /Users/I590496/TKAFROKITCHEN/tk-afro-kitchen/tests/e2e/contact.spec.ts:94:56

    attachment #1: screenshot (image/png) ──────────────────────────────────────────────────────────
    ../test-results/e2e-contact-Contact-Page-s-68c4b--working-social-media-links-webkit/test-failed-1.png
    ────────────────────────────────────────────────────────────────────────────────────────────────

    attachment #2: video (video/webm) ──────────────────────────────────────────────────────────────
    ../test-results/e2e-contact-Contact-Page-s-68c4b--working-social-media-links-webkit/video.webm
    ────────────────────────────────────────────────────────────────────────────────────────────────

    Error Context: ../test-results/e2e-contact-Contact-Page-s-68c4b--working-social-media-links-webkit/error-context.md
]]>
</failure>
<system-out>
<![CDATA[
[[ATTACHMENT|e2e-contact-Contact-Page-s-68c4b--working-social-media-links-webkit/test-failed-1.png]]

[[ATTACHMENT|e2e-contact-Contact-Page-s-68c4b--working-social-media-links-webkit/video.webm]]

[[ATTACHMENT|e2e-contact-Contact-Page-s-68c4b--working-social-media-links-webkit/error-context.md]]
]]>
</system-out>
</testcase>
<testcase name="Contact Page › should display business hours if available" classname="e2e/contact.spec.ts" time="0.805">
</testcase>
<testcase name="Contact Page › should have accessible form labels" classname="e2e/contact.spec.ts" time="6.125">
<failure message="contact.spec.ts:106:7 should have accessible form labels" type="FAILURE">
<![CDATA[  [webkit] › e2e/contact.spec.ts:106:7 › Contact Page › should have accessible form labels ─────────

    Error: Timed out 5000ms waiting for expect(locator).toBeVisible()

    Locator: locator('input[name="name"], input[placeholder*="Name"]')
    Expected: visible
    Received: <element(s) not found>
    Call log:
      - Expect "toBeVisible" with timeout 5000ms
      - waiting for locator('input[name="name"], input[placeholder*="Name"]')


      107 |     // Check form fields have proper labels
      108 |     const nameField = page.locator('input[name="name"], input[placeholder*="Name"]');
    > 109 |     await expect(nameField).toBeVisible();
          |                             ^
      110 |     
      111 |     const emailField = page.locator('input[name="email"], input[placeholder*="Email"]');
      112 |     await expect(emailField).toBeVisible();
        at /Users/I590496/TKAFROKITCHEN/tk-afro-kitchen/tests/e2e/contact.spec.ts:109:29

    attachment #1: screenshot (image/png) ──────────────────────────────────────────────────────────
    ../test-results/e2e-contact-Contact-Page-should-have-accessible-form-labels-webkit/test-failed-1.png
    ────────────────────────────────────────────────────────────────────────────────────────────────

    attachment #2: video (video/webm) ──────────────────────────────────────────────────────────────
    ../test-results/e2e-contact-Contact-Page-should-have-accessible-form-labels-webkit/video.webm
    ────────────────────────────────────────────────────────────────────────────────────────────────

    Error Context: ../test-results/e2e-contact-Contact-Page-should-have-accessible-form-labels-webkit/error-context.md
]]>
</failure>
<system-out>
<![CDATA[
[[ATTACHMENT|e2e-contact-Contact-Page-should-have-accessible-form-labels-webkit/test-failed-1.png]]

[[ATTACHMENT|e2e-contact-Contact-Page-should-have-accessible-form-labels-webkit/video.webm]]

[[ATTACHMENT|e2e-contact-Contact-Page-should-have-accessible-form-labels-webkit/error-context.md]]
]]>
</system-out>
</testcase>
<testcase name="Contact Page › should handle form submission errors gracefully" classname="e2e/contact.spec.ts" time="30.278">
<failure message="contact.spec.ts:118:7 should handle form submission errors gracefully" type="FAILURE">
<![CDATA[  [webkit] › e2e/contact.spec.ts:118:7 › Contact Page › should handle form submission errors gracefully 

    Test timeout of 30000ms exceeded.

    Error: page.fill: Test timeout of 30000ms exceeded.
    Call log:
      - waiting for locator('input[name="name"], input[placeholder*="Name"]')


      118 |   test('should handle form submission errors gracefully', async ({ page }) => {
      119 |     // Fill form with valid data
    > 120 |     await page.fill('input[name="name"], input[placeholder*="Name"]', 'Test User');
          |                ^
      121 |     await page.fill('input[name="email"], input[placeholder*="Email"]', 'test@example.com');
      122 |     await page.fill('textarea[name="message"], textarea[placeholder*="Message"]', 'Test message');
      123 |     
        at /Users/I590496/TKAFROKITCHEN/tk-afro-kitchen/tests/e2e/contact.spec.ts:120:16

    attachment #1: screenshot (image/png) ──────────────────────────────────────────────────────────
    ../test-results/e2e-contact-Contact-Page-s-94020-ubmission-errors-gracefully-webkit/test-failed-1.png
    ────────────────────────────────────────────────────────────────────────────────────────────────

    attachment #2: video (video/webm) ──────────────────────────────────────────────────────────────
    ../test-results/e2e-contact-Contact-Page-s-94020-ubmission-errors-gracefully-webkit/video.webm
    ────────────────────────────────────────────────────────────────────────────────────────────────

    Error Context: ../test-results/e2e-contact-Contact-Page-s-94020-ubmission-errors-gracefully-webkit/error-context.md
]]>
</failure>
<system-out>
<![CDATA[
[[ATTACHMENT|e2e-contact-Contact-Page-s-94020-ubmission-errors-gracefully-webkit/test-failed-1.png]]

[[ATTACHMENT|e2e-contact-Contact-Page-s-94020-ubmission-errors-gracefully-webkit/video.webm]]

[[ATTACHMENT|e2e-contact-Contact-Page-s-94020-ubmission-errors-gracefully-webkit/error-context.md]]
]]>
</system-out>
</testcase>
<testcase name="Contact Page › should prevent multiple form submissions" classname="e2e/contact.spec.ts" time="30.256">
<failure message="contact.spec.ts:143:7 should prevent multiple form submissions" type="FAILURE">
<![CDATA[  [webkit] › e2e/contact.spec.ts:143:7 › Contact Page › should prevent multiple form submissions ───

    Test timeout of 30000ms exceeded.

    Error: page.fill: Test timeout of 30000ms exceeded.
    Call log:
      - waiting for locator('input[name="name"], input[placeholder*="Name"]')


      143 |   test('should prevent multiple form submissions', async ({ page }) => {
      144 |     // Fill form
    > 145 |     await page.fill('input[name="name"], input[placeholder*="Name"]', 'Test User');
          |                ^
      146 |     await page.fill('input[name="email"], input[placeholder*="Email"]', 'test@example.com');
      147 |     await page.fill('textarea[name="message"], textarea[placeholder*="Message"]', 'Test message');
      148 |     
        at /Users/I590496/TKAFROKITCHEN/tk-afro-kitchen/tests/e2e/contact.spec.ts:145:16

    attachment #1: screenshot (image/png) ──────────────────────────────────────────────────────────
    ../test-results/e2e-contact-Contact-Page-s-2667b-t-multiple-form-submissions-webkit/test-failed-1.png
    ────────────────────────────────────────────────────────────────────────────────────────────────

    attachment #2: video (video/webm) ──────────────────────────────────────────────────────────────
    ../test-results/e2e-contact-Contact-Page-s-2667b-t-multiple-form-submissions-webkit/video.webm
    ────────────────────────────────────────────────────────────────────────────────────────────────

    Error Context: ../test-results/e2e-contact-Contact-Page-s-2667b-t-multiple-form-submissions-webkit/error-context.md
]]>
</failure>
<system-out>
<![CDATA[
[[ATTACHMENT|e2e-contact-Contact-Page-s-2667b-t-multiple-form-submissions-webkit/test-failed-1.png]]

[[ATTACHMENT|e2e-contact-Contact-Page-s-2667b-t-multiple-form-submissions-webkit/video.webm]]

[[ATTACHMENT|e2e-contact-Contact-Page-s-2667b-t-multiple-form-submissions-webkit/error-context.md]]
]]>
</system-out>
</testcase>
<testcase name="Contact Page › should clear form after successful submission" classname="e2e/contact.spec.ts" time="30.239">
<failure message="contact.spec.ts:169:7 should clear form after successful submission" type="FAILURE">
<![CDATA[  [webkit] › e2e/contact.spec.ts:169:7 › Contact Page › should clear form after successful submission 

    Test timeout of 30000ms exceeded.

    Error: page.fill: Test timeout of 30000ms exceeded.
    Call log:
      - waiting for locator('input[name="name"], input[placeholder*="Name"]')


      169 |   test('should clear form after successful submission', async ({ page }) => {
      170 |     // Fill form
    > 171 |     await page.fill('input[name="name"], input[placeholder*="Name"]', 'Test User');
          |                ^
      172 |     await page.fill('input[name="email"], input[placeholder*="Email"]', 'test@example.com');
      173 |     await page.fill('textarea[name="message"], textarea[placeholder*="Message"]', 'Test message');
      174 |     
        at /Users/I590496/TKAFROKITCHEN/tk-afro-kitchen/tests/e2e/contact.spec.ts:171:16

    attachment #1: screenshot (image/png) ──────────────────────────────────────────────────────────
    ../test-results/e2e-contact-Contact-Page-s-2e0ba-after-successful-submission-webkit/test-failed-1.png
    ────────────────────────────────────────────────────────────────────────────────────────────────

    attachment #2: video (video/webm) ──────────────────────────────────────────────────────────────
    ../test-results/e2e-contact-Contact-Page-s-2e0ba-after-successful-submission-webkit/video.webm
    ────────────────────────────────────────────────────────────────────────────────────────────────

    Error Context: ../test-results/e2e-contact-Contact-Page-s-2e0ba-after-successful-submission-webkit/error-context.md
]]>
</failure>
<system-out>
<![CDATA[
[[ATTACHMENT|e2e-contact-Contact-Page-s-2e0ba-after-successful-submission-webkit/test-failed-1.png]]

[[ATTACHMENT|e2e-contact-Contact-Page-s-2e0ba-after-successful-submission-webkit/video.webm]]

[[ATTACHMENT|e2e-contact-Contact-Page-s-2e0ba-after-successful-submission-webkit/error-context.md]]
]]>
</system-out>
</testcase>
<testcase name="Contact Page › should be responsive on mobile devices" classname="e2e/contact.spec.ts" time="5.645">
<failure message="contact.spec.ts:200:7 should be responsive on mobile devices" type="FAILURE">
<![CDATA[  [webkit] › e2e/contact.spec.ts:200:7 › Contact Page › should be responsive on mobile devices ─────

    Error: Timed out 5000ms waiting for expect(locator).toBeVisible()

    Locator: locator('form')
    Expected: visible
    Received: <element(s) not found>
    Call log:
      - Expect "toBeVisible" with timeout 5000ms
      - waiting for locator('form')


      203 |     
      204 |     // Check form is still usable
    > 205 |     await expect(page.locator('form')).toBeVisible();
          |                                        ^
      206 |     await expect(page.locator('input[name="name"], input[placeholder*="Name"]')).toBeVisible();
      207 |     await expect(page.locator('button[type="submit"], button:has-text("Send Message")')).toBeVisible();
      208 |   });
        at /Users/I590496/TKAFROKITCHEN/tk-afro-kitchen/tests/e2e/contact.spec.ts:205:40

    attachment #1: screenshot (image/png) ──────────────────────────────────────────────────────────
    ../test-results/e2e-contact-Contact-Page-s-daced-esponsive-on-mobile-devices-webkit/test-failed-1.png
    ────────────────────────────────────────────────────────────────────────────────────────────────

    attachment #2: video (video/webm) ──────────────────────────────────────────────────────────────
    ../test-results/e2e-contact-Contact-Page-s-daced-esponsive-on-mobile-devices-webkit/video.webm
    ────────────────────────────────────────────────────────────────────────────────────────────────

    Error Context: ../test-results/e2e-contact-Contact-Page-s-daced-esponsive-on-mobile-devices-webkit/error-context.md
]]>
</failure>
<system-out>
<![CDATA[
[[ATTACHMENT|e2e-contact-Contact-Page-s-daced-esponsive-on-mobile-devices-webkit/test-failed-1.png]]

[[ATTACHMENT|e2e-contact-Contact-Page-s-daced-esponsive-on-mobile-devices-webkit/video.webm]]

[[ATTACHMENT|e2e-contact-Contact-Page-s-daced-esponsive-on-mobile-devices-webkit/error-context.md]]
]]>
</system-out>
</testcase>
<testcase name="Contact Page › should handle special characters in form fields" classname="e2e/contact.spec.ts" time="30.3">
<failure message="contact.spec.ts:210:7 should handle special characters in form fields" type="FAILURE">
<![CDATA[  [webkit] › e2e/contact.spec.ts:210:7 › Contact Page › should handle special characters in form fields 

    Test timeout of 30000ms exceeded.

    Error: page.fill: Test timeout of 30000ms exceeded.
    Call log:
      - waiting for locator('input[name="name"], input[placeholder*="Name"]')


      213 |     const specialMessage = 'Hello! This is a test message with special chars: @#$%^&*()';
      214 |     
    > 215 |     await page.fill('input[name="name"], input[placeholder*="Name"]', specialName);
          |                ^
      216 |     await page.fill('input[name="email"], input[placeholder*="Email"]', 'test@example.com');
      217 |     await page.fill('textarea[name="message"], textarea[placeholder*="Message"]', specialMessage);
      218 |     
        at /Users/I590496/TKAFROKITCHEN/tk-afro-kitchen/tests/e2e/contact.spec.ts:215:16

    attachment #1: screenshot (image/png) ──────────────────────────────────────────────────────────
    ../test-results/e2e-contact-Contact-Page-s-09cbe-l-characters-in-form-fields-webkit/test-failed-1.png
    ────────────────────────────────────────────────────────────────────────────────────────────────

    attachment #2: video (video/webm) ──────────────────────────────────────────────────────────────
    ../test-results/e2e-contact-Contact-Page-s-09cbe-l-characters-in-form-fields-webkit/video.webm
    ────────────────────────────────────────────────────────────────────────────────────────────────

    Error Context: ../test-results/e2e-contact-Contact-Page-s-09cbe-l-characters-in-form-fields-webkit/error-context.md
]]>
</failure>
<system-out>
<![CDATA[
[[ATTACHMENT|e2e-contact-Contact-Page-s-09cbe-l-characters-in-form-fields-webkit/test-failed-1.png]]

[[ATTACHMENT|e2e-contact-Contact-Page-s-09cbe-l-characters-in-form-fields-webkit/video.webm]]

[[ATTACHMENT|e2e-contact-Contact-Page-s-09cbe-l-characters-in-form-fields-webkit/error-context.md]]
]]>
</system-out>
</testcase>
</testsuite>
<testsuite name="e2e/cross-browser.spec.ts" timestamp="2025-07-20T10:35:55.243Z" hostname="webkit" tests="10" failures="6" skipped="2" time="66.863" errors="0">
<testcase name="Cross-Browser Compatibility › should load homepage correctly across browsers" classname="e2e/cross-browser.spec.ts" time="6.5">
<failure message="cross-browser.spec.ts:4:7 should load homepage correctly across browsers" type="FAILURE">
<![CDATA[  [webkit] › e2e/cross-browser.spec.ts:4:7 › Cross-Browser Compatibility › should load homepage correctly across browsers 

    Error: Timed out 5000ms waiting for expect(locator).toContainText(expected)

    Locator: locator('h1')
    Expected string: "Authentic Nigerian Cuisine"
    Received string: "TK Afro Kitchen"
    Call log:
      - Expect "toContainText" with timeout 5000ms
      - waiting for locator('h1')
        9 × locator resolved to <h1 class="text-5xl md:text-7xl font-bold mb-6">…</h1>
          - unexpected value "TK Afro Kitchen"


       6 |     
       7 |     // Basic page load check
    >  8 |     await expect(page.locator('h1')).toContainText('Authentic Nigerian Cuisine');
         |                                      ^
       9 |     await expect(page.locator('text=Browse Our Menu')).toBeVisible();
      10 |     
      11 |     // Check that navigation works
        at /Users/I590496/TKAFROKITCHEN/tk-afro-kitchen/tests/e2e/cross-browser.spec.ts:8:38

    attachment #1: screenshot (image/png) ──────────────────────────────────────────────────────────
    ../test-results/e2e-cross-browser-Cross-Br-8508e-e-correctly-across-browsers-webkit/test-failed-1.png
    ────────────────────────────────────────────────────────────────────────────────────────────────

    attachment #2: video (video/webm) ──────────────────────────────────────────────────────────────
    ../test-results/e2e-cross-browser-Cross-Br-8508e-e-correctly-across-browsers-webkit/video.webm
    ────────────────────────────────────────────────────────────────────────────────────────────────

    Error Context: ../test-results/e2e-cross-browser-Cross-Br-8508e-e-correctly-across-browsers-webkit/error-context.md
]]>
</failure>
<system-out>
<![CDATA[
[[ATTACHMENT|e2e-cross-browser-Cross-Br-8508e-e-correctly-across-browsers-webkit/test-failed-1.png]]

[[ATTACHMENT|e2e-cross-browser-Cross-Br-8508e-e-correctly-across-browsers-webkit/video.webm]]

[[ATTACHMENT|e2e-cross-browser-Cross-Br-8508e-e-correctly-across-browsers-webkit/error-context.md]]
]]>
</system-out>
</testcase>
<testcase name="Cross-Browser Compatibility › should handle navigation correctly" classname="e2e/cross-browser.spec.ts" time="7.224">
<failure message="cross-browser.spec.ts:18:7 should handle navigation correctly" type="FAILURE">
<![CDATA[  [webkit] › e2e/cross-browser.spec.ts:18:7 › Cross-Browser Compatibility › should handle navigation correctly 

    Error: Timed out 5000ms waiting for expect(locator).toContainText(expected)

    Locator: locator('h1')
    Expected string: "Authentic Nigerian Cuisine"
    Received string: "TK Afro Kitchen"
    Call log:
      - Expect "toContainText" with timeout 5000ms
      - waiting for locator('h1')
        9 × locator resolved to <h1 class="text-5xl md:text-7xl font-bold mb-6">…</h1>
          - unexpected value "TK Afro Kitchen"


      29 |     // Navigate back to home
      30 |     await page.goto('/');
    > 31 |     await expect(page.locator('h1')).toContainText('Authentic Nigerian Cuisine');
         |                                      ^
      32 |   });
      33 |
      34 |   test('should handle cart functionality', async ({ page }) => {
        at /Users/I590496/TKAFROKITCHEN/tk-afro-kitchen/tests/e2e/cross-browser.spec.ts:31:38

    attachment #1: screenshot (image/png) ──────────────────────────────────────────────────────────
    ../test-results/e2e-cross-browser-Cross-Br-d1cbb-handle-navigation-correctly-webkit/test-failed-1.png
    ────────────────────────────────────────────────────────────────────────────────────────────────

    attachment #2: video (video/webm) ──────────────────────────────────────────────────────────────
    ../test-results/e2e-cross-browser-Cross-Br-d1cbb-handle-navigation-correctly-webkit/video.webm
    ────────────────────────────────────────────────────────────────────────────────────────────────

    Error Context: ../test-results/e2e-cross-browser-Cross-Br-d1cbb-handle-navigation-correctly-webkit/error-context.md
]]>
</failure>
<system-out>
<![CDATA[
[[ATTACHMENT|e2e-cross-browser-Cross-Br-d1cbb-handle-navigation-correctly-webkit/test-failed-1.png]]

[[ATTACHMENT|e2e-cross-browser-Cross-Br-d1cbb-handle-navigation-correctly-webkit/video.webm]]

[[ATTACHMENT|e2e-cross-browser-Cross-Br-d1cbb-handle-navigation-correctly-webkit/error-context.md]]
]]>
</system-out>
</testcase>
<testcase name="Cross-Browser Compatibility › should handle cart functionality" classname="e2e/cross-browser.spec.ts" time="0.841">
</testcase>
<testcase name="Cross-Browser Compatibility › should render responsive design correctly" classname="e2e/cross-browser.spec.ts" time="1.306">
</testcase>
<testcase name="Safari-Specific Compatibility › should handle Safari-specific link behavior" classname="e2e/cross-browser.spec.ts" time="30.34">
<failure message="cross-browser.spec.ts:72:7 should handle Safari-specific link behavior" type="FAILURE">
<![CDATA[  [webkit] › e2e/cross-browser.spec.ts:72:7 › Safari-Specific Compatibility › should handle Safari-specific link behavior 

    Test timeout of 30000ms exceeded.

    Error: locator.click: Test timeout of 30000ms exceeded.
    Call log:
      - waiting for locator('text=Browse Our Menu').first()


      77 |     // Test that Safari-specific link handlers work
      78 |     const menuLink = page.locator('text=Browse Our Menu').first();
    > 79 |     await menuLink.click();
         |                    ^
      80 |     
      81 |     // Should navigate successfully despite Safari quirks
      82 |     await page.waitForURL('**/menu', { timeout: 10000 });
        at /Users/I590496/TKAFROKITCHEN/tk-afro-kitchen/tests/e2e/cross-browser.spec.ts:79:20

    attachment #1: screenshot (image/png) ──────────────────────────────────────────────────────────
    ../test-results/e2e-cross-browser-Safari-S-dc6d6-fari-specific-link-behavior-webkit/test-failed-1.png
    ────────────────────────────────────────────────────────────────────────────────────────────────

    attachment #2: video (video/webm) ──────────────────────────────────────────────────────────────
    ../test-results/e2e-cross-browser-Safari-S-dc6d6-fari-specific-link-behavior-webkit/video.webm
    ────────────────────────────────────────────────────────────────────────────────────────────────

    Error Context: ../test-results/e2e-cross-browser-Safari-S-dc6d6-fari-specific-link-behavior-webkit/error-context.md
]]>
</failure>
<system-out>
<![CDATA[
[[ATTACHMENT|e2e-cross-browser-Safari-S-dc6d6-fari-specific-link-behavior-webkit/test-failed-1.png]]

[[ATTACHMENT|e2e-cross-browser-Safari-S-dc6d6-fari-specific-link-behavior-webkit/video.webm]]

[[ATTACHMENT|e2e-cross-browser-Safari-S-dc6d6-fari-specific-link-behavior-webkit/error-context.md]]
]]>
</system-out>
</testcase>
<testcase name="Safari-Specific Compatibility › should handle Safari payment redirect behavior" classname="e2e/cross-browser.spec.ts" time="6.705">
<failure message="cross-browser.spec.ts:86:7 should handle Safari payment redirect behavior" type="FAILURE">
<![CDATA[  [webkit] › e2e/cross-browser.spec.ts:86:7 › Safari-Specific Compatibility › should handle Safari payment redirect behavior 

    Error: Timed out 5000ms waiting for expect(locator).toBeVisible()

    Locator: locator('text=Payment Successful, text=Thank you')
    Expected: visible
    Received: <element(s) not found>
    Call log:
      - Expect "toBeVisible" with timeout 5000ms
      - waiting for locator('text=Payment Successful, text=Thank you')


      104 |     
      105 |     // Should show Safari-specific success handling
    > 106 |     await expect(page.locator('text=Payment Successful, text=Thank you')).toBeVisible();
          |                                                                           ^
      107 |   });
      108 | });
      109 |
        at /Users/I590496/TKAFROKITCHEN/tk-afro-kitchen/tests/e2e/cross-browser.spec.ts:106:75

    attachment #1: screenshot (image/png) ──────────────────────────────────────────────────────────
    ../test-results/e2e-cross-browser-Safari-S-9b1e7-i-payment-redirect-behavior-webkit/test-failed-1.png
    ────────────────────────────────────────────────────────────────────────────────────────────────

    attachment #2: video (video/webm) ──────────────────────────────────────────────────────────────
    ../test-results/e2e-cross-browser-Safari-S-9b1e7-i-payment-redirect-behavior-webkit/video.webm
    ────────────────────────────────────────────────────────────────────────────────────────────────

    Error Context: ../test-results/e2e-cross-browser-Safari-S-9b1e7-i-payment-redirect-behavior-webkit/error-context.md
]]>
</failure>
<system-out>
<![CDATA[
[[ATTACHMENT|e2e-cross-browser-Safari-S-9b1e7-i-payment-redirect-behavior-webkit/test-failed-1.png]]

[[ATTACHMENT|e2e-cross-browser-Safari-S-9b1e7-i-payment-redirect-behavior-webkit/video.webm]]

[[ATTACHMENT|e2e-cross-browser-Safari-S-9b1e7-i-payment-redirect-behavior-webkit/error-context.md]]
]]>
</system-out>
</testcase>
<testcase name="Mobile Compatibility › should handle mobile navigation" classname="e2e/cross-browser.spec.ts" time="0.311">
<properties>
<property name="skip" value="Mobile-specific test">
</property>
</properties>
<skipped>
</skipped>
</testcase>
<testcase name="Mobile Compatibility › should handle mobile cart interaction" classname="e2e/cross-browser.spec.ts" time="0.172">
<properties>
<property name="skip" value="Mobile-specific test">
</property>
</properties>
<skipped>
</skipped>
</testcase>
<testcase name="Performance Checks › should load pages within acceptable time limits" classname="e2e/cross-browser.spec.ts" time="6.181">
<failure message="cross-browser.spec.ts:159:7 should load pages within acceptable time limits" type="FAILURE">
<![CDATA[  [webkit] › e2e/cross-browser.spec.ts:159:7 › Performance Checks › should load pages within acceptable time limits 

    Error: Timed out 5000ms waiting for expect(locator).toBeVisible()

    Locator: locator('text=Browse Our Menu')
    Expected: visible
    Received: <element(s) not found>
    Call log:
      - Expect "toBeVisible" with timeout 5000ms
      - waiting for locator('text=Browse Our Menu')


      169 |     // Check that critical content is visible
      170 |     await expect(page.locator('h1')).toBeVisible();
    > 171 |     await expect(page.locator('text=Browse Our Menu')).toBeVisible();
          |                                                        ^
      172 |   });
      173 |
      174 |   test('should handle JavaScript loading correctly', async ({ page }) => {
        at /Users/I590496/TKAFROKITCHEN/tk-afro-kitchen/tests/e2e/cross-browser.spec.ts:171:56

    attachment #1: screenshot (image/png) ──────────────────────────────────────────────────────────
    ../test-results/e2e-cross-browser-Performa-d046d-thin-acceptable-time-limits-webkit/test-failed-1.png
    ────────────────────────────────────────────────────────────────────────────────────────────────

    attachment #2: video (video/webm) ──────────────────────────────────────────────────────────────
    ../test-results/e2e-cross-browser-Performa-d046d-thin-acceptable-time-limits-webkit/video.webm
    ────────────────────────────────────────────────────────────────────────────────────────────────

    Error Context: ../test-results/e2e-cross-browser-Performa-d046d-thin-acceptable-time-limits-webkit/error-context.md
]]>
</failure>
<system-out>
<![CDATA[
[[ATTACHMENT|e2e-cross-browser-Performa-d046d-thin-acceptable-time-limits-webkit/test-failed-1.png]]

[[ATTACHMENT|e2e-cross-browser-Performa-d046d-thin-acceptable-time-limits-webkit/video.webm]]

[[ATTACHMENT|e2e-cross-browser-Performa-d046d-thin-acceptable-time-limits-webkit/error-context.md]]
]]>
</system-out>
</testcase>
<testcase name="Performance Checks › should handle JavaScript loading correctly" classname="e2e/cross-browser.spec.ts" time="7.283">
<failure message="cross-browser.spec.ts:174:7 should handle JavaScript loading correctly" type="FAILURE">
<![CDATA[  [webkit] › e2e/cross-browser.spec.ts:174:7 › Performance Checks › should handle JavaScript loading correctly 

    Error: Timed out 5000ms waiting for expect(locator).toBeEnabled()

    Locator: locator('text=Browse Our Menu').first()
    Expected: enabled
    Received: <element(s) not found>
    Call log:
      - Expect "toBeEnabled" with timeout 5000ms
      - waiting for locator('text=Browse Our Menu').first()


      180 |     // Interactive elements should work
      181 |     const menuButton = page.locator('text=Browse Our Menu').first();
    > 182 |     await expect(menuButton).toBeEnabled();
          |                              ^
      183 |     
      184 |     await menuButton.click();
      185 |     await page.waitForURL('**/menu');
        at /Users/I590496/TKAFROKITCHEN/tk-afro-kitchen/tests/e2e/cross-browser.spec.ts:182:30

    attachment #1: screenshot (image/png) ──────────────────────────────────────────────────────────
    ../test-results/e2e-cross-browser-Performa-7a126-avaScript-loading-correctly-webkit/test-failed-1.png
    ────────────────────────────────────────────────────────────────────────────────────────────────

    attachment #2: video (video/webm) ──────────────────────────────────────────────────────────────
    ../test-results/e2e-cross-browser-Performa-7a126-avaScript-loading-correctly-webkit/video.webm
    ────────────────────────────────────────────────────────────────────────────────────────────────

    Error Context: ../test-results/e2e-cross-browser-Performa-7a126-avaScript-loading-correctly-webkit/error-context.md
]]>
</failure>
<system-out>
<![CDATA[
[[ATTACHMENT|e2e-cross-browser-Performa-7a126-avaScript-loading-correctly-webkit/test-failed-1.png]]

[[ATTACHMENT|e2e-cross-browser-Performa-7a126-avaScript-loading-correctly-webkit/video.webm]]

[[ATTACHMENT|e2e-cross-browser-Performa-7a126-avaScript-loading-correctly-webkit/error-context.md]]
]]>
</system-out>
</testcase>
</testsuite>
<testsuite name="e2e/final-payment-flow.spec.ts" timestamp="2025-07-20T10:35:55.243Z" hostname="webkit" tests="2" failures="1" skipped="0" time="20.187" errors="0">
<testcase name="Final Payment Flow Test - Complete E2E › should complete add to cart → card payment → success page flow" classname="e2e/final-payment-flow.spec.ts" time="13.034">
<failure message="final-payment-flow.spec.ts:5:7 should complete add to cart → card payment → success page flow" type="FAILURE">
<![CDATA[  [webkit] › e2e/final-payment-flow.spec.ts:5:7 › Final Payment Flow Test - Complete E2E › should complete add to cart → card payment → success page flow 

    Error: Timed out 5000ms waiting for expect(page).toHaveURL(expected)

    Expected pattern: /.*checkout/
    Received string:  "https://tkafrokitchen.com/menu"
    Call log:
      - Expect "toHaveURL" with timeout 5000ms
        9 × unexpected value "https://tkafrokitchen.com/menu"


      57 |     
      58 |     // Verify we're on checkout page and not redirected (cart should have items)
    > 59 |     await expect(page).toHaveURL(/.*checkout/);
         |                        ^
      60 |     console.log('✅ Successfully on checkout page with items in cart');
      61 |     
      62 |     // Step 6: Fill delivery details
        at /Users/I590496/TKAFROKITCHEN/tk-afro-kitchen/tests/e2e/final-payment-flow.spec.ts:59:24

    attachment #1: screenshot (image/png) ──────────────────────────────────────────────────────────
    ../test-results/e2e-final-payment-flow-Fin-cc011-payment-→-success-page-flow-webkit/test-failed-1.png
    ────────────────────────────────────────────────────────────────────────────────────────────────

    attachment #2: video (video/webm) ──────────────────────────────────────────────────────────────
    ../test-results/e2e-final-payment-flow-Fin-cc011-payment-→-success-page-flow-webkit/video.webm
    ────────────────────────────────────────────────────────────────────────────────────────────────

    Error Context: ../test-results/e2e-final-payment-flow-Fin-cc011-payment-→-success-page-flow-webkit/error-context.md
]]>
</failure>
<system-out>
<![CDATA[🚀 Starting complete payment flow test
📱 Step 1: Navigate to menu
🍽️ Step 2: Select menu item
🛒 Step 3: Add item to cart from modal
✅ Item added to cart
🔄 Step 4: Ensure modal is closed
🛍️ Step 5: Navigate to checkout

[[ATTACHMENT|e2e-final-payment-flow-Fin-cc011-payment-→-success-page-flow-webkit/test-failed-1.png]]

[[ATTACHMENT|e2e-final-payment-flow-Fin-cc011-payment-→-success-page-flow-webkit/video.webm]]

[[ATTACHMENT|e2e-final-payment-flow-Fin-cc011-payment-→-success-page-flow-webkit/error-context.md]]
]]>
</system-out>
</testcase>
<testcase name="Final Payment Flow Test - Complete E2E › should add item to cart and verify cart state" classname="e2e/final-payment-flow.spec.ts" time="7.153">
<system-out>
<![CDATA[🛒 Testing cart functionality only
✅ Item added to cart
❌ Redirected from checkout - cart may be empty
]]>
</system-out>
</testcase>
</testsuite>
<testsuite name="e2e/full-payment-flow.spec.ts" timestamp="2025-07-20T10:35:55.243Z" hostname="webkit" tests="4" failures="4" skipped="0" time="121.318" errors="0">
<testcase name="Complete Payment Flow - Add to Cart → Card Payment → Success Page › should complete full payment flow with card payment" classname="e2e/full-payment-flow.spec.ts" time="30.35">
<failure message="full-payment-flow.spec.ts:11:7 should complete full payment flow with card payment" type="FAILURE">
<![CDATA[  [webkit] › e2e/full-payment-flow.spec.ts:11:7 › Complete Payment Flow - Add to Cart → Card Payment → Success Page › should complete full payment flow with card payment 

    Test timeout of 30000ms exceeded.

    Error: locator.click: Test timeout of 30000ms exceeded.
    Call log:
      - waiting for locator('a[href="/menu"]:has-text("Browse Our Menu")')


      14 |     
      15 |     // Navigate to menu using the correct Link component
    > 16 |     await page.locator('a[href="/menu"]:has-text("Browse Our Menu")').click();
         |                                                                       ^
      17 |     await expect(page).toHaveURL(/.*menu/);
      18 |     await page.waitForLoadState('networkidle');
      19 |     
        at /Users/I590496/TKAFROKITCHEN/tk-afro-kitchen/tests/e2e/full-payment-flow.spec.ts:16:71

    attachment #1: screenshot (image/png) ──────────────────────────────────────────────────────────
    ../test-results/e2e-full-payment-flow-Comp-4918c-ment-flow-with-card-payment-webkit/test-failed-1.png
    ────────────────────────────────────────────────────────────────────────────────────────────────

    attachment #2: video (video/webm) ──────────────────────────────────────────────────────────────
    ../test-results/e2e-full-payment-flow-Comp-4918c-ment-flow-with-card-payment-webkit/video.webm
    ────────────────────────────────────────────────────────────────────────────────────────────────

    Error Context: ../test-results/e2e-full-payment-flow-Comp-4918c-ment-flow-with-card-payment-webkit/error-context.md
]]>
</failure>
<system-out>
<![CDATA[🛒 Step 1: Adding item to cart

[[ATTACHMENT|e2e-full-payment-flow-Comp-4918c-ment-flow-with-card-payment-webkit/test-failed-1.png]]

[[ATTACHMENT|e2e-full-payment-flow-Comp-4918c-ment-flow-with-card-payment-webkit/video.webm]]

[[ATTACHMENT|e2e-full-payment-flow-Comp-4918c-ment-flow-with-card-payment-webkit/error-context.md]]
]]>
</system-out>
</testcase>
<testcase name="Complete Payment Flow - Add to Cart → Card Payment → Success Page › should handle continue shopping during checkout" classname="e2e/full-payment-flow.spec.ts" time="30.28">
<failure message="full-payment-flow.spec.ts:159:7 should handle continue shopping during checkout" type="FAILURE">
<![CDATA[  [webkit] › e2e/full-payment-flow.spec.ts:159:7 › Complete Payment Flow - Add to Cart → Card Payment → Success Page › should handle continue shopping during checkout 

    Test timeout of 30000ms exceeded.

    Error: locator.click: Test timeout of 30000ms exceeded.
    Call log:
      - waiting for locator('[data-testid="menu-item"], .menu-item, .product-card').first()


      163 |     
      164 |     const menuItem = page.locator('[data-testid="menu-item"], .menu-item, .product-card').first();
    > 165 |     await menuItem.click();
          |                    ^
      166 |     
      167 |     const addToCartButton = page.locator('button:has-text("Add to Cart"), button:has-text("Add To Cart")');
      168 |     await addToCartButton.click();
        at /Users/I590496/TKAFROKITCHEN/tk-afro-kitchen/tests/e2e/full-payment-flow.spec.ts:165:20

    attachment #1: screenshot (image/png) ──────────────────────────────────────────────────────────
    ../test-results/e2e-full-payment-flow-Comp-c8666-ue-shopping-during-checkout-webkit/test-failed-1.png
    ────────────────────────────────────────────────────────────────────────────────────────────────

    attachment #2: video (video/webm) ──────────────────────────────────────────────────────────────
    ../test-results/e2e-full-payment-flow-Comp-c8666-ue-shopping-during-checkout-webkit/video.webm
    ────────────────────────────────────────────────────────────────────────────────────────────────

    Error Context: ../test-results/e2e-full-payment-flow-Comp-c8666-ue-shopping-during-checkout-webkit/error-context.md
]]>
</failure>
<system-out>
<![CDATA[
[[ATTACHMENT|e2e-full-payment-flow-Comp-c8666-ue-shopping-during-checkout-webkit/test-failed-1.png]]

[[ATTACHMENT|e2e-full-payment-flow-Comp-c8666-ue-shopping-during-checkout-webkit/video.webm]]

[[ATTACHMENT|e2e-full-payment-flow-Comp-c8666-ue-shopping-during-checkout-webkit/error-context.md]]
]]>
</system-out>
</testcase>
<testcase name="Complete Payment Flow - Add to Cart → Card Payment → Success Page › should validate payment form fields" classname="e2e/full-payment-flow.spec.ts" time="30.267">
<failure message="full-payment-flow.spec.ts:182:7 should validate payment form fields" type="FAILURE">
<![CDATA[  [webkit] › e2e/full-payment-flow.spec.ts:182:7 › Complete Payment Flow - Add to Cart → Card Payment → Success Page › should validate payment form fields 

    Test timeout of 30000ms exceeded.

    Error: locator.click: Test timeout of 30000ms exceeded.
    Call log:
      - waiting for locator('[data-testid="menu-item"], .menu-item, .product-card').first()


      186 |     
      187 |     const menuItem = page.locator('[data-testid="menu-item"], .menu-item, .product-card').first();
    > 188 |     await menuItem.click();
          |                    ^
      189 |     
      190 |     const addToCartButton = page.locator('button:has-text("Add to Cart")');
      191 |     await addToCartButton.click();
        at /Users/I590496/TKAFROKITCHEN/tk-afro-kitchen/tests/e2e/full-payment-flow.spec.ts:188:20

    attachment #1: screenshot (image/png) ──────────────────────────────────────────────────────────
    ../test-results/e2e-full-payment-flow-Comp-dd5fd-alidate-payment-form-fields-webkit/test-failed-1.png
    ────────────────────────────────────────────────────────────────────────────────────────────────

    attachment #2: video (video/webm) ──────────────────────────────────────────────────────────────
    ../test-results/e2e-full-payment-flow-Comp-dd5fd-alidate-payment-form-fields-webkit/video.webm
    ────────────────────────────────────────────────────────────────────────────────────────────────

    Error Context: ../test-results/e2e-full-payment-flow-Comp-dd5fd-alidate-payment-form-fields-webkit/error-context.md
]]>
</failure>
<system-out>
<![CDATA[
[[ATTACHMENT|e2e-full-payment-flow-Comp-dd5fd-alidate-payment-form-fields-webkit/test-failed-1.png]]

[[ATTACHMENT|e2e-full-payment-flow-Comp-dd5fd-alidate-payment-form-fields-webkit/video.webm]]

[[ATTACHMENT|e2e-full-payment-flow-Comp-dd5fd-alidate-payment-form-fields-webkit/error-context.md]]
]]>
</system-out>
</testcase>
<testcase name="Complete Payment Flow - Add to Cart → Card Payment → Success Page › should show order summary in checkout" classname="e2e/full-payment-flow.spec.ts" time="30.421">
<failure message="full-payment-flow.spec.ts:204:7 should show order summary in checkout" type="FAILURE">
<![CDATA[  [webkit] › e2e/full-payment-flow.spec.ts:204:7 › Complete Payment Flow - Add to Cart → Card Payment → Success Page › should show order summary in checkout 

    Test timeout of 30000ms exceeded.

    Error: locator.click: Test timeout of 30000ms exceeded.
    Call log:
      - waiting for locator('[data-testid="menu-item"], .menu-item, .product-card').first()


      208 |     
      209 |     const menuItem = page.locator('[data-testid="menu-item"], .menu-item, .product-card').first();
    > 210 |     await menuItem.click();
          |                    ^
      211 |     
      212 |     const addToCartButton = page.locator('button:has-text("Add to Cart")');
      213 |     await addToCartButton.click();
        at /Users/I590496/TKAFROKITCHEN/tk-afro-kitchen/tests/e2e/full-payment-flow.spec.ts:210:20

    attachment #1: screenshot (image/png) ──────────────────────────────────────────────────────────
    ../test-results/e2e-full-payment-flow-Comp-12f70-w-order-summary-in-checkout-webkit/test-failed-1.png
    ────────────────────────────────────────────────────────────────────────────────────────────────

    attachment #2: video (video/webm) ──────────────────────────────────────────────────────────────
    ../test-results/e2e-full-payment-flow-Comp-12f70-w-order-summary-in-checkout-webkit/video.webm
    ────────────────────────────────────────────────────────────────────────────────────────────────

    Error Context: ../test-results/e2e-full-payment-flow-Comp-12f70-w-order-summary-in-checkout-webkit/error-context.md
]]>
</failure>
<system-out>
<![CDATA[
[[ATTACHMENT|e2e-full-payment-flow-Comp-12f70-w-order-summary-in-checkout-webkit/test-failed-1.png]]

[[ATTACHMENT|e2e-full-payment-flow-Comp-12f70-w-order-summary-in-checkout-webkit/video.webm]]

[[ATTACHMENT|e2e-full-payment-flow-Comp-12f70-w-order-summary-in-checkout-webkit/error-context.md]]
]]>
</system-out>
</testcase>
</testsuite>
<testsuite name="e2e/full-user-journey.spec.ts" timestamp="2025-07-20T10:35:55.243Z" hostname="webkit" tests="6" failures="4" skipped="1" time="27.498" errors="0">
<testcase name="Complete User Journey › should complete full user journey from homepage to success" classname="e2e/full-user-journey.spec.ts" time="6.602">
<failure message="full-user-journey.spec.ts:12:7 should complete full user journey from homepage to success" type="FAILURE">
<![CDATA[  [webkit] › e2e/full-user-journey.spec.ts:12:7 › Complete User Journey › should complete full user journey from homepage to success 

    Error: Timed out 5000ms waiting for expect(locator).toContainText(expected)

    Locator: locator('h1')
    Expected string: "Authentic Nigerian Cuisine"
    Received string: "TK Afro Kitchen"
    Call log:
      - Expect "toContainText" with timeout 5000ms
      - waiting for locator('h1')
        9 × locator resolved to <h1 class="text-5xl md:text-7xl font-bold mb-6">…</h1>
          - unexpected value "TK Afro Kitchen"


      13 |     // Step 1: Start from homepage
      14 |     await page.goto('/');
    > 15 |     await expect(page.locator('h1')).toContainText('Authentic Nigerian Cuisine');
         |                                      ^
      16 |
      17 |     // Step 2: Navigate to menu
      18 |     const browseMenuBtn = page.locator('text=Browse Our Menu').first();
        at /Users/I590496/TKAFROKITCHEN/tk-afro-kitchen/tests/e2e/full-user-journey.spec.ts:15:38

    attachment #1: screenshot (image/png) ──────────────────────────────────────────────────────────
    ../test-results/e2e-full-user-journey-Comp-56edd-ey-from-homepage-to-success-webkit/test-failed-1.png
    ────────────────────────────────────────────────────────────────────────────────────────────────

    attachment #2: video (video/webm) ──────────────────────────────────────────────────────────────
    ../test-results/e2e-full-user-journey-Comp-56edd-ey-from-homepage-to-success-webkit/video.webm
    ────────────────────────────────────────────────────────────────────────────────────────────────

    Error Context: ../test-results/e2e-full-user-journey-Comp-56edd-ey-from-homepage-to-success-webkit/error-context.md
]]>
</failure>
<system-out>
<![CDATA[
[[ATTACHMENT|e2e-full-user-journey-Comp-56edd-ey-from-homepage-to-success-webkit/test-failed-1.png]]

[[ATTACHMENT|e2e-full-user-journey-Comp-56edd-ey-from-homepage-to-success-webkit/video.webm]]

[[ATTACHMENT|e2e-full-user-journey-Comp-56edd-ey-from-homepage-to-success-webkit/error-context.md]]
]]>
</system-out>
</testcase>
<testcase name="Complete User Journey › should handle continue shopping flow" classname="e2e/full-user-journey.spec.ts" time="5.818">
<failure message="full-user-journey.spec.ts:64:7 should handle continue shopping flow" type="FAILURE">
<![CDATA[  [webkit] › e2e/full-user-journey.spec.ts:64:7 › Complete User Journey › should handle continue shopping flow 

    Error: Timed out 5000ms waiting for expect(locator).toBeVisible()

    Locator: locator('button:has-text("Add to Cart"), button:has-text("Add to Basket")').first()
    Expected: visible
    Received: <element(s) not found>
    Call log:
      - Expect "toBeVisible" with timeout 5000ms
      - waiting for locator('button:has-text("Add to Cart"), button:has-text("Add to Basket")').first()


       at e2e/utils/test-helpers.ts:13

      11 |     
      12 |     const addToCartBtn = this.page.locator('button:has-text("Add to Cart"), button:has-text("Add to Basket")').first();
    > 13 |     await expect(addToCartBtn).toBeVisible();
         |                                ^
      14 |     await addToCartBtn.click();
      15 |     await this.page.waitForTimeout(1000);
      16 |   }
        at TestHelpers.addItemToCart (/Users/I590496/TKAFROKITCHEN/tk-afro-kitchen/tests/e2e/utils/test-helpers.ts:13:32)
        at /Users/I590496/TKAFROKITCHEN/tk-afro-kitchen/tests/e2e/full-user-journey.spec.ts:66:5

    attachment #1: screenshot (image/png) ──────────────────────────────────────────────────────────
    ../test-results/e2e-full-user-journey-Comp-cd047-ndle-continue-shopping-flow-webkit/test-failed-1.png
    ────────────────────────────────────────────────────────────────────────────────────────────────

    attachment #2: video (video/webm) ──────────────────────────────────────────────────────────────
    ../test-results/e2e-full-user-journey-Comp-cd047-ndle-continue-shopping-flow-webkit/video.webm
    ────────────────────────────────────────────────────────────────────────────────────────────────

    Error Context: ../test-results/e2e-full-user-journey-Comp-cd047-ndle-continue-shopping-flow-webkit/error-context.md
]]>
</failure>
<system-out>
<![CDATA[
[[ATTACHMENT|e2e-full-user-journey-Comp-cd047-ndle-continue-shopping-flow-webkit/test-failed-1.png]]

[[ATTACHMENT|e2e-full-user-journey-Comp-cd047-ndle-continue-shopping-flow-webkit/video.webm]]

[[ATTACHMENT|e2e-full-user-journey-Comp-cd047-ndle-continue-shopping-flow-webkit/error-context.md]]
]]>
</system-out>
</testcase>
<testcase name="Complete User Journey › should handle Safari-specific payment flow" classname="e2e/full-user-journey.spec.ts" time="5.81">
<failure message="full-user-journey.spec.ts:93:7 should handle Safari-specific payment flow" type="FAILURE">
<![CDATA[  [webkit] › e2e/full-user-journey.spec.ts:93:7 › Complete User Journey › should handle Safari-specific payment flow 

    Error: Timed out 5000ms waiting for expect(locator).toBeVisible()

    Locator: locator('button:has-text("Add to Cart"), button:has-text("Add to Basket")').first()
    Expected: visible
    Received: <element(s) not found>
    Call log:
      - Expect "toBeVisible" with timeout 5000ms
      - waiting for locator('button:has-text("Add to Cart"), button:has-text("Add to Basket")').first()


       at e2e/utils/test-helpers.ts:13

      11 |     
      12 |     const addToCartBtn = this.page.locator('button:has-text("Add to Cart"), button:has-text("Add to Basket")').first();
    > 13 |     await expect(addToCartBtn).toBeVisible();
         |                                ^
      14 |     await addToCartBtn.click();
      15 |     await this.page.waitForTimeout(1000);
      16 |   }
        at TestHelpers.addItemToCart (/Users/I590496/TKAFROKITCHEN/tk-afro-kitchen/tests/e2e/utils/test-helpers.ts:13:32)
        at TestHelpers.proceedToCheckout (/Users/I590496/TKAFROKITCHEN/tk-afro-kitchen/tests/e2e/utils/test-helpers.ts:32:5)
        at TestHelpers.completeCheckoutFlow (/Users/I590496/TKAFROKITCHEN/tk-afro-kitchen/tests/e2e/utils/test-helpers.ts:205:5)
        at /Users/I590496/TKAFROKITCHEN/tk-afro-kitchen/tests/e2e/full-user-journey.spec.ts:102:5

    attachment #1: screenshot (image/png) ──────────────────────────────────────────────────────────
    ../test-results/e2e-full-user-journey-Comp-3922b-afari-specific-payment-flow-webkit/test-failed-1.png
    ────────────────────────────────────────────────────────────────────────────────────────────────

    attachment #2: video (video/webm) ──────────────────────────────────────────────────────────────
    ../test-results/e2e-full-user-journey-Comp-3922b-afari-specific-payment-flow-webkit/video.webm
    ────────────────────────────────────────────────────────────────────────────────────────────────

    Error Context: ../test-results/e2e-full-user-journey-Comp-3922b-afari-specific-payment-flow-webkit/error-context.md
]]>
</failure>
<system-out>
<![CDATA[
[[ATTACHMENT|e2e-full-user-journey-Comp-3922b-afari-specific-payment-flow-webkit/test-failed-1.png]]

[[ATTACHMENT|e2e-full-user-journey-Comp-3922b-afari-specific-payment-flow-webkit/video.webm]]

[[ATTACHMENT|e2e-full-user-journey-Comp-3922b-afari-specific-payment-flow-webkit/error-context.md]]
]]>
</system-out>
</testcase>
<testcase name="Complete User Journey › should handle mobile user journey" classname="e2e/full-user-journey.spec.ts" time="0.344">
<properties>
<property name="skip" value="">
</property>
</properties>
<skipped>
</skipped>
</testcase>
<testcase name="Complete User Journey › should handle error scenarios gracefully" classname="e2e/full-user-journey.spec.ts" time="2.97">
</testcase>
<testcase name="Complete User Journey › should maintain cart state across navigation" classname="e2e/full-user-journey.spec.ts" time="5.954">
<failure message="full-user-journey.spec.ts:200:7 should maintain cart state across navigation" type="FAILURE">
<![CDATA[  [webkit] › e2e/full-user-journey.spec.ts:200:7 › Complete User Journey › should maintain cart state across navigation 

    Error: Timed out 5000ms waiting for expect(locator).toBeVisible()

    Locator: locator('button:has-text("Add to Cart"), button:has-text("Add to Basket")').first()
    Expected: visible
    Received: <element(s) not found>
    Call log:
      - Expect "toBeVisible" with timeout 5000ms
      - waiting for locator('button:has-text("Add to Cart"), button:has-text("Add to Basket")').first()


       at e2e/utils/test-helpers.ts:13

      11 |     
      12 |     const addToCartBtn = this.page.locator('button:has-text("Add to Cart"), button:has-text("Add to Basket")').first();
    > 13 |     await expect(addToCartBtn).toBeVisible();
         |                                ^
      14 |     await addToCartBtn.click();
      15 |     await this.page.waitForTimeout(1000);
      16 |   }
        at TestHelpers.addItemToCart (/Users/I590496/TKAFROKITCHEN/tk-afro-kitchen/tests/e2e/utils/test-helpers.ts:13:32)
        at /Users/I590496/TKAFROKITCHEN/tk-afro-kitchen/tests/e2e/full-user-journey.spec.ts:202:5

    attachment #1: screenshot (image/png) ──────────────────────────────────────────────────────────
    ../test-results/e2e-full-user-journey-Comp-6839f-art-state-across-navigation-webkit/test-failed-1.png
    ────────────────────────────────────────────────────────────────────────────────────────────────

    attachment #2: video (video/webm) ──────────────────────────────────────────────────────────────
    ../test-results/e2e-full-user-journey-Comp-6839f-art-state-across-navigation-webkit/video.webm
    ────────────────────────────────────────────────────────────────────────────────────────────────

    Error Context: ../test-results/e2e-full-user-journey-Comp-6839f-art-state-across-navigation-webkit/error-context.md
]]>
</failure>
<system-out>
<![CDATA[
[[ATTACHMENT|e2e-full-user-journey-Comp-6839f-art-state-across-navigation-webkit/test-failed-1.png]]

[[ATTACHMENT|e2e-full-user-journey-Comp-6839f-art-state-across-navigation-webkit/video.webm]]

[[ATTACHMENT|e2e-full-user-journey-Comp-6839f-art-state-across-navigation-webkit/error-context.md]]
]]>
</system-out>
</testcase>
</testsuite>
<testsuite name="e2e/homepage.spec.ts" timestamp="2025-07-20T10:35:55.243Z" hostname="webkit" tests="11" failures="6" skipped="0" time="27.249" errors="0">
<testcase name="Homepage › should load homepage successfully" classname="e2e/homepage.spec.ts" time="1.058">
</testcase>
<testcase name="Homepage › should display navigation menu correctly" classname="e2e/homepage.spec.ts" time="1.087">
<failure message="homepage.spec.ts:19:7 should display navigation menu correctly" type="FAILURE">
<![CDATA[  [webkit] › e2e/homepage.spec.ts:19:7 › Homepage › should display navigation menu correctly ───────

    Error: expect.toBeVisible: Error: strict mode violation: locator('nav') resolved to 3 elements:
        1) <nav class="flex items-center space-x-4">…</nav> aka getByText('AboutFAQContact')
        2) <nav class="hidden md:flex items-center space-x-6">…</nav> aka getByText('MenuPricingFrozenCatering')
        3) <nav class="fixed bottom-0 left-0 right-0 z-50 md:hidden">…</nav> aka locator('nav').filter({ hasText: 'HomeMenuFrozenCateringCart' })

    Call log:
      - Expect "toBeVisible" with timeout 5000ms
      - waiting for locator('nav')


      19 |   test('should display navigation menu correctly', async ({ page }) => {
      20 |     // Check main navigation is visible
    > 21 |     await expect(page.locator('nav')).toBeVisible();
         |                                       ^
      22 |     
      23 |     // Check key navigation links are present
      24 |     const navLinks = ['Menu', 'Pricing', 'Frozen', 'Catering', 'About', 'FAQ', 'Contact'];
        at /Users/I590496/TKAFROKITCHEN/tk-afro-kitchen/tests/e2e/homepage.spec.ts:21:39

    attachment #1: screenshot (image/png) ──────────────────────────────────────────────────────────
    ../test-results/e2e-homepage-Homepage-shou-5ffc8-y-navigation-menu-correctly-webkit/test-failed-1.png
    ────────────────────────────────────────────────────────────────────────────────────────────────

    attachment #2: video (video/webm) ──────────────────────────────────────────────────────────────
    ../test-results/e2e-homepage-Homepage-shou-5ffc8-y-navigation-menu-correctly-webkit/video.webm
    ────────────────────────────────────────────────────────────────────────────────────────────────

    Error Context: ../test-results/e2e-homepage-Homepage-shou-5ffc8-y-navigation-menu-correctly-webkit/error-context.md
]]>
</failure>
<system-out>
<![CDATA[
[[ATTACHMENT|e2e-homepage-Homepage-shou-5ffc8-y-navigation-menu-correctly-webkit/test-failed-1.png]]

[[ATTACHMENT|e2e-homepage-Homepage-shou-5ffc8-y-navigation-menu-correctly-webkit/video.webm]]

[[ATTACHMENT|e2e-homepage-Homepage-shou-5ffc8-y-navigation-menu-correctly-webkit/error-context.md]]
]]>
</system-out>
</testcase>
<testcase name="Homepage › should display hero section with call-to-action" classname="e2e/homepage.spec.ts" time="6.444">
<failure message="homepage.spec.ts:31:7 should display hero section with call-to-action" type="FAILURE">
<![CDATA[  [webkit] › e2e/homepage.spec.ts:31:7 › Homepage › should display hero section with call-to-action 

    Error: Timed out 5000ms waiting for expect(locator).toBeVisible()

    Locator: locator('button:has-text("Order Now")')
    Expected: visible
    Received: <element(s) not found>
    Call log:
      - Expect "toBeVisible" with timeout 5000ms
      - waiting for locator('button:has-text("Order Now")')


      34 |     
      35 |     // Check for call-to-action buttons
    > 36 |     await expect(page.locator('button:has-text("Order Now")')).toBeVisible();
         |                                                                ^
      37 |     await expect(page.locator('a:has-text("Browse Menu")')).toBeVisible();
      38 |   });
      39 |
        at /Users/I590496/TKAFROKITCHEN/tk-afro-kitchen/tests/e2e/homepage.spec.ts:36:64

    attachment #1: screenshot (image/png) ──────────────────────────────────────────────────────────
    ../test-results/e2e-homepage-Homepage-shou-3a893-section-with-call-to-action-webkit/test-failed-1.png
    ────────────────────────────────────────────────────────────────────────────────────────────────

    attachment #2: video (video/webm) ──────────────────────────────────────────────────────────────
    ../test-results/e2e-homepage-Homepage-shou-3a893-section-with-call-to-action-webkit/video.webm
    ────────────────────────────────────────────────────────────────────────────────────────────────

    Error Context: ../test-results/e2e-homepage-Homepage-shou-3a893-section-with-call-to-action-webkit/error-context.md
]]>
</failure>
<system-out>
<![CDATA[
[[ATTACHMENT|e2e-homepage-Homepage-shou-3a893-section-with-call-to-action-webkit/test-failed-1.png]]

[[ATTACHMENT|e2e-homepage-Homepage-shou-3a893-section-with-call-to-action-webkit/video.webm]]

[[ATTACHMENT|e2e-homepage-Homepage-shou-3a893-section-with-call-to-action-webkit/error-context.md]]
]]>
</system-out>
</testcase>
<testcase name="Homepage › should display featured dishes section" classname="e2e/homepage.spec.ts" time="6.269">
<failure message="homepage.spec.ts:40:7 should display featured dishes section" type="FAILURE">
<![CDATA[  [webkit] › e2e/homepage.spec.ts:40:7 › Homepage › should display featured dishes section ─────────

    Error: Timed out 5000ms waiting for expect(locator).toBeVisible()

    Locator: locator('.featured-dishes, [data-testid="featured-dishes"]')
    Expected: visible
    Received: <element(s) not found>
    Call log:
      - Expect "toBeVisible" with timeout 5000ms
      - waiting for locator('.featured-dishes, [data-testid="featured-dishes"]')


      43 |     
      44 |     // Check for featured dishes
    > 45 |     await expect(page.locator('.featured-dishes, [data-testid="featured-dishes"]')).toBeVisible();
         |                                                                                     ^
      46 |     
      47 |     // Check for dish cards
      48 |     const dishCards = page.locator('.dish-card, [data-testid="dish-card"]');
        at /Users/I590496/TKAFROKITCHEN/tk-afro-kitchen/tests/e2e/homepage.spec.ts:45:85

    attachment #1: screenshot (image/png) ──────────────────────────────────────────────────────────
    ../test-results/e2e-homepage-Homepage-should-display-featured-dishes-section-webkit/test-failed-1.png
    ────────────────────────────────────────────────────────────────────────────────────────────────

    attachment #2: video (video/webm) ──────────────────────────────────────────────────────────────
    ../test-results/e2e-homepage-Homepage-should-display-featured-dishes-section-webkit/video.webm
    ────────────────────────────────────────────────────────────────────────────────────────────────

    Error Context: ../test-results/e2e-homepage-Homepage-should-display-featured-dishes-section-webkit/error-context.md
]]>
</failure>
<system-out>
<![CDATA[
[[ATTACHMENT|e2e-homepage-Homepage-should-display-featured-dishes-section-webkit/test-failed-1.png]]

[[ATTACHMENT|e2e-homepage-Homepage-should-display-featured-dishes-section-webkit/video.webm]]

[[ATTACHMENT|e2e-homepage-Homepage-should-display-featured-dishes-section-webkit/error-context.md]]
]]>
</system-out>
</testcase>
<testcase name="Homepage › should display footer with contact information" classname="e2e/homepage.spec.ts" time="1.357">
<failure message="homepage.spec.ts:52:7 should display footer with contact information" type="FAILURE">
<![CDATA[  [webkit] › e2e/homepage.spec.ts:52:7 › Homepage › should display footer with contact information ─

    Error: expect.toBeVisible: Error: strict mode violation: locator('text=Milton Keynes') resolved to 2 elements:
        1) <span>Milton Keynes, UK</span> aka getByRole('banner').getByText('Milton Keynes, UK')
        2) <span class="text-sm">Milton Keynes, UK</span> aka getByRole('contentinfo').getByText('Milton Keynes, UK')

    Call log:
      - Expect "toBeVisible" with timeout 5000ms
      - waiting for locator('text=Milton Keynes')


      58 |     
      59 |     // Check for contact information
    > 60 |     await expect(page.locator('text=Milton Keynes')).toBeVisible();
         |                                                      ^
      61 |   });
      62 |
      63 |   test('should have working social media links', async ({ page }) => {
        at /Users/I590496/TKAFROKITCHEN/tk-afro-kitchen/tests/e2e/homepage.spec.ts:60:54

    attachment #1: screenshot (image/png) ──────────────────────────────────────────────────────────
    ../test-results/e2e-homepage-Homepage-shou-de17b-er-with-contact-information-webkit/test-failed-1.png
    ────────────────────────────────────────────────────────────────────────────────────────────────

    attachment #2: video (video/webm) ──────────────────────────────────────────────────────────────
    ../test-results/e2e-homepage-Homepage-shou-de17b-er-with-contact-information-webkit/video.webm
    ────────────────────────────────────────────────────────────────────────────────────────────────

    Error Context: ../test-results/e2e-homepage-Homepage-shou-de17b-er-with-contact-information-webkit/error-context.md
]]>
</failure>
<system-out>
<![CDATA[
[[ATTACHMENT|e2e-homepage-Homepage-shou-de17b-er-with-contact-information-webkit/test-failed-1.png]]

[[ATTACHMENT|e2e-homepage-Homepage-shou-de17b-er-with-contact-information-webkit/video.webm]]

[[ATTACHMENT|e2e-homepage-Homepage-shou-de17b-er-with-contact-information-webkit/error-context.md]]
]]>
</system-out>
</testcase>
<testcase name="Homepage › should have working social media links" classname="e2e/homepage.spec.ts" time="1.366">
<failure message="homepage.spec.ts:63:7 should have working social media links" type="FAILURE">
<![CDATA[  [webkit] › e2e/homepage.spec.ts:63:7 › Homepage › should have working social media links ─────────

    Error: expect.toBeVisible: Error: strict mode violation: locator('a[href*="instagram"]') resolved to 2 elements:
        1) <a target="_blank" href="https://instagram.com/tk_afro_kitchen" class="text-slate-300 hover:text-orange-400 transition-colors">…</a> aka locator('div').filter({ hasText: /^AboutFAQContact$/ }).getByRole('link').first()
        2) <a target="_blank" rel="noopener noreferrer" href="https://instagram.com/tk_afro_kitchen" class="w-10 h-10 bg-gradient-to-r from-pink-500 to-purple-500 rounded-full flex items-center justify-center text-white shadow-lg hover:shadow-xl transition-all duration-300">…</a> aka getByRole('contentinfo').getByRole('link').filter({ hasText: /^$/ }).first()

    Call log:
      - Expect "toBeVisible" with timeout 5000ms
      - waiting for locator('a[href*="instagram"]')


      63 |   test('should have working social media links', async ({ page }) => {
      64 |     // Check social media icons are present
    > 65 |     await expect(page.locator('a[href*="instagram"]')).toBeVisible();
         |                                                        ^
      66 |     await expect(page.locator('a[href*="facebook"]')).toBeVisible();
      67 |   });
      68 |
        at /Users/I590496/TKAFROKITCHEN/tk-afro-kitchen/tests/e2e/homepage.spec.ts:65:56

    attachment #1: screenshot (image/png) ──────────────────────────────────────────────────────────
    ../test-results/e2e-homepage-Homepage-should-have-working-social-media-links-webkit/test-failed-1.png
    ────────────────────────────────────────────────────────────────────────────────────────────────

    attachment #2: video (video/webm) ──────────────────────────────────────────────────────────────
    ../test-results/e2e-homepage-Homepage-should-have-working-social-media-links-webkit/video.webm
    ────────────────────────────────────────────────────────────────────────────────────────────────

    Error Context: ../test-results/e2e-homepage-Homepage-should-have-working-social-media-links-webkit/error-context.md
]]>
</failure>
<system-out>
<![CDATA[
[[ATTACHMENT|e2e-homepage-Homepage-should-have-working-social-media-links-webkit/test-failed-1.png]]

[[ATTACHMENT|e2e-homepage-Homepage-should-have-working-social-media-links-webkit/video.webm]]

[[ATTACHMENT|e2e-homepage-Homepage-should-have-working-social-media-links-webkit/error-context.md]]
]]>
</system-out>
</testcase>
<testcase name="Homepage › should display logo and branding correctly" classname="e2e/homepage.spec.ts" time="2.029">
<failure message="homepage.spec.ts:69:7 should display logo and branding correctly" type="FAILURE">
<![CDATA[  [webkit] › e2e/homepage.spec.ts:69:7 › Homepage › should display logo and branding correctly ─────

    Error: expect.toBeVisible: Error: strict mode violation: locator('img[alt*="TK Afro Kitchen"]') resolved to 2 elements:
        1) <img sizes="100vw" loading="lazy" decoding="async" data-nimg="fill" alt="TK Afro Kitchen" class="object-contain rounded-full" src="/_next/image?url=%2Fimages%2Fbrand%2Ftklogo.jpg&w=3840&q=75" srcset="/_next/image?url=%2Fimages%2Fbrand%2Ftklogo.jpg&w=640&q=75 640w, /_next/image?url=%2Fimages%2Fbrand%2Ftklogo.jpg&w=750&q=75 750w, /_next/image?url=%2Fimages%2Fbrand%2Ftklogo.jpg&w=828&q=75 828w, /_next/image?url=%2Fimages%2Fbrand%2Ftklogo.jpg&w=1080&q=75 1080w, /_next/image?url=%2Fimages%2Fbrand%2Ftklo…/> aka getByRole('link', { name: 'TK Afro Kitchen TKAfro Kitchen' })
        2) <img sizes="100vw" loading="lazy" decoding="async" data-nimg="fill" alt="TK Afro Kitchen" class="object-contain rounded-full" src="/_next/image?url=%2Fimages%2Fbrand%2Ftklogo.jpg&w=3840&q=75" srcset="/_next/image?url=%2Fimages%2Fbrand%2Ftklogo.jpg&w=640&q=75 640w, /_next/image?url=%2Fimages%2Fbrand%2Ftklogo.jpg&w=750&q=75 750w, /_next/image?url=%2Fimages%2Fbrand%2Ftklogo.jpg&w=828&q=75 828w, /_next/image?url=%2Fimages%2Fbrand%2Ftklogo.jpg&w=1080&q=75 1080w, /_next/image?url=%2Fimages%2Fbrand%2Ftklo…/> aka getByRole('contentinfo').getByRole('img', { name: 'TK Afro Kitchen' })

    Call log:
      - Expect "toBeVisible" with timeout 5000ms
      - waiting for locator('img[alt*="TK Afro Kitchen"]')


      69 |   test('should display logo and branding correctly', async ({ page }) => {
      70 |     // Check logo is visible
    > 71 |     await expect(page.locator('img[alt*="TK Afro Kitchen"]')).toBeVisible();
         |                                                               ^
      72 |     
      73 |     // Check brand name is displayed
      74 |     await expect(page.locator('text=TKAfro Kitchen')).toBeVisible();
        at /Users/I590496/TKAFROKITCHEN/tk-afro-kitchen/tests/e2e/homepage.spec.ts:71:63

    attachment #1: screenshot (image/png) ──────────────────────────────────────────────────────────
    ../test-results/e2e-homepage-Homepage-shou-3ea0d-logo-and-branding-correctly-webkit/test-failed-1.png
    ────────────────────────────────────────────────────────────────────────────────────────────────

    attachment #2: video (video/webm) ──────────────────────────────────────────────────────────────
    ../test-results/e2e-homepage-Homepage-shou-3ea0d-logo-and-branding-correctly-webkit/video.webm
    ────────────────────────────────────────────────────────────────────────────────────────────────

    Error Context: ../test-results/e2e-homepage-Homepage-shou-3ea0d-logo-and-branding-correctly-webkit/error-context.md
]]>
</failure>
<system-out>
<![CDATA[
[[ATTACHMENT|e2e-homepage-Homepage-shou-3ea0d-logo-and-branding-correctly-webkit/test-failed-1.png]]

[[ATTACHMENT|e2e-homepage-Homepage-shou-3ea0d-logo-and-branding-correctly-webkit/video.webm]]

[[ATTACHMENT|e2e-homepage-Homepage-shou-3ea0d-logo-and-branding-correctly-webkit/error-context.md]]
]]>
</system-out>
</testcase>
<testcase name="Homepage › should have proper meta tags for SEO" classname="e2e/homepage.spec.ts" time="1.703">
</testcase>
<testcase name="Homepage › should load images without errors" classname="e2e/homepage.spec.ts" time="2.638">
</testcase>
<testcase name="Homepage › should have accessible color contrast" classname="e2e/homepage.spec.ts" time="1.251">
</testcase>
<testcase name="Homepage › should handle page refresh correctly" classname="e2e/homepage.spec.ts" time="2.047">
</testcase>
</testsuite>
<testsuite name="e2e/menu-and-cart.spec.ts" timestamp="2025-07-20T10:35:55.243Z" hostname="webkit" tests="7" failures="4" skipped="0" time="31.253" errors="0">
<testcase name="Menu and Cart Functionality › should load menu page successfully" classname="e2e/menu-and-cart.spec.ts" time="1.179">
</testcase>
<testcase name="Menu and Cart Functionality › should be able to add items to cart" classname="e2e/menu-and-cart.spec.ts" time="5.769">
<failure message="menu-and-cart.spec.ts:23:7 should be able to add items to cart" type="FAILURE">
<![CDATA[  [webkit] › e2e/menu-and-cart.spec.ts:23:7 › Menu and Cart Functionality › should be able to add items to cart 

    Error: Timed out 5000ms waiting for expect(locator).toBeVisible()

    Locator: locator('button:has-text("Add to Cart"), button:has-text("Add to Basket")').first()
    Expected: visible
    Received: <element(s) not found>
    Call log:
      - Expect "toBeVisible" with timeout 5000ms
      - waiting for locator('button:has-text("Add to Cart"), button:has-text("Add to Basket")').first()


      24 |     // Find a menu item with an "Add to Cart" button
      25 |     const addToCartBtn = page.locator('button:has-text("Add to Cart"), button:has-text("Add to Basket")').first();
    > 26 |     await expect(addToCartBtn).toBeVisible();
         |                                ^
      27 |     
      28 |     // Click add to cart
      29 |     await addToCartBtn.click();
        at /Users/I590496/TKAFROKITCHEN/tk-afro-kitchen/tests/e2e/menu-and-cart.spec.ts:26:32

    attachment #1: screenshot (image/png) ──────────────────────────────────────────────────────────
    ../test-results/e2e-menu-and-cart-Menu-and-df8ab-e-able-to-add-items-to-cart-webkit/test-failed-1.png
    ────────────────────────────────────────────────────────────────────────────────────────────────

    attachment #2: video (video/webm) ──────────────────────────────────────────────────────────────
    ../test-results/e2e-menu-and-cart-Menu-and-df8ab-e-able-to-add-items-to-cart-webkit/video.webm
    ────────────────────────────────────────────────────────────────────────────────────────────────

    Error Context: ../test-results/e2e-menu-and-cart-Menu-and-df8ab-e-able-to-add-items-to-cart-webkit/error-context.md
]]>
</failure>
<system-out>
<![CDATA[
[[ATTACHMENT|e2e-menu-and-cart-Menu-and-df8ab-e-able-to-add-items-to-cart-webkit/test-failed-1.png]]

[[ATTACHMENT|e2e-menu-and-cart-Menu-and-df8ab-e-able-to-add-items-to-cart-webkit/video.webm]]

[[ATTACHMENT|e2e-menu-and-cart-Menu-and-df8ab-e-able-to-add-items-to-cart-webkit/error-context.md]]
]]>
</system-out>
</testcase>
<testcase name="Menu and Cart Functionality › should be able to manage cart items" classname="e2e/menu-and-cart.spec.ts" time="6.692">
<failure message="menu-and-cart.spec.ts:50:7 should be able to manage cart items" type="FAILURE">
<![CDATA[  [webkit] › e2e/menu-and-cart.spec.ts:50:7 › Menu and Cart Functionality › should be able to manage cart items 

    Error: Timed out 5000ms waiting for expect(locator).toBeVisible()

    Locator: locator('text=Your Cart, text=Cart')
    Expected: visible
    Received: <element(s) not found>
    Call log:
      - Expect "toBeVisible" with timeout 5000ms
      - waiting for locator('text=Your Cart, text=Cart')


      62 |     
      63 |     // Check if cart modal is open
    > 64 |     await expect(page.locator('text=Your Cart, text=Cart')).toBeVisible();
         |                                                             ^
      65 |     
      66 |     // Look for quantity controls
      67 |     const plusButton = page.locator('button:has-text("+"), button[aria-label*="increase"], button[aria-label*="plus"]');
        at /Users/I590496/TKAFROKITCHEN/tk-afro-kitchen/tests/e2e/menu-and-cart.spec.ts:64:61

    attachment #1: screenshot (image/png) ──────────────────────────────────────────────────────────
    ../test-results/e2e-menu-and-cart-Menu-and-e0bcc-e-able-to-manage-cart-items-webkit/test-failed-1.png
    ────────────────────────────────────────────────────────────────────────────────────────────────

    attachment #2: video (video/webm) ──────────────────────────────────────────────────────────────
    ../test-results/e2e-menu-and-cart-Menu-and-e0bcc-e-able-to-manage-cart-items-webkit/video.webm
    ────────────────────────────────────────────────────────────────────────────────────────────────

    Error Context: ../test-results/e2e-menu-and-cart-Menu-and-e0bcc-e-able-to-manage-cart-items-webkit/error-context.md
]]>
</failure>
<system-out>
<![CDATA[
[[ATTACHMENT|e2e-menu-and-cart-Menu-and-e0bcc-e-able-to-manage-cart-items-webkit/test-failed-1.png]]

[[ATTACHMENT|e2e-menu-and-cart-Menu-and-e0bcc-e-able-to-manage-cart-items-webkit/video.webm]]

[[ATTACHMENT|e2e-menu-and-cart-Menu-and-e0bcc-e-able-to-manage-cart-items-webkit/error-context.md]]
]]>
</system-out>
</testcase>
<testcase name="Menu and Cart Functionality › should show cart total" classname="e2e/menu-and-cart.spec.ts" time="6.687">
<failure message="menu-and-cart.spec.ts:88:7 should show cart total" type="FAILURE">
<![CDATA[  [webkit] › e2e/menu-and-cart.spec.ts:88:7 › Menu and Cart Functionality › should show cart total ─

    Error: Timed out 5000ms waiting for expect(locator).toBeVisible()

    Locator: locator('text=Total, text=£').or(locator('[data-testid="cart-total"]'))
    Expected: visible
    Received: <element(s) not found>
    Call log:
      - Expect "toBeVisible" with timeout 5000ms
      - waiting for locator('text=Total, text=£').or(locator('[data-testid="cart-total"]'))


      100 |     
      101 |     // Check for total price
    > 102 |     await expect(page.locator('text=Total, text=£').or(page.locator('[data-testid="cart-total"]'))).toBeVisible();
          |                                                                                                     ^
      103 |   });
      104 |
      105 |   test('should have continue shopping functionality', async ({ page }) => {
        at /Users/I590496/TKAFROKITCHEN/tk-afro-kitchen/tests/e2e/menu-and-cart.spec.ts:102:101

    attachment #1: screenshot (image/png) ──────────────────────────────────────────────────────────
    ../test-results/e2e-menu-and-cart-Menu-and-7db2a-lity-should-show-cart-total-webkit/test-failed-1.png
    ────────────────────────────────────────────────────────────────────────────────────────────────

    attachment #2: video (video/webm) ──────────────────────────────────────────────────────────────
    ../test-results/e2e-menu-and-cart-Menu-and-7db2a-lity-should-show-cart-total-webkit/video.webm
    ────────────────────────────────────────────────────────────────────────────────────────────────

    Error Context: ../test-results/e2e-menu-and-cart-Menu-and-7db2a-lity-should-show-cart-total-webkit/error-context.md
]]>
</failure>
<system-out>
<![CDATA[
[[ATTACHMENT|e2e-menu-and-cart-Menu-and-7db2a-lity-should-show-cart-total-webkit/test-failed-1.png]]

[[ATTACHMENT|e2e-menu-and-cart-Menu-and-7db2a-lity-should-show-cart-total-webkit/video.webm]]

[[ATTACHMENT|e2e-menu-and-cart-Menu-and-7db2a-lity-should-show-cart-total-webkit/error-context.md]]
]]>
</system-out>
</testcase>
<testcase name="Menu and Cart Functionality › should have continue shopping functionality" classname="e2e/menu-and-cart.spec.ts" time="1.491">
</testcase>
<testcase name="Menu and Cart Functionality › should proceed to checkout with items in cart" classname="e2e/menu-and-cart.spec.ts" time="2.904">
</testcase>
<testcase name="Menu and Cart Functionality › should show empty cart message when no items" classname="e2e/menu-and-cart.spec.ts" time="6.531">
<failure message="menu-and-cart.spec.ts:160:7 should show empty cart message when no items" type="FAILURE">
<![CDATA[  [webkit] › e2e/menu-and-cart.spec.ts:160:7 › Menu and Cart Functionality › should show empty cart message when no items 

    Error: Timed out 5000ms waiting for expect(locator).toBeVisible()

    Locator: locator('text=empty, text=no items')
    Expected: visible
    Received: <element(s) not found>
    Call log:
      - Expect "toBeVisible" with timeout 5000ms
      - waiting for locator('text=empty, text=no items')


      165 |     
      166 |     // Should show empty cart message
    > 167 |     await expect(page.locator('text=empty, text=no items')).toBeVisible();
          |                                                             ^
      168 |   });
      169 | });
        at /Users/I590496/TKAFROKITCHEN/tk-afro-kitchen/tests/e2e/menu-and-cart.spec.ts:167:61

    attachment #1: screenshot (image/png) ──────────────────────────────────────────────────────────
    ../test-results/e2e-menu-and-cart-Menu-and-c6fee--cart-message-when-no-items-webkit/test-failed-1.png
    ────────────────────────────────────────────────────────────────────────────────────────────────

    attachment #2: video (video/webm) ──────────────────────────────────────────────────────────────
    ../test-results/e2e-menu-and-cart-Menu-and-c6fee--cart-message-when-no-items-webkit/video.webm
    ────────────────────────────────────────────────────────────────────────────────────────────────

    Error Context: ../test-results/e2e-menu-and-cart-Menu-and-c6fee--cart-message-when-no-items-webkit/error-context.md
]]>
</failure>
<system-out>
<![CDATA[
[[ATTACHMENT|e2e-menu-and-cart-Menu-and-c6fee--cart-message-when-no-items-webkit/test-failed-1.png]]

[[ATTACHMENT|e2e-menu-and-cart-Menu-and-c6fee--cart-message-when-no-items-webkit/video.webm]]

[[ATTACHMENT|e2e-menu-and-cart-Menu-and-c6fee--cart-message-when-no-items-webkit/error-context.md]]
]]>
</system-out>
</testcase>
</testsuite>
<testsuite name="e2e/menu.spec.ts" timestamp="2025-07-20T10:35:55.243Z" hostname="webkit" tests="16" failures="8" skipped="0" time="65.435" errors="0">
<testcase name="Menu Page › should load menu page successfully" classname="e2e/menu.spec.ts" time="5.842">
<failure message="menu.spec.ts:8:7 should load menu page successfully" type="FAILURE">
<![CDATA[  [webkit] › e2e/menu.spec.ts:8:7 › Menu Page › should load menu page successfully ─────────────────

    Error: Timed out 5000ms waiting for expect(page).toHaveTitle(expected)

    Expected pattern: /Menu/
    Received string:  "TK Afro Kitchen"
    Call log:
      - Expect "toHaveTitle" with timeout 5000ms
        9 × unexpected value "TK Afro Kitchen"


       8 |   test('should load menu page successfully', async ({ page }) => {
       9 |     // Check page title
    > 10 |     await expect(page).toHaveTitle(/Menu/);
         |                        ^
      11 |     
      12 |     // Check main heading
      13 |     await expect(page.locator('h1')).toContainText(/Our Menu/);
        at /Users/I590496/TKAFROKITCHEN/tk-afro-kitchen/tests/e2e/menu.spec.ts:10:24

    attachment #1: screenshot (image/png) ──────────────────────────────────────────────────────────
    ../test-results/e2e-menu-Menu-Page-should-load-menu-page-successfully-webkit/test-failed-1.png
    ────────────────────────────────────────────────────────────────────────────────────────────────

    attachment #2: video (video/webm) ──────────────────────────────────────────────────────────────
    ../test-results/e2e-menu-Menu-Page-should-load-menu-page-successfully-webkit/video.webm
    ────────────────────────────────────────────────────────────────────────────────────────────────

    Error Context: ../test-results/e2e-menu-Menu-Page-should-load-menu-page-successfully-webkit/error-context.md
]]>
</failure>
<system-out>
<![CDATA[
[[ATTACHMENT|e2e-menu-Menu-Page-should-load-menu-page-successfully-webkit/test-failed-1.png]]

[[ATTACHMENT|e2e-menu-Menu-Page-should-load-menu-page-successfully-webkit/video.webm]]

[[ATTACHMENT|e2e-menu-Menu-Page-should-load-menu-page-successfully-webkit/error-context.md]]
]]>
</system-out>
</testcase>
<testcase name="Menu Page › should display category filters on desktop" classname="e2e/menu.spec.ts" time="1.245">
<failure message="menu.spec.ts:19:7 should display category filters on desktop" type="FAILURE">
<![CDATA[  [webkit] › e2e/menu.spec.ts:19:7 › Menu Page › should display category filters on desktop ────────

    Error: expect.toBeVisible: Error: strict mode violation: locator('button:has-text("All Dishes")') resolved to 2 elements:
        1) <button tabindex="0" class="px-4 sm:px-6 py-2 sm:py-3 rounded-full border transition-all duration-300 text-sm sm:text-base bg-gradient-to-r from-orange-500 to-yellow-500 text-white border-orange-500">🍽️ All Dishes</button> aka getByRole('button', { name: '🍽️ All Dishes' })
        2) <button class="relative w-32 h-20 rounded-xl border-2 transition-all duration-300 flex flex-col items-center justify-center bg-gradient-to-br from-orange-500 to-yellow-500 border-orange-400 text-white shadow-lg">…</button> aka getByText('🍽️All Dishes')

    Call log:
      - Expect "toBeVisible" with timeout 5000ms
      - waiting for locator('button:has-text("All Dishes")')


      22 |     
      23 |     // Check category filter buttons are visible
    > 24 |     await expect(page.locator('button:has-text("All Dishes")')).toBeVisible();
         |                                                                 ^
      25 |     await expect(page.locator('button:has-text("Rice Dishes")')).toBeVisible();
      26 |     await expect(page.locator('button:has-text("Soups & Stews")')).toBeVisible();
      27 |   });
        at /Users/I590496/TKAFROKITCHEN/tk-afro-kitchen/tests/e2e/menu.spec.ts:24:65

    attachment #1: screenshot (image/png) ──────────────────────────────────────────────────────────
    ../test-results/e2e-menu-Menu-Page-should--cfe65-category-filters-on-desktop-webkit/test-failed-1.png
    ────────────────────────────────────────────────────────────────────────────────────────────────

    attachment #2: video (video/webm) ──────────────────────────────────────────────────────────────
    ../test-results/e2e-menu-Menu-Page-should--cfe65-category-filters-on-desktop-webkit/video.webm
    ────────────────────────────────────────────────────────────────────────────────────────────────

    Error Context: ../test-results/e2e-menu-Menu-Page-should--cfe65-category-filters-on-desktop-webkit/error-context.md
]]>
</failure>
<system-out>
<![CDATA[
[[ATTACHMENT|e2e-menu-Menu-Page-should--cfe65-category-filters-on-desktop-webkit/test-failed-1.png]]

[[ATTACHMENT|e2e-menu-Menu-Page-should--cfe65-category-filters-on-desktop-webkit/video.webm]]

[[ATTACHMENT|e2e-menu-Menu-Page-should--cfe65-category-filters-on-desktop-webkit/error-context.md]]
]]>
</system-out>
</testcase>
<testcase name="Menu Page › should display mobile category filter on mobile" classname="e2e/menu.spec.ts" time="0.85">
</testcase>
<testcase name="Menu Page › should filter menu items by category" classname="e2e/menu.spec.ts" time="1.782">
</testcase>
<testcase name="Menu Page › should auto-scroll to menu items on mobile category selection" classname="e2e/menu.spec.ts" time="30.16">
<failure message="menu.spec.ts:62:7 should auto-scroll to menu items on mobile category selection" type="FAILURE">
<![CDATA[  [webkit] › e2e/menu.spec.ts:62:7 › Menu Page › should auto-scroll to menu items on mobile category selection 

    Test timeout of 30000ms exceeded.

    Error: page.click: Test timeout of 30000ms exceeded.
    Call log:
      - waiting for locator('button:has-text("Rice Dishes")')
        - locator resolved to 2 elements. Proceeding with the first one: <button tabindex="0" class="px-4 sm:px-6 py-2 sm:py-3 rounded-full border transition-all duration-300 text-sm sm:text-base bg-transparent text-gray-300 border-gray-600 hover:border-orange-500 hover:text-orange-400">Rice Dishes</button>
      - attempting click action
        2 × waiting for element to be visible, enabled and stable
          - element is not visible
        - retrying click action
        - waiting 20ms
        2 × waiting for element to be visible, enabled and stable
          - element is not visible
        - retrying click action
          - waiting 100ms
        55 × waiting for element to be visible, enabled and stable
           - element is not visible
         - retrying click action
           - waiting 500ms


      68 |     
      69 |     // Click on a category in mobile filter
    > 70 |     await page.click('button:has-text("Rice Dishes")');
         |                ^
      71 |     
      72 |     // Wait for scroll animation
      73 |     await page.waitForTimeout(1000);
        at /Users/I590496/TKAFROKITCHEN/tk-afro-kitchen/tests/e2e/menu.spec.ts:70:16

    attachment #1: screenshot (image/png) ──────────────────────────────────────────────────────────
    ../test-results/e2e-menu-Menu-Page-should--fd837-n-mobile-category-selection-webkit/test-failed-1.png
    ────────────────────────────────────────────────────────────────────────────────────────────────

    attachment #2: video (video/webm) ──────────────────────────────────────────────────────────────
    ../test-results/e2e-menu-Menu-Page-should--fd837-n-mobile-category-selection-webkit/video.webm
    ────────────────────────────────────────────────────────────────────────────────────────────────

    Error Context: ../test-results/e2e-menu-Menu-Page-should--fd837-n-mobile-category-selection-webkit/error-context.md
]]>
</failure>
<system-out>
<![CDATA[
[[ATTACHMENT|e2e-menu-Menu-Page-should--fd837-n-mobile-category-selection-webkit/test-failed-1.png]]

[[ATTACHMENT|e2e-menu-Menu-Page-should--fd837-n-mobile-category-selection-webkit/video.webm]]

[[ATTACHMENT|e2e-menu-Menu-Page-should--fd837-n-mobile-category-selection-webkit/error-context.md]]
]]>
</system-out>
</testcase>
<testcase name="Menu Page › should display menu items with correct information" classname="e2e/menu.spec.ts" time="5.989">
<failure message="menu.spec.ts:80:7 should display menu items with correct information" type="FAILURE">
<![CDATA[  [webkit] › e2e/menu.spec.ts:80:7 › Menu Page › should display menu items with correct information 

    Error: Timed out 5000ms waiting for expect(locator).toBeVisible()

    Locator: locator('.menu-item, [data-testid="menu-item"]').first()
    Expected: visible
    Received: <element(s) not found>
    Call log:
      - Expect "toBeVisible" with timeout 5000ms
      - waiting for locator('.menu-item, [data-testid="menu-item"]').first()


      81 |     // Check for menu items
      82 |     const menuItems = page.locator('.menu-item, [data-testid="menu-item"]');
    > 83 |     await expect(menuItems.first()).toBeVisible();
         |                                     ^
      84 |     
      85 |     // Check item structure
      86 |     const firstItem = menuItems.first();
        at /Users/I590496/TKAFROKITCHEN/tk-afro-kitchen/tests/e2e/menu.spec.ts:83:37

    attachment #1: screenshot (image/png) ──────────────────────────────────────────────────────────
    ../test-results/e2e-menu-Menu-Page-should--3df41-ms-with-correct-information-webkit/test-failed-1.png
    ────────────────────────────────────────────────────────────────────────────────────────────────

    attachment #2: video (video/webm) ──────────────────────────────────────────────────────────────
    ../test-results/e2e-menu-Menu-Page-should--3df41-ms-with-correct-information-webkit/video.webm
    ────────────────────────────────────────────────────────────────────────────────────────────────

    Error Context: ../test-results/e2e-menu-Menu-Page-should--3df41-ms-with-correct-information-webkit/error-context.md
]]>
</failure>
<system-out>
<![CDATA[
[[ATTACHMENT|e2e-menu-Menu-Page-should--3df41-ms-with-correct-information-webkit/test-failed-1.png]]

[[ATTACHMENT|e2e-menu-Menu-Page-should--3df41-ms-with-correct-information-webkit/video.webm]]

[[ATTACHMENT|e2e-menu-Menu-Page-should--3df41-ms-with-correct-information-webkit/error-context.md]]
]]>
</system-out>
</testcase>
<testcase name="Menu Page › should display prices for menu items" classname="e2e/menu.spec.ts" time="5.978">
<failure message="menu.spec.ts:92:7 should display prices for menu items" type="FAILURE">
<![CDATA[  [webkit] › e2e/menu.spec.ts:92:7 › Menu Page › should display prices for menu items ──────────────

    Error: Timed out 5000ms waiting for expect(locator).toBeVisible()

    Locator: locator('.price, [data-testid="price"]').first()
    Expected: visible
    Received: <element(s) not found>
    Call log:
      - Expect "toBeVisible" with timeout 5000ms
      - waiting for locator('.price, [data-testid="price"]').first()


      93 |     // Check for price elements
      94 |     const prices = page.locator('.price, [data-testid="price"]');
    > 95 |     await expect(prices.first()).toBeVisible();
         |                                  ^
      96 |     
      97 |     // Check price format (should contain £ symbol)
      98 |     const firstPrice = await prices.first().textContent();
        at /Users/I590496/TKAFROKITCHEN/tk-afro-kitchen/tests/e2e/menu.spec.ts:95:34

    attachment #1: screenshot (image/png) ──────────────────────────────────────────────────────────
    ../test-results/e2e-menu-Menu-Page-should-display-prices-for-menu-items-webkit/test-failed-1.png
    ────────────────────────────────────────────────────────────────────────────────────────────────

    attachment #2: video (video/webm) ──────────────────────────────────────────────────────────────
    ../test-results/e2e-menu-Menu-Page-should-display-prices-for-menu-items-webkit/video.webm
    ────────────────────────────────────────────────────────────────────────────────────────────────

    Error Context: ../test-results/e2e-menu-Menu-Page-should-display-prices-for-menu-items-webkit/error-context.md
]]>
</failure>
<system-out>
<![CDATA[
[[ATTACHMENT|e2e-menu-Menu-Page-should-display-prices-for-menu-items-webkit/test-failed-1.png]]

[[ATTACHMENT|e2e-menu-Menu-Page-should-display-prices-for-menu-items-webkit/video.webm]]

[[ATTACHMENT|e2e-menu-Menu-Page-should-display-prices-for-menu-items-webkit/error-context.md]]
]]>
</system-out>
</testcase>
<testcase name="Menu Page › should have working search functionality" classname="e2e/menu.spec.ts" time="6.402">
<failure message="menu.spec.ts:102:7 should have working search functionality" type="FAILURE">
<![CDATA[  [webkit] › e2e/menu.spec.ts:102:7 › Menu Page › should have working search functionality ─────────

    Error: Timed out 5000ms waiting for expect(locator).toBeVisible()

    Locator: locator('.menu-item, [data-testid="menu-item"]').first()
    Expected: visible
    Received: <element(s) not found>
    Call log:
      - Expect "toBeVisible" with timeout 5000ms
      - waiting for locator('.menu-item, [data-testid="menu-item"]').first()


      116 |     // Check that results are filtered
      117 |     const results = page.locator('.menu-item, [data-testid="menu-item"]');
    > 118 |     await expect(results.first()).toBeVisible();
          |                                   ^
      119 |   });
      120 |
      121 |   test('should display size options for menu items', async ({ page }) => {
        at /Users/I590496/TKAFROKITCHEN/tk-afro-kitchen/tests/e2e/menu.spec.ts:118:35

    attachment #1: screenshot (image/png) ──────────────────────────────────────────────────────────
    ../test-results/e2e-menu-Menu-Page-should-have-working-search-functionality-webkit/test-failed-1.png
    ────────────────────────────────────────────────────────────────────────────────────────────────

    attachment #2: video (video/webm) ──────────────────────────────────────────────────────────────
    ../test-results/e2e-menu-Menu-Page-should-have-working-search-functionality-webkit/video.webm
    ────────────────────────────────────────────────────────────────────────────────────────────────

    Error Context: ../test-results/e2e-menu-Menu-Page-should-have-working-search-functionality-webkit/error-context.md
]]>
</failure>
<system-out>
<![CDATA[
[[ATTACHMENT|e2e-menu-Menu-Page-should-have-working-search-functionality-webkit/test-failed-1.png]]

[[ATTACHMENT|e2e-menu-Menu-Page-should-have-working-search-functionality-webkit/video.webm]]

[[ATTACHMENT|e2e-menu-Menu-Page-should-have-working-search-functionality-webkit/error-context.md]]
]]>
</system-out>
</testcase>
<testcase name="Menu Page › should display size options for menu items" classname="e2e/menu.spec.ts" time="0.712">
</testcase>
<testcase name="Menu Page › should have add to cart functionality" classname="e2e/menu.spec.ts" time="0.977">
</testcase>
<testcase name="Menu Page › should handle empty search results gracefully" classname="e2e/menu.spec.ts" time="1.52">
</testcase>
<testcase name="Menu Page › should maintain filter state on page refresh" classname="e2e/menu.spec.ts" time="0.995">
<failure message="menu.spec.ts:155:7 should maintain filter state on page refresh" type="FAILURE">
<![CDATA[  [webkit] › e2e/menu.spec.ts:155:7 › Menu Page › should maintain filter state on page refresh ─────

    Error: expect.toHaveClass: Error: strict mode violation: locator('button:has-text("Rice Dishes")') resolved to 2 elements:
        1) <button tabindex="0" class="px-4 sm:px-6 py-2 sm:py-3 rounded-full border transition-all duration-300 text-sm sm:text-base bg-transparent text-gray-300 border-gray-600 hover:border-orange-500 hover:text-orange-400">Rice Dishes</button> aka getByRole('button', { name: 'Rice Dishes' })
        2) <button class="relative w-32 h-20 rounded-xl border-2 transition-all duration-300 flex flex-col items-center justify-center overflow-hidden bg-white/10 border-white/20 text-gray-300 hover:border-orange-500/50 hover:text-orange-400">…</button> aka getByText('🍚Rice Dishes')

    Call log:
      - Expect "toHaveClass" with timeout 5000ms
      - waiting for locator('button:has-text("Rice Dishes")')


      164 |     
      165 |     // Check that the category is still selected
    > 166 |     await expect(page.locator('button:has-text("Rice Dishes")')).toHaveClass(/selected|active/);
          |                                                                  ^
      167 |   });
      168 |
      169 |   test('should have responsive design on different screen sizes', async ({ page }) => {
        at /Users/I590496/TKAFROKITCHEN/tk-afro-kitchen/tests/e2e/menu.spec.ts:166:66

    attachment #1: screenshot (image/png) ──────────────────────────────────────────────────────────
    ../test-results/e2e-menu-Menu-Page-should--25743-ilter-state-on-page-refresh-webkit/test-failed-1.png
    ────────────────────────────────────────────────────────────────────────────────────────────────

    attachment #2: video (video/webm) ──────────────────────────────────────────────────────────────
    ../test-results/e2e-menu-Menu-Page-should--25743-ilter-state-on-page-refresh-webkit/video.webm
    ────────────────────────────────────────────────────────────────────────────────────────────────

    Error Context: ../test-results/e2e-menu-Menu-Page-should--25743-ilter-state-on-page-refresh-webkit/error-context.md
]]>
</failure>
<system-out>
<![CDATA[
[[ATTACHMENT|e2e-menu-Menu-Page-should--25743-ilter-state-on-page-refresh-webkit/test-failed-1.png]]

[[ATTACHMENT|e2e-menu-Menu-Page-should--25743-ilter-state-on-page-refresh-webkit/video.webm]]

[[ATTACHMENT|e2e-menu-Menu-Page-should--25743-ilter-state-on-page-refresh-webkit/error-context.md]]
]]>
</system-out>
</testcase>
<testcase name="Menu Page › should have responsive design on different screen sizes" classname="e2e/menu.spec.ts" time="0.715">
<failure message="menu.spec.ts:169:7 should have responsive design on different screen sizes" type="FAILURE">
<![CDATA[  [webkit] › e2e/menu.spec.ts:169:7 › Menu Page › should have responsive design on different screen sizes 

    Error: expect.toBeVisible: Error: strict mode violation: locator('nav') resolved to 3 elements:
        1) <nav class="flex items-center space-x-4">…</nav> aka getByText('AboutFAQContact')
        2) <nav class="hidden md:flex items-center space-x-6">…</nav> aka getByText('MenuPricingFrozenCatering')
        3) <nav class="fixed bottom-0 left-0 right-0 z-50 md:hidden">…</nav> aka locator('nav').filter({ hasText: 'HomeMenuFrozenCateringCart' })

    Call log:
      - Expect "toBeVisible" with timeout 5000ms
      - waiting for locator('nav')


      170 |     // Test desktop
      171 |     await page.setViewportSize({ width: 1280, height: 720 });
    > 172 |     await expect(page.locator('nav')).toBeVisible();
          |                                       ^
      173 |     
      174 |     // Test tablet
      175 |     await page.setViewportSize({ width: 768, height: 1024 });
        at /Users/I590496/TKAFROKITCHEN/tk-afro-kitchen/tests/e2e/menu.spec.ts:172:39

    attachment #1: screenshot (image/png) ──────────────────────────────────────────────────────────
    ../test-results/e2e-menu-Menu-Page-should--c6122-n-on-different-screen-sizes-webkit/test-failed-1.png
    ────────────────────────────────────────────────────────────────────────────────────────────────

    attachment #2: video (video/webm) ──────────────────────────────────────────────────────────────
    ../test-results/e2e-menu-Menu-Page-should--c6122-n-on-different-screen-sizes-webkit/video.webm
    ────────────────────────────────────────────────────────────────────────────────────────────────

    Error Context: ../test-results/e2e-menu-Menu-Page-should--c6122-n-on-different-screen-sizes-webkit/error-context.md
]]>
</failure>
<system-out>
<![CDATA[
[[ATTACHMENT|e2e-menu-Menu-Page-should--c6122-n-on-different-screen-sizes-webkit/test-failed-1.png]]

[[ATTACHMENT|e2e-menu-Menu-Page-should--c6122-n-on-different-screen-sizes-webkit/video.webm]]

[[ATTACHMENT|e2e-menu-Menu-Page-should--c6122-n-on-different-screen-sizes-webkit/error-context.md]]
]]>
</system-out>
</testcase>
<testcase name="Menu Page › should handle mobile menu toggle correctly" classname="e2e/menu.spec.ts" time="0.704">
</testcase>
<testcase name="Menu Page › should display loading states correctly" classname="e2e/menu.spec.ts" time="0.914">
</testcase>
<testcase name="Menu Page › should handle network errors gracefully" classname="e2e/menu.spec.ts" time="0.65">
</testcase>
</testsuite>
<testsuite name="e2e/mock-payment-flow.spec.ts" timestamp="2025-07-20T10:35:55.243Z" hostname="webkit" tests="4" failures="2" skipped="0" time="48.939" errors="0">
<testcase name="Mock Payment Flow - Bypassing Cart Issues › should complete mock payment flow with card payment" classname="e2e/mock-payment-flow.spec.ts" time="14.295">
<failure message="mock-payment-flow.spec.ts:41:7 should complete mock payment flow with card payment" type="FAILURE">
<![CDATA[  [webkit] › e2e/mock-payment-flow.spec.ts:41:7 › Mock Payment Flow - Bypassing Cart Issues › should complete mock payment flow with card payment 

    Error: locator.count: Unexpected token "=" while parsing css selector "[class*="success"], [class*="green"], text=Payment Successful, text=Order Confirmed". Did you mean to CSS.escape it?

      218 |       // Look for success banners or states on current page
      219 |       const successBanner = page.locator('[class*="success"], [class*="green"], text=Payment Successful, text=Order Confirmed');
    > 220 |       if (await successBanner.count() > 0) {
          |                               ^
      221 |         console.log('✅ Success banner found on current page');
      222 |       }
      223 |       
        at /Users/I590496/TKAFROKITCHEN/tk-afro-kitchen/tests/e2e/mock-payment-flow.spec.ts:220:31

    attachment #1: screenshot (image/png) ──────────────────────────────────────────────────────────
    ../test-results/e2e-mock-payment-flow-Mock-3b853-ment-flow-with-card-payment-webkit/test-failed-1.png
    ────────────────────────────────────────────────────────────────────────────────────────────────

    attachment #2: video (video/webm) ──────────────────────────────────────────────────────────────
    ../test-results/e2e-mock-payment-flow-Mock-3b853-ment-flow-with-card-payment-webkit/video.webm
    ────────────────────────────────────────────────────────────────────────────────────────────────

    Error Context: ../test-results/e2e-mock-payment-flow-Mock-3b853-ment-flow-with-card-payment-webkit/error-context.md
]]>
</failure>
<system-out>
<![CDATA[🚀 Starting mock payment flow test
🛍️ Step 1: Navigate to checkout with mock cart
Current URL: https://tkafrokitchen.com/menu
⚠️ Still redirected - will test checkout components directly
📝 Step 2: Fill delivery details
⚠️ Field fullName not found or not visible
⚠️ Field email not found or not visible
⚠️ Field phone not found or not visible
⚠️ Field address not found or not visible
⚠️ Field city not found or not visible
⚠️ Field postcode not found or not visible
💳 Step 3: Proceed to payment step
⚠️ Continue button not found - may already be on payment step
💳 Step 4: Select card payment method
⚠️ Card payment button not found - checking for existing payment form
🔢 Step 5: Fill payment details
🔧 Looking for mock payment fields
✅ Step 6: Submit payment
Found payment submit button
✅ Payment submitted
🎉 Step 7: Check for success state
Final URL: https://tkafrokitchen.com/pricing
⚠️ Not redirected to success page - checking for success indicators

[[ATTACHMENT|e2e-mock-payment-flow-Mock-3b853-ment-flow-with-card-payment-webkit/test-failed-1.png]]

[[ATTACHMENT|e2e-mock-payment-flow-Mock-3b853-ment-flow-with-card-payment-webkit/video.webm]]

[[ATTACHMENT|e2e-mock-payment-flow-Mock-3b853-ment-flow-with-card-payment-webkit/error-context.md]]
]]>
</system-out>
</testcase>
<testcase name="Mock Payment Flow - Bypassing Cart Issues › should test Safari-specific payment flow" classname="e2e/mock-payment-flow.spec.ts" time="2.269">
<system-out>
<![CDATA[🍎 Testing Safari-specific payment flow
🍎 Safari payment flow test completed
]]>
</system-out>
</testcase>
<testcase name="Mock Payment Flow - Bypassing Cart Issues › should test payment form validation" classname="e2e/mock-payment-flow.spec.ts" time="30.3">
<failure message="mock-payment-flow.spec.ts:312:7 should test payment form validation" type="FAILURE">
<![CDATA[  [webkit] › e2e/mock-payment-flow.spec.ts:312:7 › Mock Payment Flow - Bypassing Cart Issues › should test payment form validation 

    Test timeout of 30000ms exceeded.

    Error: page.fill: Test timeout of 30000ms exceeded.
    Call log:
      - waiting for locator('input[name="fullName"], input[id="fullName"]')


      330 |     
      331 |     // Fill some fields and leave others empty
    > 332 |     await page.fill('input[name="fullName"], input[id="fullName"]', 'Test User');
          |                ^
      333 |     await page.fill('input[name="email"], input[id="email"]', 'invalid-email');
      334 |     
      335 |     if (await continueButton.isVisible()) {
        at /Users/I590496/TKAFROKITCHEN/tk-afro-kitchen/tests/e2e/mock-payment-flow.spec.ts:332:16

    attachment #1: screenshot (image/png) ──────────────────────────────────────────────────────────
    ../test-results/e2e-mock-payment-flow-Mock-b2a23-est-payment-form-validation-webkit/test-failed-1.png
    ────────────────────────────────────────────────────────────────────────────────────────────────

    attachment #2: video (video/webm) ──────────────────────────────────────────────────────────────
    ../test-results/e2e-mock-payment-flow-Mock-b2a23-est-payment-form-validation-webkit/video.webm
    ────────────────────────────────────────────────────────────────────────────────────────────────

    Error Context: ../test-results/e2e-mock-payment-flow-Mock-b2a23-est-payment-form-validation-webkit/error-context.md
]]>
</failure>
<system-out>
<![CDATA[📝 Testing payment form validation

[[ATTACHMENT|e2e-mock-payment-flow-Mock-b2a23-est-payment-form-validation-webkit/test-failed-1.png]]

[[ATTACHMENT|e2e-mock-payment-flow-Mock-b2a23-est-payment-form-validation-webkit/video.webm]]

[[ATTACHMENT|e2e-mock-payment-flow-Mock-b2a23-est-payment-form-validation-webkit/error-context.md]]
]]>
</system-out>
</testcase>
<testcase name="Mock Payment Flow - Bypassing Cart Issues › should test order summary display" classname="e2e/mock-payment-flow.spec.ts" time="2.075">
<system-out>
<![CDATA[📊 Testing order summary display
📊 Order summary test completed
]]>
</system-out>
</testcase>
</testsuite>
<testsuite name="e2e/payment-components-test.spec.ts" timestamp="2025-07-20T10:35:55.243Z" hostname="webkit" tests="6" failures="1" skipped="0" time="45.818" errors="0">
<testcase name="Payment Components Test - Direct Component Testing › should test payment components on success page directly" classname="e2e/payment-components-test.spec.ts" time="1.482">
<system-out>
<![CDATA[🎯 Testing success page components directly
✅ Found success element: text=Success
✅ Found success element: text=Successful
✅ Found success element: text=Confirmed
✅ Found success element: text=Thank you
✅ Found success element: text=Order
✅ Found success element: text=£25.99
✅ Found success element: text=TEST123
Current URL: https://tkafrokitchen.com/success?orderId=TEST123&amount=25.99&method=card&timestamp=1234567890
]]>
</system-out>
</testcase>
<testcase name="Payment Components Test - Direct Component Testing › should test Stripe payment integration with mock setup" classname="e2e/payment-components-test.spec.ts" time="2.001">
<system-out>
<![CDATA[💳 Testing Stripe payment integration
Checkout URL: https://tkafrokitchen.com/menu
⚠️ Redirected to menu - testing Stripe components on menu page
Found 1 Stripe iframes on page
✅ Stripe is loading even on menu page
]]>
</system-out>
</testcase>
<testcase name="Payment Components Test - Direct Component Testing › should test card payment flow with manual checkout setup" classname="e2e/payment-components-test.spec.ts" time="9.208">
<system-out>
<![CDATA[🔧 Testing manual checkout setup
Attempt 1: Accessing checkout
Attempt 1 URL: https://tkafrokitchen.com/menu
Attempt 2: Accessing checkout
Attempt 2 URL: https://tkafrokitchen.com/menu
Attempt 3: Accessing checkout
Attempt 3 URL: https://tkafrokitchen.com/menu
⚠️ All attempts failed - cart persistence issue confirmed
🔄 Testing payment components indirectly
✅ Stripe script found
Found 0 payment-related elements
]]>
</system-out>
</testcase>
<testcase name="Payment Components Test - Direct Component Testing › should simulate card payment success flow" classname="e2e/payment-components-test.spec.ts" time="1.521">
<system-out>
<![CDATA[🎉 Simulating card payment success flow
Success URL: /success?orderId=CARD_TEST_1753008246423&amount=29.99&method=card&customerEmail=test%40example.com&customerName=Card+Test+User&timestamp=1753008246423&paymentId=pi_test_card_payment&safari=false
✅ Payment amount found
⚠️ Customer email not found
⚠️ Customer name not found
⚠️ Success message not found
✅ Card payment success flow test completed
]]>
</system-out>
</testcase>
<testcase name="Payment Components Test - Direct Component Testing › should test Safari payment success flow" classname="e2e/payment-components-test.spec.ts" time="1.521">
<system-out>
<![CDATA[🍎 Simulating Safari payment success flow
Safari Success URL: /success?orderId=SAFARI_TEST_1753008247634&amount=19.99&method=paypal&customerEmail=safari.test%40example.com&customerName=Safari+Test+User&timestamp=1753008247634&paymentId=paypal_safari_test&safari=true
⚠️ PayPal payment method not found
✅ Safari-specific text found
✅ PayPal amount found
⚠️ Safari-specific elements not found
🍎 Safari payment success flow test completed
]]>
</system-out>
</testcase>
<testcase name="Payment Components Test - Direct Component Testing › should validate payment form field behavior" classname="e2e/payment-components-test.spec.ts" time="30.085">
<failure message="payment-components-test.spec.ts:233:7 should validate payment form field behavior" type="FAILURE">
<![CDATA[  [webkit] › e2e/payment-components-test.spec.ts:233:7 › Payment Components Test - Direct Component Testing › should validate payment form field behavior 

    Test timeout of 30000ms exceeded.

    Error: page.waitForLoadState: Test timeout of 30000ms exceeded.

      274 |     // Set the HTML content
      275 |     await page.setContent(testFormHtml);
    > 276 |     await page.waitForLoadState('networkidle');
          |                ^
      277 |     
      278 |     // Test form field interactions
      279 |     const testData = {
        at /Users/I590496/TKAFROKITCHEN/tk-afro-kitchen/tests/e2e/payment-components-test.spec.ts:276:16

    attachment #1: screenshot (image/png) ──────────────────────────────────────────────────────────
    ../test-results/e2e-payment-components-tes-f8c49-payment-form-field-behavior-webkit/test-failed-1.png
    ────────────────────────────────────────────────────────────────────────────────────────────────

    attachment #2: video (video/webm) ──────────────────────────────────────────────────────────────
    ../test-results/e2e-payment-components-tes-f8c49-payment-form-field-behavior-webkit/video.webm
    ────────────────────────────────────────────────────────────────────────────────────────────────

    Error Context: ../test-results/e2e-payment-components-tes-f8c49-payment-form-field-behavior-webkit/error-context.md
]]>
</failure>
<system-out>
<![CDATA[📝 Testing payment form field behavior

[[ATTACHMENT|e2e-payment-components-tes-f8c49-payment-form-field-behavior-webkit/test-failed-1.png]]

[[ATTACHMENT|e2e-payment-components-tes-f8c49-payment-form-field-behavior-webkit/video.webm]]

[[ATTACHMENT|e2e-payment-components-tes-f8c49-payment-form-field-behavior-webkit/error-context.md]]
]]>
</system-out>
</testcase>
</testsuite>
<testsuite name="e2e/payment-flow-debug.spec.ts" timestamp="2025-07-20T10:35:55.243Z" hostname="webkit" tests="5" failures="1" skipped="0" time="12.174" errors="0">
<testcase name="Payment Flow Debug - Step by Step › should navigate to menu page" classname="e2e/payment-flow-debug.spec.ts" time="2.053">
<failure message="payment-flow-debug.spec.ts:5:7 should navigate to menu page" type="FAILURE">
<![CDATA[  [webkit] › e2e/payment-flow-debug.spec.ts:5:7 › Payment Flow Debug - Step by Step › should navigate to menu page 

    Error: expect.toBeVisible: Error: strict mode violation: locator('a[href="/menu"]') resolved to 18 elements:
        1) <a href="/menu" class="nav-link">Menu</a> aka getByRole('banner').getByRole('link', { name: 'Menu' })
        2) <a href="/menu" class="hidden md:flex inline-flex items-center justify-center gap-2 whitespace-nowrap rounded-md text-sm font-medium transition-all h-9 px-4 py-2 bg-gradient-to-r from-orange-500 to-yellow-500 hover:from-orange-600 hover:to-yellow-600 text-white">Order Now</a> aka getByRole('banner').getByRole('link', { name: 'Order Now' })
        3) <a href="/menu" class="inline-flex items-center justify-center gap-1 sm:gap-2 whitespace-nowrap rounded-md text-xs sm:text-sm font-medium transition-all h-7 sm:h-9 px-2 sm:px-4 py-1 sm:py-2 bg-white/20 backdrop-blur-sm hover:bg-white/30 text-white border border-white/30 hover:border-white/50">…</a> aka getByText('Order NowOrder')
        4) <a href="/menu">…</a> aka getByRole('link', { name: 'Explore Our Menu' })
        5) <a href="/menu" data-slot="button" class="inline-flex items-center justify-center gap-2 whitespace-nowrap text-sm font-medium transition-all disabled:pointer-events-none disabled:opacity-50 [&_svg]:pointer-events-none [&_svg:not([class*='size-'])]:size-4 shrink-0 [&_svg]:shrink-0 outline-none focus-visible:border-ring focus-visible:ring-ring/50 focus-visible:ring-[3px] aria-invalid:ring-destructive/20 dark:aria-invalid:ring-destructive/40 aria-invalid:border-destructive text-primary-foreground sh…>View Our Menu</a> aka getByRole('link', { name: 'View Our Menu' })
        6) <a href="/menu" data-slot="button" class="inline-flex items-center justify-center whitespace-nowrap text-sm font-medium transition-all disabled:pointer-events-none disabled:opacity-50 [&_svg]:pointer-events-none [&_svg:not([class*='size-'])]:size-4 [&_svg]:shrink-0 outline-none focus-visible:border-ring focus-visible:ring-ring/50 focus-visible:ring-[3px] aria-invalid:ring-destructive/20 dark:aria-invalid:ring-destructive/40 aria-invalid:border-destructive text-primary-foreground shadow-xs hover:b…>…</a> aka getByRole('link', { name: 'Add to Cart' }).first()
        7) <a href="/menu" data-slot="button" class="inline-flex items-center justify-center whitespace-nowrap text-sm font-medium transition-all disabled:pointer-events-none disabled:opacity-50 [&_svg]:pointer-events-none [&_svg:not([class*='size-'])]:size-4 shrink-0 [&_svg]:shrink-0 outline-none focus-visible:border-ring focus-visible:ring-ring/50 focus-visible:ring-[3px] aria-invalid:ring-destructive/20 dark:aria-invalid:ring-destructive/40 aria-invalid:border-destructive border bg-background shadow-xs d…>…</a> aka getByRole('main').getByRole('link').filter({ hasText: /^$/ }).first()
        8) <a href="/menu" data-slot="button" class="inline-flex items-center justify-center whitespace-nowrap text-sm font-medium transition-all disabled:pointer-events-none disabled:opacity-50 [&_svg]:pointer-events-none [&_svg:not([class*='size-'])]:size-4 [&_svg]:shrink-0 outline-none focus-visible:border-ring focus-visible:ring-ring/50 focus-visible:ring-[3px] aria-invalid:ring-destructive/20 dark:aria-invalid:ring-destructive/40 aria-invalid:border-destructive text-primary-foreground shadow-xs hover:b…>…</a> aka getByRole('link', { name: 'Add to Cart' }).nth(1)
        9) <a href="/menu" data-slot="button" class="inline-flex items-center justify-center whitespace-nowrap text-sm font-medium transition-all disabled:pointer-events-none disabled:opacity-50 [&_svg]:pointer-events-none [&_svg:not([class*='size-'])]:size-4 shrink-0 [&_svg]:shrink-0 outline-none focus-visible:border-ring focus-visible:ring-ring/50 focus-visible:ring-[3px] aria-invalid:ring-destructive/20 dark:aria-invalid:ring-destructive/40 aria-invalid:border-destructive border bg-background shadow-xs d…>…</a> aka getByRole('main').getByRole('link').filter({ hasText: /^$/ }).nth(1)
        10) <a href="/menu" data-slot="button" class="inline-flex items-center justify-center whitespace-nowrap text-sm font-medium transition-all disabled:pointer-events-none disabled:opacity-50 [&_svg]:pointer-events-none [&_svg:not([class*='size-'])]:size-4 [&_svg]:shrink-0 outline-none focus-visible:border-ring focus-visible:ring-ring/50 focus-visible:ring-[3px] aria-invalid:ring-destructive/20 dark:aria-invalid:ring-destructive/40 aria-invalid:border-destructive text-primary-foreground shadow-xs hover:b…>…</a> aka getByRole('link', { name: 'Add to Cart' }).nth(2)
        ...

    Call log:
      - Expect "toBeVisible" with timeout 5000ms
      - waiting for locator('a[href="/menu"]')


      13 |     // Check if menu link exists
      14 |     const menuLink = page.locator('a[href="/menu"]');
    > 15 |     await expect(menuLink).toBeVisible();
         |                            ^
      16 |     console.log('✅ Menu link found');
      17 |     
      18 |     // Click menu link
        at /Users/I590496/TKAFROKITCHEN/tk-afro-kitchen/tests/e2e/payment-flow-debug.spec.ts:15:28

    attachment #1: screenshot (image/png) ──────────────────────────────────────────────────────────
    ../test-results/e2e-payment-flow-debug-Pay-f4071-hould-navigate-to-menu-page-webkit/test-failed-1.png
    ────────────────────────────────────────────────────────────────────────────────────────────────

    attachment #2: video (video/webm) ──────────────────────────────────────────────────────────────
    ../test-results/e2e-payment-flow-debug-Pay-f4071-hould-navigate-to-menu-page-webkit/video.webm
    ────────────────────────────────────────────────────────────────────────────────────────────────

    Error Context: ../test-results/e2e-payment-flow-debug-Pay-f4071-hould-navigate-to-menu-page-webkit/error-context.md
]]>
</failure>
<system-out>
<![CDATA[
[[ATTACHMENT|e2e-payment-flow-debug-Pay-f4071-hould-navigate-to-menu-page-webkit/test-failed-1.png]]

[[ATTACHMENT|e2e-payment-flow-debug-Pay-f4071-hould-navigate-to-menu-page-webkit/video.webm]]

[[ATTACHMENT|e2e-payment-flow-debug-Pay-f4071-hould-navigate-to-menu-page-webkit/error-context.md]]
]]>
</system-out>
</testcase>
<testcase name="Payment Flow Debug - Step by Step › should find menu items on menu page" classname="e2e/payment-flow-debug.spec.ts" time="4.005">
<system-out>
<![CDATA[Found 94 potential menu cards
First card text: Jollof RiceOur signature Jollof rice cooked with rich tomato sauce and aromatic spicesFrom £35.003 s
✅ Successfully clicked first menu item
]]>
</system-out>
</testcase>
<testcase name="Payment Flow Debug - Step by Step › should find and use cart functionality" classname="e2e/payment-flow-debug.spec.ts" time="2.385">
<system-out>
<![CDATA[Found 1 potential cart buttons in header
✅ Cart button found in header
✅ Cart button clicked
Found 0 "Add to Cart" buttons
]]>
</system-out>
</testcase>
<testcase name="Payment Flow Debug - Step by Step › should access checkout page directly" classname="e2e/payment-flow-debug.spec.ts" time="1.799">
<system-out>
<![CDATA[Current URL after checkout navigation: https://tkafrokitchen.com/menu
❌ Redirected from checkout (likely due to empty cart)
]]>
</system-out>
</testcase>
<testcase name="Payment Flow Debug - Step by Step › should find payment components" classname="e2e/payment-flow-debug.spec.ts" time="1.932">
<system-out>
<![CDATA[Found 0 payment method options
Found 1 Stripe iframes
]]>
</system-out>
</testcase>
</testsuite>
<testsuite name="e2e/safari-checkout-verification.spec.ts" timestamp="2025-07-20T10:35:55.243Z" hostname="webkit" tests="3" failures="1" skipped="0" time="20.177" errors="0">
<testcase name="Safari Checkout Verification - End to End › should verify Safari checkout to success flow without menu revert" classname="e2e/safari-checkout-verification.spec.ts" time="7.395">
<system-out>
<![CDATA[🍎 Verifying complete Safari checkout to success flow
🛒 Step 1: Simulating successful Safari payment
🎯 Step 2: Navigating to Safari success page
Safari Success URL: /success?orderId=SAFARI_1753008257566&amount=24.99&method=paypal&customerEmail=safari.user%40test.com&customerName=Safari+Test+User&timestamp=1753008257566&paymentId=paypal_safari_1753008257566&safari=true&items=%5B%7B%22id%22%3A%22jollof-rice%22%2C%22name%22%3A%22Jollof+Rice%22%2C%22quantity%22%3A1%2C%22price%22%3A12.99%2C%22selectedSize%22%3A%7B%22size%22%3A%22Medium%22%2C%22price%22%3A12.99%7D%7D%2C%7B%22id%22%3A%22plantain%22%2C%22name%22%3A%22Sweet+Plantain%22%2C%22quantity%22%3A1%2C%22price%22%3A11.99%2C%22selectedSize%22%3A%7B%22size%22%3A%22Large%22%2C%22price%22%3A11.99%7D%7D%5D&deliveryDetails=%7B%22fullName%22%3A%22Safari+Test+User%22%2C%22email%22%3A%22safari.user%40test.com%22%2C%22phone%22%3A%2207123456789%22%2C%22address%22%3A%22123+Safari+Street%22%2C%22city%22%3A%22London%22%2C%22postcode%22%3A%22SW1A+1AA%22%7D
Current URL after navigation: https://tkafrokitchen.com/success?orderId=SAFARI_1753008257566&amount=24.99&method=paypal&customerEmail=safari.user%40test.com&customerName=Safari+Test+User&timestamp=1753008257566&paymentId=paypal_safari_1753008257566&safari=true&items=%5B%7B%22id%22%3A%22jollof-rice%22%2C%22name%22%3A%22Jollof+Rice%22%2C%22quantity%22%3A1%2C%22price%22%3A12.99%2C%22selectedSize%22%3A%7B%22size%22%3A%22Medium%22%2C%22price%22%3A12.99%7D%7D%2C%7B%22id%22%3A%22plantain%22%2C%22name%22%3A%22Sweet+Plantain%22%2C%22quantity%22%3A1%2C%22price%22%3A11.99%2C%22selectedSize%22%3A%7B%22size%22%3A%22Large%22%2C%22price%22%3A11.99%7D%7D%5D&deliveryDetails=%7B%22fullName%22%3A%22Safari+Test+User%22%2C%22email%22%3A%22safari.user%40test.com%22%2C%22phone%22%3A%2207123456789%22%2C%22address%22%3A%22123+Safari+Street%22%2C%22city%22%3A%22London%22%2C%22postcode%22%3A%22SW1A+1AA%22%7D
✅ Step 3: Verifying no menu revert
✅ SUCCESS: Stayed on success page, no menu revert!
🔍 Step 4: Verifying Safari success content
⚠️ Success message not found (may not be implemented yet)
✅ Payment amount found
✅ Order ID found
⚠️ Customer email not found (may not be implemented yet)
⚠️ PayPal payment method not found (may not be implemented yet)
⚠️ Customer name not found (may not be implemented yet)
🔄 Step 5: Testing Safari navigation handling
Found 0 navigation buttons
🛡️ Step 6: Testing Safari redirect prevention
✅ SUCCESS: Safari redirect prevention working - stayed on success page
🎉 Safari checkout verification completed successfully!
]]>
</system-out>
</testcase>
<testcase name="Safari Checkout Verification - End to End › should verify Safari payment handler integration" classname="e2e/safari-checkout-verification.spec.ts" time="0.181">
<failure message="safari-checkout-verification.spec.ts:147:7 should verify Safari payment handler integration" type="FAILURE">
<![CDATA[  [webkit] › e2e/safari-checkout-verification.spec.ts:147:7 › Safari Checkout Verification - End to End › should verify Safari payment handler integration 

    Error: page.evaluate: TypeError: undefined is not a constructor (evaluating 'new window.SafariPaymentHandler({
            orderId: 'TEST123',
            amount: '25.99',
            currency: 'GBP'
          })')

      176 |     
      177 |     // Test the Safari payment handler functionality
    > 178 |     const testResult = await page.evaluate(() => {
          |                                   ^
      179 |       const handler = new window.SafariPaymentHandler({
      180 |         orderId: 'TEST123',
      181 |         amount: '25.99',
        at /Users/I590496/TKAFROKITCHEN/tk-afro-kitchen/tests/e2e/safari-checkout-verification.spec.ts:178:35

    attachment #1: screenshot (image/png) ──────────────────────────────────────────────────────────
    ../test-results/e2e-safari-checkout-verifi-a0c92-payment-handler-integration-webkit/test-failed-1.png
    ────────────────────────────────────────────────────────────────────────────────────────────────

    attachment #2: video (video/webm) ──────────────────────────────────────────────────────────────
    ../test-results/e2e-safari-checkout-verifi-a0c92-payment-handler-integration-webkit/video.webm
    ────────────────────────────────────────────────────────────────────────────────────────────────
]]>
</failure>
<system-out>
<![CDATA[🔧 Verifying Safari payment handler integration

[[ATTACHMENT|e2e-safari-checkout-verifi-a0c92-payment-handler-integration-webkit/test-failed-1.png]]

[[ATTACHMENT|e2e-safari-checkout-verifi-a0c92-payment-handler-integration-webkit/video.webm]]
]]>
</system-out>
</testcase>
<testcase name="Safari Checkout Verification - End to End › should verify comprehensive Safari success scenarios" classname="e2e/safari-checkout-verification.spec.ts" time="12.601">
<system-out>
<![CDATA[📋 Testing comprehensive Safari success scenarios
🧪 Testing scenario: PayPal Safari Payment
✅ PayPal Safari Payment: Success page loaded correctly
✅ PayPal Safari Payment: Amount £29.99 displayed
✅ PayPal Safari Payment: Order ID PAYPAL_SAFARI_001 displayed
🧪 Testing scenario: Apple Pay Safari Payment
✅ Apple Pay Safari Payment: Success page loaded correctly
✅ Apple Pay Safari Payment: Amount £19.99 displayed
✅ Apple Pay Safari Payment: Order ID APPLEPAY_SAFARI_002 displayed
🧪 Testing scenario: Card Safari Payment (with delays)
✅ Card Safari Payment (with delays): Success page loaded correctly
✅ Card Safari Payment (with delays): Amount £34.99 displayed
✅ Card Safari Payment (with delays): Order ID CARD_SAFARI_003 displayed
📋 Safari scenarios testing completed
]]>
</system-out>
</testcase>
</testsuite>
<testsuite name="e2e/safari-payment.spec.ts" timestamp="2025-07-20T10:35:55.243Z" hostname="webkit" tests="7" failures="4" skipped="0" time="59.904" errors="0">
<testcase name="Safari Payment Success Flow › should detect Safari browser correctly" classname="e2e/safari-payment.spec.ts" time="1.087">
<system-out>
<![CDATA[User Agent: Mozilla/5.0 (Macintosh; Intel Mac OS X 10_15_7) AppleWebKit/605.1.15 (KHTML, like Gecko) Version/26.0 Safari/605.1.15
]]>
</system-out>
</testcase>
<testcase name="Safari Payment Success Flow › should handle Safari payment redirect correctly" classname="e2e/safari-payment.spec.ts" time="30.239">
<failure message="safari-payment.spec.ts:55:7 should handle Safari payment redirect correctly" type="FAILURE">
<![CDATA[  [webkit] › e2e/safari-payment.spec.ts:55:7 › Safari Payment Success Flow › should handle Safari payment redirect correctly 

    Test timeout of 30000ms exceeded.

    Error: locator.fill: Test timeout of 30000ms exceeded.
    Call log:
      - waiting for locator('input[name="fullName"], input[placeholder*="name" i]').first()


      59 |     
      60 |     // Fill delivery details
    > 61 |     await page.locator('input[name="fullName"], input[placeholder*="name" i]').first().fill('Safari Test User');
         |                                                                                        ^
      62 |     await page.locator('input[name="email"], input[type="email"]').first().fill('safari.test@example.com');
      63 |     await page.locator('input[name="phone"], input[type="tel"]').first().fill('07123456789');
      64 |     await page.locator('input[name="address"], input[placeholder*="address" i]').first().fill('123 Safari Street');
        at /Users/I590496/TKAFROKITCHEN/tk-afro-kitchen/tests/e2e/safari-payment.spec.ts:61:88

    attachment #1: screenshot (image/png) ──────────────────────────────────────────────────────────
    ../test-results/e2e-safari-payment-Safari--9b14a--payment-redirect-correctly-webkit/test-failed-1.png
    ────────────────────────────────────────────────────────────────────────────────────────────────

    attachment #2: video (video/webm) ──────────────────────────────────────────────────────────────
    ../test-results/e2e-safari-payment-Safari--9b14a--payment-redirect-correctly-webkit/video.webm
    ────────────────────────────────────────────────────────────────────────────────────────────────

    Error Context: ../test-results/e2e-safari-payment-Safari--9b14a--payment-redirect-correctly-webkit/error-context.md
]]>
</failure>
<system-out>
<![CDATA[
[[ATTACHMENT|e2e-safari-payment-Safari--9b14a--payment-redirect-correctly-webkit/test-failed-1.png]]

[[ATTACHMENT|e2e-safari-payment-Safari--9b14a--payment-redirect-correctly-webkit/video.webm]]

[[ATTACHMENT|e2e-safari-payment-Safari--9b14a--payment-redirect-correctly-webkit/error-context.md]]
]]>
</system-out>
</testcase>
<testcase name="Safari Payment Success Flow › should show Safari success banner on payment completion" classname="e2e/safari-payment.spec.ts" time="11.997">
<failure message="safari-payment.spec.ts:114:7 should show Safari success banner on payment completion" type="FAILURE">
<![CDATA[  [webkit] › e2e/safari-payment.spec.ts:114:7 › Safari Payment Success Flow › should show Safari success banner on payment completion 

    Error: Timed out 10000ms waiting for expect(locator).toBeVisible()

    Locator: locator('text=Payment Successful, text=order has been confirmed')
    Expected: visible
    Received: <element(s) not found>
    Call log:
      - Expect "toBeVisible" with timeout 10000ms
      - waiting for locator('text=Payment Successful, text=order has been confirmed')


      138 |     // Check for Safari-specific success banner
      139 |     const safariSuccessBanner = page.locator('text=Payment Successful, text=order has been confirmed');
    > 140 |     await expect(safariSuccessBanner).toBeVisible({ timeout: 10000 });
          |                                       ^
      141 |     
      142 |     // Check that success page content is displayed
      143 |     await expect(page.locator('text=Thank you, text=successful')).toBeVisible();
        at /Users/I590496/TKAFROKITCHEN/tk-afro-kitchen/tests/e2e/safari-payment.spec.ts:140:39

    attachment #1: screenshot (image/png) ──────────────────────────────────────────────────────────
    ../test-results/e2e-safari-payment-Safari--6d305-anner-on-payment-completion-webkit/test-failed-1.png
    ────────────────────────────────────────────────────────────────────────────────────────────────

    attachment #2: video (video/webm) ──────────────────────────────────────────────────────────────
    ../test-results/e2e-safari-payment-Safari--6d305-anner-on-payment-completion-webkit/video.webm
    ────────────────────────────────────────────────────────────────────────────────────────────────

    Error Context: ../test-results/e2e-safari-payment-Safari--6d305-anner-on-payment-completion-webkit/error-context.md
]]>
</failure>
<system-out>
<![CDATA[
[[ATTACHMENT|e2e-safari-payment-Safari--6d305-anner-on-payment-completion-webkit/test-failed-1.png]]

[[ATTACHMENT|e2e-safari-payment-Safari--6d305-anner-on-payment-completion-webkit/video.webm]]

[[ATTACHMENT|e2e-safari-payment-Safari--6d305-anner-on-payment-completion-webkit/error-context.md]]
]]>
</system-out>
</testcase>
<testcase name="Safari Payment Success Flow › should retrieve order details from URL parameters in Safari" classname="e2e/safari-payment.spec.ts" time="1.728">
</testcase>
<testcase name="Safari Payment Success Flow › should prevent automatic redirects from success page in Safari" classname="e2e/safari-payment.spec.ts" time="2.523">
</testcase>
<testcase name="Safari Payment Success Flow › should handle localStorage access delays in Safari" classname="e2e/safari-payment.spec.ts" time="6.691">
<failure message="safari-payment.spec.ts:181:7 should handle localStorage access delays in Safari" type="FAILURE">
<![CDATA[  [webkit] › e2e/safari-payment.spec.ts:181:7 › Safari Payment Success Flow › should handle localStorage access delays in Safari 

    Error: Timed out 5000ms waiting for expect(locator).toBeVisible()

    Locator: locator('text=Thank you, text=Payment Successful')
    Expected: visible
    Received: <element(s) not found>
    Call log:
      - Expect "toBeVisible" with timeout 5000ms
      - waiting for locator('text=Thank you, text=Payment Successful')


      204 |     
      205 |     // Success content should eventually be visible
    > 206 |     await expect(page.locator('text=Thank you, text=Payment Successful')).toBeVisible({ timeout: 5000 });
          |                                                                           ^
      207 |   });
      208 |
      209 |   test('should show loading state before displaying success content', async ({ page, browserName }) => {
        at /Users/I590496/TKAFROKITCHEN/tk-afro-kitchen/tests/e2e/safari-payment.spec.ts:206:75

    attachment #1: screenshot (image/png) ──────────────────────────────────────────────────────────
    ../test-results/e2e-safari-payment-Safari--5ae08-age-access-delays-in-Safari-webkit/test-failed-1.png
    ────────────────────────────────────────────────────────────────────────────────────────────────

    attachment #2: video (video/webm) ──────────────────────────────────────────────────────────────
    ../test-results/e2e-safari-payment-Safari--5ae08-age-access-delays-in-Safari-webkit/video.webm
    ────────────────────────────────────────────────────────────────────────────────────────────────

    Error Context: ../test-results/e2e-safari-payment-Safari--5ae08-age-access-delays-in-Safari-webkit/error-context.md
]]>
</failure>
<system-out>
<![CDATA[
[[ATTACHMENT|e2e-safari-payment-Safari--5ae08-age-access-delays-in-Safari-webkit/test-failed-1.png]]

[[ATTACHMENT|e2e-safari-payment-Safari--5ae08-age-access-delays-in-Safari-webkit/video.webm]]

[[ATTACHMENT|e2e-safari-payment-Safari--5ae08-age-access-delays-in-Safari-webkit/error-context.md]]
]]>
</system-out>
</testcase>
<testcase name="Safari Payment Success Flow › should show loading state before displaying success content" classname="e2e/safari-payment.spec.ts" time="5.639">
<failure message="safari-payment.spec.ts:209:7 should show loading state before displaying success content" type="FAILURE">
<![CDATA[  [webkit] › e2e/safari-payment.spec.ts:209:7 › Safari Payment Success Flow › should show loading state before displaying success content 

    Error: Timed out 5000ms waiting for expect(locator).toBeVisible()

    Locator: locator('text=Thank you, text=Payment Successful, text=order')
    Expected: visible
    Received: <element(s) not found>
    Call log:
      - Expect "toBeVisible" with timeout 5000ms
      - waiting for locator('text=Thank you, text=Payment Successful, text=order')


      217 |     // Loading should be visible initially (may be very brief)
      218 |     // Then success content should appear
    > 219 |     await expect(page.locator('text=Thank you, text=Payment Successful, text=order')).toBeVisible({ timeout: 5000 });
          |                                                                                       ^
      220 |   });
      221 | });
        at /Users/I590496/TKAFROKITCHEN/tk-afro-kitchen/tests/e2e/safari-payment.spec.ts:219:87

    attachment #1: screenshot (image/png) ──────────────────────────────────────────────────────────
    ../test-results/e2e-safari-payment-Safari--2f4a6--displaying-success-content-webkit/test-failed-1.png
    ────────────────────────────────────────────────────────────────────────────────────────────────

    attachment #2: video (video/webm) ──────────────────────────────────────────────────────────────
    ../test-results/e2e-safari-payment-Safari--2f4a6--displaying-success-content-webkit/video.webm
    ────────────────────────────────────────────────────────────────────────────────────────────────

    Error Context: ../test-results/e2e-safari-payment-Safari--2f4a6--displaying-success-content-webkit/error-context.md
]]>
</failure>
<system-out>
<![CDATA[
[[ATTACHMENT|e2e-safari-payment-Safari--2f4a6--displaying-success-content-webkit/test-failed-1.png]]

[[ATTACHMENT|e2e-safari-payment-Safari--2f4a6--displaying-success-content-webkit/video.webm]]

[[ATTACHMENT|e2e-safari-payment-Safari--2f4a6--displaying-success-content-webkit/error-context.md]]
]]>
</system-out>
</testcase>
</testsuite>
<testsuite name="e2e/working-payment-flow.spec.ts" timestamp="2025-07-20T10:35:55.243Z" hostname="webkit" tests="2" failures="1" skipped="0" time="17.867" errors="0">
<testcase name="Working Payment Flow - Add to Cart → Card Payment → Success Page › should complete full payment flow with card payment" classname="e2e/working-payment-flow.spec.ts" time="11.149">
<failure message="working-payment-flow.spec.ts:5:7 should complete full payment flow with card payment" type="FAILURE">
<![CDATA[  [webkit] › e2e/working-payment-flow.spec.ts:5:7 › Working Payment Flow - Add to Cart → Card Payment → Success Page › should complete full payment flow with card payment 

    Error: locator.isVisible: Error: strict mode violation: locator('iframe[src*="stripe"], iframe[name*="stripe"]') resolved to 5 elements:
        1) <iframe scrolling="no" frameborder="0" allow="payment *" role="presentation" allowtransparency="true" name="__privateStripeFrame9683" title="Secure card payment input frame" src="https://js.stripe.com/v3/elements-inner-card-b4804e456573ea7724b00214ad90dc84.html#__shared_params__[version]=basil&wait=false&mids[guid]=NA&mids[muid]=NA&mids[sid]=NA&hidePostalCode=true&style[base][fontSize]=16px&style[base][color]=%23424770&style[base][::placeholder][color]=%23aab7c4&style[base][backgroundColor]=%23ffffff&…></iframe> aka locator('iframe[name="__privateStripeFrame9683"]')
        2) <iframe tabindex="-1" scrolling="no" frameborder="0" name="cardButton9684" allowtransparency="true" src="https://js.stripe.com/v3/elements-inner-link-button-for-card-db8475545bc2de759f51a8e562d0e681.html#locale=en&style[backgroundColor]=%23ffffff&style[foregroundColor]=%23424770&frameId=__privateStripeFrame9683&publishableKey=pk_live_51RI9m6D7KJvDWZWcxrFaS7HOqtfxKfDVxTDtWxJ37EiQkjLSY8Ij2Jd75GZjDinEvyhPgh8DrkrzSohoao5H852g00n8mS2Eca&stripeJsId=cf633a79-0d58-4bb2-bf5e-e88e29a1dfd1&controllerId=__private…></iframe> aka locator('iframe[name="cardButton9684"]')
        3) <iframe tabindex="-1" scrolling="no" frameborder="0" allow="payment *" aria-hidden="true" role="presentation" allowtransparency="true" name="__privateStripeController9681" src="https://js.stripe.com/v3/controller-with-preconnect-5a125e125bbb24d882c0a6f33f679c89.html#__shared_params__[version]=basil&apiKey=pk_live_51RI9m6D7KJvDWZWcxrFaS7HOqtfxKfDVxTDtWxJ37EiQkjLSY8Ij2Jd75GZjDinEvyhPgh8DrkrzSohoao5H852g00n8mS2Eca&apiVersion=2025-03-31.basil&stripeJsId=cf633a79-0d58-4bb2-bf5e-e88e29a1dfd1&stripeObjId=sob…></iframe> aka locator('iframe[name="__privateStripeController9681"]')
        4) <iframe tabindex="-1" scrolling="no" frameborder="0" aria-hidden="true" data-initialized="true" allowtransparency="true" name="hcaptcha-invisible" referrerpolicy="no-referrer" src="https://js.stripe.com/v3/hcaptcha-invisible-ca8c165ddc029076f72982d5bdfea0c0.html#debugMode=false&parentOrigin=https%3A%2F%2Ftkafrokitchen.com"></iframe> aka locator('iframe[name="hcaptcha-invisible"]')
        5) <iframe scrolling="no" frameborder="0" role="presentation" allowtransparency="true" name="__privateStripeFrame9685" allow="payment *; publickey-credentials-get *" src="https://js.stripe.com/v3/link-auth-modal-inner-85b88fd2d40d021dd3c825f5131eab19.html#apiKey=pk_live_51RI9m6D7KJvDWZWcxrFaS7HOqtfxKfDVxTDtWxJ37EiQkjLSY8Ij2Jd75GZjDinEvyhPgh8DrkrzSohoao5H852g00n8mS2Eca&locale=&stripeJsId=cf633a79-0d58-4bb2-bf5e-e88e29a1dfd1&requestSurface=web_card_element_popup&mids[guid]=NA&mids[muid]=NA&mids[sid]=NA&ref…></iframe> aka locator('iframe[name="__privateStripeFrame9685"]')

    Call log:
        - checking visibility of locator('iframe[src*="stripe"], iframe[name*="stripe"]').contentFrame().locator('input[name="cardnumber"], input[placeholder*="card"]')


      124 |     const cardInput = stripeFrame.locator('input[name="cardnumber"], input[placeholder*="card"]');
      125 |     
    > 126 |     if (await cardInput.isVisible({ timeout: 5000 })) {
          |                         ^
      127 |       console.log('✅ Found Stripe card input');
      128 |       
      129 |       // Fill Stripe test card details
        at /Users/I590496/TKAFROKITCHEN/tk-afro-kitchen/tests/e2e/working-payment-flow.spec.ts:126:25

    attachment #1: screenshot (image/png) ──────────────────────────────────────────────────────────
    ../test-results/e2e-working-payment-flow-W-ee6f9-ment-flow-with-card-payment-webkit/test-failed-1.png
    ────────────────────────────────────────────────────────────────────────────────────────────────

    attachment #2: video (video/webm) ──────────────────────────────────────────────────────────────
    ../test-results/e2e-working-payment-flow-W-ee6f9-ment-flow-with-card-payment-webkit/video.webm
    ────────────────────────────────────────────────────────────────────────────────────────────────

    Error Context: ../test-results/e2e-working-payment-flow-W-ee6f9-ment-flow-with-card-payment-webkit/error-context.md
]]>
</failure>
<system-out>
<![CDATA[🚀 Starting complete payment flow test
📱 Step 1: Navigate to menu
🍽️ Step 2: Select menu item
🛒 Step 3: Add item to cart
✅ Item added to cart
🛍️ Step 4: Open cart and checkout
✅ Cart opened
✅ Clicked checkout button
✅ On checkout page
📝 Step 5: Fill delivery details
✅ Filled fullName: John Doe Test
✅ Filled email: john.doe.test@example.com
✅ Filled phone: 07123456789
✅ Filled address: 123 Test Street, Test Area
✅ Filled city: London
✅ Filled postcode: SW1A 1AA
✅ Proceeded to payment step
💳 Step 6: Select card payment
🔢 Step 7: Fill card details

[[ATTACHMENT|e2e-working-payment-flow-W-ee6f9-ment-flow-with-card-payment-webkit/test-failed-1.png]]

[[ATTACHMENT|e2e-working-payment-flow-W-ee6f9-ment-flow-with-card-payment-webkit/video.webm]]

[[ATTACHMENT|e2e-working-payment-flow-W-ee6f9-ment-flow-with-card-payment-webkit/error-context.md]]
]]>
</system-out>
</testcase>
<testcase name="Working Payment Flow - Add to Cart → Card Payment → Success Page › should handle Safari payment recommendations" classname="e2e/working-payment-flow.spec.ts" time="6.718">
<system-out>
<![CDATA[🍎 Testing Safari payment flow
]]>
</system-out>
</testcase>
</testsuite>
<testsuite name="mobile/mobile-navigation.spec.ts" timestamp="2025-07-20T10:35:55.243Z" hostname="webkit" tests="14" failures="14" skipped="0" time="297.972" errors="0">
<testcase name="Mobile Navigation › should display hamburger menu on mobile" classname="mobile/mobile-navigation.spec.ts" time="6.224">
<failure message="mobile-navigation.spec.ts:10:7 should display hamburger menu on mobile" type="FAILURE">
<![CDATA[  [webkit] › mobile/mobile-navigation.spec.ts:10:7 › Mobile Navigation › should display hamburger menu on mobile 

    Error: Timed out 5000ms waiting for expect(locator).toBeVisible()

    Locator: locator('button[aria-label*="menu"], .hamburger-menu, [data-testid="mobile-menu-toggle"]').first()
    Expected: visible
    Received: <element(s) not found>
    Call log:
      - Expect "toBeVisible" with timeout 5000ms
      - waiting for locator('button[aria-label*="menu"], .hamburger-menu, [data-testid="mobile-menu-toggle"]').first()


      11 |     // Check hamburger menu button is visible
      12 |     const hamburgerButton = page.locator('button[aria-label*="menu"], .hamburger-menu, [data-testid="mobile-menu-toggle"]');
    > 13 |     await expect(hamburgerButton.first()).toBeVisible();
         |                                           ^
      14 |   });
      15 |
      16 |   test('should toggle mobile menu when hamburger is clicked', async ({ page }) => {
        at /Users/I590496/TKAFROKITCHEN/tk-afro-kitchen/tests/mobile/mobile-navigation.spec.ts:13:43

    attachment #1: screenshot (image/png) ──────────────────────────────────────────────────────────
    ../test-results/mobile-mobile-navigation-M-1d5c4-ay-hamburger-menu-on-mobile-webkit/test-failed-1.png
    ────────────────────────────────────────────────────────────────────────────────────────────────

    attachment #2: video (video/webm) ──────────────────────────────────────────────────────────────
    ../test-results/mobile-mobile-navigation-M-1d5c4-ay-hamburger-menu-on-mobile-webkit/video.webm
    ────────────────────────────────────────────────────────────────────────────────────────────────

    Error Context: ../test-results/mobile-mobile-navigation-M-1d5c4-ay-hamburger-menu-on-mobile-webkit/error-context.md
]]>
</failure>
<system-out>
<![CDATA[
[[ATTACHMENT|mobile-mobile-navigation-M-1d5c4-ay-hamburger-menu-on-mobile-webkit/test-failed-1.png]]

[[ATTACHMENT|mobile-mobile-navigation-M-1d5c4-ay-hamburger-menu-on-mobile-webkit/video.webm]]

[[ATTACHMENT|mobile-mobile-navigation-M-1d5c4-ay-hamburger-menu-on-mobile-webkit/error-context.md]]
]]>
</system-out>
</testcase>
<testcase name="Mobile Navigation › should toggle mobile menu when hamburger is clicked" classname="mobile/mobile-navigation.spec.ts" time="30.159">
<failure message="mobile-navigation.spec.ts:16:7 should toggle mobile menu when hamburger is clicked" type="FAILURE">
<![CDATA[  [webkit] › mobile/mobile-navigation.spec.ts:16:7 › Mobile Navigation › should toggle mobile menu when hamburger is clicked 

    Test timeout of 30000ms exceeded.

    Error: locator.click: Test timeout of 30000ms exceeded.
    Call log:
      - waiting for locator('button[aria-label*="menu"], .hamburger-menu, [data-testid="mobile-menu-toggle"]').first()


      19 |     
      20 |     // Click hamburger menu
    > 21 |     await hamburgerButton.first().click();
         |                                   ^
      22 |     
      23 |     // Check mobile menu is visible
      24 |     const mobileMenu = page.locator('.mobile-menu, [data-testid="mobile-menu"], nav.md\\:hidden');
        at /Users/I590496/TKAFROKITCHEN/tk-afro-kitchen/tests/mobile/mobile-navigation.spec.ts:21:35

    attachment #1: screenshot (image/png) ──────────────────────────────────────────────────────────
    ../test-results/mobile-mobile-navigation-M-fbf4e-u-when-hamburger-is-clicked-webkit/test-failed-1.png
    ────────────────────────────────────────────────────────────────────────────────────────────────

    attachment #2: video (video/webm) ──────────────────────────────────────────────────────────────
    ../test-results/mobile-mobile-navigation-M-fbf4e-u-when-hamburger-is-clicked-webkit/video.webm
    ────────────────────────────────────────────────────────────────────────────────────────────────

    Error Context: ../test-results/mobile-mobile-navigation-M-fbf4e-u-when-hamburger-is-clicked-webkit/error-context.md
]]>
</failure>
<system-out>
<![CDATA[
[[ATTACHMENT|mobile-mobile-navigation-M-fbf4e-u-when-hamburger-is-clicked-webkit/test-failed-1.png]]

[[ATTACHMENT|mobile-mobile-navigation-M-fbf4e-u-when-hamburger-is-clicked-webkit/video.webm]]

[[ATTACHMENT|mobile-mobile-navigation-M-fbf4e-u-when-hamburger-is-clicked-webkit/error-context.md]]
]]>
</system-out>
</testcase>
<testcase name="Mobile Navigation › should close mobile menu when clicking outside" classname="mobile/mobile-navigation.spec.ts" time="30.169">
<failure message="mobile-navigation.spec.ts:34:7 should close mobile menu when clicking outside" type="FAILURE">
<![CDATA[  [webkit] › mobile/mobile-navigation.spec.ts:34:7 › Mobile Navigation › should close mobile menu when clicking outside 

    Test timeout of 30000ms exceeded.

    Error: locator.click: Test timeout of 30000ms exceeded.
    Call log:
      - waiting for locator('button[aria-label*="menu"], .hamburger-menu, [data-testid="mobile-menu-toggle"]').first()


      35 |     // Open mobile menu
      36 |     const hamburgerButton = page.locator('button[aria-label*="menu"], .hamburger-menu, [data-testid="mobile-menu-toggle"]');
    > 37 |     await hamburgerButton.first().click();
         |                                   ^
      38 |     
      39 |     // Click outside menu (on body)
      40 |     await page.click('body', { position: { x: 50, y: 50 } });
        at /Users/I590496/TKAFROKITCHEN/tk-afro-kitchen/tests/mobile/mobile-navigation.spec.ts:37:35

    attachment #1: screenshot (image/png) ──────────────────────────────────────────────────────────
    ../test-results/mobile-mobile-navigation-M-c3646--menu-when-clicking-outside-webkit/test-failed-1.png
    ────────────────────────────────────────────────────────────────────────────────────────────────

    attachment #2: video (video/webm) ──────────────────────────────────────────────────────────────
    ../test-results/mobile-mobile-navigation-M-c3646--menu-when-clicking-outside-webkit/video.webm
    ────────────────────────────────────────────────────────────────────────────────────────────────

    Error Context: ../test-results/mobile-mobile-navigation-M-c3646--menu-when-clicking-outside-webkit/error-context.md
]]>
</failure>
<system-out>
<![CDATA[
[[ATTACHMENT|mobile-mobile-navigation-M-c3646--menu-when-clicking-outside-webkit/test-failed-1.png]]

[[ATTACHMENT|mobile-mobile-navigation-M-c3646--menu-when-clicking-outside-webkit/video.webm]]

[[ATTACHMENT|mobile-mobile-navigation-M-c3646--menu-when-clicking-outside-webkit/error-context.md]]
]]>
</system-out>
</testcase>
<testcase name="Mobile Navigation › should close mobile menu when clicking a menu item" classname="mobile/mobile-navigation.spec.ts" time="30.167">
<failure message="mobile-navigation.spec.ts:47:7 should close mobile menu when clicking a menu item" type="FAILURE">
<![CDATA[  [webkit] › mobile/mobile-navigation.spec.ts:47:7 › Mobile Navigation › should close mobile menu when clicking a menu item 

    Test timeout of 30000ms exceeded.

    Error: locator.click: Test timeout of 30000ms exceeded.
    Call log:
      - waiting for locator('button[aria-label*="menu"], .hamburger-menu, [data-testid="mobile-menu-toggle"]').first()


      48 |     // Open mobile menu
      49 |     const hamburgerButton = page.locator('button[aria-label*="menu"], .hamburger-menu, [data-testid="mobile-menu-toggle"]');
    > 50 |     await hamburgerButton.first().click();
         |                                   ^
      51 |     
      52 |     // Click on a menu item
      53 |     await page.click('text=Menu');
        at /Users/I590496/TKAFROKITCHEN/tk-afro-kitchen/tests/mobile/mobile-navigation.spec.ts:50:35

    attachment #1: screenshot (image/png) ──────────────────────────────────────────────────────────
    ../test-results/mobile-mobile-navigation-M-c3892-u-when-clicking-a-menu-item-webkit/test-failed-1.png
    ────────────────────────────────────────────────────────────────────────────────────────────────

    attachment #2: video (video/webm) ──────────────────────────────────────────────────────────────
    ../test-results/mobile-mobile-navigation-M-c3892-u-when-clicking-a-menu-item-webkit/video.webm
    ────────────────────────────────────────────────────────────────────────────────────────────────

    Error Context: ../test-results/mobile-mobile-navigation-M-c3892-u-when-clicking-a-menu-item-webkit/error-context.md
]]>
</failure>
<system-out>
<![CDATA[
[[ATTACHMENT|mobile-mobile-navigation-M-c3892-u-when-clicking-a-menu-item-webkit/test-failed-1.png]]

[[ATTACHMENT|mobile-mobile-navigation-M-c3892-u-when-clicking-a-menu-item-webkit/video.webm]]

[[ATTACHMENT|mobile-mobile-navigation-M-c3892-u-when-clicking-a-menu-item-webkit/error-context.md]]
]]>
</system-out>
</testcase>
<testcase name="Mobile Navigation › should navigate to correct pages from mobile menu" classname="mobile/mobile-navigation.spec.ts" time="30.152">
<failure message="mobile-navigation.spec.ts:60:7 should navigate to correct pages from mobile menu" type="FAILURE">
<![CDATA[  [webkit] › mobile/mobile-navigation.spec.ts:60:7 › Mobile Navigation › should navigate to correct pages from mobile menu 

    Test timeout of 30000ms exceeded.

    Error: locator.click: Test timeout of 30000ms exceeded.
    Call log:
      - waiting for locator('button[aria-label*="menu"], .hamburger-menu, [data-testid="mobile-menu-toggle"]').first()


      61 |     // Open mobile menu
      62 |     const hamburgerButton = page.locator('button[aria-label*="menu"], .hamburger-menu, [data-testid="mobile-menu-toggle"]');
    > 63 |     await hamburgerButton.first().click();
         |                                   ^
      64 |     
      65 |     // Test navigation to different pages
      66 |     const testPages = [
        at /Users/I590496/TKAFROKITCHEN/tk-afro-kitchen/tests/mobile/mobile-navigation.spec.ts:63:35

    attachment #1: screenshot (image/png) ──────────────────────────────────────────────────────────
    ../test-results/mobile-mobile-navigation-M-60022-rect-pages-from-mobile-menu-webkit/test-failed-1.png
    ────────────────────────────────────────────────────────────────────────────────────────────────

    attachment #2: video (video/webm) ──────────────────────────────────────────────────────────────
    ../test-results/mobile-mobile-navigation-M-60022-rect-pages-from-mobile-menu-webkit/video.webm
    ────────────────────────────────────────────────────────────────────────────────────────────────

    Error Context: ../test-results/mobile-mobile-navigation-M-60022-rect-pages-from-mobile-menu-webkit/error-context.md
]]>
</failure>
<system-out>
<![CDATA[
[[ATTACHMENT|mobile-mobile-navigation-M-60022-rect-pages-from-mobile-menu-webkit/test-failed-1.png]]

[[ATTACHMENT|mobile-mobile-navigation-M-60022-rect-pages-from-mobile-menu-webkit/video.webm]]

[[ATTACHMENT|mobile-mobile-navigation-M-60022-rect-pages-from-mobile-menu-webkit/error-context.md]]
]]>
</system-out>
</testcase>
<testcase name="Mobile Navigation › should handle touch gestures correctly" classname="mobile/mobile-navigation.spec.ts" time="1.084">
<failure message="mobile-navigation.spec.ts:84:7 should handle touch gestures correctly" type="FAILURE">
<![CDATA[  [webkit] › mobile/mobile-navigation.spec.ts:84:7 › Mobile Navigation › should handle touch gestures correctly 

    Error: locator.tap: The page does not support tap. Use hasTouch context option to enable touch support.

      88 |     // For now, test basic touch interactions
      89 |     const hamburgerButton = page.locator('button[aria-label*="menu"], .hamburger-menu, [data-testid="mobile-menu-toggle"]');
    > 90 |     await hamburgerButton.first().tap();
         |                                   ^
      91 |     
      92 |     const mobileMenu = page.locator('.mobile-menu, [data-testid="mobile-menu"], nav.md\\:hidden');
      93 |     await expect(mobileMenu).toBeVisible();
        at /Users/I590496/TKAFROKITCHEN/tk-afro-kitchen/tests/mobile/mobile-navigation.spec.ts:90:35

    attachment #1: screenshot (image/png) ──────────────────────────────────────────────────────────
    ../test-results/mobile-mobile-navigation-M-66fc1-le-touch-gestures-correctly-webkit/test-failed-1.png
    ────────────────────────────────────────────────────────────────────────────────────────────────

    attachment #2: video (video/webm) ──────────────────────────────────────────────────────────────
    ../test-results/mobile-mobile-navigation-M-66fc1-le-touch-gestures-correctly-webkit/video.webm
    ────────────────────────────────────────────────────────────────────────────────────────────────

    Error Context: ../test-results/mobile-mobile-navigation-M-66fc1-le-touch-gestures-correctly-webkit/error-context.md
]]>
</failure>
<system-out>
<![CDATA[
[[ATTACHMENT|mobile-mobile-navigation-M-66fc1-le-touch-gestures-correctly-webkit/test-failed-1.png]]

[[ATTACHMENT|mobile-mobile-navigation-M-66fc1-le-touch-gestures-correctly-webkit/video.webm]]

[[ATTACHMENT|mobile-mobile-navigation-M-66fc1-le-touch-gestures-correctly-webkit/error-context.md]]
]]>
</system-out>
</testcase>
<testcase name="Mobile Navigation › should maintain menu state during page navigation" classname="mobile/mobile-navigation.spec.ts" time="30.158">
<failure message="mobile-navigation.spec.ts:96:7 should maintain menu state during page navigation" type="FAILURE">
<![CDATA[  [webkit] › mobile/mobile-navigation.spec.ts:96:7 › Mobile Navigation › should maintain menu state during page navigation 

    Test timeout of 30000ms exceeded.

    Error: locator.click: Test timeout of 30000ms exceeded.
    Call log:
      - waiting for locator('button[aria-label*="menu"], .hamburger-menu, [data-testid="mobile-menu-toggle"]').first()


       97 |     // Open mobile menu
       98 |     const hamburgerButton = page.locator('button[aria-label*="menu"], .hamburger-menu, [data-testid="mobile-menu-toggle"]');
    >  99 |     await hamburgerButton.first().click();
          |                                   ^
      100 |     
      101 |     // Navigate to another page
      102 |     await page.click('text=Menu');
        at /Users/I590496/TKAFROKITCHEN/tk-afro-kitchen/tests/mobile/mobile-navigation.spec.ts:99:35

    attachment #1: screenshot (image/png) ──────────────────────────────────────────────────────────
    ../test-results/mobile-mobile-navigation-M-81514-tate-during-page-navigation-webkit/test-failed-1.png
    ────────────────────────────────────────────────────────────────────────────────────────────────

    attachment #2: video (video/webm) ──────────────────────────────────────────────────────────────
    ../test-results/mobile-mobile-navigation-M-81514-tate-during-page-navigation-webkit/video.webm
    ────────────────────────────────────────────────────────────────────────────────────────────────

    Error Context: ../test-results/mobile-mobile-navigation-M-81514-tate-during-page-navigation-webkit/error-context.md
]]>
</failure>
<system-out>
<![CDATA[
[[ATTACHMENT|mobile-mobile-navigation-M-81514-tate-during-page-navigation-webkit/test-failed-1.png]]

[[ATTACHMENT|mobile-mobile-navigation-M-81514-tate-during-page-navigation-webkit/video.webm]]

[[ATTACHMENT|mobile-mobile-navigation-M-81514-tate-during-page-navigation-webkit/error-context.md]]
]]>
</system-out>
</testcase>
<testcase name="Mobile Navigation › should handle orientation changes" classname="mobile/mobile-navigation.spec.ts" time="6.054">
<failure message="mobile-navigation.spec.ts:112:7 should handle orientation changes" type="FAILURE">
<![CDATA[  [webkit] › mobile/mobile-navigation.spec.ts:112:7 › Mobile Navigation › should handle orientation changes 

    Error: Timed out 5000ms waiting for expect(locator).toBeVisible()

    Locator: locator('button[aria-label*="menu"], .hamburger-menu, [data-testid="mobile-menu-toggle"]').first()
    Expected: visible
    Received: <element(s) not found>
    Call log:
      - Expect "toBeVisible" with timeout 5000ms
      - waiting for locator('button[aria-label*="menu"], .hamburger-menu, [data-testid="mobile-menu-toggle"]').first()


      116 |     // Check navigation still works
      117 |     const hamburgerButton = page.locator('button[aria-label*="menu"], .hamburger-menu, [data-testid="mobile-menu-toggle"]');
    > 118 |     await expect(hamburgerButton.first()).toBeVisible();
          |                                           ^
      119 |     
      120 |     // Test portrait orientation
      121 |     await page.setViewportSize({ width: 375, height: 667 });
        at /Users/I590496/TKAFROKITCHEN/tk-afro-kitchen/tests/mobile/mobile-navigation.spec.ts:118:43

    attachment #1: screenshot (image/png) ──────────────────────────────────────────────────────────
    ../test-results/mobile-mobile-navigation-M-81277--handle-orientation-changes-webkit/test-failed-1.png
    ────────────────────────────────────────────────────────────────────────────────────────────────

    attachment #2: video (video/webm) ──────────────────────────────────────────────────────────────
    ../test-results/mobile-mobile-navigation-M-81277--handle-orientation-changes-webkit/video.webm
    ────────────────────────────────────────────────────────────────────────────────────────────────

    Error Context: ../test-results/mobile-mobile-navigation-M-81277--handle-orientation-changes-webkit/error-context.md
]]>
</failure>
<system-out>
<![CDATA[
[[ATTACHMENT|mobile-mobile-navigation-M-81277--handle-orientation-changes-webkit/test-failed-1.png]]

[[ATTACHMENT|mobile-mobile-navigation-M-81277--handle-orientation-changes-webkit/video.webm]]

[[ATTACHMENT|mobile-mobile-navigation-M-81277--handle-orientation-changes-webkit/error-context.md]]
]]>
</system-out>
</testcase>
<testcase name="Mobile Navigation › should have proper focus management" classname="mobile/mobile-navigation.spec.ts" time="30.188">
<failure message="mobile-navigation.spec.ts:125:7 should have proper focus management" type="FAILURE">
<![CDATA[  [webkit] › mobile/mobile-navigation.spec.ts:125:7 › Mobile Navigation › should have proper focus management 

    Test timeout of 30000ms exceeded.

    Error: locator.click: Test timeout of 30000ms exceeded.
    Call log:
      - waiting for locator('button[aria-label*="menu"], .hamburger-menu, [data-testid="mobile-menu-toggle"]').first()


      126 |     // Open mobile menu
      127 |     const hamburgerButton = page.locator('button[aria-label*="menu"], .hamburger-menu, [data-testid="mobile-menu-toggle"]');
    > 128 |     await hamburgerButton.first().click();
          |                                   ^
      129 |     
      130 |     // Check first menu item is focusable
      131 |     const firstMenuItem = page.locator('nav a').first();
        at /Users/I590496/TKAFROKITCHEN/tk-afro-kitchen/tests/mobile/mobile-navigation.spec.ts:128:35

    attachment #1: screenshot (image/png) ──────────────────────────────────────────────────────────
    ../test-results/mobile-mobile-navigation-M-b062b-ave-proper-focus-management-webkit/test-failed-1.png
    ────────────────────────────────────────────────────────────────────────────────────────────────

    attachment #2: video (video/webm) ──────────────────────────────────────────────────────────────
    ../test-results/mobile-mobile-navigation-M-b062b-ave-proper-focus-management-webkit/video.webm
    ────────────────────────────────────────────────────────────────────────────────────────────────

    Error Context: ../test-results/mobile-mobile-navigation-M-b062b-ave-proper-focus-management-webkit/error-context.md
]]>
</failure>
<system-out>
<![CDATA[
[[ATTACHMENT|mobile-mobile-navigation-M-b062b-ave-proper-focus-management-webkit/test-failed-1.png]]

[[ATTACHMENT|mobile-mobile-navigation-M-b062b-ave-proper-focus-management-webkit/video.webm]]

[[ATTACHMENT|mobile-mobile-navigation-M-b062b-ave-proper-focus-management-webkit/error-context.md]]
]]>
</system-out>
</testcase>
<testcase name="Mobile Navigation › should handle keyboard navigation" classname="mobile/mobile-navigation.spec.ts" time="30.171">
<failure message="mobile-navigation.spec.ts:136:7 should handle keyboard navigation" type="FAILURE">
<![CDATA[  [webkit] › mobile/mobile-navigation.spec.ts:136:7 › Mobile Navigation › should handle keyboard navigation 

    Test timeout of 30000ms exceeded.

    Error: locator.click: Test timeout of 30000ms exceeded.
    Call log:
      - waiting for locator('button[aria-label*="menu"], .hamburger-menu, [data-testid="mobile-menu-toggle"]').first()


      137 |     // Open mobile menu
      138 |     const hamburgerButton = page.locator('button[aria-label*="menu"], .hamburger-menu, [data-testid="mobile-menu-toggle"]');
    > 139 |     await hamburgerButton.first().click();
          |                                   ^
      140 |     
      141 |     // Test keyboard navigation
      142 |     await page.keyboard.press('Tab');
        at /Users/I590496/TKAFROKITCHEN/tk-afro-kitchen/tests/mobile/mobile-navigation.spec.ts:139:35

    attachment #1: screenshot (image/png) ──────────────────────────────────────────────────────────
    ../test-results/mobile-mobile-navigation-M-819d2--handle-keyboard-navigation-webkit/test-failed-1.png
    ────────────────────────────────────────────────────────────────────────────────────────────────

    attachment #2: video (video/webm) ──────────────────────────────────────────────────────────────
    ../test-results/mobile-mobile-navigation-M-819d2--handle-keyboard-navigation-webkit/video.webm
    ────────────────────────────────────────────────────────────────────────────────────────────────

    Error Context: ../test-results/mobile-mobile-navigation-M-819d2--handle-keyboard-navigation-webkit/error-context.md
]]>
</failure>
<system-out>
<![CDATA[
[[ATTACHMENT|mobile-mobile-navigation-M-819d2--handle-keyboard-navigation-webkit/test-failed-1.png]]

[[ATTACHMENT|mobile-mobile-navigation-M-819d2--handle-keyboard-navigation-webkit/video.webm]]

[[ATTACHMENT|mobile-mobile-navigation-M-819d2--handle-keyboard-navigation-webkit/error-context.md]]
]]>
</system-out>
</testcase>
<testcase name="Mobile Navigation › should have proper ARIA attributes" classname="mobile/mobile-navigation.spec.ts" time="6.407">
<failure message="mobile-navigation.spec.ts:149:7 should have proper ARIA attributes" type="FAILURE">
<![CDATA[  [webkit] › mobile/mobile-navigation.spec.ts:149:7 › Mobile Navigation › should have proper ARIA attributes 

    Error: Timed out 5000ms waiting for expect(locator).toBeVisible()

    Locator: locator('button[aria-label*="menu"], .hamburger-menu, [data-testid="mobile-menu-toggle"]').first()
    Expected: visible
    Received: <element(s) not found>
    Call log:
      - Expect "toBeVisible" with timeout 5000ms
      - waiting for locator('button[aria-label*="menu"], .hamburger-menu, [data-testid="mobile-menu-toggle"]').first()


      150 |     // Check hamburger button has proper ARIA attributes
      151 |     const hamburgerButton = page.locator('button[aria-label*="menu"], .hamburger-menu, [data-testid="mobile-menu-toggle"]');
    > 152 |     await expect(hamburgerButton.first()).toBeVisible();
          |                                           ^
      153 |     
      154 |     // Check for aria-expanded attribute
      155 |     const ariaExpanded = await hamburgerButton.first().getAttribute('aria-expanded');
        at /Users/I590496/TKAFROKITCHEN/tk-afro-kitchen/tests/mobile/mobile-navigation.spec.ts:152:43

    attachment #1: screenshot (image/png) ──────────────────────────────────────────────────────────
    ../test-results/mobile-mobile-navigation-M-07eb3-have-proper-ARIA-attributes-webkit/test-failed-1.png
    ────────────────────────────────────────────────────────────────────────────────────────────────

    attachment #2: video (video/webm) ──────────────────────────────────────────────────────────────
    ../test-results/mobile-mobile-navigation-M-07eb3-have-proper-ARIA-attributes-webkit/video.webm
    ────────────────────────────────────────────────────────────────────────────────────────────────

    Error Context: ../test-results/mobile-mobile-navigation-M-07eb3-have-proper-ARIA-attributes-webkit/error-context.md
]]>
</failure>
<system-out>
<![CDATA[
[[ATTACHMENT|mobile-mobile-navigation-M-07eb3-have-proper-ARIA-attributes-webkit/test-failed-1.png]]

[[ATTACHMENT|mobile-mobile-navigation-M-07eb3-have-proper-ARIA-attributes-webkit/video.webm]]

[[ATTACHMENT|mobile-mobile-navigation-M-07eb3-have-proper-ARIA-attributes-webkit/error-context.md]]
]]>
</system-out>
</testcase>
<testcase name="Mobile Navigation › should handle rapid menu toggles" classname="mobile/mobile-navigation.spec.ts" time="30.158">
<failure message="mobile-navigation.spec.ts:159:7 should handle rapid menu toggles" type="FAILURE">
<![CDATA[  [webkit] › mobile/mobile-navigation.spec.ts:159:7 › Mobile Navigation › should handle rapid menu toggles 

    Test timeout of 30000ms exceeded.

    Error: locator.click: Test timeout of 30000ms exceeded.
    Call log:
      - waiting for locator('button[aria-label*="menu"], .hamburger-menu, [data-testid="mobile-menu-toggle"]').first()


      162 |     // Rapidly click hamburger menu
      163 |     for (let i = 0; i < 5; i++) {
    > 164 |       await hamburgerButton.first().click();
          |                                     ^
      165 |       await page.waitForTimeout(100);
      166 |     }
      167 |     
        at /Users/I590496/TKAFROKITCHEN/tk-afro-kitchen/tests/mobile/mobile-navigation.spec.ts:164:37

    attachment #1: screenshot (image/png) ──────────────────────────────────────────────────────────
    ../test-results/mobile-mobile-navigation-M-e96ff-d-handle-rapid-menu-toggles-webkit/test-failed-1.png
    ────────────────────────────────────────────────────────────────────────────────────────────────

    attachment #2: video (video/webm) ──────────────────────────────────────────────────────────────
    ../test-results/mobile-mobile-navigation-M-e96ff-d-handle-rapid-menu-toggles-webkit/video.webm
    ────────────────────────────────────────────────────────────────────────────────────────────────

    Error Context: ../test-results/mobile-mobile-navigation-M-e96ff-d-handle-rapid-menu-toggles-webkit/error-context.md
]]>
</failure>
<system-out>
<![CDATA[
[[ATTACHMENT|mobile-mobile-navigation-M-e96ff-d-handle-rapid-menu-toggles-webkit/test-failed-1.png]]

[[ATTACHMENT|mobile-mobile-navigation-M-e96ff-d-handle-rapid-menu-toggles-webkit/video.webm]]

[[ATTACHMENT|mobile-mobile-navigation-M-e96ff-d-handle-rapid-menu-toggles-webkit/error-context.md]]
]]>
</system-out>
</testcase>
<testcase name="Mobile Navigation › should work on different mobile screen sizes" classname="mobile/mobile-navigation.spec.ts" time="6.704">
<failure message="mobile-navigation.spec.ts:173:7 should work on different mobile screen sizes" type="FAILURE">
<![CDATA[  [webkit] › mobile/mobile-navigation.spec.ts:173:7 › Mobile Navigation › should work on different mobile screen sizes 

    Error: Timed out 5000ms waiting for expect(locator).toBeVisible()

    Locator: locator('button[aria-label*="menu"], .hamburger-menu, [data-testid="mobile-menu-toggle"]').first()
    Expected: visible
    Received: <element(s) not found>
    Call log:
      - Expect "toBeVisible" with timeout 5000ms
      - waiting for locator('button[aria-label*="menu"], .hamburger-menu, [data-testid="mobile-menu-toggle"]').first()


      184 |       
      185 |       const hamburgerButton = page.locator('button[aria-label*="menu"], .hamburger-menu, [data-testid="mobile-menu-toggle"]');
    > 186 |       await expect(hamburgerButton.first()).toBeVisible();
          |                                             ^
      187 |     }
      188 |   });
      189 |
        at /Users/I590496/TKAFROKITCHEN/tk-afro-kitchen/tests/mobile/mobile-navigation.spec.ts:186:45

    attachment #1: screenshot (image/png) ──────────────────────────────────────────────────────────
    ../test-results/mobile-mobile-navigation-M-06806-fferent-mobile-screen-sizes-webkit/test-failed-1.png
    ────────────────────────────────────────────────────────────────────────────────────────────────

    attachment #2: video (video/webm) ──────────────────────────────────────────────────────────────
    ../test-results/mobile-mobile-navigation-M-06806-fferent-mobile-screen-sizes-webkit/video.webm
    ────────────────────────────────────────────────────────────────────────────────────────────────

    Error Context: ../test-results/mobile-mobile-navigation-M-06806-fferent-mobile-screen-sizes-webkit/error-context.md
]]>
</failure>
<system-out>
<![CDATA[
[[ATTACHMENT|mobile-mobile-navigation-M-06806-fferent-mobile-screen-sizes-webkit/test-failed-1.png]]

[[ATTACHMENT|mobile-mobile-navigation-M-06806-fferent-mobile-screen-sizes-webkit/video.webm]]

[[ATTACHMENT|mobile-mobile-navigation-M-06806-fferent-mobile-screen-sizes-webkit/error-context.md]]
]]>
</system-out>
</testcase>
<testcase name="Mobile Navigation › should handle network interruptions gracefully" classname="mobile/mobile-navigation.spec.ts" time="30.177">
<failure message="mobile-navigation.spec.ts:190:7 should handle network interruptions gracefully" type="FAILURE">
<![CDATA[  [webkit] › mobile/mobile-navigation.spec.ts:190:7 › Mobile Navigation › should handle network interruptions gracefully 

    Test timeout of 30000ms exceeded.

    Error: locator.click: Test timeout of 30000ms exceeded.
    Call log:
      - waiting for locator('button[aria-label*="menu"], .hamburger-menu, [data-testid="mobile-menu-toggle"]').first()


      197 |     // Try to open mobile menu
      198 |     const hamburgerButton = page.locator('button[aria-label*="menu"], .hamburger-menu, [data-testid="mobile-menu-toggle"]');
    > 199 |     await hamburgerButton.first().click();
          |                                   ^
      200 |     
      201 |     // Menu should still work
      202 |     const mobileMenu = page.locator('.mobile-menu, [data-testid="mobile-menu"], nav.md\\:hidden');
        at /Users/I590496/TKAFROKITCHEN/tk-afro-kitchen/tests/mobile/mobile-navigation.spec.ts:199:35

    attachment #1: screenshot (image/png) ──────────────────────────────────────────────────────────
    ../test-results/mobile-mobile-navigation-M-dff51-rk-interruptions-gracefully-webkit/test-failed-1.png
    ────────────────────────────────────────────────────────────────────────────────────────────────

    attachment #2: video (video/webm) ──────────────────────────────────────────────────────────────
    ../test-results/mobile-mobile-navigation-M-dff51-rk-interruptions-gracefully-webkit/video.webm
    ────────────────────────────────────────────────────────────────────────────────────────────────

    Error Context: ../test-results/mobile-mobile-navigation-M-dff51-rk-interruptions-gracefully-webkit/error-context.md
]]>
</failure>
<system-out>
<![CDATA[
[[ATTACHMENT|mobile-mobile-navigation-M-dff51-rk-interruptions-gracefully-webkit/test-failed-1.png]]

[[ATTACHMENT|mobile-mobile-navigation-M-dff51-rk-interruptions-gracefully-webkit/video.webm]]

[[ATTACHMENT|mobile-mobile-navigation-M-dff51-rk-interruptions-gracefully-webkit/error-context.md]]
]]>
</system-out>
</testcase>
</testsuite>
<testsuite name="performance/performance.spec.ts" timestamp="2025-07-20T10:35:55.243Z" hostname="webkit" tests="13" failures="1" skipped="0" time="29.506" errors="0">
<testcase name="Performance Tests › should load homepage within performance budget" classname="performance/performance.spec.ts" time="1.755">
<system-out>
<![CDATA[Homepage load time: 1163ms
]]>
</system-out>
</testcase>
<testcase name="Performance Tests › should load menu page within performance budget" classname="performance/performance.spec.ts" time="1.22">
<system-out>
<![CDATA[Menu page load time: 858ms
]]>
</system-out>
</testcase>
<testcase name="Performance Tests › should have optimized images" classname="performance/performance.spec.ts" time="1.277">
</testcase>
<testcase name="Performance Tests › should have reasonable bundle size" classname="performance/performance.spec.ts" time="1.207">
<system-out>
<![CDATA[Page size: 0.02MB
]]>
</system-out>
</testcase>
<testcase name="Performance Tests › should have fast Time to Interactive" classname="performance/performance.spec.ts" time="1.056">
<system-out>
<![CDATA[Time to Interactive: 648ms
]]>
</system-out>
</testcase>
<testcase name="Performance Tests › should handle slow network conditions" classname="performance/performance.spec.ts" time="7.887">
<system-out>
<![CDATA[Slow network load time: 7358ms
]]>
</system-out>
</testcase>
<testcase name="Performance Tests › should have efficient CSS and JS loading" classname="performance/performance.spec.ts" time="1.028">
<failure message="performance.spec.ts:134:7 should have efficient CSS and JS loading" type="FAILURE">
<![CDATA[  [webkit] › performance/performance.spec.ts:134:7 › Performance Tests › should have efficient CSS and JS loading 

    Error: expect(received).toBeGreaterThan(expected)

    Expected: > 0
    Received:   0

      140 |     
      141 |     // Should have some inline critical CSS
    > 142 |     expect(inlineStyleCount).toBeGreaterThan(0);
          |                              ^
      143 |     
      144 |     // Check for deferred non-critical CSS
      145 |     const deferredCSS = page.locator('link[rel="stylesheet"][media="print"]');
        at /Users/I590496/TKAFROKITCHEN/tk-afro-kitchen/tests/performance/performance.spec.ts:142:30

    attachment #1: screenshot (image/png) ──────────────────────────────────────────────────────────
    ../test-results/performance-performance-Pe-6b5c2-fficient-CSS-and-JS-loading-webkit/test-failed-1.png
    ────────────────────────────────────────────────────────────────────────────────────────────────

    attachment #2: video (video/webm) ──────────────────────────────────────────────────────────────
    ../test-results/performance-performance-Pe-6b5c2-fficient-CSS-and-JS-loading-webkit/video.webm
    ────────────────────────────────────────────────────────────────────────────────────────────────

    Error Context: ../test-results/performance-performance-Pe-6b5c2-fficient-CSS-and-JS-loading-webkit/error-context.md
]]>
</failure>
<system-out>
<![CDATA[
[[ATTACHMENT|performance-performance-Pe-6b5c2-fficient-CSS-and-JS-loading-webkit/test-failed-1.png]]

[[ATTACHMENT|performance-performance-Pe-6b5c2-fficient-CSS-and-JS-loading-webkit/video.webm]]

[[ATTACHMENT|performance-performance-Pe-6b5c2-fficient-CSS-and-JS-loading-webkit/error-context.md]]
]]>
</system-out>
</testcase>
<testcase name="Performance Tests › should have optimized fonts loading" classname="performance/performance.spec.ts" time="1.237">
<system-out>
<![CDATA[Font preloads: 1
]]>
</system-out>
</testcase>
<testcase name="Performance Tests › should have efficient caching headers" classname="performance/performance.spec.ts" time="0.976">
<system-out>
<![CDATA[Cache-Control: public, max-age=0, must-revalidate, ETag: W/"84a03db97744f0f4e5c54d56b801159c"
]]>
</system-out>
</testcase>
<testcase name="Performance Tests › should handle concurrent user load" classname="performance/performance.spec.ts" time="6.161">
<system-out>
<![CDATA[Concurrent load time: 4534ms
]]>
</system-out>
</testcase>
<testcase name="Performance Tests › should have efficient memory usage" classname="performance/performance.spec.ts" time="1.013">
</testcase>
<testcase name="Performance Tests › should have optimized animations" classname="performance/performance.spec.ts" time="2.887">
<system-out>
<![CDATA[Animated elements: 158, Hardware accelerated: 8
]]>
</system-out>
</testcase>
<testcase name="Performance Tests › should have efficient API calls" classname="performance/performance.spec.ts" time="1.802">
<system-out>
<![CDATA[API calls on homepage: 0
]]>
</system-out>
</testcase>
</testsuite>
<testsuite name="e2e/checkout.spec.ts" timestamp="2025-07-20T10:35:55.243Z" hostname="Mobile Chrome" tests="7" failures="4" skipped="0" time="60.939" errors="0">
<testcase name="Checkout Flow › should load checkout page successfully" classname="e2e/checkout.spec.ts" time="7.587">
<failure message="checkout.spec.ts:30:7 should load checkout page successfully" type="FAILURE">
<![CDATA[  [Mobile Chrome] › e2e/checkout.spec.ts:30:7 › Checkout Flow › should load checkout page successfully 

    Error: Timed out 5000ms waiting for expect(page).toHaveURL(expected)

    Expected pattern: /.*checkout/
    Received string:  "https://tkafrokitchen.com/menu"
    Call log:
      - Expect "toHaveURL" with timeout 5000ms
        9 × unexpected value "https://tkafrokitchen.com/menu"


      29 |
      30 |   test('should load checkout page successfully', async ({ page }) => {
    > 31 |     await expect(page).toHaveURL(/.*checkout/);
         |                        ^
      32 |     
      33 |     // Check for delivery details form
      34 |     await expect(page.locator('text=Delivery, text=Details, text=Information')).toBeVisible();
        at /Users/I590496/TKAFROKITCHEN/tk-afro-kitchen/tests/e2e/checkout.spec.ts:31:24

    attachment #1: screenshot (image/png) ──────────────────────────────────────────────────────────
    ../test-results/e2e-checkout-Checkout-Flow-dea30--checkout-page-successfully-Mobile-Chrome/test-failed-1.png
    ────────────────────────────────────────────────────────────────────────────────────────────────

    attachment #2: video (video/webm) ──────────────────────────────────────────────────────────────
    ../test-results/e2e-checkout-Checkout-Flow-dea30--checkout-page-successfully-Mobile-Chrome/video.webm
    ────────────────────────────────────────────────────────────────────────────────────────────────

    Error Context: ../test-results/e2e-checkout-Checkout-Flow-dea30--checkout-page-successfully-Mobile-Chrome/error-context.md
]]>
</failure>
<system-out>
<![CDATA[
[[ATTACHMENT|e2e-checkout-Checkout-Flow-dea30--checkout-page-successfully-Mobile-Chrome/test-failed-1.png]]

[[ATTACHMENT|e2e-checkout-Checkout-Flow-dea30--checkout-page-successfully-Mobile-Chrome/video.webm]]

[[ATTACHMENT|e2e-checkout-Checkout-Flow-dea30--checkout-page-successfully-Mobile-Chrome/error-context.md]]
]]>
</system-out>
</testcase>
<testcase name="Checkout Flow › should validate required delivery details" classname="e2e/checkout.spec.ts" time="2.258">
</testcase>
<testcase name="Checkout Flow › should fill delivery details and proceed to payment" classname="e2e/checkout.spec.ts" time="2.341">
</testcase>
<testcase name="Checkout Flow › should show payment options" classname="e2e/checkout.spec.ts" time="30.66">
<failure message="checkout.spec.ts:93:7 should show payment options" type="FAILURE">
<![CDATA[  [Mobile Chrome] › e2e/checkout.spec.ts:93:7 › Checkout Flow › should show payment options ────────

    Test timeout of 30000ms exceeded.

    Error: locator.fill: Test timeout of 30000ms exceeded.
    Call log:
      - waiting for locator('input[name="fullName"], input[placeholder*="name" i]').first()


      93 |   test('should show payment options', async ({ page }) => {
      94 |     // First fill delivery details
    > 95 |     await page.locator('input[name="fullName"], input[placeholder*="name" i]').first().fill('John Doe');
         |                                                                                        ^
      96 |     await page.locator('input[name="email"], input[type="email"]').first().fill('john.doe@example.com');
      97 |     await page.locator('input[name="phone"], input[type="tel"]').first().fill('07123456789');
      98 |     await page.locator('input[name="address"], input[placeholder*="address" i]').first().fill('123 Test Street');
        at /Users/I590496/TKAFROKITCHEN/tk-afro-kitchen/tests/e2e/checkout.spec.ts:95:88

    attachment #1: screenshot (image/png) ──────────────────────────────────────────────────────────
    ../test-results/e2e-checkout-Checkout-Flow-should-show-payment-options-Mobile-Chrome/test-failed-1.png
    ────────────────────────────────────────────────────────────────────────────────────────────────

    attachment #2: video (video/webm) ──────────────────────────────────────────────────────────────
    ../test-results/e2e-checkout-Checkout-Flow-should-show-payment-options-Mobile-Chrome/video.webm
    ────────────────────────────────────────────────────────────────────────────────────────────────

    Error Context: ../test-results/e2e-checkout-Checkout-Flow-should-show-payment-options-Mobile-Chrome/error-context.md
]]>
</failure>
<system-out>
<![CDATA[
[[ATTACHMENT|e2e-checkout-Checkout-Flow-should-show-payment-options-Mobile-Chrome/test-failed-1.png]]

[[ATTACHMENT|e2e-checkout-Checkout-Flow-should-show-payment-options-Mobile-Chrome/video.webm]]

[[ATTACHMENT|e2e-checkout-Checkout-Flow-should-show-payment-options-Mobile-Chrome/error-context.md]]
]]>
</system-out>
</testcase>
<testcase name="Checkout Flow › should have continue shopping option in checkout" classname="e2e/checkout.spec.ts" time="2.21">
</testcase>
<testcase name="Checkout Flow › should show order summary" classname="e2e/checkout.spec.ts" time="7.508">
<failure message="checkout.spec.ts:130:7 should show order summary" type="FAILURE">
<![CDATA[  [Mobile Chrome] › e2e/checkout.spec.ts:130:7 › Checkout Flow › should show order summary ─────────

    Error: Timed out 5000ms waiting for expect(locator).toBeVisible()

    Locator: locator('text=Order Summary, text=Summary, text=Total')
    Expected: visible
    Received: <element(s) not found>
    Call log:
      - Expect "toBeVisible" with timeout 5000ms
      - waiting for locator('text=Order Summary, text=Summary, text=Total')


      130 |   test('should show order summary', async ({ page }) => {
      131 |     // Check for order summary section
    > 132 |     await expect(page.locator('text=Order Summary, text=Summary, text=Total')).toBeVisible();
          |                                                                                ^
      133 |     
      134 |     // Check for price display
      135 |     await expect(page.locator('text=£').first()).toBeVisible();
        at /Users/I590496/TKAFROKITCHEN/tk-afro-kitchen/tests/e2e/checkout.spec.ts:132:80

    attachment #1: screenshot (image/png) ──────────────────────────────────────────────────────────
    ../test-results/e2e-checkout-Checkout-Flow-should-show-order-summary-Mobile-Chrome/test-failed-1.png
    ────────────────────────────────────────────────────────────────────────────────────────────────

    attachment #2: video (video/webm) ──────────────────────────────────────────────────────────────
    ../test-results/e2e-checkout-Checkout-Flow-should-show-order-summary-Mobile-Chrome/video.webm
    ────────────────────────────────────────────────────────────────────────────────────────────────

    Error Context: ../test-results/e2e-checkout-Checkout-Flow-should-show-order-summary-Mobile-Chrome/error-context.md
]]>
</failure>
<system-out>
<![CDATA[
[[ATTACHMENT|e2e-checkout-Checkout-Flow-should-show-order-summary-Mobile-Chrome/test-failed-1.png]]

[[ATTACHMENT|e2e-checkout-Checkout-Flow-should-show-order-summary-Mobile-Chrome/video.webm]]

[[ATTACHMENT|e2e-checkout-Checkout-Flow-should-show-order-summary-Mobile-Chrome/error-context.md]]
]]>
</system-out>
</testcase>
<testcase name="Checkout Flow › should show delivery fee calculation" classname="e2e/checkout.spec.ts" time="8.375">
<failure message="checkout.spec.ts:138:7 should show delivery fee calculation" type="FAILURE">
<![CDATA[  [Mobile Chrome] › e2e/checkout.spec.ts:138:7 › Checkout Flow › should show delivery fee calculation 

    Error: Timed out 5000ms waiting for expect(locator).toBeVisible()

    Locator: locator('text=Delivery, text=Fee').or(locator('text=Free, text=FREE')).first()
    Expected: visible
    Received: <element(s) not found>
    Call log:
      - Expect "toBeVisible" with timeout 5000ms
      - waiting for locator('text=Delivery, text=Fee').or(locator('text=Free, text=FREE')).first()


      142 |     
      143 |     // Either delivery fee or free delivery should be mentioned
    > 144 |     await expect(deliveryFee.or(freeDelivery).first()).toBeVisible();
          |                                                        ^
      145 |   });
      146 | });
        at /Users/I590496/TKAFROKITCHEN/tk-afro-kitchen/tests/e2e/checkout.spec.ts:144:56

    attachment #1: screenshot (image/png) ──────────────────────────────────────────────────────────
    ../test-results/e2e-checkout-Checkout-Flow-f2fb9-ow-delivery-fee-calculation-Mobile-Chrome/test-failed-1.png
    ────────────────────────────────────────────────────────────────────────────────────────────────

    attachment #2: video (video/webm) ──────────────────────────────────────────────────────────────
    ../test-results/e2e-checkout-Checkout-Flow-f2fb9-ow-delivery-fee-calculation-Mobile-Chrome/video.webm
    ────────────────────────────────────────────────────────────────────────────────────────────────

    Error Context: ../test-results/e2e-checkout-Checkout-Flow-f2fb9-ow-delivery-fee-calculation-Mobile-Chrome/error-context.md
]]>
</failure>
<system-out>
<![CDATA[
[[ATTACHMENT|e2e-checkout-Checkout-Flow-f2fb9-ow-delivery-fee-calculation-Mobile-Chrome/test-failed-1.png]]

[[ATTACHMENT|e2e-checkout-Checkout-Flow-f2fb9-ow-delivery-fee-calculation-Mobile-Chrome/video.webm]]

[[ATTACHMENT|e2e-checkout-Checkout-Flow-f2fb9-ow-delivery-fee-calculation-Mobile-Chrome/error-context.md]]
]]>
</system-out>
</testcase>
</testsuite>
<testsuite name="e2e/contact.spec.ts" timestamp="2025-07-20T10:35:55.243Z" hostname="Mobile Chrome" tests="14" failures="12" skipped="0" time="210.414" errors="0">
<testcase name="Contact Page › should load contact page successfully" classname="e2e/contact.spec.ts" time="6.015">
<failure message="contact.spec.ts:8:7 should load contact page successfully" type="FAILURE">
<![CDATA[  [Mobile Chrome] › e2e/contact.spec.ts:8:7 › Contact Page › should load contact page successfully ─

    Error: Timed out 5000ms waiting for expect(page).toHaveTitle(expected)

    Expected pattern: /Contact/
    Received string:  "TK Afro Kitchen"
    Call log:
      - Expect "toHaveTitle" with timeout 5000ms
        9 × unexpected value "TK Afro Kitchen"


       8 |   test('should load contact page successfully', async ({ page }) => {
       9 |     // Check page title
    > 10 |     await expect(page).toHaveTitle(/Contact/);
         |                        ^
      11 |     
      12 |     // Check main heading
      13 |     await expect(page.locator('h1')).toContainText(/Contact/);
        at /Users/I590496/TKAFROKITCHEN/tk-afro-kitchen/tests/e2e/contact.spec.ts:10:24

    attachment #1: screenshot (image/png) ──────────────────────────────────────────────────────────
    ../test-results/e2e-contact-Contact-Page-s-00e0b-d-contact-page-successfully-Mobile-Chrome/test-failed-1.png
    ────────────────────────────────────────────────────────────────────────────────────────────────

    attachment #2: video (video/webm) ──────────────────────────────────────────────────────────────
    ../test-results/e2e-contact-Contact-Page-s-00e0b-d-contact-page-successfully-Mobile-Chrome/video.webm
    ────────────────────────────────────────────────────────────────────────────────────────────────

    Error Context: ../test-results/e2e-contact-Contact-Page-s-00e0b-d-contact-page-successfully-Mobile-Chrome/error-context.md
]]>
</failure>
<system-out>
<![CDATA[
[[ATTACHMENT|e2e-contact-Contact-Page-s-00e0b-d-contact-page-successfully-Mobile-Chrome/test-failed-1.png]]

[[ATTACHMENT|e2e-contact-Contact-Page-s-00e0b-d-contact-page-successfully-Mobile-Chrome/video.webm]]

[[ATTACHMENT|e2e-contact-Contact-Page-s-00e0b-d-contact-page-successfully-Mobile-Chrome/error-context.md]]
]]>
</system-out>
</testcase>
<testcase name="Contact Page › should display contact form" classname="e2e/contact.spec.ts" time="5.636">
<failure message="contact.spec.ts:19:7 should display contact form" type="FAILURE">
<![CDATA[  [Mobile Chrome] › e2e/contact.spec.ts:19:7 › Contact Page › should display contact form ──────────

    Error: Timed out 5000ms waiting for expect(locator).toBeVisible()

    Locator: locator('form')
    Expected: visible
    Received: <element(s) not found>
    Call log:
      - Expect "toBeVisible" with timeout 5000ms
      - waiting for locator('form')


      19 |   test('should display contact form', async ({ page }) => {
      20 |     // Check form is visible
    > 21 |     await expect(page.locator('form')).toBeVisible();
         |                                        ^
      22 |     
      23 |     // Check for form fields
      24 |     await expect(page.locator('input[name="name"], input[placeholder*="Name"]')).toBeVisible();
        at /Users/I590496/TKAFROKITCHEN/tk-afro-kitchen/tests/e2e/contact.spec.ts:21:40

    attachment #1: screenshot (image/png) ──────────────────────────────────────────────────────────
    ../test-results/e2e-contact-Contact-Page-should-display-contact-form-Mobile-Chrome/test-failed-1.png
    ────────────────────────────────────────────────────────────────────────────────────────────────

    attachment #2: video (video/webm) ──────────────────────────────────────────────────────────────
    ../test-results/e2e-contact-Contact-Page-should-display-contact-form-Mobile-Chrome/video.webm
    ────────────────────────────────────────────────────────────────────────────────────────────────

    Error Context: ../test-results/e2e-contact-Contact-Page-should-display-contact-form-Mobile-Chrome/error-context.md
]]>
</failure>
<system-out>
<![CDATA[
[[ATTACHMENT|e2e-contact-Contact-Page-should-display-contact-form-Mobile-Chrome/test-failed-1.png]]

[[ATTACHMENT|e2e-contact-Contact-Page-should-display-contact-form-Mobile-Chrome/video.webm]]

[[ATTACHMENT|e2e-contact-Contact-Page-should-display-contact-form-Mobile-Chrome/error-context.md]]
]]>
</system-out>
</testcase>
<testcase name="Contact Page › should validate required fields" classname="e2e/contact.spec.ts" time="3.037">
</testcase>
<testcase name="Contact Page › should validate email format" classname="e2e/contact.spec.ts" time="30.407">
<failure message="contact.spec.ts:40:7 should validate email format" type="FAILURE">
<![CDATA[  [Mobile Chrome] › e2e/contact.spec.ts:40:7 › Contact Page › should validate email format ─────────

    Test timeout of 30000ms exceeded.

    Error: page.fill: Test timeout of 30000ms exceeded.
    Call log:
      - waiting for locator('input[name="name"], input[placeholder*="Name"]')


      40 |   test('should validate email format', async ({ page }) => {
      41 |     // Fill form with invalid email
    > 42 |     await page.fill('input[name="name"], input[placeholder*="Name"]', 'Test User');
         |                ^
      43 |     await page.fill('input[name="email"], input[placeholder*="Email"]', 'invalid-email');
      44 |     await page.fill('textarea[name="message"], textarea[placeholder*="Message"]', 'Test message');
      45 |     
        at /Users/I590496/TKAFROKITCHEN/tk-afro-kitchen/tests/e2e/contact.spec.ts:42:16

    attachment #1: screenshot (image/png) ──────────────────────────────────────────────────────────
    ../test-results/e2e-contact-Contact-Page-should-validate-email-format-Mobile-Chrome/test-failed-1.png
    ────────────────────────────────────────────────────────────────────────────────────────────────

    attachment #2: video (video/webm) ──────────────────────────────────────────────────────────────
    ../test-results/e2e-contact-Contact-Page-should-validate-email-format-Mobile-Chrome/video.webm
    ────────────────────────────────────────────────────────────────────────────────────────────────

    Error Context: ../test-results/e2e-contact-Contact-Page-should-validate-email-format-Mobile-Chrome/error-context.md
]]>
</failure>
<system-out>
<![CDATA[
[[ATTACHMENT|e2e-contact-Contact-Page-should-validate-email-format-Mobile-Chrome/test-failed-1.png]]

[[ATTACHMENT|e2e-contact-Contact-Page-should-validate-email-format-Mobile-Chrome/video.webm]]

[[ATTACHMENT|e2e-contact-Contact-Page-should-validate-email-format-Mobile-Chrome/error-context.md]]
]]>
</system-out>
</testcase>
<testcase name="Contact Page › should accept valid form submission" classname="e2e/contact.spec.ts" time="30.416">
<failure message="contact.spec.ts:56:7 should accept valid form submission" type="FAILURE">
<![CDATA[  [Mobile Chrome] › e2e/contact.spec.ts:56:7 › Contact Page › should accept valid form submission ──

    Test timeout of 30000ms exceeded.

    Error: page.fill: Test timeout of 30000ms exceeded.
    Call log:
      - waiting for locator('input[name="name"], input[placeholder*="Name"]')


      56 |   test('should accept valid form submission', async ({ page }) => {
      57 |     // Fill form with valid data
    > 58 |     await page.fill('input[name="name"], input[placeholder*="Name"]', 'Test User');
         |                ^
      59 |     await page.fill('input[name="email"], input[placeholder*="Email"]', 'test@example.com');
      60 |     await page.fill('textarea[name="message"], textarea[placeholder*="Message"]', 'This is a test message');
      61 |     
        at /Users/I590496/TKAFROKITCHEN/tk-afro-kitchen/tests/e2e/contact.spec.ts:58:16

    attachment #1: screenshot (image/png) ──────────────────────────────────────────────────────────
    ../test-results/e2e-contact-Contact-Page-should-accept-valid-form-submission-Mobile-Chrome/test-failed-1.png
    ────────────────────────────────────────────────────────────────────────────────────────────────

    attachment #2: video (video/webm) ──────────────────────────────────────────────────────────────
    ../test-results/e2e-contact-Contact-Page-should-accept-valid-form-submission-Mobile-Chrome/video.webm
    ────────────────────────────────────────────────────────────────────────────────────────────────

    Error Context: ../test-results/e2e-contact-Contact-Page-should-accept-valid-form-submission-Mobile-Chrome/error-context.md
]]>
</failure>
<system-out>
<![CDATA[
[[ATTACHMENT|e2e-contact-Contact-Page-should-accept-valid-form-submission-Mobile-Chrome/test-failed-1.png]]

[[ATTACHMENT|e2e-contact-Contact-Page-should-accept-valid-form-submission-Mobile-Chrome/video.webm]]

[[ATTACHMENT|e2e-contact-Contact-Page-should-accept-valid-form-submission-Mobile-Chrome/error-context.md]]
]]>
</system-out>
</testcase>
<testcase name="Contact Page › should display contact information" classname="e2e/contact.spec.ts" time="0.655">
<failure message="contact.spec.ts:81:7 should display contact information" type="FAILURE">
<![CDATA[  [Mobile Chrome] › e2e/contact.spec.ts:81:7 › Contact Page › should display contact information ───

    Error: expect.toBeVisible: Error: strict mode violation: locator('text=Milton Keynes') resolved to 3 elements:
        1) <span>Milton Keynes, UK</span> aka getByRole('banner').getByText('Milton Keynes, UK')
        2) <p class="text-sm sm:text-base text-gray-300">Milton Keynes, UK</p> aka getByRole('paragraph').filter({ hasText: 'Milton Keynes, UK' })
        3) <span class="text-sm">Milton Keynes, UK</span> aka getByRole('contentinfo').getByText('Milton Keynes, UK')

    Call log:
      - Expect "toBeVisible" with timeout 5000ms
      - waiting for locator('text=Milton Keynes')


      81 |   test('should display contact information', async ({ page }) => {
      82 |     // Check for contact details
    > 83 |     await expect(page.locator('text=Milton Keynes')).toBeVisible();
         |                                                      ^
      84 |     
      85 |     // Check for phone number if present
      86 |     const phoneNumber = page.locator('text=+44, a[href*="tel"]');
        at /Users/I590496/TKAFROKITCHEN/tk-afro-kitchen/tests/e2e/contact.spec.ts:83:54

    attachment #1: screenshot (image/png) ──────────────────────────────────────────────────────────
    ../test-results/e2e-contact-Contact-Page-should-display-contact-information-Mobile-Chrome/test-failed-1.png
    ────────────────────────────────────────────────────────────────────────────────────────────────

    attachment #2: video (video/webm) ──────────────────────────────────────────────────────────────
    ../test-results/e2e-contact-Contact-Page-should-display-contact-information-Mobile-Chrome/video.webm
    ────────────────────────────────────────────────────────────────────────────────────────────────

    Error Context: ../test-results/e2e-contact-Contact-Page-should-display-contact-information-Mobile-Chrome/error-context.md
]]>
</failure>
<system-out>
<![CDATA[
[[ATTACHMENT|e2e-contact-Contact-Page-should-display-contact-information-Mobile-Chrome/test-failed-1.png]]

[[ATTACHMENT|e2e-contact-Contact-Page-should-display-contact-information-Mobile-Chrome/video.webm]]

[[ATTACHMENT|e2e-contact-Contact-Page-should-display-contact-information-Mobile-Chrome/error-context.md]]
]]>
</system-out>
</testcase>
<testcase name="Contact Page › should have working social media links" classname="e2e/contact.spec.ts" time="0.69">
<failure message="contact.spec.ts:92:7 should have working social media links" type="FAILURE">
<![CDATA[  [Mobile Chrome] › e2e/contact.spec.ts:92:7 › Contact Page › should have working social media links 

    Error: expect.toBeVisible: Error: strict mode violation: locator('a[href*="instagram"]') resolved to 3 elements:
        1) <a target="_blank" href="https://instagram.com/tk_afro_kitchen" class="text-slate-300 hover:text-orange-400 transition-colors">…</a> aka locator('div').filter({ hasText: /^AboutFAQContact$/ }).locator('a').first()
        2) <a target="_blank" href="https://instagram.com/tk_afro_kitchen" class="w-10 h-10 sm:w-12 sm:h-12 bg-gradient-to-r from-pink-500 to-purple-500 rounded-full flex items-center justify-center text-white hover:scale-110 transition-transform">…</a> aka getByRole('link').filter({ hasText: /^$/ }).first()
        3) <a target="_blank" rel="noopener noreferrer" href="https://instagram.com/tk_afro_kitchen" class="w-10 h-10 bg-gradient-to-r from-pink-500 to-purple-500 rounded-full flex items-center justify-center text-white shadow-lg hover:shadow-xl transition-all duration-300">…</a> aka getByRole('link').filter({ hasText: /^$/ }).nth(2)

    Call log:
      - Expect "toBeVisible" with timeout 5000ms
      - waiting for locator('a[href*="instagram"]')


      92 |   test('should have working social media links', async ({ page }) => {
      93 |     // Check social media links
    > 94 |     await expect(page.locator('a[href*="instagram"]')).toBeVisible();
         |                                                        ^
      95 |     await expect(page.locator('a[href*="facebook"]')).toBeVisible();
      96 |   });
      97 |
        at /Users/I590496/TKAFROKITCHEN/tk-afro-kitchen/tests/e2e/contact.spec.ts:94:56

    attachment #1: screenshot (image/png) ──────────────────────────────────────────────────────────
    ../test-results/e2e-contact-Contact-Page-s-68c4b--working-social-media-links-Mobile-Chrome/test-failed-1.png
    ────────────────────────────────────────────────────────────────────────────────────────────────

    attachment #2: video (video/webm) ──────────────────────────────────────────────────────────────
    ../test-results/e2e-contact-Contact-Page-s-68c4b--working-social-media-links-Mobile-Chrome/video.webm
    ────────────────────────────────────────────────────────────────────────────────────────────────

    Error Context: ../test-results/e2e-contact-Contact-Page-s-68c4b--working-social-media-links-Mobile-Chrome/error-context.md
]]>
</failure>
<system-out>
<![CDATA[
[[ATTACHMENT|e2e-contact-Contact-Page-s-68c4b--working-social-media-links-Mobile-Chrome/test-failed-1.png]]

[[ATTACHMENT|e2e-contact-Contact-Page-s-68c4b--working-social-media-links-Mobile-Chrome/video.webm]]

[[ATTACHMENT|e2e-contact-Contact-Page-s-68c4b--working-social-media-links-Mobile-Chrome/error-context.md]]
]]>
</system-out>
</testcase>
<testcase name="Contact Page › should display business hours if available" classname="e2e/contact.spec.ts" time="0.699">
</testcase>
<testcase name="Contact Page › should have accessible form labels" classname="e2e/contact.spec.ts" time="5.58">
<failure message="contact.spec.ts:106:7 should have accessible form labels" type="FAILURE">
<![CDATA[  [Mobile Chrome] › e2e/contact.spec.ts:106:7 › Contact Page › should have accessible form labels ──

    Error: Timed out 5000ms waiting for expect(locator).toBeVisible()

    Locator: locator('input[name="name"], input[placeholder*="Name"]')
    Expected: visible
    Received: <element(s) not found>
    Call log:
      - Expect "toBeVisible" with timeout 5000ms
      - waiting for locator('input[name="name"], input[placeholder*="Name"]')


      107 |     // Check form fields have proper labels
      108 |     const nameField = page.locator('input[name="name"], input[placeholder*="Name"]');
    > 109 |     await expect(nameField).toBeVisible();
          |                             ^
      110 |     
      111 |     const emailField = page.locator('input[name="email"], input[placeholder*="Email"]');
      112 |     await expect(emailField).toBeVisible();
        at /Users/I590496/TKAFROKITCHEN/tk-afro-kitchen/tests/e2e/contact.spec.ts:109:29

    attachment #1: screenshot (image/png) ──────────────────────────────────────────────────────────
    ../test-results/e2e-contact-Contact-Page-should-have-accessible-form-labels-Mobile-Chrome/test-failed-1.png
    ────────────────────────────────────────────────────────────────────────────────────────────────

    attachment #2: video (video/webm) ──────────────────────────────────────────────────────────────
    ../test-results/e2e-contact-Contact-Page-should-have-accessible-form-labels-Mobile-Chrome/video.webm
    ────────────────────────────────────────────────────────────────────────────────────────────────

    Error Context: ../test-results/e2e-contact-Contact-Page-should-have-accessible-form-labels-Mobile-Chrome/error-context.md
]]>
</failure>
<system-out>
<![CDATA[
[[ATTACHMENT|e2e-contact-Contact-Page-should-have-accessible-form-labels-Mobile-Chrome/test-failed-1.png]]

[[ATTACHMENT|e2e-contact-Contact-Page-should-have-accessible-form-labels-Mobile-Chrome/video.webm]]

[[ATTACHMENT|e2e-contact-Contact-Page-should-have-accessible-form-labels-Mobile-Chrome/error-context.md]]
]]>
</system-out>
</testcase>
<testcase name="Contact Page › should handle form submission errors gracefully" classname="e2e/contact.spec.ts" time="30.412">
<failure message="contact.spec.ts:118:7 should handle form submission errors gracefully" type="FAILURE">
<![CDATA[  [Mobile Chrome] › e2e/contact.spec.ts:118:7 › Contact Page › should handle form submission errors gracefully 

    Test timeout of 30000ms exceeded.

    Error: page.fill: Test timeout of 30000ms exceeded.
    Call log:
      - waiting for locator('input[name="name"], input[placeholder*="Name"]')


      118 |   test('should handle form submission errors gracefully', async ({ page }) => {
      119 |     // Fill form with valid data
    > 120 |     await page.fill('input[name="name"], input[placeholder*="Name"]', 'Test User');
          |                ^
      121 |     await page.fill('input[name="email"], input[placeholder*="Email"]', 'test@example.com');
      122 |     await page.fill('textarea[name="message"], textarea[placeholder*="Message"]', 'Test message');
      123 |     
        at /Users/I590496/TKAFROKITCHEN/tk-afro-kitchen/tests/e2e/contact.spec.ts:120:16

    attachment #1: screenshot (image/png) ──────────────────────────────────────────────────────────
    ../test-results/e2e-contact-Contact-Page-s-94020-ubmission-errors-gracefully-Mobile-Chrome/test-failed-1.png
    ────────────────────────────────────────────────────────────────────────────────────────────────

    attachment #2: video (video/webm) ──────────────────────────────────────────────────────────────
    ../test-results/e2e-contact-Contact-Page-s-94020-ubmission-errors-gracefully-Mobile-Chrome/video.webm
    ────────────────────────────────────────────────────────────────────────────────────────────────

    Error Context: ../test-results/e2e-contact-Contact-Page-s-94020-ubmission-errors-gracefully-Mobile-Chrome/error-context.md
]]>
</failure>
<system-out>
<![CDATA[
[[ATTACHMENT|e2e-contact-Contact-Page-s-94020-ubmission-errors-gracefully-Mobile-Chrome/test-failed-1.png]]

[[ATTACHMENT|e2e-contact-Contact-Page-s-94020-ubmission-errors-gracefully-Mobile-Chrome/video.webm]]

[[ATTACHMENT|e2e-contact-Contact-Page-s-94020-ubmission-errors-gracefully-Mobile-Chrome/error-context.md]]
]]>
</system-out>
</testcase>
<testcase name="Contact Page › should prevent multiple form submissions" classname="e2e/contact.spec.ts" time="30.427">
<failure message="contact.spec.ts:143:7 should prevent multiple form submissions" type="FAILURE">
<![CDATA[  [Mobile Chrome] › e2e/contact.spec.ts:143:7 › Contact Page › should prevent multiple form submissions 

    Test timeout of 30000ms exceeded.

    Error: page.fill: Test timeout of 30000ms exceeded.
    Call log:
      - waiting for locator('input[name="name"], input[placeholder*="Name"]')


      143 |   test('should prevent multiple form submissions', async ({ page }) => {
      144 |     // Fill form
    > 145 |     await page.fill('input[name="name"], input[placeholder*="Name"]', 'Test User');
          |                ^
      146 |     await page.fill('input[name="email"], input[placeholder*="Email"]', 'test@example.com');
      147 |     await page.fill('textarea[name="message"], textarea[placeholder*="Message"]', 'Test message');
      148 |     
        at /Users/I590496/TKAFROKITCHEN/tk-afro-kitchen/tests/e2e/contact.spec.ts:145:16

    attachment #1: screenshot (image/png) ──────────────────────────────────────────────────────────
    ../test-results/e2e-contact-Contact-Page-s-2667b-t-multiple-form-submissions-Mobile-Chrome/test-failed-1.png
    ────────────────────────────────────────────────────────────────────────────────────────────────

    attachment #2: video (video/webm) ──────────────────────────────────────────────────────────────
    ../test-results/e2e-contact-Contact-Page-s-2667b-t-multiple-form-submissions-Mobile-Chrome/video.webm
    ────────────────────────────────────────────────────────────────────────────────────────────────

    Error Context: ../test-results/e2e-contact-Contact-Page-s-2667b-t-multiple-form-submissions-Mobile-Chrome/error-context.md
]]>
</failure>
<system-out>
<![CDATA[
[[ATTACHMENT|e2e-contact-Contact-Page-s-2667b-t-multiple-form-submissions-Mobile-Chrome/test-failed-1.png]]

[[ATTACHMENT|e2e-contact-Contact-Page-s-2667b-t-multiple-form-submissions-Mobile-Chrome/video.webm]]

[[ATTACHMENT|e2e-contact-Contact-Page-s-2667b-t-multiple-form-submissions-Mobile-Chrome/error-context.md]]
]]>
</system-out>
</testcase>
<testcase name="Contact Page › should clear form after successful submission" classname="e2e/contact.spec.ts" time="30.442">
<failure message="contact.spec.ts:169:7 should clear form after successful submission" type="FAILURE">
<![CDATA[  [Mobile Chrome] › e2e/contact.spec.ts:169:7 › Contact Page › should clear form after successful submission 

    Test timeout of 30000ms exceeded.

    Error: page.fill: Test timeout of 30000ms exceeded.
    Call log:
      - waiting for locator('input[name="name"], input[placeholder*="Name"]')


      169 |   test('should clear form after successful submission', async ({ page }) => {
      170 |     // Fill form
    > 171 |     await page.fill('input[name="name"], input[placeholder*="Name"]', 'Test User');
          |                ^
      172 |     await page.fill('input[name="email"], input[placeholder*="Email"]', 'test@example.com');
      173 |     await page.fill('textarea[name="message"], textarea[placeholder*="Message"]', 'Test message');
      174 |     
        at /Users/I590496/TKAFROKITCHEN/tk-afro-kitchen/tests/e2e/contact.spec.ts:171:16

    attachment #1: screenshot (image/png) ──────────────────────────────────────────────────────────
    ../test-results/e2e-contact-Contact-Page-s-2e0ba-after-successful-submission-Mobile-Chrome/test-failed-1.png
    ────────────────────────────────────────────────────────────────────────────────────────────────

    attachment #2: video (video/webm) ──────────────────────────────────────────────────────────────
    ../test-results/e2e-contact-Contact-Page-s-2e0ba-after-successful-submission-Mobile-Chrome/video.webm
    ────────────────────────────────────────────────────────────────────────────────────────────────

    Error Context: ../test-results/e2e-contact-Contact-Page-s-2e0ba-after-successful-submission-Mobile-Chrome/error-context.md
]]>
</failure>
<system-out>
<![CDATA[
[[ATTACHMENT|e2e-contact-Contact-Page-s-2e0ba-after-successful-submission-Mobile-Chrome/test-failed-1.png]]

[[ATTACHMENT|e2e-contact-Contact-Page-s-2e0ba-after-successful-submission-Mobile-Chrome/video.webm]]

[[ATTACHMENT|e2e-contact-Contact-Page-s-2e0ba-after-successful-submission-Mobile-Chrome/error-context.md]]
]]>
</system-out>
</testcase>
<testcase name="Contact Page › should be responsive on mobile devices" classname="e2e/contact.spec.ts" time="5.58">
<failure message="contact.spec.ts:200:7 should be responsive on mobile devices" type="FAILURE">
<![CDATA[  [Mobile Chrome] › e2e/contact.spec.ts:200:7 › Contact Page › should be responsive on mobile devices 

    Error: Timed out 5000ms waiting for expect(locator).toBeVisible()

    Locator: locator('form')
    Expected: visible
    Received: <element(s) not found>
    Call log:
      - Expect "toBeVisible" with timeout 5000ms
      - waiting for locator('form')


      203 |     
      204 |     // Check form is still usable
    > 205 |     await expect(page.locator('form')).toBeVisible();
          |                                        ^
      206 |     await expect(page.locator('input[name="name"], input[placeholder*="Name"]')).toBeVisible();
      207 |     await expect(page.locator('button[type="submit"], button:has-text("Send Message")')).toBeVisible();
      208 |   });
        at /Users/I590496/TKAFROKITCHEN/tk-afro-kitchen/tests/e2e/contact.spec.ts:205:40

    attachment #1: screenshot (image/png) ──────────────────────────────────────────────────────────
    ../test-results/e2e-contact-Contact-Page-s-daced-esponsive-on-mobile-devices-Mobile-Chrome/test-failed-1.png
    ────────────────────────────────────────────────────────────────────────────────────────────────

    attachment #2: video (video/webm) ──────────────────────────────────────────────────────────────
    ../test-results/e2e-contact-Contact-Page-s-daced-esponsive-on-mobile-devices-Mobile-Chrome/video.webm
    ────────────────────────────────────────────────────────────────────────────────────────────────

    Error Context: ../test-results/e2e-contact-Contact-Page-s-daced-esponsive-on-mobile-devices-Mobile-Chrome/error-context.md
]]>
</failure>
<system-out>
<![CDATA[
[[ATTACHMENT|e2e-contact-Contact-Page-s-daced-esponsive-on-mobile-devices-Mobile-Chrome/test-failed-1.png]]

[[ATTACHMENT|e2e-contact-Contact-Page-s-daced-esponsive-on-mobile-devices-Mobile-Chrome/video.webm]]

[[ATTACHMENT|e2e-contact-Contact-Page-s-daced-esponsive-on-mobile-devices-Mobile-Chrome/error-context.md]]
]]>
</system-out>
</testcase>
<testcase name="Contact Page › should handle special characters in form fields" classname="e2e/contact.spec.ts" time="30.418">
<failure message="contact.spec.ts:210:7 should handle special characters in form fields" type="FAILURE">
<![CDATA[  [Mobile Chrome] › e2e/contact.spec.ts:210:7 › Contact Page › should handle special characters in form fields 

    Test timeout of 30000ms exceeded.

    Error: page.fill: Test timeout of 30000ms exceeded.
    Call log:
      - waiting for locator('input[name="name"], input[placeholder*="Name"]')


      213 |     const specialMessage = 'Hello! This is a test message with special chars: @#$%^&*()';
      214 |     
    > 215 |     await page.fill('input[name="name"], input[placeholder*="Name"]', specialName);
          |                ^
      216 |     await page.fill('input[name="email"], input[placeholder*="Email"]', 'test@example.com');
      217 |     await page.fill('textarea[name="message"], textarea[placeholder*="Message"]', specialMessage);
      218 |     
        at /Users/I590496/TKAFROKITCHEN/tk-afro-kitchen/tests/e2e/contact.spec.ts:215:16

    attachment #1: screenshot (image/png) ──────────────────────────────────────────────────────────
    ../test-results/e2e-contact-Contact-Page-s-09cbe-l-characters-in-form-fields-Mobile-Chrome/test-failed-1.png
    ────────────────────────────────────────────────────────────────────────────────────────────────

    attachment #2: video (video/webm) ──────────────────────────────────────────────────────────────
    ../test-results/e2e-contact-Contact-Page-s-09cbe-l-characters-in-form-fields-Mobile-Chrome/video.webm
    ────────────────────────────────────────────────────────────────────────────────────────────────

    Error Context: ../test-results/e2e-contact-Contact-Page-s-09cbe-l-characters-in-form-fields-Mobile-Chrome/error-context.md
]]>
</failure>
<system-out>
<![CDATA[
[[ATTACHMENT|e2e-contact-Contact-Page-s-09cbe-l-characters-in-form-fields-Mobile-Chrome/test-failed-1.png]]

[[ATTACHMENT|e2e-contact-Contact-Page-s-09cbe-l-characters-in-form-fields-Mobile-Chrome/video.webm]]

[[ATTACHMENT|e2e-contact-Contact-Page-s-09cbe-l-characters-in-form-fields-Mobile-Chrome/error-context.md]]
]]>
</system-out>
</testcase>
</testsuite>
<testsuite name="e2e/cross-browser.spec.ts" timestamp="2025-07-20T10:35:55.243Z" hostname="Mobile Chrome" tests="10" failures="5" skipped="2" time="29.777" errors="0">
<testcase name="Cross-Browser Compatibility › should load homepage correctly across browsers" classname="e2e/cross-browser.spec.ts" time="5.972">
<failure message="cross-browser.spec.ts:4:7 should load homepage correctly across browsers" type="FAILURE">
<![CDATA[  [Mobile Chrome] › e2e/cross-browser.spec.ts:4:7 › Cross-Browser Compatibility › should load homepage correctly across browsers 

    Error: Timed out 5000ms waiting for expect(locator).toContainText(expected)

    Locator: locator('h1')
    Expected string: "Authentic Nigerian Cuisine"
    Received string: "TK Afro Kitchen"
    Call log:
      - Expect "toContainText" with timeout 5000ms
      - waiting for locator('h1')
        9 × locator resolved to <h1 class="text-5xl md:text-7xl font-bold mb-6">…</h1>
          - unexpected value "TK Afro Kitchen"


       6 |     
       7 |     // Basic page load check
    >  8 |     await expect(page.locator('h1')).toContainText('Authentic Nigerian Cuisine');
         |                                      ^
       9 |     await expect(page.locator('text=Browse Our Menu')).toBeVisible();
      10 |     
      11 |     // Check that navigation works
        at /Users/I590496/TKAFROKITCHEN/tk-afro-kitchen/tests/e2e/cross-browser.spec.ts:8:38

    attachment #1: screenshot (image/png) ──────────────────────────────────────────────────────────
    ../test-results/e2e-cross-browser-Cross-Br-8508e-e-correctly-across-browsers-Mobile-Chrome/test-failed-1.png
    ────────────────────────────────────────────────────────────────────────────────────────────────

    attachment #2: video (video/webm) ──────────────────────────────────────────────────────────────
    ../test-results/e2e-cross-browser-Cross-Br-8508e-e-correctly-across-browsers-Mobile-Chrome/video.webm
    ────────────────────────────────────────────────────────────────────────────────────────────────

    Error Context: ../test-results/e2e-cross-browser-Cross-Br-8508e-e-correctly-across-browsers-Mobile-Chrome/error-context.md
]]>
</failure>
<system-out>
<![CDATA[
[[ATTACHMENT|e2e-cross-browser-Cross-Br-8508e-e-correctly-across-browsers-Mobile-Chrome/test-failed-1.png]]

[[ATTACHMENT|e2e-cross-browser-Cross-Br-8508e-e-correctly-across-browsers-Mobile-Chrome/video.webm]]

[[ATTACHMENT|e2e-cross-browser-Cross-Br-8508e-e-correctly-across-browsers-Mobile-Chrome/error-context.md]]
]]>
</system-out>
</testcase>
<testcase name="Cross-Browser Compatibility › should handle navigation correctly" classname="e2e/cross-browser.spec.ts" time="5.971">
<failure message="cross-browser.spec.ts:18:7 should handle navigation correctly" type="FAILURE">
<![CDATA[  [Mobile Chrome] › e2e/cross-browser.spec.ts:18:7 › Cross-Browser Compatibility › should handle navigation correctly 

    Error: Timed out 5000ms waiting for expect(locator).toContainText(expected)

    Locator: locator('h1')
    Expected string: "Authentic Nigerian Cuisine"
    Received string: "TK Afro Kitchen"
    Call log:
      - Expect "toContainText" with timeout 5000ms
      - waiting for locator('h1')
        9 × locator resolved to <h1 class="text-5xl md:text-7xl font-bold mb-6">…</h1>
          - unexpected value "TK Afro Kitchen"


      29 |     // Navigate back to home
      30 |     await page.goto('/');
    > 31 |     await expect(page.locator('h1')).toContainText('Authentic Nigerian Cuisine');
         |                                      ^
      32 |   });
      33 |
      34 |   test('should handle cart functionality', async ({ page }) => {
        at /Users/I590496/TKAFROKITCHEN/tk-afro-kitchen/tests/e2e/cross-browser.spec.ts:31:38

    attachment #1: screenshot (image/png) ──────────────────────────────────────────────────────────
    ../test-results/e2e-cross-browser-Cross-Br-d1cbb-handle-navigation-correctly-Mobile-Chrome/test-failed-1.png
    ────────────────────────────────────────────────────────────────────────────────────────────────

    attachment #2: video (video/webm) ──────────────────────────────────────────────────────────────
    ../test-results/e2e-cross-browser-Cross-Br-d1cbb-handle-navigation-correctly-Mobile-Chrome/video.webm
    ────────────────────────────────────────────────────────────────────────────────────────────────

    Error Context: ../test-results/e2e-cross-browser-Cross-Br-d1cbb-handle-navigation-correctly-Mobile-Chrome/error-context.md
]]>
</failure>
<system-out>
<![CDATA[
[[ATTACHMENT|e2e-cross-browser-Cross-Br-d1cbb-handle-navigation-correctly-Mobile-Chrome/test-failed-1.png]]

[[ATTACHMENT|e2e-cross-browser-Cross-Br-d1cbb-handle-navigation-correctly-Mobile-Chrome/video.webm]]

[[ATTACHMENT|e2e-cross-browser-Cross-Br-d1cbb-handle-navigation-correctly-Mobile-Chrome/error-context.md]]
]]>
</system-out>
</testcase>
<testcase name="Cross-Browser Compatibility › should handle cart functionality" classname="e2e/cross-browser.spec.ts" time="1.016">
</testcase>
<testcase name="Cross-Browser Compatibility › should render responsive design correctly" classname="e2e/cross-browser.spec.ts" time="0.799">
</testcase>
<testcase name="Safari-Specific Compatibility › should handle Safari-specific link behavior" classname="e2e/cross-browser.spec.ts" time="0.089">
<properties>
<property name="skip" value="Safari-specific test">
</property>
</properties>
<skipped>
</skipped>
</testcase>
<testcase name="Safari-Specific Compatibility › should handle Safari payment redirect behavior" classname="e2e/cross-browser.spec.ts" time="0.128">
<properties>
<property name="skip" value="Safari-specific test">
</property>
</properties>
<skipped>
</skipped>
</testcase>
<testcase name="Mobile Compatibility › should handle mobile navigation" classname="e2e/cross-browser.spec.ts" time="2.091">
<failure message="cross-browser.spec.ts:112:7 should handle mobile navigation" type="FAILURE">
<![CDATA[  [Mobile Chrome] › e2e/cross-browser.spec.ts:112:7 › Mobile Compatibility › should handle mobile navigation 

    Error: locator.isVisible: Error: strict mode violation: locator('a[href="/menu"]').filter({ hasText: 'Menu' }) resolved to 6 elements:
        1) <a href="/menu" class="nav-link">Menu</a> aka locator('header').getByText('Menu')
        2) <a href="/menu">…</a> aka locator('a').filter({ hasText: 'Explore Our Menu' })
        3) <a href="/menu" data-slot="button" class="inline-flex items-center justify-center gap-2 whitespace-nowrap text-sm font-medium transition-all disabled:pointer-events-none disabled:opacity-50 [&_svg]:pointer-events-none [&_svg:not([class*='size-'])]:size-4 shrink-0 [&_svg]:shrink-0 outline-none focus-visible:border-ring focus-visible:ring-ring/50 focus-visible:ring-[3px] aria-invalid:ring-destructive/20 dark:aria-invalid:ring-destructive/40 aria-invalid:border-destructive text-primary-foreground sh…>View Our Menu</a> aka getByText('View Our Menu')
        4) <a href="/menu" data-slot="button" class="inline-flex items-center justify-center gap-2 whitespace-nowrap text-sm font-medium transition-all disabled:pointer-events-none disabled:opacity-50 [&_svg]:pointer-events-none [&_svg:not([class*='size-'])]:size-4 shrink-0 [&_svg]:shrink-0 outline-none focus-visible:border-ring focus-visible:ring-ring/50 focus-visible:ring-[3px] aria-invalid:ring-destructive/20 dark:aria-invalid:ring-destructive/40 aria-invalid:border-destructive text-primary-foreground sh…>View Complete Menu</a> aka getByText('View Complete Menu')
        5) <a href="/menu" class="text-gray-300 hover:text-orange-400 transition-colors duration-300 text-sm flex items-center group">…</a> aka locator('footer').getByText('Menu', { exact: true })
        6) <a href="/menu">…</a> aka locator('a').filter({ hasText: /^Menu$/ }).nth(2)

    Call log:
        - checking visibility of locator('a[href="/menu"]').filter({ hasText: 'Menu' })


      126 |     // Look for navigation links
      127 |     const mobileMenuLink = page.locator('a[href="/menu"]').filter({ hasText: 'Menu' });
    > 128 |     if (await mobileMenuLink.isVisible()) {
          |                              ^
      129 |       await mobileMenuLink.click();
      130 |       await page.waitForURL('**/menu');
      131 |       await expect(page).toHaveURL(/.*menu/);
        at /Users/I590496/TKAFROKITCHEN/tk-afro-kitchen/tests/e2e/cross-browser.spec.ts:128:30

    attachment #1: screenshot (image/png) ──────────────────────────────────────────────────────────
    ../test-results/e2e-cross-browser-Mobile-C-ec940-ld-handle-mobile-navigation-Mobile-Chrome/test-failed-1.png
    ────────────────────────────────────────────────────────────────────────────────────────────────

    attachment #2: video (video/webm) ──────────────────────────────────────────────────────────────
    ../test-results/e2e-cross-browser-Mobile-C-ec940-ld-handle-mobile-navigation-Mobile-Chrome/video.webm
    ────────────────────────────────────────────────────────────────────────────────────────────────

    Error Context: ../test-results/e2e-cross-browser-Mobile-C-ec940-ld-handle-mobile-navigation-Mobile-Chrome/error-context.md
]]>
</failure>
<system-out>
<![CDATA[
[[ATTACHMENT|e2e-cross-browser-Mobile-C-ec940-ld-handle-mobile-navigation-Mobile-Chrome/test-failed-1.png]]

[[ATTACHMENT|e2e-cross-browser-Mobile-C-ec940-ld-handle-mobile-navigation-Mobile-Chrome/video.webm]]

[[ATTACHMENT|e2e-cross-browser-Mobile-C-ec940-ld-handle-mobile-navigation-Mobile-Chrome/error-context.md]]
]]>
</system-out>
</testcase>
<testcase name="Mobile Compatibility › should handle mobile cart interaction" classname="e2e/cross-browser.spec.ts" time="1.115">
</testcase>
<testcase name="Performance Checks › should load pages within acceptable time limits" classname="e2e/cross-browser.spec.ts" time="5.708">
<failure message="cross-browser.spec.ts:159:7 should load pages within acceptable time limits" type="FAILURE">
<![CDATA[  [Mobile Chrome] › e2e/cross-browser.spec.ts:159:7 › Performance Checks › should load pages within acceptable time limits 

    Error: Timed out 5000ms waiting for expect(locator).toBeVisible()

    Locator: locator('text=Browse Our Menu')
    Expected: visible
    Received: <element(s) not found>
    Call log:
      - Expect "toBeVisible" with timeout 5000ms
      - waiting for locator('text=Browse Our Menu')


      169 |     // Check that critical content is visible
      170 |     await expect(page.locator('h1')).toBeVisible();
    > 171 |     await expect(page.locator('text=Browse Our Menu')).toBeVisible();
          |                                                        ^
      172 |   });
      173 |
      174 |   test('should handle JavaScript loading correctly', async ({ page }) => {
        at /Users/I590496/TKAFROKITCHEN/tk-afro-kitchen/tests/e2e/cross-browser.spec.ts:171:56

    attachment #1: screenshot (image/png) ──────────────────────────────────────────────────────────
    ../test-results/e2e-cross-browser-Performa-d046d-thin-acceptable-time-limits-Mobile-Chrome/test-failed-1.png
    ────────────────────────────────────────────────────────────────────────────────────────────────

    attachment #2: video (video/webm) ──────────────────────────────────────────────────────────────
    ../test-results/e2e-cross-browser-Performa-d046d-thin-acceptable-time-limits-Mobile-Chrome/video.webm
    ────────────────────────────────────────────────────────────────────────────────────────────────

    Error Context: ../test-results/e2e-cross-browser-Performa-d046d-thin-acceptable-time-limits-Mobile-Chrome/error-context.md
]]>
</failure>
<system-out>
<![CDATA[
[[ATTACHMENT|e2e-cross-browser-Performa-d046d-thin-acceptable-time-limits-Mobile-Chrome/test-failed-1.png]]

[[ATTACHMENT|e2e-cross-browser-Performa-d046d-thin-acceptable-time-limits-Mobile-Chrome/video.webm]]

[[ATTACHMENT|e2e-cross-browser-Performa-d046d-thin-acceptable-time-limits-Mobile-Chrome/error-context.md]]
]]>
</system-out>
</testcase>
<testcase name="Performance Checks › should handle JavaScript loading correctly" classname="e2e/cross-browser.spec.ts" time="6.888">
<failure message="cross-browser.spec.ts:174:7 should handle JavaScript loading correctly" type="FAILURE">
<![CDATA[  [Mobile Chrome] › e2e/cross-browser.spec.ts:174:7 › Performance Checks › should handle JavaScript loading correctly 

    Error: Timed out 5000ms waiting for expect(locator).toBeEnabled()

    Locator: locator('text=Browse Our Menu').first()
    Expected: enabled
    Received: <element(s) not found>
    Call log:
      - Expect "toBeEnabled" with timeout 5000ms
      - waiting for locator('text=Browse Our Menu').first()


      180 |     // Interactive elements should work
      181 |     const menuButton = page.locator('text=Browse Our Menu').first();
    > 182 |     await expect(menuButton).toBeEnabled();
          |                              ^
      183 |     
      184 |     await menuButton.click();
      185 |     await page.waitForURL('**/menu');
        at /Users/I590496/TKAFROKITCHEN/tk-afro-kitchen/tests/e2e/cross-browser.spec.ts:182:30

    attachment #1: screenshot (image/png) ──────────────────────────────────────────────────────────
    ../test-results/e2e-cross-browser-Performa-7a126-avaScript-loading-correctly-Mobile-Chrome/test-failed-1.png
    ────────────────────────────────────────────────────────────────────────────────────────────────

    attachment #2: video (video/webm) ──────────────────────────────────────────────────────────────
    ../test-results/e2e-cross-browser-Performa-7a126-avaScript-loading-correctly-Mobile-Chrome/video.webm
    ────────────────────────────────────────────────────────────────────────────────────────────────

    Error Context: ../test-results/e2e-cross-browser-Performa-7a126-avaScript-loading-correctly-Mobile-Chrome/error-context.md
]]>
</failure>
<system-out>
<![CDATA[
[[ATTACHMENT|e2e-cross-browser-Performa-7a126-avaScript-loading-correctly-Mobile-Chrome/test-failed-1.png]]

[[ATTACHMENT|e2e-cross-browser-Performa-7a126-avaScript-loading-correctly-Mobile-Chrome/video.webm]]

[[ATTACHMENT|e2e-cross-browser-Performa-7a126-avaScript-loading-correctly-Mobile-Chrome/error-context.md]]
]]>
</system-out>
</testcase>
</testsuite>
<testsuite name="e2e/final-payment-flow.spec.ts" timestamp="2025-07-20T10:35:55.243Z" hostname="Mobile Chrome" tests="2" failures="1" skipped="0" time="20.636" errors="0">
<testcase name="Final Payment Flow Test - Complete E2E › should complete add to cart → card payment → success page flow" classname="e2e/final-payment-flow.spec.ts" time="13.163">
<failure message="final-payment-flow.spec.ts:5:7 should complete add to cart → card payment → success page flow" type="FAILURE">
<![CDATA[  [Mobile Chrome] › e2e/final-payment-flow.spec.ts:5:7 › Final Payment Flow Test - Complete E2E › should complete add to cart → card payment → success page flow 

    Error: Timed out 5000ms waiting for expect(page).toHaveURL(expected)

    Expected pattern: /.*checkout/
    Received string:  "https://tkafrokitchen.com/menu"
    Call log:
      - Expect "toHaveURL" with timeout 5000ms
        9 × unexpected value "https://tkafrokitchen.com/menu"


      57 |     
      58 |     // Verify we're on checkout page and not redirected (cart should have items)
    > 59 |     await expect(page).toHaveURL(/.*checkout/);
         |                        ^
      60 |     console.log('✅ Successfully on checkout page with items in cart');
      61 |     
      62 |     // Step 6: Fill delivery details
        at /Users/I590496/TKAFROKITCHEN/tk-afro-kitchen/tests/e2e/final-payment-flow.spec.ts:59:24

    attachment #1: screenshot (image/png) ──────────────────────────────────────────────────────────
    ../test-results/e2e-final-payment-flow-Fin-cc011-payment-→-success-page-flow-Mobile-Chrome/test-failed-1.png
    ────────────────────────────────────────────────────────────────────────────────────────────────

    attachment #2: video (video/webm) ──────────────────────────────────────────────────────────────
    ../test-results/e2e-final-payment-flow-Fin-cc011-payment-→-success-page-flow-Mobile-Chrome/video.webm
    ────────────────────────────────────────────────────────────────────────────────────────────────

    Error Context: ../test-results/e2e-final-payment-flow-Fin-cc011-payment-→-success-page-flow-Mobile-Chrome/error-context.md
]]>
</failure>
<system-out>
<![CDATA[🚀 Starting complete payment flow test
📱 Step 1: Navigate to menu
🍽️ Step 2: Select menu item
🛒 Step 3: Add item to cart from modal
✅ Item added to cart
🔄 Step 4: Ensure modal is closed
🛍️ Step 5: Navigate to checkout

[[ATTACHMENT|e2e-final-payment-flow-Fin-cc011-payment-→-success-page-flow-Mobile-Chrome/test-failed-1.png]]

[[ATTACHMENT|e2e-final-payment-flow-Fin-cc011-payment-→-success-page-flow-Mobile-Chrome/video.webm]]

[[ATTACHMENT|e2e-final-payment-flow-Fin-cc011-payment-→-success-page-flow-Mobile-Chrome/error-context.md]]
]]>
</system-out>
</testcase>
<testcase name="Final Payment Flow Test - Complete E2E › should add item to cart and verify cart state" classname="e2e/final-payment-flow.spec.ts" time="7.473">
<system-out>
<![CDATA[🛒 Testing cart functionality only
✅ Item added to cart
❌ Redirected from checkout - cart may be empty
]]>
</system-out>
</testcase>
</testsuite>
<testsuite name="e2e/full-payment-flow.spec.ts" timestamp="2025-07-20T10:35:55.243Z" hostname="Mobile Chrome" tests="4" failures="4" skipped="0" time="122.92" errors="0">
<testcase name="Complete Payment Flow - Add to Cart → Card Payment → Success Page › should complete full payment flow with card payment" classname="e2e/full-payment-flow.spec.ts" time="30.467">
<failure message="full-payment-flow.spec.ts:11:7 should complete full payment flow with card payment" type="FAILURE">
<![CDATA[  [Mobile Chrome] › e2e/full-payment-flow.spec.ts:11:7 › Complete Payment Flow - Add to Cart → Card Payment → Success Page › should complete full payment flow with card payment 

    Test timeout of 30000ms exceeded.

    Error: locator.click: Test timeout of 30000ms exceeded.
    Call log:
      - waiting for locator('a[href="/menu"]:has-text("Browse Our Menu")')


      14 |     
      15 |     // Navigate to menu using the correct Link component
    > 16 |     await page.locator('a[href="/menu"]:has-text("Browse Our Menu")').click();
         |                                                                       ^
      17 |     await expect(page).toHaveURL(/.*menu/);
      18 |     await page.waitForLoadState('networkidle');
      19 |     
        at /Users/I590496/TKAFROKITCHEN/tk-afro-kitchen/tests/e2e/full-payment-flow.spec.ts:16:71

    attachment #1: screenshot (image/png) ──────────────────────────────────────────────────────────
    ../test-results/e2e-full-payment-flow-Comp-4918c-ment-flow-with-card-payment-Mobile-Chrome/test-failed-1.png
    ────────────────────────────────────────────────────────────────────────────────────────────────

    attachment #2: video (video/webm) ──────────────────────────────────────────────────────────────
    ../test-results/e2e-full-payment-flow-Comp-4918c-ment-flow-with-card-payment-Mobile-Chrome/video.webm
    ────────────────────────────────────────────────────────────────────────────────────────────────

    Error Context: ../test-results/e2e-full-payment-flow-Comp-4918c-ment-flow-with-card-payment-Mobile-Chrome/error-context.md
]]>
</failure>
<system-out>
<![CDATA[🛒 Step 1: Adding item to cart

[[ATTACHMENT|e2e-full-payment-flow-Comp-4918c-ment-flow-with-card-payment-Mobile-Chrome/test-failed-1.png]]

[[ATTACHMENT|e2e-full-payment-flow-Comp-4918c-ment-flow-with-card-payment-Mobile-Chrome/video.webm]]

[[ATTACHMENT|e2e-full-payment-flow-Comp-4918c-ment-flow-with-card-payment-Mobile-Chrome/error-context.md]]
]]>
</system-out>
</testcase>
<testcase name="Complete Payment Flow - Add to Cart → Card Payment → Success Page › should handle continue shopping during checkout" classname="e2e/full-payment-flow.spec.ts" time="30.77">
<failure message="full-payment-flow.spec.ts:159:7 should handle continue shopping during checkout" type="FAILURE">
<![CDATA[  [Mobile Chrome] › e2e/full-payment-flow.spec.ts:159:7 › Complete Payment Flow - Add to Cart → Card Payment → Success Page › should handle continue shopping during checkout 

    Test timeout of 30000ms exceeded.

    Error: locator.click: Test timeout of 30000ms exceeded.
    Call log:
      - waiting for locator('[data-testid="menu-item"], .menu-item, .product-card').first()


      163 |     
      164 |     const menuItem = page.locator('[data-testid="menu-item"], .menu-item, .product-card').first();
    > 165 |     await menuItem.click();
          |                    ^
      166 |     
      167 |     const addToCartButton = page.locator('button:has-text("Add to Cart"), button:has-text("Add To Cart")');
      168 |     await addToCartButton.click();
        at /Users/I590496/TKAFROKITCHEN/tk-afro-kitchen/tests/e2e/full-payment-flow.spec.ts:165:20

    attachment #1: screenshot (image/png) ──────────────────────────────────────────────────────────
    ../test-results/e2e-full-payment-flow-Comp-c8666-ue-shopping-during-checkout-Mobile-Chrome/test-failed-1.png
    ────────────────────────────────────────────────────────────────────────────────────────────────

    attachment #2: video (video/webm) ──────────────────────────────────────────────────────────────
    ../test-results/e2e-full-payment-flow-Comp-c8666-ue-shopping-during-checkout-Mobile-Chrome/video.webm
    ────────────────────────────────────────────────────────────────────────────────────────────────

    Error Context: ../test-results/e2e-full-payment-flow-Comp-c8666-ue-shopping-during-checkout-Mobile-Chrome/error-context.md
]]>
</failure>
<system-out>
<![CDATA[
[[ATTACHMENT|e2e-full-payment-flow-Comp-c8666-ue-shopping-during-checkout-Mobile-Chrome/test-failed-1.png]]

[[ATTACHMENT|e2e-full-payment-flow-Comp-c8666-ue-shopping-during-checkout-Mobile-Chrome/video.webm]]

[[ATTACHMENT|e2e-full-payment-flow-Comp-c8666-ue-shopping-during-checkout-Mobile-Chrome/error-context.md]]
]]>
</system-out>
</testcase>
<testcase name="Complete Payment Flow - Add to Cart → Card Payment → Success Page › should validate payment form fields" classname="e2e/full-payment-flow.spec.ts" time="30.828">
<failure message="full-payment-flow.spec.ts:182:7 should validate payment form fields" type="FAILURE">
<![CDATA[  [Mobile Chrome] › e2e/full-payment-flow.spec.ts:182:7 › Complete Payment Flow - Add to Cart → Card Payment → Success Page › should validate payment form fields 

    Test timeout of 30000ms exceeded.

    Error: locator.click: Test timeout of 30000ms exceeded.
    Call log:
      - waiting for locator('[data-testid="menu-item"], .menu-item, .product-card').first()


      186 |     
      187 |     const menuItem = page.locator('[data-testid="menu-item"], .menu-item, .product-card').first();
    > 188 |     await menuItem.click();
          |                    ^
      189 |     
      190 |     const addToCartButton = page.locator('button:has-text("Add to Cart")');
      191 |     await addToCartButton.click();
        at /Users/I590496/TKAFROKITCHEN/tk-afro-kitchen/tests/e2e/full-payment-flow.spec.ts:188:20

    attachment #1: screenshot (image/png) ──────────────────────────────────────────────────────────
    ../test-results/e2e-full-payment-flow-Comp-dd5fd-alidate-payment-form-fields-Mobile-Chrome/test-failed-1.png
    ────────────────────────────────────────────────────────────────────────────────────────────────

    attachment #2: video (video/webm) ──────────────────────────────────────────────────────────────
    ../test-results/e2e-full-payment-flow-Comp-dd5fd-alidate-payment-form-fields-Mobile-Chrome/video.webm
    ────────────────────────────────────────────────────────────────────────────────────────────────

    Error Context: ../test-results/e2e-full-payment-flow-Comp-dd5fd-alidate-payment-form-fields-Mobile-Chrome/error-context.md
]]>
</failure>
<system-out>
<![CDATA[
[[ATTACHMENT|e2e-full-payment-flow-Comp-dd5fd-alidate-payment-form-fields-Mobile-Chrome/test-failed-1.png]]

[[ATTACHMENT|e2e-full-payment-flow-Comp-dd5fd-alidate-payment-form-fields-Mobile-Chrome/video.webm]]

[[ATTACHMENT|e2e-full-payment-flow-Comp-dd5fd-alidate-payment-form-fields-Mobile-Chrome/error-context.md]]
]]>
</system-out>
</testcase>
<testcase name="Complete Payment Flow - Add to Cart → Card Payment → Success Page › should show order summary in checkout" classname="e2e/full-payment-flow.spec.ts" time="30.855">
<failure message="full-payment-flow.spec.ts:204:7 should show order summary in checkout" type="FAILURE">
<![CDATA[  [Mobile Chrome] › e2e/full-payment-flow.spec.ts:204:7 › Complete Payment Flow - Add to Cart → Card Payment → Success Page › should show order summary in checkout 

    Test timeout of 30000ms exceeded.

    Error: locator.click: Test timeout of 30000ms exceeded.
    Call log:
      - waiting for locator('[data-testid="menu-item"], .menu-item, .product-card').first()


      208 |     
      209 |     const menuItem = page.locator('[data-testid="menu-item"], .menu-item, .product-card').first();
    > 210 |     await menuItem.click();
          |                    ^
      211 |     
      212 |     const addToCartButton = page.locator('button:has-text("Add to Cart")');
      213 |     await addToCartButton.click();
        at /Users/I590496/TKAFROKITCHEN/tk-afro-kitchen/tests/e2e/full-payment-flow.spec.ts:210:20

    attachment #1: screenshot (image/png) ──────────────────────────────────────────────────────────
    ../test-results/e2e-full-payment-flow-Comp-12f70-w-order-summary-in-checkout-Mobile-Chrome/test-failed-1.png
    ────────────────────────────────────────────────────────────────────────────────────────────────

    attachment #2: video (video/webm) ──────────────────────────────────────────────────────────────
    ../test-results/e2e-full-payment-flow-Comp-12f70-w-order-summary-in-checkout-Mobile-Chrome/video.webm
    ────────────────────────────────────────────────────────────────────────────────────────────────

    Error Context: ../test-results/e2e-full-payment-flow-Comp-12f70-w-order-summary-in-checkout-Mobile-Chrome/error-context.md
]]>
</failure>
<system-out>
<![CDATA[
[[ATTACHMENT|e2e-full-payment-flow-Comp-12f70-w-order-summary-in-checkout-Mobile-Chrome/test-failed-1.png]]

[[ATTACHMENT|e2e-full-payment-flow-Comp-12f70-w-order-summary-in-checkout-Mobile-Chrome/video.webm]]

[[ATTACHMENT|e2e-full-payment-flow-Comp-12f70-w-order-summary-in-checkout-Mobile-Chrome/error-context.md]]
]]>
</system-out>
</testcase>
</testsuite>
<testsuite name="e2e/full-user-journey.spec.ts" timestamp="2025-07-20T10:35:55.243Z" hostname="Mobile Chrome" tests="6" failures="4" skipped="1" time="22.853" errors="0">
<testcase name="Complete User Journey › should complete full user journey from homepage to success" classname="e2e/full-user-journey.spec.ts" time="5.835">
<failure message="full-user-journey.spec.ts:12:7 should complete full user journey from homepage to success" type="FAILURE">
<![CDATA[  [Mobile Chrome] › e2e/full-user-journey.spec.ts:12:7 › Complete User Journey › should complete full user journey from homepage to success 

    Error: Timed out 5000ms waiting for expect(locator).toContainText(expected)

    Locator: locator('h1')
    Expected string: "Authentic Nigerian Cuisine"
    Received string: "TK Afro Kitchen"
    Call log:
      - Expect "toContainText" with timeout 5000ms
      - waiting for locator('h1')
        9 × locator resolved to <h1 class="text-5xl md:text-7xl font-bold mb-6">…</h1>
          - unexpected value "TK Afro Kitchen"


      13 |     // Step 1: Start from homepage
      14 |     await page.goto('/');
    > 15 |     await expect(page.locator('h1')).toContainText('Authentic Nigerian Cuisine');
         |                                      ^
      16 |
      17 |     // Step 2: Navigate to menu
      18 |     const browseMenuBtn = page.locator('text=Browse Our Menu').first();
        at /Users/I590496/TKAFROKITCHEN/tk-afro-kitchen/tests/e2e/full-user-journey.spec.ts:15:38

    attachment #1: screenshot (image/png) ──────────────────────────────────────────────────────────
    ../test-results/e2e-full-user-journey-Comp-56edd-ey-from-homepage-to-success-Mobile-Chrome/test-failed-1.png
    ────────────────────────────────────────────────────────────────────────────────────────────────

    attachment #2: video (video/webm) ──────────────────────────────────────────────────────────────
    ../test-results/e2e-full-user-journey-Comp-56edd-ey-from-homepage-to-success-Mobile-Chrome/video.webm
    ────────────────────────────────────────────────────────────────────────────────────────────────

    Error Context: ../test-results/e2e-full-user-journey-Comp-56edd-ey-from-homepage-to-success-Mobile-Chrome/error-context.md
]]>
</failure>
<system-out>
<![CDATA[
[[ATTACHMENT|e2e-full-user-journey-Comp-56edd-ey-from-homepage-to-success-Mobile-Chrome/test-failed-1.png]]

[[ATTACHMENT|e2e-full-user-journey-Comp-56edd-ey-from-homepage-to-success-Mobile-Chrome/video.webm]]

[[ATTACHMENT|e2e-full-user-journey-Comp-56edd-ey-from-homepage-to-success-Mobile-Chrome/error-context.md]]
]]>
</system-out>
</testcase>
<testcase name="Complete User Journey › should handle continue shopping flow" classname="e2e/full-user-journey.spec.ts" time="6.007">
<failure message="full-user-journey.spec.ts:64:7 should handle continue shopping flow" type="FAILURE">
<![CDATA[  [Mobile Chrome] › e2e/full-user-journey.spec.ts:64:7 › Complete User Journey › should handle continue shopping flow 

    Error: Timed out 5000ms waiting for expect(locator).toBeVisible()

    Locator: locator('button:has-text("Add to Cart"), button:has-text("Add to Basket")').first()
    Expected: visible
    Received: <element(s) not found>
    Call log:
      - Expect "toBeVisible" with timeout 5000ms
      - waiting for locator('button:has-text("Add to Cart"), button:has-text("Add to Basket")').first()


       at e2e/utils/test-helpers.ts:13

      11 |     
      12 |     const addToCartBtn = this.page.locator('button:has-text("Add to Cart"), button:has-text("Add to Basket")').first();
    > 13 |     await expect(addToCartBtn).toBeVisible();
         |                                ^
      14 |     await addToCartBtn.click();
      15 |     await this.page.waitForTimeout(1000);
      16 |   }
        at TestHelpers.addItemToCart (/Users/I590496/TKAFROKITCHEN/tk-afro-kitchen/tests/e2e/utils/test-helpers.ts:13:32)
        at /Users/I590496/TKAFROKITCHEN/tk-afro-kitchen/tests/e2e/full-user-journey.spec.ts:66:5

    attachment #1: screenshot (image/png) ──────────────────────────────────────────────────────────
    ../test-results/e2e-full-user-journey-Comp-cd047-ndle-continue-shopping-flow-Mobile-Chrome/test-failed-1.png
    ────────────────────────────────────────────────────────────────────────────────────────────────

    attachment #2: video (video/webm) ──────────────────────────────────────────────────────────────
    ../test-results/e2e-full-user-journey-Comp-cd047-ndle-continue-shopping-flow-Mobile-Chrome/video.webm
    ────────────────────────────────────────────────────────────────────────────────────────────────

    Error Context: ../test-results/e2e-full-user-journey-Comp-cd047-ndle-continue-shopping-flow-Mobile-Chrome/error-context.md
]]>
</failure>
<system-out>
<![CDATA[
[[ATTACHMENT|e2e-full-user-journey-Comp-cd047-ndle-continue-shopping-flow-Mobile-Chrome/test-failed-1.png]]

[[ATTACHMENT|e2e-full-user-journey-Comp-cd047-ndle-continue-shopping-flow-Mobile-Chrome/video.webm]]

[[ATTACHMENT|e2e-full-user-journey-Comp-cd047-ndle-continue-shopping-flow-Mobile-Chrome/error-context.md]]
]]>
</system-out>
</testcase>
<testcase name="Complete User Journey › should handle Safari-specific payment flow" classname="e2e/full-user-journey.spec.ts" time="0.137">
<properties>
<property name="skip" value="">
</property>
</properties>
<skipped>
</skipped>
</testcase>
<testcase name="Complete User Journey › should handle mobile user journey" classname="e2e/full-user-journey.spec.ts" time="2.042">
<failure message="full-user-journey.spec.ts:134:7 should handle mobile user journey" type="FAILURE">
<![CDATA[  [Mobile Chrome] › e2e/full-user-journey.spec.ts:134:7 › Complete User Journey › should handle mobile user journey 

    Error: locator.isVisible: Error: strict mode violation: locator('a[href="/menu"]').filter({ hasText: 'Menu' }) resolved to 6 elements:
        1) <a href="/menu" class="nav-link">Menu</a> aka locator('header').getByText('Menu')
        2) <a href="/menu">…</a> aka locator('a').filter({ hasText: 'Explore Our Menu' })
        3) <a href="/menu" data-slot="button" class="inline-flex items-center justify-center gap-2 whitespace-nowrap text-sm font-medium transition-all disabled:pointer-events-none disabled:opacity-50 [&_svg]:pointer-events-none [&_svg:not([class*='size-'])]:size-4 shrink-0 [&_svg]:shrink-0 outline-none focus-visible:border-ring focus-visible:ring-ring/50 focus-visible:ring-[3px] aria-invalid:ring-destructive/20 dark:aria-invalid:ring-destructive/40 aria-invalid:border-destructive text-primary-foreground sh…>View Our Menu</a> aka getByText('View Our Menu')
        4) <a href="/menu" data-slot="button" class="inline-flex items-center justify-center gap-2 whitespace-nowrap text-sm font-medium transition-all disabled:pointer-events-none disabled:opacity-50 [&_svg]:pointer-events-none [&_svg:not([class*='size-'])]:size-4 shrink-0 [&_svg]:shrink-0 outline-none focus-visible:border-ring focus-visible:ring-ring/50 focus-visible:ring-[3px] aria-invalid:ring-destructive/20 dark:aria-invalid:ring-destructive/40 aria-invalid:border-destructive text-primary-foreground sh…>View Complete Menu</a> aka getByText('View Complete Menu')
        5) <a href="/menu" class="text-gray-300 hover:text-orange-400 transition-colors duration-300 text-sm flex items-center group">…</a> aka locator('footer').getByText('Menu', { exact: true })
        6) <a href="/menu">…</a> aka locator('a').filter({ hasText: /^Menu$/ }).nth(2)

    Call log:
        - checking visibility of locator('a[href="/menu"]').filter({ hasText: 'Menu' })


      151 |       // Look for mobile navigation
      152 |       const mobileMenuLink = page.locator('a[href="/menu"]').filter({ hasText: 'Menu' });
    > 153 |       if (await mobileMenuLink.isVisible()) {
          |                                ^
      154 |         await mobileMenuLink.click();
      155 |         await helpers.waitForNavigation('/menu');
      156 |       } else {
        at /Users/I590496/TKAFROKITCHEN/tk-afro-kitchen/tests/e2e/full-user-journey.spec.ts:153:32

    attachment #1: screenshot (image/png) ──────────────────────────────────────────────────────────
    ../test-results/e2e-full-user-journey-Comp-5cf25--handle-mobile-user-journey-Mobile-Chrome/test-failed-1.png
    ────────────────────────────────────────────────────────────────────────────────────────────────

    attachment #2: video (video/webm) ──────────────────────────────────────────────────────────────
    ../test-results/e2e-full-user-journey-Comp-5cf25--handle-mobile-user-journey-Mobile-Chrome/video.webm
    ────────────────────────────────────────────────────────────────────────────────────────────────

    Error Context: ../test-results/e2e-full-user-journey-Comp-5cf25--handle-mobile-user-journey-Mobile-Chrome/error-context.md
]]>
</failure>
<system-out>
<![CDATA[
[[ATTACHMENT|e2e-full-user-journey-Comp-5cf25--handle-mobile-user-journey-Mobile-Chrome/test-failed-1.png]]

[[ATTACHMENT|e2e-full-user-journey-Comp-5cf25--handle-mobile-user-journey-Mobile-Chrome/video.webm]]

[[ATTACHMENT|e2e-full-user-journey-Comp-5cf25--handle-mobile-user-journey-Mobile-Chrome/error-context.md]]
]]>
</system-out>
</testcase>
<testcase name="Complete User Journey › should handle error scenarios gracefully" classname="e2e/full-user-journey.spec.ts" time="2.578">
</testcase>
<testcase name="Complete User Journey › should maintain cart state across navigation" classname="e2e/full-user-journey.spec.ts" time="6.254">
<failure message="full-user-journey.spec.ts:200:7 should maintain cart state across navigation" type="FAILURE">
<![CDATA[  [Mobile Chrome] › e2e/full-user-journey.spec.ts:200:7 › Complete User Journey › should maintain cart state across navigation 

    Error: Timed out 5000ms waiting for expect(locator).toBeVisible()

    Locator: locator('button:has-text("Add to Cart"), button:has-text("Add to Basket")').first()
    Expected: visible
    Received: <element(s) not found>
    Call log:
      - Expect "toBeVisible" with timeout 5000ms
      - waiting for locator('button:has-text("Add to Cart"), button:has-text("Add to Basket")').first()


       at e2e/utils/test-helpers.ts:13

      11 |     
      12 |     const addToCartBtn = this.page.locator('button:has-text("Add to Cart"), button:has-text("Add to Basket")').first();
    > 13 |     await expect(addToCartBtn).toBeVisible();
         |                                ^
      14 |     await addToCartBtn.click();
      15 |     await this.page.waitForTimeout(1000);
      16 |   }
        at TestHelpers.addItemToCart (/Users/I590496/TKAFROKITCHEN/tk-afro-kitchen/tests/e2e/utils/test-helpers.ts:13:32)
        at /Users/I590496/TKAFROKITCHEN/tk-afro-kitchen/tests/e2e/full-user-journey.spec.ts:202:5

    attachment #1: screenshot (image/png) ──────────────────────────────────────────────────────────
    ../test-results/e2e-full-user-journey-Comp-6839f-art-state-across-navigation-Mobile-Chrome/test-failed-1.png
    ────────────────────────────────────────────────────────────────────────────────────────────────

    attachment #2: video (video/webm) ──────────────────────────────────────────────────────────────
    ../test-results/e2e-full-user-journey-Comp-6839f-art-state-across-navigation-Mobile-Chrome/video.webm
    ────────────────────────────────────────────────────────────────────────────────────────────────

    Error Context: ../test-results/e2e-full-user-journey-Comp-6839f-art-state-across-navigation-Mobile-Chrome/error-context.md
]]>
</failure>
<system-out>
<![CDATA[
[[ATTACHMENT|e2e-full-user-journey-Comp-6839f-art-state-across-navigation-Mobile-Chrome/test-failed-1.png]]

[[ATTACHMENT|e2e-full-user-journey-Comp-6839f-art-state-across-navigation-Mobile-Chrome/video.webm]]

[[ATTACHMENT|e2e-full-user-journey-Comp-6839f-art-state-across-navigation-Mobile-Chrome/error-context.md]]
]]>
</system-out>
</testcase>
</testsuite>
<testsuite name="e2e/homepage.spec.ts" timestamp="2025-07-20T10:35:55.243Z" hostname="Mobile Chrome" tests="11" failures="6" skipped="0" time="19.883" errors="0">
<testcase name="Homepage › should load homepage successfully" classname="e2e/homepage.spec.ts" time="1.183">
</testcase>
<testcase name="Homepage › should display navigation menu correctly" classname="e2e/homepage.spec.ts" time="0.674">
<failure message="homepage.spec.ts:19:7 should display navigation menu correctly" type="FAILURE">
<![CDATA[  [Mobile Chrome] › e2e/homepage.spec.ts:19:7 › Homepage › should display navigation menu correctly 

    Error: expect.toBeVisible: Error: strict mode violation: locator('nav') resolved to 3 elements:
        1) <nav class="flex items-center space-x-4">…</nav> aka getByText('AboutFAQContact')
        2) <nav class="hidden md:flex items-center space-x-6">…</nav> aka getByText('MenuPricingFrozenCatering')
        3) <nav class="fixed bottom-0 left-0 right-0 z-50 md:hidden">…</nav> aka getByRole('navigation')

    Call log:
      - Expect "toBeVisible" with timeout 5000ms
      - waiting for locator('nav')


      19 |   test('should display navigation menu correctly', async ({ page }) => {
      20 |     // Check main navigation is visible
    > 21 |     await expect(page.locator('nav')).toBeVisible();
         |                                       ^
      22 |     
      23 |     // Check key navigation links are present
      24 |     const navLinks = ['Menu', 'Pricing', 'Frozen', 'Catering', 'About', 'FAQ', 'Contact'];
        at /Users/I590496/TKAFROKITCHEN/tk-afro-kitchen/tests/e2e/homepage.spec.ts:21:39

    attachment #1: screenshot (image/png) ──────────────────────────────────────────────────────────
    ../test-results/e2e-homepage-Homepage-shou-5ffc8-y-navigation-menu-correctly-Mobile-Chrome/test-failed-1.png
    ────────────────────────────────────────────────────────────────────────────────────────────────

    attachment #2: video (video/webm) ──────────────────────────────────────────────────────────────
    ../test-results/e2e-homepage-Homepage-shou-5ffc8-y-navigation-menu-correctly-Mobile-Chrome/video.webm
    ────────────────────────────────────────────────────────────────────────────────────────────────

    Error Context: ../test-results/e2e-homepage-Homepage-shou-5ffc8-y-navigation-menu-correctly-Mobile-Chrome/error-context.md
]]>
</failure>
<system-out>
<![CDATA[
[[ATTACHMENT|e2e-homepage-Homepage-shou-5ffc8-y-navigation-menu-correctly-Mobile-Chrome/test-failed-1.png]]

[[ATTACHMENT|e2e-homepage-Homepage-shou-5ffc8-y-navigation-menu-correctly-Mobile-Chrome/video.webm]]

[[ATTACHMENT|e2e-homepage-Homepage-shou-5ffc8-y-navigation-menu-correctly-Mobile-Chrome/error-context.md]]
]]>
</system-out>
</testcase>
<testcase name="Homepage › should display hero section with call-to-action" classname="e2e/homepage.spec.ts" time="5.864">
<failure message="homepage.spec.ts:31:7 should display hero section with call-to-action" type="FAILURE">
<![CDATA[  [Mobile Chrome] › e2e/homepage.spec.ts:31:7 › Homepage › should display hero section with call-to-action 

    Error: Timed out 5000ms waiting for expect(locator).toBeVisible()

    Locator: locator('button:has-text("Order Now")')
    Expected: visible
    Received: <element(s) not found>
    Call log:
      - Expect "toBeVisible" with timeout 5000ms
      - waiting for locator('button:has-text("Order Now")')


      34 |     
      35 |     // Check for call-to-action buttons
    > 36 |     await expect(page.locator('button:has-text("Order Now")')).toBeVisible();
         |                                                                ^
      37 |     await expect(page.locator('a:has-text("Browse Menu")')).toBeVisible();
      38 |   });
      39 |
        at /Users/I590496/TKAFROKITCHEN/tk-afro-kitchen/tests/e2e/homepage.spec.ts:36:64

    attachment #1: screenshot (image/png) ──────────────────────────────────────────────────────────
    ../test-results/e2e-homepage-Homepage-shou-3a893-section-with-call-to-action-Mobile-Chrome/test-failed-1.png
    ────────────────────────────────────────────────────────────────────────────────────────────────

    attachment #2: video (video/webm) ──────────────────────────────────────────────────────────────
    ../test-results/e2e-homepage-Homepage-shou-3a893-section-with-call-to-action-Mobile-Chrome/video.webm
    ────────────────────────────────────────────────────────────────────────────────────────────────

    Error Context: ../test-results/e2e-homepage-Homepage-shou-3a893-section-with-call-to-action-Mobile-Chrome/error-context.md
]]>
</failure>
<system-out>
<![CDATA[
[[ATTACHMENT|e2e-homepage-Homepage-shou-3a893-section-with-call-to-action-Mobile-Chrome/test-failed-1.png]]

[[ATTACHMENT|e2e-homepage-Homepage-shou-3a893-section-with-call-to-action-Mobile-Chrome/video.webm]]

[[ATTACHMENT|e2e-homepage-Homepage-shou-3a893-section-with-call-to-action-Mobile-Chrome/error-context.md]]
]]>
</system-out>
</testcase>
<testcase name="Homepage › should display featured dishes section" classname="e2e/homepage.spec.ts" time="5.802">
<failure message="homepage.spec.ts:40:7 should display featured dishes section" type="FAILURE">
<![CDATA[  [Mobile Chrome] › e2e/homepage.spec.ts:40:7 › Homepage › should display featured dishes section ──

    Error: Timed out 5000ms waiting for expect(locator).toBeVisible()

    Locator: locator('.featured-dishes, [data-testid="featured-dishes"]')
    Expected: visible
    Received: <element(s) not found>
    Call log:
      - Expect "toBeVisible" with timeout 5000ms
      - waiting for locator('.featured-dishes, [data-testid="featured-dishes"]')


      43 |     
      44 |     // Check for featured dishes
    > 45 |     await expect(page.locator('.featured-dishes, [data-testid="featured-dishes"]')).toBeVisible();
         |                                                                                     ^
      46 |     
      47 |     // Check for dish cards
      48 |     const dishCards = page.locator('.dish-card, [data-testid="dish-card"]');
        at /Users/I590496/TKAFROKITCHEN/tk-afro-kitchen/tests/e2e/homepage.spec.ts:45:85

    attachment #1: screenshot (image/png) ──────────────────────────────────────────────────────────
    ../test-results/e2e-homepage-Homepage-should-display-featured-dishes-section-Mobile-Chrome/test-failed-1.png
    ────────────────────────────────────────────────────────────────────────────────────────────────

    attachment #2: video (video/webm) ──────────────────────────────────────────────────────────────
    ../test-results/e2e-homepage-Homepage-should-display-featured-dishes-section-Mobile-Chrome/video.webm
    ────────────────────────────────────────────────────────────────────────────────────────────────

    Error Context: ../test-results/e2e-homepage-Homepage-should-display-featured-dishes-section-Mobile-Chrome/error-context.md
]]>
</failure>
<system-out>
<![CDATA[
[[ATTACHMENT|e2e-homepage-Homepage-should-display-featured-dishes-section-Mobile-Chrome/test-failed-1.png]]

[[ATTACHMENT|e2e-homepage-Homepage-should-display-featured-dishes-section-Mobile-Chrome/video.webm]]

[[ATTACHMENT|e2e-homepage-Homepage-should-display-featured-dishes-section-Mobile-Chrome/error-context.md]]
]]>
</system-out>
</testcase>
<testcase name="Homepage › should display footer with contact information" classname="e2e/homepage.spec.ts" time="0.681">
<failure message="homepage.spec.ts:52:7 should display footer with contact information" type="FAILURE">
<![CDATA[  [Mobile Chrome] › e2e/homepage.spec.ts:52:7 › Homepage › should display footer with contact information 

    Error: expect.toBeVisible: Error: strict mode violation: locator('text=Milton Keynes') resolved to 2 elements:
        1) <span>Milton Keynes, UK</span> aka getByRole('banner').getByText('Milton Keynes, UK')
        2) <span class="text-sm">Milton Keynes, UK</span> aka getByRole('contentinfo').getByText('Milton Keynes, UK')

    Call log:
      - Expect "toBeVisible" with timeout 5000ms
      - waiting for locator('text=Milton Keynes')


      58 |     
      59 |     // Check for contact information
    > 60 |     await expect(page.locator('text=Milton Keynes')).toBeVisible();
         |                                                      ^
      61 |   });
      62 |
      63 |   test('should have working social media links', async ({ page }) => {
        at /Users/I590496/TKAFROKITCHEN/tk-afro-kitchen/tests/e2e/homepage.spec.ts:60:54

    attachment #1: screenshot (image/png) ──────────────────────────────────────────────────────────
    ../test-results/e2e-homepage-Homepage-shou-de17b-er-with-contact-information-Mobile-Chrome/test-failed-1.png
    ────────────────────────────────────────────────────────────────────────────────────────────────

    attachment #2: video (video/webm) ──────────────────────────────────────────────────────────────
    ../test-results/e2e-homepage-Homepage-shou-de17b-er-with-contact-information-Mobile-Chrome/video.webm
    ────────────────────────────────────────────────────────────────────────────────────────────────

    Error Context: ../test-results/e2e-homepage-Homepage-shou-de17b-er-with-contact-information-Mobile-Chrome/error-context.md
]]>
</failure>
<system-out>
<![CDATA[
[[ATTACHMENT|e2e-homepage-Homepage-shou-de17b-er-with-contact-information-Mobile-Chrome/test-failed-1.png]]

[[ATTACHMENT|e2e-homepage-Homepage-shou-de17b-er-with-contact-information-Mobile-Chrome/video.webm]]

[[ATTACHMENT|e2e-homepage-Homepage-shou-de17b-er-with-contact-information-Mobile-Chrome/error-context.md]]
]]>
</system-out>
</testcase>
<testcase name="Homepage › should have working social media links" classname="e2e/homepage.spec.ts" time="0.681">
<failure message="homepage.spec.ts:63:7 should have working social media links" type="FAILURE">
<![CDATA[  [Mobile Chrome] › e2e/homepage.spec.ts:63:7 › Homepage › should have working social media links ──

    Error: expect.toBeVisible: Error: strict mode violation: locator('a[href*="instagram"]') resolved to 2 elements:
        1) <a target="_blank" href="https://instagram.com/tk_afro_kitchen" class="text-slate-300 hover:text-orange-400 transition-colors">…</a> aka locator('div').filter({ hasText: /^AboutFAQContact$/ }).locator('a').first()
        2) <a target="_blank" rel="noopener noreferrer" href="https://instagram.com/tk_afro_kitchen" class="w-10 h-10 bg-gradient-to-r from-pink-500 to-purple-500 rounded-full flex items-center justify-center text-white shadow-lg hover:shadow-xl transition-all duration-300">…</a> aka getByRole('contentinfo').getByRole('link').filter({ hasText: /^$/ }).first()

    Call log:
      - Expect "toBeVisible" with timeout 5000ms
      - waiting for locator('a[href*="instagram"]')


      63 |   test('should have working social media links', async ({ page }) => {
      64 |     // Check social media icons are present
    > 65 |     await expect(page.locator('a[href*="instagram"]')).toBeVisible();
         |                                                        ^
      66 |     await expect(page.locator('a[href*="facebook"]')).toBeVisible();
      67 |   });
      68 |
        at /Users/I590496/TKAFROKITCHEN/tk-afro-kitchen/tests/e2e/homepage.spec.ts:65:56

    attachment #1: screenshot (image/png) ──────────────────────────────────────────────────────────
    ../test-results/e2e-homepage-Homepage-should-have-working-social-media-links-Mobile-Chrome/test-failed-1.png
    ────────────────────────────────────────────────────────────────────────────────────────────────

    attachment #2: video (video/webm) ──────────────────────────────────────────────────────────────
    ../test-results/e2e-homepage-Homepage-should-have-working-social-media-links-Mobile-Chrome/video.webm
    ────────────────────────────────────────────────────────────────────────────────────────────────

    Error Context: ../test-results/e2e-homepage-Homepage-should-have-working-social-media-links-Mobile-Chrome/error-context.md
]]>
</failure>
<system-out>
<![CDATA[
[[ATTACHMENT|e2e-homepage-Homepage-should-have-working-social-media-links-Mobile-Chrome/test-failed-1.png]]

[[ATTACHMENT|e2e-homepage-Homepage-should-have-working-social-media-links-Mobile-Chrome/video.webm]]

[[ATTACHMENT|e2e-homepage-Homepage-should-have-working-social-media-links-Mobile-Chrome/error-context.md]]
]]>
</system-out>
</testcase>
<testcase name="Homepage › should display logo and branding correctly" classname="e2e/homepage.spec.ts" time="0.67">
<failure message="homepage.spec.ts:69:7 should display logo and branding correctly" type="FAILURE">
<![CDATA[  [Mobile Chrome] › e2e/homepage.spec.ts:69:7 › Homepage › should display logo and branding correctly 

    Error: expect.toBeVisible: Error: strict mode violation: locator('img[alt*="TK Afro Kitchen"]') resolved to 2 elements:
        1) <img sizes="100vw" loading="lazy" decoding="async" data-nimg="fill" alt="TK Afro Kitchen" class="object-contain rounded-full" src="/_next/image?url=%2Fimages%2Fbrand%2Ftklogo.jpg&w=3840&q=75" srcset="/_next/image?url=%2Fimages%2Fbrand%2Ftklogo.jpg&w=640&q=75 640w, /_next/image?url=%2Fimages%2Fbrand%2Ftklogo.jpg&w=750&q=75 750w, /_next/image?url=%2Fimages%2Fbrand%2Ftklogo.jpg&w=828&q=75 828w, /_next/image?url=%2Fimages%2Fbrand%2Ftklogo.jpg&w=1080&q=75 1080w, /_next/image?url=%2Fimages%2Fbrand%2Ftklo…/> aka getByRole('link', { name: 'TK Afro Kitchen TKAfro Kitchen' })
        2) <img sizes="100vw" loading="lazy" decoding="async" data-nimg="fill" alt="TK Afro Kitchen" class="object-contain rounded-full" src="/_next/image?url=%2Fimages%2Fbrand%2Ftklogo.jpg&w=3840&q=75" srcset="/_next/image?url=%2Fimages%2Fbrand%2Ftklogo.jpg&w=640&q=75 640w, /_next/image?url=%2Fimages%2Fbrand%2Ftklogo.jpg&w=750&q=75 750w, /_next/image?url=%2Fimages%2Fbrand%2Ftklogo.jpg&w=828&q=75 828w, /_next/image?url=%2Fimages%2Fbrand%2Ftklogo.jpg&w=1080&q=75 1080w, /_next/image?url=%2Fimages%2Fbrand%2Ftklo…/> aka getByRole('contentinfo').getByRole('img', { name: 'TK Afro Kitchen' })

    Call log:
      - Expect "toBeVisible" with timeout 5000ms
      - waiting for locator('img[alt*="TK Afro Kitchen"]')


      69 |   test('should display logo and branding correctly', async ({ page }) => {
      70 |     // Check logo is visible
    > 71 |     await expect(page.locator('img[alt*="TK Afro Kitchen"]')).toBeVisible();
         |                                                               ^
      72 |     
      73 |     // Check brand name is displayed
      74 |     await expect(page.locator('text=TKAfro Kitchen')).toBeVisible();
        at /Users/I590496/TKAFROKITCHEN/tk-afro-kitchen/tests/e2e/homepage.spec.ts:71:63

    attachment #1: screenshot (image/png) ──────────────────────────────────────────────────────────
    ../test-results/e2e-homepage-Homepage-shou-3ea0d-logo-and-branding-correctly-Mobile-Chrome/test-failed-1.png
    ────────────────────────────────────────────────────────────────────────────────────────────────

    attachment #2: video (video/webm) ──────────────────────────────────────────────────────────────
    ../test-results/e2e-homepage-Homepage-shou-3ea0d-logo-and-branding-correctly-Mobile-Chrome/video.webm
    ────────────────────────────────────────────────────────────────────────────────────────────────

    Error Context: ../test-results/e2e-homepage-Homepage-shou-3ea0d-logo-and-branding-correctly-Mobile-Chrome/error-context.md
]]>
</failure>
<system-out>
<![CDATA[
[[ATTACHMENT|e2e-homepage-Homepage-shou-3ea0d-logo-and-branding-correctly-Mobile-Chrome/test-failed-1.png]]

[[ATTACHMENT|e2e-homepage-Homepage-shou-3ea0d-logo-and-branding-correctly-Mobile-Chrome/video.webm]]

[[ATTACHMENT|e2e-homepage-Homepage-shou-3ea0d-logo-and-branding-correctly-Mobile-Chrome/error-context.md]]
]]>
</system-out>
</testcase>
<testcase name="Homepage › should have proper meta tags for SEO" classname="e2e/homepage.spec.ts" time="0.761">
</testcase>
<testcase name="Homepage › should load images without errors" classname="e2e/homepage.spec.ts" time="1.614">
</testcase>
<testcase name="Homepage › should have accessible color contrast" classname="e2e/homepage.spec.ts" time="0.988">
</testcase>
<testcase name="Homepage › should handle page refresh correctly" classname="e2e/homepage.spec.ts" time="0.965">
</testcase>
</testsuite>
<testsuite name="e2e/menu-and-cart.spec.ts" timestamp="2025-07-20T10:35:55.243Z" hostname="Mobile Chrome" tests="7" failures="4" skipped="0" time="36.076" errors="0">
<testcase name="Menu and Cart Functionality › should load menu page successfully" classname="e2e/menu-and-cart.spec.ts" time="4.025">
</testcase>
<testcase name="Menu and Cart Functionality › should be able to add items to cart" classname="e2e/menu-and-cart.spec.ts" time="6.154">
<failure message="menu-and-cart.spec.ts:23:7 should be able to add items to cart" type="FAILURE">
<![CDATA[  [Mobile Chrome] › e2e/menu-and-cart.spec.ts:23:7 › Menu and Cart Functionality › should be able to add items to cart 

    Error: Timed out 5000ms waiting for expect(locator).toBeVisible()

    Locator: locator('button:has-text("Add to Cart"), button:has-text("Add to Basket")').first()
    Expected: visible
    Received: <element(s) not found>
    Call log:
      - Expect "toBeVisible" with timeout 5000ms
      - waiting for locator('button:has-text("Add to Cart"), button:has-text("Add to Basket")').first()


      24 |     // Find a menu item with an "Add to Cart" button
      25 |     const addToCartBtn = page.locator('button:has-text("Add to Cart"), button:has-text("Add to Basket")').first();
    > 26 |     await expect(addToCartBtn).toBeVisible();
         |                                ^
      27 |     
      28 |     // Click add to cart
      29 |     await addToCartBtn.click();
        at /Users/I590496/TKAFROKITCHEN/tk-afro-kitchen/tests/e2e/menu-and-cart.spec.ts:26:32

    attachment #1: screenshot (image/png) ──────────────────────────────────────────────────────────
    ../test-results/e2e-menu-and-cart-Menu-and-df8ab-e-able-to-add-items-to-cart-Mobile-Chrome/test-failed-1.png
    ────────────────────────────────────────────────────────────────────────────────────────────────

    attachment #2: video (video/webm) ──────────────────────────────────────────────────────────────
    ../test-results/e2e-menu-and-cart-Menu-and-df8ab-e-able-to-add-items-to-cart-Mobile-Chrome/video.webm
    ────────────────────────────────────────────────────────────────────────────────────────────────

    Error Context: ../test-results/e2e-menu-and-cart-Menu-and-df8ab-e-able-to-add-items-to-cart-Mobile-Chrome/error-context.md
]]>
</failure>
<system-out>
<![CDATA[
[[ATTACHMENT|e2e-menu-and-cart-Menu-and-df8ab-e-able-to-add-items-to-cart-Mobile-Chrome/test-failed-1.png]]

[[ATTACHMENT|e2e-menu-and-cart-Menu-and-df8ab-e-able-to-add-items-to-cart-Mobile-Chrome/video.webm]]

[[ATTACHMENT|e2e-menu-and-cart-Menu-and-df8ab-e-able-to-add-items-to-cart-Mobile-Chrome/error-context.md]]
]]>
</system-out>
</testcase>
<testcase name="Menu and Cart Functionality › should be able to manage cart items" classname="e2e/menu-and-cart.spec.ts" time="7.65">
<failure message="menu-and-cart.spec.ts:50:7 should be able to manage cart items" type="FAILURE">
<![CDATA[  [Mobile Chrome] › e2e/menu-and-cart.spec.ts:50:7 › Menu and Cart Functionality › should be able to manage cart items 

    Error: Timed out 5000ms waiting for expect(locator).toBeVisible()

    Locator: locator('text=Your Cart, text=Cart')
    Expected: visible
    Received: <element(s) not found>
    Call log:
      - Expect "toBeVisible" with timeout 5000ms
      - waiting for locator('text=Your Cart, text=Cart')


      62 |     
      63 |     // Check if cart modal is open
    > 64 |     await expect(page.locator('text=Your Cart, text=Cart')).toBeVisible();
         |                                                             ^
      65 |     
      66 |     // Look for quantity controls
      67 |     const plusButton = page.locator('button:has-text("+"), button[aria-label*="increase"], button[aria-label*="plus"]');
        at /Users/I590496/TKAFROKITCHEN/tk-afro-kitchen/tests/e2e/menu-and-cart.spec.ts:64:61

    attachment #1: screenshot (image/png) ──────────────────────────────────────────────────────────
    ../test-results/e2e-menu-and-cart-Menu-and-e0bcc-e-able-to-manage-cart-items-Mobile-Chrome/test-failed-1.png
    ────────────────────────────────────────────────────────────────────────────────────────────────

    attachment #2: video (video/webm) ──────────────────────────────────────────────────────────────
    ../test-results/e2e-menu-and-cart-Menu-and-e0bcc-e-able-to-manage-cart-items-Mobile-Chrome/video.webm
    ────────────────────────────────────────────────────────────────────────────────────────────────

    Error Context: ../test-results/e2e-menu-and-cart-Menu-and-e0bcc-e-able-to-manage-cart-items-Mobile-Chrome/error-context.md
]]>
</failure>
<system-out>
<![CDATA[
[[ATTACHMENT|e2e-menu-and-cart-Menu-and-e0bcc-e-able-to-manage-cart-items-Mobile-Chrome/test-failed-1.png]]

[[ATTACHMENT|e2e-menu-and-cart-Menu-and-e0bcc-e-able-to-manage-cart-items-Mobile-Chrome/video.webm]]

[[ATTACHMENT|e2e-menu-and-cart-Menu-and-e0bcc-e-able-to-manage-cart-items-Mobile-Chrome/error-context.md]]
]]>
</system-out>
</testcase>
<testcase name="Menu and Cart Functionality › should show cart total" classname="e2e/menu-and-cart.spec.ts" time="7.047">
<failure message="menu-and-cart.spec.ts:88:7 should show cart total" type="FAILURE">
<![CDATA[  [Mobile Chrome] › e2e/menu-and-cart.spec.ts:88:7 › Menu and Cart Functionality › should show cart total 

    Error: Timed out 5000ms waiting for expect(locator).toBeVisible()

    Locator: locator('text=Total, text=£').or(locator('[data-testid="cart-total"]'))
    Expected: visible
    Received: <element(s) not found>
    Call log:
      - Expect "toBeVisible" with timeout 5000ms
      - waiting for locator('text=Total, text=£').or(locator('[data-testid="cart-total"]'))


      100 |     
      101 |     // Check for total price
    > 102 |     await expect(page.locator('text=Total, text=£').or(page.locator('[data-testid="cart-total"]'))).toBeVisible();
          |                                                                                                     ^
      103 |   });
      104 |
      105 |   test('should have continue shopping functionality', async ({ page }) => {
        at /Users/I590496/TKAFROKITCHEN/tk-afro-kitchen/tests/e2e/menu-and-cart.spec.ts:102:101

    attachment #1: screenshot (image/png) ──────────────────────────────────────────────────────────
    ../test-results/e2e-menu-and-cart-Menu-and-7db2a-lity-should-show-cart-total-Mobile-Chrome/test-failed-1.png
    ────────────────────────────────────────────────────────────────────────────────────────────────

    attachment #2: video (video/webm) ──────────────────────────────────────────────────────────────
    ../test-results/e2e-menu-and-cart-Menu-and-7db2a-lity-should-show-cart-total-Mobile-Chrome/video.webm
    ────────────────────────────────────────────────────────────────────────────────────────────────

    Error Context: ../test-results/e2e-menu-and-cart-Menu-and-7db2a-lity-should-show-cart-total-Mobile-Chrome/error-context.md
]]>
</failure>
<system-out>
<![CDATA[
[[ATTACHMENT|e2e-menu-and-cart-Menu-and-7db2a-lity-should-show-cart-total-Mobile-Chrome/test-failed-1.png]]

[[ATTACHMENT|e2e-menu-and-cart-Menu-and-7db2a-lity-should-show-cart-total-Mobile-Chrome/video.webm]]

[[ATTACHMENT|e2e-menu-and-cart-Menu-and-7db2a-lity-should-show-cart-total-Mobile-Chrome/error-context.md]]
]]>
</system-out>
</testcase>
<testcase name="Menu and Cart Functionality › should have continue shopping functionality" classname="e2e/menu-and-cart.spec.ts" time="2.222">
</testcase>
<testcase name="Menu and Cart Functionality › should proceed to checkout with items in cart" classname="e2e/menu-and-cart.spec.ts" time="1.853">
</testcase>
<testcase name="Menu and Cart Functionality › should show empty cart message when no items" classname="e2e/menu-and-cart.spec.ts" time="7.125">
<failure message="menu-and-cart.spec.ts:160:7 should show empty cart message when no items" type="FAILURE">
<![CDATA[  [Mobile Chrome] › e2e/menu-and-cart.spec.ts:160:7 › Menu and Cart Functionality › should show empty cart message when no items 

    Error: Timed out 5000ms waiting for expect(locator).toBeVisible()

    Locator: locator('text=empty, text=no items')
    Expected: visible
    Received: <element(s) not found>
    Call log:
      - Expect "toBeVisible" with timeout 5000ms
      - waiting for locator('text=empty, text=no items')


      165 |     
      166 |     // Should show empty cart message
    > 167 |     await expect(page.locator('text=empty, text=no items')).toBeVisible();
          |                                                             ^
      168 |   });
      169 | });
        at /Users/I590496/TKAFROKITCHEN/tk-afro-kitchen/tests/e2e/menu-and-cart.spec.ts:167:61

    attachment #1: screenshot (image/png) ──────────────────────────────────────────────────────────
    ../test-results/e2e-menu-and-cart-Menu-and-c6fee--cart-message-when-no-items-Mobile-Chrome/test-failed-1.png
    ────────────────────────────────────────────────────────────────────────────────────────────────

    attachment #2: video (video/webm) ──────────────────────────────────────────────────────────────
    ../test-results/e2e-menu-and-cart-Menu-and-c6fee--cart-message-when-no-items-Mobile-Chrome/video.webm
    ────────────────────────────────────────────────────────────────────────────────────────────────

    Error Context: ../test-results/e2e-menu-and-cart-Menu-and-c6fee--cart-message-when-no-items-Mobile-Chrome/error-context.md
]]>
</failure>
<system-out>
<![CDATA[
[[ATTACHMENT|e2e-menu-and-cart-Menu-and-c6fee--cart-message-when-no-items-Mobile-Chrome/test-failed-1.png]]

[[ATTACHMENT|e2e-menu-and-cart-Menu-and-c6fee--cart-message-when-no-items-Mobile-Chrome/video.webm]]

[[ATTACHMENT|e2e-menu-and-cart-Menu-and-c6fee--cart-message-when-no-items-Mobile-Chrome/error-context.md]]
]]>
</system-out>
</testcase>
</testsuite>
<testsuite name="e2e/menu.spec.ts" timestamp="2025-07-20T10:35:55.243Z" hostname="Mobile Chrome" tests="16" failures="8" skipped="0" time="76.723" errors="0">
<testcase name="Menu Page › should load menu page successfully" classname="e2e/menu.spec.ts" time="6.511">
<failure message="menu.spec.ts:8:7 should load menu page successfully" type="FAILURE">
<![CDATA[  [Mobile Chrome] › e2e/menu.spec.ts:8:7 › Menu Page › should load menu page successfully ──────────

    Error: Timed out 5000ms waiting for expect(page).toHaveTitle(expected)

    Expected pattern: /Menu/
    Received string:  "TK Afro Kitchen"
    Call log:
      - Expect "toHaveTitle" with timeout 5000ms
        9 × unexpected value "TK Afro Kitchen"


       8 |   test('should load menu page successfully', async ({ page }) => {
       9 |     // Check page title
    > 10 |     await expect(page).toHaveTitle(/Menu/);
         |                        ^
      11 |     
      12 |     // Check main heading
      13 |     await expect(page.locator('h1')).toContainText(/Our Menu/);
        at /Users/I590496/TKAFROKITCHEN/tk-afro-kitchen/tests/e2e/menu.spec.ts:10:24

    attachment #1: screenshot (image/png) ──────────────────────────────────────────────────────────
    ../test-results/e2e-menu-Menu-Page-should-load-menu-page-successfully-Mobile-Chrome/test-failed-1.png
    ────────────────────────────────────────────────────────────────────────────────────────────────

    attachment #2: video (video/webm) ──────────────────────────────────────────────────────────────
    ../test-results/e2e-menu-Menu-Page-should-load-menu-page-successfully-Mobile-Chrome/video.webm
    ────────────────────────────────────────────────────────────────────────────────────────────────

    Error Context: ../test-results/e2e-menu-Menu-Page-should-load-menu-page-successfully-Mobile-Chrome/error-context.md
]]>
</failure>
<system-out>
<![CDATA[
[[ATTACHMENT|e2e-menu-Menu-Page-should-load-menu-page-successfully-Mobile-Chrome/test-failed-1.png]]

[[ATTACHMENT|e2e-menu-Menu-Page-should-load-menu-page-successfully-Mobile-Chrome/video.webm]]

[[ATTACHMENT|e2e-menu-Menu-Page-should-load-menu-page-successfully-Mobile-Chrome/error-context.md]]
]]>
</system-out>
</testcase>
<testcase name="Menu Page › should display category filters on desktop" classname="e2e/menu.spec.ts" time="2.213">
<failure message="menu.spec.ts:19:7 should display category filters on desktop" type="FAILURE">
<![CDATA[  [Mobile Chrome] › e2e/menu.spec.ts:19:7 › Menu Page › should display category filters on desktop ─

    Error: expect.toBeVisible: Error: strict mode violation: locator('button:has-text("All Dishes")') resolved to 2 elements:
        1) <button tabindex="0" class="px-4 sm:px-6 py-2 sm:py-3 rounded-full border transition-all duration-300 text-sm sm:text-base bg-gradient-to-r from-orange-500 to-yellow-500 text-white border-orange-500">🍽️ All Dishes</button> aka getByRole('button', { name: '🍽️ All Dishes' })
        2) <button class="relative w-32 h-20 rounded-xl border-2 transition-all duration-300 flex flex-col items-center justify-center bg-gradient-to-br from-orange-500 to-yellow-500 border-orange-400 text-white shadow-lg">…</button> aka getByText('🍽️All Dishes')

    Call log:
      - Expect "toBeVisible" with timeout 5000ms
      - waiting for locator('button:has-text("All Dishes")')


      22 |     
      23 |     // Check category filter buttons are visible
    > 24 |     await expect(page.locator('button:has-text("All Dishes")')).toBeVisible();
         |                                                                 ^
      25 |     await expect(page.locator('button:has-text("Rice Dishes")')).toBeVisible();
      26 |     await expect(page.locator('button:has-text("Soups & Stews")')).toBeVisible();
      27 |   });
        at /Users/I590496/TKAFROKITCHEN/tk-afro-kitchen/tests/e2e/menu.spec.ts:24:65

    attachment #1: screenshot (image/png) ──────────────────────────────────────────────────────────
    ../test-results/e2e-menu-Menu-Page-should--cfe65-category-filters-on-desktop-Mobile-Chrome/test-failed-1.png
    ────────────────────────────────────────────────────────────────────────────────────────────────

    attachment #2: video (video/webm) ──────────────────────────────────────────────────────────────
    ../test-results/e2e-menu-Menu-Page-should--cfe65-category-filters-on-desktop-Mobile-Chrome/video.webm
    ────────────────────────────────────────────────────────────────────────────────────────────────

    Error Context: ../test-results/e2e-menu-Menu-Page-should--cfe65-category-filters-on-desktop-Mobile-Chrome/error-context.md
]]>
</failure>
<system-out>
<![CDATA[
[[ATTACHMENT|e2e-menu-Menu-Page-should--cfe65-category-filters-on-desktop-Mobile-Chrome/test-failed-1.png]]

[[ATTACHMENT|e2e-menu-Menu-Page-should--cfe65-category-filters-on-desktop-Mobile-Chrome/video.webm]]

[[ATTACHMENT|e2e-menu-Menu-Page-should--cfe65-category-filters-on-desktop-Mobile-Chrome/error-context.md]]
]]>
</system-out>
</testcase>
<testcase name="Menu Page › should display mobile category filter on mobile" classname="e2e/menu.spec.ts" time="1.687">
</testcase>
<testcase name="Menu Page › should filter menu items by category" classname="e2e/menu.spec.ts" time="2.527">
</testcase>
<testcase name="Menu Page › should auto-scroll to menu items on mobile category selection" classname="e2e/menu.spec.ts" time="30.836">
<failure message="menu.spec.ts:62:7 should auto-scroll to menu items on mobile category selection" type="FAILURE">
<![CDATA[  [Mobile Chrome] › e2e/menu.spec.ts:62:7 › Menu Page › should auto-scroll to menu items on mobile category selection 

    Test timeout of 30000ms exceeded.

    Error: page.click: Test timeout of 30000ms exceeded.
    Call log:
      - waiting for locator('button:has-text("Rice Dishes")')
        - locator resolved to 2 elements. Proceeding with the first one: <button tabindex="0" class="px-4 sm:px-6 py-2 sm:py-3 rounded-full border transition-all duration-300 text-sm sm:text-base bg-transparent text-gray-300 border-gray-600 hover:border-orange-500 hover:text-orange-400">Rice Dishes</button>
      - attempting click action
        2 × waiting for element to be visible, enabled and stable
          - element is not visible
        - retrying click action
        - waiting 20ms
        2 × waiting for element to be visible, enabled and stable
          - element is not visible
        - retrying click action
          - waiting 100ms
        55 × waiting for element to be visible, enabled and stable
           - element is not visible
         - retrying click action
           - waiting 500ms
        - waiting for element to be visible, enabled and stable


      68 |     
      69 |     // Click on a category in mobile filter
    > 70 |     await page.click('button:has-text("Rice Dishes")');
         |                ^
      71 |     
      72 |     // Wait for scroll animation
      73 |     await page.waitForTimeout(1000);
        at /Users/I590496/TKAFROKITCHEN/tk-afro-kitchen/tests/e2e/menu.spec.ts:70:16

    attachment #1: screenshot (image/png) ──────────────────────────────────────────────────────────
    ../test-results/e2e-menu-Menu-Page-should--fd837-n-mobile-category-selection-Mobile-Chrome/test-failed-1.png
    ────────────────────────────────────────────────────────────────────────────────────────────────

    attachment #2: video (video/webm) ──────────────────────────────────────────────────────────────
    ../test-results/e2e-menu-Menu-Page-should--fd837-n-mobile-category-selection-Mobile-Chrome/video.webm
    ────────────────────────────────────────────────────────────────────────────────────────────────

    Error Context: ../test-results/e2e-menu-Menu-Page-should--fd837-n-mobile-category-selection-Mobile-Chrome/error-context.md
]]>
</failure>
<system-out>
<![CDATA[
[[ATTACHMENT|e2e-menu-Menu-Page-should--fd837-n-mobile-category-selection-Mobile-Chrome/test-failed-1.png]]

[[ATTACHMENT|e2e-menu-Menu-Page-should--fd837-n-mobile-category-selection-Mobile-Chrome/video.webm]]

[[ATTACHMENT|e2e-menu-Menu-Page-should--fd837-n-mobile-category-selection-Mobile-Chrome/error-context.md]]
]]>
</system-out>
</testcase>
<testcase name="Menu Page › should display menu items with correct information" classname="e2e/menu.spec.ts" time="6.208">
<failure message="menu.spec.ts:80:7 should display menu items with correct information" type="FAILURE">
<![CDATA[  [Mobile Chrome] › e2e/menu.spec.ts:80:7 › Menu Page › should display menu items with correct information 

    Error: Timed out 5000ms waiting for expect(locator).toBeVisible()

    Locator: locator('.menu-item, [data-testid="menu-item"]').first()
    Expected: visible
    Received: <element(s) not found>
    Call log:
      - Expect "toBeVisible" with timeout 5000ms
      - waiting for locator('.menu-item, [data-testid="menu-item"]').first()


      81 |     // Check for menu items
      82 |     const menuItems = page.locator('.menu-item, [data-testid="menu-item"]');
    > 83 |     await expect(menuItems.first()).toBeVisible();
         |                                     ^
      84 |     
      85 |     // Check item structure
      86 |     const firstItem = menuItems.first();
        at /Users/I590496/TKAFROKITCHEN/tk-afro-kitchen/tests/e2e/menu.spec.ts:83:37

    attachment #1: screenshot (image/png) ──────────────────────────────────────────────────────────
    ../test-results/e2e-menu-Menu-Page-should--3df41-ms-with-correct-information-Mobile-Chrome/test-failed-1.png
    ────────────────────────────────────────────────────────────────────────────────────────────────

    attachment #2: video (video/webm) ──────────────────────────────────────────────────────────────
    ../test-results/e2e-menu-Menu-Page-should--3df41-ms-with-correct-information-Mobile-Chrome/video.webm
    ────────────────────────────────────────────────────────────────────────────────────────────────

    Error Context: ../test-results/e2e-menu-Menu-Page-should--3df41-ms-with-correct-information-Mobile-Chrome/error-context.md
]]>
</failure>
<system-out>
<![CDATA[
[[ATTACHMENT|e2e-menu-Menu-Page-should--3df41-ms-with-correct-information-Mobile-Chrome/test-failed-1.png]]

[[ATTACHMENT|e2e-menu-Menu-Page-should--3df41-ms-with-correct-information-Mobile-Chrome/video.webm]]

[[ATTACHMENT|e2e-menu-Menu-Page-should--3df41-ms-with-correct-information-Mobile-Chrome/error-context.md]]
]]>
</system-out>
</testcase>
<testcase name="Menu Page › should display prices for menu items" classname="e2e/menu.spec.ts" time="6.66">
<failure message="menu.spec.ts:92:7 should display prices for menu items" type="FAILURE">
<![CDATA[  [Mobile Chrome] › e2e/menu.spec.ts:92:7 › Menu Page › should display prices for menu items ───────

    Error: Timed out 5000ms waiting for expect(locator).toBeVisible()

    Locator: locator('.price, [data-testid="price"]').first()
    Expected: visible
    Received: <element(s) not found>
    Call log:
      - Expect "toBeVisible" with timeout 5000ms
      - waiting for locator('.price, [data-testid="price"]').first()


      93 |     // Check for price elements
      94 |     const prices = page.locator('.price, [data-testid="price"]');
    > 95 |     await expect(prices.first()).toBeVisible();
         |                                  ^
      96 |     
      97 |     // Check price format (should contain £ symbol)
      98 |     const firstPrice = await prices.first().textContent();
        at /Users/I590496/TKAFROKITCHEN/tk-afro-kitchen/tests/e2e/menu.spec.ts:95:34

    attachment #1: screenshot (image/png) ──────────────────────────────────────────────────────────
    ../test-results/e2e-menu-Menu-Page-should-display-prices-for-menu-items-Mobile-Chrome/test-failed-1.png
    ────────────────────────────────────────────────────────────────────────────────────────────────

    attachment #2: video (video/webm) ──────────────────────────────────────────────────────────────
    ../test-results/e2e-menu-Menu-Page-should-display-prices-for-menu-items-Mobile-Chrome/video.webm
    ────────────────────────────────────────────────────────────────────────────────────────────────

    Error Context: ../test-results/e2e-menu-Menu-Page-should-display-prices-for-menu-items-Mobile-Chrome/error-context.md
]]>
</failure>
<system-out>
<![CDATA[
[[ATTACHMENT|e2e-menu-Menu-Page-should-display-prices-for-menu-items-Mobile-Chrome/test-failed-1.png]]

[[ATTACHMENT|e2e-menu-Menu-Page-should-display-prices-for-menu-items-Mobile-Chrome/video.webm]]

[[ATTACHMENT|e2e-menu-Menu-Page-should-display-prices-for-menu-items-Mobile-Chrome/error-context.md]]
]]>
</system-out>
</testcase>
<testcase name="Menu Page › should have working search functionality" classname="e2e/menu.spec.ts" time="7.258">
<failure message="menu.spec.ts:102:7 should have working search functionality" type="FAILURE">
<![CDATA[  [Mobile Chrome] › e2e/menu.spec.ts:102:7 › Menu Page › should have working search functionality ──

    Error: Timed out 5000ms waiting for expect(locator).toBeVisible()

    Locator: locator('.menu-item, [data-testid="menu-item"]').first()
    Expected: visible
    Received: <element(s) not found>
    Call log:
      - Expect "toBeVisible" with timeout 5000ms
      - waiting for locator('.menu-item, [data-testid="menu-item"]').first()


      116 |     // Check that results are filtered
      117 |     const results = page.locator('.menu-item, [data-testid="menu-item"]');
    > 118 |     await expect(results.first()).toBeVisible();
          |                                   ^
      119 |   });
      120 |
      121 |   test('should display size options for menu items', async ({ page }) => {
        at /Users/I590496/TKAFROKITCHEN/tk-afro-kitchen/tests/e2e/menu.spec.ts:118:35

    attachment #1: screenshot (image/png) ──────────────────────────────────────────────────────────
    ../test-results/e2e-menu-Menu-Page-should-have-working-search-functionality-Mobile-Chrome/test-failed-1.png
    ────────────────────────────────────────────────────────────────────────────────────────────────

    attachment #2: video (video/webm) ──────────────────────────────────────────────────────────────
    ../test-results/e2e-menu-Menu-Page-should-have-working-search-functionality-Mobile-Chrome/video.webm
    ────────────────────────────────────────────────────────────────────────────────────────────────

    Error Context: ../test-results/e2e-menu-Menu-Page-should-have-working-search-functionality-Mobile-Chrome/error-context.md
]]>
</failure>
<system-out>
<![CDATA[
[[ATTACHMENT|e2e-menu-Menu-Page-should-have-working-search-functionality-Mobile-Chrome/test-failed-1.png]]

[[ATTACHMENT|e2e-menu-Menu-Page-should-have-working-search-functionality-Mobile-Chrome/video.webm]]

[[ATTACHMENT|e2e-menu-Menu-Page-should-have-working-search-functionality-Mobile-Chrome/error-context.md]]
]]>
</system-out>
</testcase>
<testcase name="Menu Page › should display size options for menu items" classname="e2e/menu.spec.ts" time="1.062">
</testcase>
<testcase name="Menu Page › should have add to cart functionality" classname="e2e/menu.spec.ts" time="1.045">
</testcase>
<testcase name="Menu Page › should handle empty search results gracefully" classname="e2e/menu.spec.ts" time="2.137">
</testcase>
<testcase name="Menu Page › should maintain filter state on page refresh" classname="e2e/menu.spec.ts" time="2.899">
<failure message="menu.spec.ts:155:7 should maintain filter state on page refresh" type="FAILURE">
<![CDATA[  [Mobile Chrome] › e2e/menu.spec.ts:155:7 › Menu Page › should maintain filter state on page refresh 

    Error: expect.toHaveClass: Error: strict mode violation: locator('button:has-text("Rice Dishes")') resolved to 2 elements:
        1) <button tabindex="0" class="px-4 sm:px-6 py-2 sm:py-3 rounded-full border transition-all duration-300 text-sm sm:text-base bg-transparent text-gray-300 border-gray-600 hover:border-orange-500 hover:text-orange-400">Rice Dishes</button> aka getByRole('button', { name: 'Rice Dishes' })
        2) <button class="relative w-32 h-20 rounded-xl border-2 transition-all duration-300 flex flex-col items-center justify-center overflow-hidden bg-white/10 border-white/20 text-gray-300 hover:border-orange-500/50 hover:text-orange-400">…</button> aka getByText('🍚Rice Dishes')

    Call log:
      - Expect "toHaveClass" with timeout 5000ms
      - waiting for locator('button:has-text("Rice Dishes")')


      164 |     
      165 |     // Check that the category is still selected
    > 166 |     await expect(page.locator('button:has-text("Rice Dishes")')).toHaveClass(/selected|active/);
          |                                                                  ^
      167 |   });
      168 |
      169 |   test('should have responsive design on different screen sizes', async ({ page }) => {
        at /Users/I590496/TKAFROKITCHEN/tk-afro-kitchen/tests/e2e/menu.spec.ts:166:66

    attachment #1: screenshot (image/png) ──────────────────────────────────────────────────────────
    ../test-results/e2e-menu-Menu-Page-should--25743-ilter-state-on-page-refresh-Mobile-Chrome/test-failed-1.png
    ────────────────────────────────────────────────────────────────────────────────────────────────

    attachment #2: video (video/webm) ──────────────────────────────────────────────────────────────
    ../test-results/e2e-menu-Menu-Page-should--25743-ilter-state-on-page-refresh-Mobile-Chrome/video.webm
    ────────────────────────────────────────────────────────────────────────────────────────────────

    Error Context: ../test-results/e2e-menu-Menu-Page-should--25743-ilter-state-on-page-refresh-Mobile-Chrome/error-context.md
]]>
</failure>
<system-out>
<![CDATA[
[[ATTACHMENT|e2e-menu-Menu-Page-should--25743-ilter-state-on-page-refresh-Mobile-Chrome/test-failed-1.png]]

[[ATTACHMENT|e2e-menu-Menu-Page-should--25743-ilter-state-on-page-refresh-Mobile-Chrome/video.webm]]

[[ATTACHMENT|e2e-menu-Menu-Page-should--25743-ilter-state-on-page-refresh-Mobile-Chrome/error-context.md]]
]]>
</system-out>
</testcase>
<testcase name="Menu Page › should have responsive design on different screen sizes" classname="e2e/menu.spec.ts" time="1.654">
<failure message="menu.spec.ts:169:7 should have responsive design on different screen sizes" type="FAILURE">
<![CDATA[  [Mobile Chrome] › e2e/menu.spec.ts:169:7 › Menu Page › should have responsive design on different screen sizes 

    Error: expect.toBeVisible: Error: strict mode violation: locator('nav') resolved to 3 elements:
        1) <nav class="flex items-center space-x-4">…</nav> aka getByText('AboutFAQContact')
        2) <nav class="hidden md:flex items-center space-x-6">…</nav> aka getByText('MenuPricingFrozenCatering')
        3) <nav class="fixed bottom-0 left-0 right-0 z-50 md:hidden">…</nav> aka locator('nav').filter({ hasText: 'HomeMenuFrozenCateringCart' })

    Call log:
      - Expect "toBeVisible" with timeout 5000ms
      - waiting for locator('nav')


      170 |     // Test desktop
      171 |     await page.setViewportSize({ width: 1280, height: 720 });
    > 172 |     await expect(page.locator('nav')).toBeVisible();
          |                                       ^
      173 |     
      174 |     // Test tablet
      175 |     await page.setViewportSize({ width: 768, height: 1024 });
        at /Users/I590496/TKAFROKITCHEN/tk-afro-kitchen/tests/e2e/menu.spec.ts:172:39

    attachment #1: screenshot (image/png) ──────────────────────────────────────────────────────────
    ../test-results/e2e-menu-Menu-Page-should--c6122-n-on-different-screen-sizes-Mobile-Chrome/test-failed-1.png
    ────────────────────────────────────────────────────────────────────────────────────────────────

    attachment #2: video (video/webm) ──────────────────────────────────────────────────────────────
    ../test-results/e2e-menu-Menu-Page-should--c6122-n-on-different-screen-sizes-Mobile-Chrome/video.webm
    ────────────────────────────────────────────────────────────────────────────────────────────────

    Error Context: ../test-results/e2e-menu-Menu-Page-should--c6122-n-on-different-screen-sizes-Mobile-Chrome/error-context.md
]]>
</failure>
<system-out>
<![CDATA[
[[ATTACHMENT|e2e-menu-Menu-Page-should--c6122-n-on-different-screen-sizes-Mobile-Chrome/test-failed-1.png]]

[[ATTACHMENT|e2e-menu-Menu-Page-should--c6122-n-on-different-screen-sizes-Mobile-Chrome/video.webm]]

[[ATTACHMENT|e2e-menu-Menu-Page-should--c6122-n-on-different-screen-sizes-Mobile-Chrome/error-context.md]]
]]>
</system-out>
</testcase>
<testcase name="Menu Page › should handle mobile menu toggle correctly" classname="e2e/menu.spec.ts" time="1.277">
</testcase>
<testcase name="Menu Page › should display loading states correctly" classname="e2e/menu.spec.ts" time="1.083">
</testcase>
<testcase name="Menu Page › should handle network errors gracefully" classname="e2e/menu.spec.ts" time="1.666">
</testcase>
</testsuite>
<testsuite name="e2e/mock-payment-flow.spec.ts" timestamp="2025-07-20T10:35:55.243Z" hostname="Mobile Chrome" tests="4" failures="2" skipped="0" time="57.376" errors="0">
<testcase name="Mock Payment Flow - Bypassing Cart Issues › should complete mock payment flow with card payment" classname="e2e/mock-payment-flow.spec.ts" time="17.895">
<failure message="mock-payment-flow.spec.ts:41:7 should complete mock payment flow with card payment" type="FAILURE">
<![CDATA[  [Mobile Chrome] › e2e/mock-payment-flow.spec.ts:41:7 › Mock Payment Flow - Bypassing Cart Issues › should complete mock payment flow with card payment 

    Error: locator.count: Unexpected token "=" while parsing css selector "[class*="success"], [class*="green"], text=Payment Successful, text=Order Confirmed". Did you mean to CSS.escape it?

      218 |       // Look for success banners or states on current page
      219 |       const successBanner = page.locator('[class*="success"], [class*="green"], text=Payment Successful, text=Order Confirmed');
    > 220 |       if (await successBanner.count() > 0) {
          |                               ^
      221 |         console.log('✅ Success banner found on current page');
      222 |       }
      223 |       
        at /Users/I590496/TKAFROKITCHEN/tk-afro-kitchen/tests/e2e/mock-payment-flow.spec.ts:220:31

    attachment #1: screenshot (image/png) ──────────────────────────────────────────────────────────
    ../test-results/e2e-mock-payment-flow-Mock-3b853-ment-flow-with-card-payment-Mobile-Chrome/test-failed-1.png
    ────────────────────────────────────────────────────────────────────────────────────────────────

    attachment #2: video (video/webm) ──────────────────────────────────────────────────────────────
    ../test-results/e2e-mock-payment-flow-Mock-3b853-ment-flow-with-card-payment-Mobile-Chrome/video.webm
    ────────────────────────────────────────────────────────────────────────────────────────────────

    Error Context: ../test-results/e2e-mock-payment-flow-Mock-3b853-ment-flow-with-card-payment-Mobile-Chrome/error-context.md
]]>
</failure>
<system-out>
<![CDATA[🚀 Starting mock payment flow test
🛍️ Step 1: Navigate to checkout with mock cart
Current URL: https://tkafrokitchen.com/menu
⚠️ Still redirected - will test checkout components directly
📝 Step 2: Fill delivery details
⚠️ Field fullName not found or not visible
⚠️ Field email not found or not visible
⚠️ Field phone not found or not visible
⚠️ Field address not found or not visible
⚠️ Field city not found or not visible
⚠️ Field postcode not found or not visible
💳 Step 3: Proceed to payment step
⚠️ Continue button not found - may already be on payment step
💳 Step 4: Select card payment method
⚠️ Card payment button not found - checking for existing payment form
🔢 Step 5: Fill payment details
⚠️ Stripe iframe not available: locator.isVisible: Error: strict mode violation: locator('iframe[src*="stripe"], iframe[name*="stripe"]') resolved to 2 elements:
    1) <iframe tabindex="-1" scrolling="no" frameborder="0" allow="payment *" aria-hidden="true" role="presentation" allowtransparency="true" name="__privateStripeController3631" src="https://js.stripe.com/v3/controller-with-preconnect-5a125e125bbb24d882c0a6f33f679c89.html#__shared_params__[version]=basil&apiKey=pk_live_51RI9m6D7KJvDWZWcxrFaS7HOqtfxKfDVxTDtWxJ37EiQkjLSY8Ij2Jd75GZjDinEvyhPgh8DrkrzSohoao5H852g00n8mS2Eca&apiVersion=2025-03-31.basil&stripeJsId=5b0e00ca-6b5b-4bed-98a1-4848b60bd6ab&stripeObjId=sob…></iframe> aka locator('iframe[name="__privateStripeController3631"]')
    2) <iframe tabindex="-1" scrolling="no" frameborder="0" allow="payment *" aria-hidden="true" role="presentation" allowtransparency="true" name="__privateStripeMetricsController3630" src="https://js.stripe.com/v3/m-outer-3437aaddcdf6922d623e172c2d6f9278.html#url=https%3A%2F%2Ftkafrokitchen.com%2Fmenu&title=TK%20Afro%20Kitchen&referrer=&muid=NA&sid=NA&version=6&preview=false&__shared_params__[version]=basil"></iframe> aka locator('iframe[name="__privateStripeMetricsController3630"]')

Call log:
[2m    - checking visibility of locator('iframe[src*="stripe"], iframe[name*="stripe"]').contentFrame().locator('input[name="cardnumber"], input[placeholder*="1234"]')[22m

🔧 Looking for mock payment fields
✅ Step 6: Submit payment
Found payment submit button
✅ Payment submitted
🎉 Step 7: Check for success state
Final URL: https://tkafrokitchen.com/pricing
⚠️ Not redirected to success page - checking for success indicators

[[ATTACHMENT|e2e-mock-payment-flow-Mock-3b853-ment-flow-with-card-payment-Mobile-Chrome/test-failed-1.png]]

[[ATTACHMENT|e2e-mock-payment-flow-Mock-3b853-ment-flow-with-card-payment-Mobile-Chrome/video.webm]]

[[ATTACHMENT|e2e-mock-payment-flow-Mock-3b853-ment-flow-with-card-payment-Mobile-Chrome/error-context.md]]
]]>
</system-out>
</testcase>
<testcase name="Mock Payment Flow - Bypassing Cart Issues › should test Safari-specific payment flow" classname="e2e/mock-payment-flow.spec.ts" time="5.186">
<system-out>
<![CDATA[🍎 Testing Safari-specific payment flow
🍎 Safari payment flow test completed
]]>
</system-out>
</testcase>
<testcase name="Mock Payment Flow - Bypassing Cart Issues › should test payment form validation" classname="e2e/mock-payment-flow.spec.ts" time="30.715">
<failure message="mock-payment-flow.spec.ts:312:7 should test payment form validation" type="FAILURE">
<![CDATA[  [Mobile Chrome] › e2e/mock-payment-flow.spec.ts:312:7 › Mock Payment Flow - Bypassing Cart Issues › should test payment form validation 

    Test timeout of 30000ms exceeded.

    Error: page.fill: Test timeout of 30000ms exceeded.
    Call log:
      - waiting for locator('input[name="fullName"], input[id="fullName"]')


      330 |     
      331 |     // Fill some fields and leave others empty
    > 332 |     await page.fill('input[name="fullName"], input[id="fullName"]', 'Test User');
          |                ^
      333 |     await page.fill('input[name="email"], input[id="email"]', 'invalid-email');
      334 |     
      335 |     if (await continueButton.isVisible()) {
        at /Users/I590496/TKAFROKITCHEN/tk-afro-kitchen/tests/e2e/mock-payment-flow.spec.ts:332:16

    attachment #1: screenshot (image/png) ──────────────────────────────────────────────────────────
    ../test-results/e2e-mock-payment-flow-Mock-b2a23-est-payment-form-validation-Mobile-Chrome/test-failed-1.png
    ────────────────────────────────────────────────────────────────────────────────────────────────

    attachment #2: video (video/webm) ──────────────────────────────────────────────────────────────
    ../test-results/e2e-mock-payment-flow-Mock-b2a23-est-payment-form-validation-Mobile-Chrome/video.webm
    ────────────────────────────────────────────────────────────────────────────────────────────────

    Error Context: ../test-results/e2e-mock-payment-flow-Mock-b2a23-est-payment-form-validation-Mobile-Chrome/error-context.md
]]>
</failure>
<system-out>
<![CDATA[📝 Testing payment form validation

[[ATTACHMENT|e2e-mock-payment-flow-Mock-b2a23-est-payment-form-validation-Mobile-Chrome/test-failed-1.png]]

[[ATTACHMENT|e2e-mock-payment-flow-Mock-b2a23-est-payment-form-validation-Mobile-Chrome/video.webm]]

[[ATTACHMENT|e2e-mock-payment-flow-Mock-b2a23-est-payment-form-validation-Mobile-Chrome/error-context.md]]
]]>
</system-out>
</testcase>
<testcase name="Mock Payment Flow - Bypassing Cart Issues › should test order summary display" classname="e2e/mock-payment-flow.spec.ts" time="3.58">
<system-out>
<![CDATA[📊 Testing order summary display
📊 Order summary test completed
]]>
</system-out>
</testcase>
</testsuite>
<testsuite name="e2e/payment-components-test.spec.ts" timestamp="2025-07-20T10:35:55.243Z" hostname="Mobile Chrome" tests="6" failures="0" skipped="0" time="19.47" errors="0">
<testcase name="Payment Components Test - Direct Component Testing › should test payment components on success page directly" classname="e2e/payment-components-test.spec.ts" time="1.156">
<system-out>
<![CDATA[🎯 Testing success page components directly
✅ Found success element: text=Success
✅ Found success element: text=Successful
✅ Found success element: text=Confirmed
✅ Found success element: text=Thank you
✅ Found success element: text=Order
✅ Found success element: text=£25.99
✅ Found success element: text=TEST123
Current URL: https://tkafrokitchen.com/success?orderId=TEST123&amount=25.99&method=card&timestamp=1234567890
]]>
</system-out>
</testcase>
<testcase name="Payment Components Test - Direct Component Testing › should test Stripe payment integration with mock setup" classname="e2e/payment-components-test.spec.ts" time="2.103">
<system-out>
<![CDATA[💳 Testing Stripe payment integration
Checkout URL: https://tkafrokitchen.com/menu
⚠️ Redirected to menu - testing Stripe components on menu page
Found 1 Stripe iframes on page
✅ Stripe is loading even on menu page
]]>
</system-out>
</testcase>
<testcase name="Payment Components Test - Direct Component Testing › should test card payment flow with manual checkout setup" classname="e2e/payment-components-test.spec.ts" time="11.566">
<system-out>
<![CDATA[🔧 Testing manual checkout setup
Attempt 1: Accessing checkout
Attempt 1 URL: https://tkafrokitchen.com/menu
Attempt 2: Accessing checkout
Attempt 2 URL: https://tkafrokitchen.com/menu
Attempt 3: Accessing checkout
Attempt 3 URL: https://tkafrokitchen.com/menu
⚠️ All attempts failed - cart persistence issue confirmed
🔄 Testing payment components indirectly
✅ Stripe script found
Found 0 payment-related elements
]]>
</system-out>
</testcase>
<testcase name="Payment Components Test - Direct Component Testing › should simulate card payment success flow" classname="e2e/payment-components-test.spec.ts" time="1.048">
<system-out>
<![CDATA[🎉 Simulating card payment success flow
Success URL: /success?orderId=CARD_TEST_1753008444183&amount=29.99&method=card&customerEmail=test%40example.com&customerName=Card+Test+User&timestamp=1753008444183&paymentId=pi_test_card_payment&safari=false
✅ Payment amount found
⚠️ Customer email not found
⚠️ Customer name not found
⚠️ Success message not found
✅ Card payment success flow test completed
]]>
</system-out>
</testcase>
<testcase name="Payment Components Test - Direct Component Testing › should test Safari payment success flow" classname="e2e/payment-components-test.spec.ts" time="1.323">
<system-out>
<![CDATA[🍎 Simulating Safari payment success flow
Safari Success URL: /success?orderId=SAFARI_TEST_1753008444523&amount=19.99&method=paypal&customerEmail=safari.test%40example.com&customerName=Safari+Test+User&timestamp=1753008444523&paymentId=paypal_safari_test&safari=true
⚠️ PayPal payment method not found
✅ Safari-specific text found
✅ PayPal amount found
⚠️ Safari-specific elements not found
🍎 Safari payment success flow test completed
]]>
</system-out>
</testcase>
<testcase name="Payment Components Test - Direct Component Testing › should validate payment form field behavior" classname="e2e/payment-components-test.spec.ts" time="2.274">
<system-out>
<![CDATA[📝 Testing payment form field behavior
✅ Filled fullName: Form Test User
✅ Filled email: form.test@example.com
✅ Filled phone: 07123456789
✅ Filled address: 123 Form Test Street
✅ Filled city: London
✅ Filled postcode: SW1A 1AA
📝 Form validation test completed
]]>
</system-out>
</testcase>
</testsuite>
<testsuite name="e2e/payment-flow-debug.spec.ts" timestamp="2025-07-20T10:35:55.243Z" hostname="Mobile Chrome" tests="5" failures="1" skipped="0" time="15.129" errors="0">
<testcase name="Payment Flow Debug - Step by Step › should navigate to menu page" classname="e2e/payment-flow-debug.spec.ts" time="2.006">
<failure message="payment-flow-debug.spec.ts:5:7 should navigate to menu page" type="FAILURE">
<![CDATA[  [Mobile Chrome] › e2e/payment-flow-debug.spec.ts:5:7 › Payment Flow Debug - Step by Step › should navigate to menu page 

    Error: expect.toBeVisible: Error: strict mode violation: locator('a[href="/menu"]') resolved to 18 elements:
        1) <a href="/menu" class="nav-link">Menu</a> aka getByRole('banner').getByText('Menu')
        2) <a href="/menu" class="hidden md:flex inline-flex items-center justify-center gap-2 whitespace-nowrap rounded-md text-sm font-medium transition-all h-9 px-4 py-2 bg-gradient-to-r from-orange-500 to-yellow-500 hover:from-orange-600 hover:to-yellow-600 text-white">Order Now</a> aka getByRole('banner').getByText('Order Now')
        3) <a href="/menu" class="inline-flex items-center justify-center gap-1 sm:gap-2 whitespace-nowrap rounded-md text-xs sm:text-sm font-medium transition-all h-7 sm:h-9 px-2 sm:px-4 py-1 sm:py-2 bg-white/20 backdrop-blur-sm hover:bg-white/30 text-white border border-white/30 hover:border-white/50">…</a> aka getByRole('link', { name: 'Order', exact: true })
        4) <a href="/menu">…</a> aka getByRole('link', { name: 'Explore Our Menu' })
        5) <a href="/menu" data-slot="button" class="inline-flex items-center justify-center gap-2 whitespace-nowrap text-sm font-medium transition-all disabled:pointer-events-none disabled:opacity-50 [&_svg]:pointer-events-none [&_svg:not([class*='size-'])]:size-4 shrink-0 [&_svg]:shrink-0 outline-none focus-visible:border-ring focus-visible:ring-ring/50 focus-visible:ring-[3px] aria-invalid:ring-destructive/20 dark:aria-invalid:ring-destructive/40 aria-invalid:border-destructive text-primary-foreground sh…>View Our Menu</a> aka getByRole('link', { name: 'View Our Menu' })
        6) <a href="/menu" data-slot="button" class="inline-flex items-center justify-center whitespace-nowrap text-sm font-medium transition-all disabled:pointer-events-none disabled:opacity-50 [&_svg]:pointer-events-none [&_svg:not([class*='size-'])]:size-4 [&_svg]:shrink-0 outline-none focus-visible:border-ring focus-visible:ring-ring/50 focus-visible:ring-[3px] aria-invalid:ring-destructive/20 dark:aria-invalid:ring-destructive/40 aria-invalid:border-destructive text-primary-foreground shadow-xs hover:b…>…</a> aka getByRole('link', { name: 'Add to Cart' }).first()
        7) <a href="/menu" data-slot="button" class="inline-flex items-center justify-center whitespace-nowrap text-sm font-medium transition-all disabled:pointer-events-none disabled:opacity-50 [&_svg]:pointer-events-none [&_svg:not([class*='size-'])]:size-4 shrink-0 [&_svg]:shrink-0 outline-none focus-visible:border-ring focus-visible:ring-ring/50 focus-visible:ring-[3px] aria-invalid:ring-destructive/20 dark:aria-invalid:ring-destructive/40 aria-invalid:border-destructive border bg-background shadow-xs d…>…</a> aka getByRole('main').getByRole('link').filter({ hasText: /^$/ }).first()
        8) <a href="/menu" data-slot="button" class="inline-flex items-center justify-center whitespace-nowrap text-sm font-medium transition-all disabled:pointer-events-none disabled:opacity-50 [&_svg]:pointer-events-none [&_svg:not([class*='size-'])]:size-4 [&_svg]:shrink-0 outline-none focus-visible:border-ring focus-visible:ring-ring/50 focus-visible:ring-[3px] aria-invalid:ring-destructive/20 dark:aria-invalid:ring-destructive/40 aria-invalid:border-destructive text-primary-foreground shadow-xs hover:b…>…</a> aka getByRole('link', { name: 'Add to Cart' }).nth(1)
        9) <a href="/menu" data-slot="button" class="inline-flex items-center justify-center whitespace-nowrap text-sm font-medium transition-all disabled:pointer-events-none disabled:opacity-50 [&_svg]:pointer-events-none [&_svg:not([class*='size-'])]:size-4 shrink-0 [&_svg]:shrink-0 outline-none focus-visible:border-ring focus-visible:ring-ring/50 focus-visible:ring-[3px] aria-invalid:ring-destructive/20 dark:aria-invalid:ring-destructive/40 aria-invalid:border-destructive border bg-background shadow-xs d…>…</a> aka getByRole('main').getByRole('link').filter({ hasText: /^$/ }).nth(1)
        10) <a href="/menu" data-slot="button" class="inline-flex items-center justify-center whitespace-nowrap text-sm font-medium transition-all disabled:pointer-events-none disabled:opacity-50 [&_svg]:pointer-events-none [&_svg:not([class*='size-'])]:size-4 [&_svg]:shrink-0 outline-none focus-visible:border-ring focus-visible:ring-ring/50 focus-visible:ring-[3px] aria-invalid:ring-destructive/20 dark:aria-invalid:ring-destructive/40 aria-invalid:border-destructive text-primary-foreground shadow-xs hover:b…>…</a> aka getByRole('link', { name: 'Add to Cart' }).nth(2)
        ...

    Call log:
      - Expect "toBeVisible" with timeout 5000ms
      - waiting for locator('a[href="/menu"]')


      13 |     // Check if menu link exists
      14 |     const menuLink = page.locator('a[href="/menu"]');
    > 15 |     await expect(menuLink).toBeVisible();
         |                            ^
      16 |     console.log('✅ Menu link found');
      17 |     
      18 |     // Click menu link
        at /Users/I590496/TKAFROKITCHEN/tk-afro-kitchen/tests/e2e/payment-flow-debug.spec.ts:15:28

    attachment #1: screenshot (image/png) ──────────────────────────────────────────────────────────
    ../test-results/e2e-payment-flow-debug-Pay-f4071-hould-navigate-to-menu-page-Mobile-Chrome/test-failed-1.png
    ────────────────────────────────────────────────────────────────────────────────────────────────

    attachment #2: video (video/webm) ──────────────────────────────────────────────────────────────
    ../test-results/e2e-payment-flow-debug-Pay-f4071-hould-navigate-to-menu-page-Mobile-Chrome/video.webm
    ────────────────────────────────────────────────────────────────────────────────────────────────

    Error Context: ../test-results/e2e-payment-flow-debug-Pay-f4071-hould-navigate-to-menu-page-Mobile-Chrome/error-context.md
]]>
</failure>
<system-out>
<![CDATA[
[[ATTACHMENT|e2e-payment-flow-debug-Pay-f4071-hould-navigate-to-menu-page-Mobile-Chrome/test-failed-1.png]]

[[ATTACHMENT|e2e-payment-flow-debug-Pay-f4071-hould-navigate-to-menu-page-Mobile-Chrome/video.webm]]

[[ATTACHMENT|e2e-payment-flow-debug-Pay-f4071-hould-navigate-to-menu-page-Mobile-Chrome/error-context.md]]
]]>
</system-out>
</testcase>
<testcase name="Payment Flow Debug - Step by Step › should find menu items on menu page" classname="e2e/payment-flow-debug.spec.ts" time="4.188">
<system-out>
<![CDATA[Found 94 potential menu cards
First card text: Jollof RiceOur signature Jollof rice cooked with rich tomato sauce and aromatic spicesFrom £35.003 s
✅ Successfully clicked first menu item
]]>
</system-out>
</testcase>
<testcase name="Payment Flow Debug - Step by Step › should find and use cart functionality" classname="e2e/payment-flow-debug.spec.ts" time="3.165">
<system-out>
<![CDATA[Found 1 potential cart buttons in header
✅ Cart button found in header
✅ Cart button clicked
Found 0 "Add to Cart" buttons
]]>
</system-out>
</testcase>
<testcase name="Payment Flow Debug - Step by Step › should access checkout page directly" classname="e2e/payment-flow-debug.spec.ts" time="3.319">
<system-out>
<![CDATA[Current URL after checkout navigation: https://tkafrokitchen.com/menu
❌ Redirected from checkout (likely due to empty cart)
]]>
</system-out>
</testcase>
<testcase name="Payment Flow Debug - Step by Step › should find payment components" classname="e2e/payment-flow-debug.spec.ts" time="2.451">
<system-out>
<![CDATA[Found 0 payment method options
Found 1 Stripe iframes
]]>
</system-out>
</testcase>
</testsuite>
<testsuite name="e2e/safari-checkout-verification.spec.ts" timestamp="2025-07-20T10:35:55.243Z" hostname="Mobile Chrome" tests="3" failures="1" skipped="0" time="19.67" errors="0">
<testcase name="Safari Checkout Verification - End to End › should verify Safari checkout to success flow without menu revert" classname="e2e/safari-checkout-verification.spec.ts" time="7.273">
<system-out>
<![CDATA[🍎 Verifying complete Safari checkout to success flow
🛒 Step 1: Simulating successful Safari payment
🎯 Step 2: Navigating to Safari success page
Safari Success URL: /success?orderId=SAFARI_1753008454171&amount=24.99&method=paypal&customerEmail=safari.user%40test.com&customerName=Safari+Test+User&timestamp=1753008454171&paymentId=paypal_safari_1753008454171&safari=true&items=%5B%7B%22id%22%3A%22jollof-rice%22%2C%22name%22%3A%22Jollof+Rice%22%2C%22quantity%22%3A1%2C%22price%22%3A12.99%2C%22selectedSize%22%3A%7B%22size%22%3A%22Medium%22%2C%22price%22%3A12.99%7D%7D%2C%7B%22id%22%3A%22plantain%22%2C%22name%22%3A%22Sweet+Plantain%22%2C%22quantity%22%3A1%2C%22price%22%3A11.99%2C%22selectedSize%22%3A%7B%22size%22%3A%22Large%22%2C%22price%22%3A11.99%7D%7D%5D&deliveryDetails=%7B%22fullName%22%3A%22Safari+Test+User%22%2C%22email%22%3A%22safari.user%40test.com%22%2C%22phone%22%3A%2207123456789%22%2C%22address%22%3A%22123+Safari+Street%22%2C%22city%22%3A%22London%22%2C%22postcode%22%3A%22SW1A+1AA%22%7D
Current URL after navigation: https://tkafrokitchen.com/success?orderId=SAFARI_1753008454171&amount=24.99&method=paypal&customerEmail=safari.user%40test.com&customerName=Safari+Test+User&timestamp=1753008454171&paymentId=paypal_safari_1753008454171&safari=true&items=%5B%7B%22id%22%3A%22jollof-rice%22%2C%22name%22%3A%22Jollof+Rice%22%2C%22quantity%22%3A1%2C%22price%22%3A12.99%2C%22selectedSize%22%3A%7B%22size%22%3A%22Medium%22%2C%22price%22%3A12.99%7D%7D%2C%7B%22id%22%3A%22plantain%22%2C%22name%22%3A%22Sweet+Plantain%22%2C%22quantity%22%3A1%2C%22price%22%3A11.99%2C%22selectedSize%22%3A%7B%22size%22%3A%22Large%22%2C%22price%22%3A11.99%7D%7D%5D&deliveryDetails=%7B%22fullName%22%3A%22Safari+Test+User%22%2C%22email%22%3A%22safari.user%40test.com%22%2C%22phone%22%3A%2207123456789%22%2C%22address%22%3A%22123+Safari+Street%22%2C%22city%22%3A%22London%22%2C%22postcode%22%3A%22SW1A+1AA%22%7D
✅ Step 3: Verifying no menu revert
✅ SUCCESS: Stayed on success page, no menu revert!
🔍 Step 4: Verifying Safari success content
⚠️ Success message not found (may not be implemented yet)
✅ Payment amount found
✅ Order ID found
⚠️ Customer email not found (may not be implemented yet)
⚠️ PayPal payment method not found (may not be implemented yet)
⚠️ Customer name not found (may not be implemented yet)
🔄 Step 5: Testing Safari navigation handling
Found 0 navigation buttons
🛡️ Step 6: Testing Safari redirect prevention
✅ SUCCESS: Safari redirect prevention working - stayed on success page
🎉 Safari checkout verification completed successfully!
]]>
</system-out>
</testcase>
<testcase name="Safari Checkout Verification - End to End › should verify Safari payment handler integration" classname="e2e/safari-checkout-verification.spec.ts" time="0.133">
<failure message="safari-checkout-verification.spec.ts:147:7 should verify Safari payment handler integration" type="FAILURE">
<![CDATA[  [Mobile Chrome] › e2e/safari-checkout-verification.spec.ts:147:7 › Safari Checkout Verification - End to End › should verify Safari payment handler integration 

    Error: page.evaluate: TypeError: window.SafariPaymentHandler is not a constructor
        at eval (eval at evaluate (:291:30), <anonymous>:2:23)
        at UtilityScript.evaluate (<anonymous>:293:16)
        at UtilityScript.<anonymous> (<anonymous>:1:44)
        at eval (eval at evaluate (:291:30), <anonymous>:2:23)
        at UtilityScript.evaluate (<anonymous>:293:16)
        at UtilityScript.<anonymous> (<anonymous>:1:44)
        at /Users/I590496/TKAFROKITCHEN/tk-afro-kitchen/tests/e2e/safari-checkout-verification.spec.ts:178:35

    attachment #1: screenshot (image/png) ──────────────────────────────────────────────────────────
    ../test-results/e2e-safari-checkout-verifi-a0c92-payment-handler-integration-Mobile-Chrome/test-failed-1.png
    ────────────────────────────────────────────────────────────────────────────────────────────────

    attachment #2: video (video/webm) ──────────────────────────────────────────────────────────────
    ../test-results/e2e-safari-checkout-verifi-a0c92-payment-handler-integration-Mobile-Chrome/video.webm
    ────────────────────────────────────────────────────────────────────────────────────────────────
]]>
</failure>
<system-out>
<![CDATA[🔧 Verifying Safari payment handler integration

[[ATTACHMENT|e2e-safari-checkout-verifi-a0c92-payment-handler-integration-Mobile-Chrome/test-failed-1.png]]

[[ATTACHMENT|e2e-safari-checkout-verifi-a0c92-payment-handler-integration-Mobile-Chrome/video.webm]]
]]>
</system-out>
</testcase>
<testcase name="Safari Checkout Verification - End to End › should verify comprehensive Safari success scenarios" classname="e2e/safari-checkout-verification.spec.ts" time="12.264">
<system-out>
<![CDATA[📋 Testing comprehensive Safari success scenarios
🧪 Testing scenario: PayPal Safari Payment
✅ PayPal Safari Payment: Success page loaded correctly
✅ PayPal Safari Payment: Amount £29.99 displayed
✅ PayPal Safari Payment: Order ID PAYPAL_SAFARI_001 displayed
🧪 Testing scenario: Apple Pay Safari Payment
✅ Apple Pay Safari Payment: Success page loaded correctly
✅ Apple Pay Safari Payment: Amount £19.99 displayed
✅ Apple Pay Safari Payment: Order ID APPLEPAY_SAFARI_002 displayed
🧪 Testing scenario: Card Safari Payment (with delays)
✅ Card Safari Payment (with delays): Success page loaded correctly
✅ Card Safari Payment (with delays): Amount £34.99 displayed
✅ Card Safari Payment (with delays): Order ID CARD_SAFARI_003 displayed
📋 Safari scenarios testing completed
]]>
</system-out>
</testcase>
</testsuite>
<testsuite name="e2e/safari-payment.spec.ts" timestamp="2025-07-20T10:35:55.243Z" hostname="Mobile Chrome" tests="7" failures="0" skipped="7" time="0.764" errors="0">
<testcase name="Safari Payment Success Flow › should detect Safari browser correctly" classname="e2e/safari-payment.spec.ts" time="0.13">
<properties>
<property name="skip" value="Safari-specific test">
</property>
</properties>
<skipped>
</skipped>
</testcase>
<testcase name="Safari Payment Success Flow › should handle Safari payment redirect correctly" classname="e2e/safari-payment.spec.ts" time="0.113">
<properties>
<property name="skip" value="Safari-specific test">
</property>
</properties>
<skipped>
</skipped>
</testcase>
<testcase name="Safari Payment Success Flow › should show Safari success banner on payment completion" classname="e2e/safari-payment.spec.ts" time="0.114">
<properties>
<property name="skip" value="Safari-specific test">
</property>
</properties>
<skipped>
</skipped>
</testcase>
<testcase name="Safari Payment Success Flow › should retrieve order details from URL parameters in Safari" classname="e2e/safari-payment.spec.ts" time="0.114">
<properties>
<property name="skip" value="Safari-specific test">
</property>
</properties>
<skipped>
</skipped>
</testcase>
<testcase name="Safari Payment Success Flow › should prevent automatic redirects from success page in Safari" classname="e2e/safari-payment.spec.ts" time="0.097">
<properties>
<property name="skip" value="Safari-specific test">
</property>
</properties>
<skipped>
</skipped>
</testcase>
<testcase name="Safari Payment Success Flow › should handle localStorage access delays in Safari" classname="e2e/safari-payment.spec.ts" time="0.098">
<properties>
<property name="skip" value="Safari-specific test">
</property>
</properties>
<skipped>
</skipped>
</testcase>
<testcase name="Safari Payment Success Flow › should show loading state before displaying success content" classname="e2e/safari-payment.spec.ts" time="0.098">
<properties>
<property name="skip" value="Safari-specific test">
</property>
</properties>
<skipped>
</skipped>
</testcase>
</testsuite>
<testsuite name="e2e/working-payment-flow.spec.ts" timestamp="2025-07-20T10:35:55.243Z" hostname="Mobile Chrome" tests="2" failures="1" skipped="0" time="18.163" errors="0">
<testcase name="Working Payment Flow - Add to Cart → Card Payment → Success Page › should complete full payment flow with card payment" classname="e2e/working-payment-flow.spec.ts" time="11.513">
<failure message="working-payment-flow.spec.ts:5:7 should complete full payment flow with card payment" type="FAILURE">
<![CDATA[  [Mobile Chrome] › e2e/working-payment-flow.spec.ts:5:7 › Working Payment Flow - Add to Cart → Card Payment → Success Page › should complete full payment flow with card payment 

    Error: locator.isVisible: Error: strict mode violation: locator('iframe[src*="stripe"], iframe[name*="stripe"]') resolved to 5 elements:
        1) <iframe scrolling="no" frameborder="0" allow="payment *" role="presentation" allowtransparency="true" name="__privateStripeFrame5853" title="Secure card payment input frame" src="https://js.stripe.com/v3/elements-inner-card-b4804e456573ea7724b00214ad90dc84.html#__shared_params__[version]=basil&wait=false&mids[guid]=NA&mids[muid]=NA&mids[sid]=NA&hidePostalCode=true&style[base][fontSize]=16px&style[base][color]=%23424770&style[base][::placeholder][color]=%23aab7c4&style[base][backgroundColor]=%23ffffff&…></iframe> aka locator('iframe[name="__privateStripeFrame5853"]')
        2) <iframe tabindex="-1" scrolling="no" frameborder="0" name="cardButton5854" allowtransparency="true" src="https://js.stripe.com/v3/elements-inner-link-button-for-card-db8475545bc2de759f51a8e562d0e681.html#locale=en&style[backgroundColor]=%23ffffff&style[foregroundColor]=%23424770&frameId=__privateStripeFrame5853&publishableKey=pk_live_51RI9m6D7KJvDWZWcxrFaS7HOqtfxKfDVxTDtWxJ37EiQkjLSY8Ij2Jd75GZjDinEvyhPgh8DrkrzSohoao5H852g00n8mS2Eca&stripeJsId=e8613e76-f6c7-45fe-b433-5f01b591d926&controllerId=__private…></iframe> aka locator('iframe[name="cardButton5854"]')
        3) <iframe tabindex="-1" scrolling="no" frameborder="0" allow="payment *" aria-hidden="true" role="presentation" allowtransparency="true" name="__privateStripeController5851" src="https://js.stripe.com/v3/controller-with-preconnect-5a125e125bbb24d882c0a6f33f679c89.html#__shared_params__[version]=basil&apiKey=pk_live_51RI9m6D7KJvDWZWcxrFaS7HOqtfxKfDVxTDtWxJ37EiQkjLSY8Ij2Jd75GZjDinEvyhPgh8DrkrzSohoao5H852g00n8mS2Eca&apiVersion=2025-03-31.basil&stripeJsId=e8613e76-f6c7-45fe-b433-5f01b591d926&stripeObjId=sob…></iframe> aka locator('iframe[name="__privateStripeController5851"]')
        4) <iframe tabindex="-1" scrolling="no" frameborder="0" aria-hidden="true" data-initialized="true" allowtransparency="true" name="hcaptcha-invisible" referrerpolicy="no-referrer" src="https://js.stripe.com/v3/hcaptcha-invisible-ca8c165ddc029076f72982d5bdfea0c0.html#debugMode=false&parentOrigin=https%3A%2F%2Ftkafrokitchen.com"></iframe> aka locator('iframe[name="hcaptcha-invisible"]')
        5) <iframe scrolling="no" frameborder="0" role="presentation" allowtransparency="true" name="__privateStripeFrame5855" allow="payment *; publickey-credentials-get *" src="https://js.stripe.com/v3/link-auth-modal-inner-85b88fd2d40d021dd3c825f5131eab19.html#apiKey=pk_live_51RI9m6D7KJvDWZWcxrFaS7HOqtfxKfDVxTDtWxJ37EiQkjLSY8Ij2Jd75GZjDinEvyhPgh8DrkrzSohoao5H852g00n8mS2Eca&locale=&stripeJsId=e8613e76-f6c7-45fe-b433-5f01b591d926&requestSurface=web_card_element_popup&mids[guid]=NA&mids[muid]=NA&mids[sid]=NA&ref…></iframe> aka locator('iframe[name="__privateStripeFrame5855"]')

    Call log:
        - checking visibility of locator('iframe[src*="stripe"], iframe[name*="stripe"]').contentFrame().locator('input[name="cardnumber"], input[placeholder*="card"]')


      124 |     const cardInput = stripeFrame.locator('input[name="cardnumber"], input[placeholder*="card"]');
      125 |     
    > 126 |     if (await cardInput.isVisible({ timeout: 5000 })) {
          |                         ^
      127 |       console.log('✅ Found Stripe card input');
      128 |       
      129 |       // Fill Stripe test card details
        at /Users/I590496/TKAFROKITCHEN/tk-afro-kitchen/tests/e2e/working-payment-flow.spec.ts:126:25

    attachment #1: screenshot (image/png) ──────────────────────────────────────────────────────────
    ../test-results/e2e-working-payment-flow-W-ee6f9-ment-flow-with-card-payment-Mobile-Chrome/test-failed-1.png
    ────────────────────────────────────────────────────────────────────────────────────────────────

    attachment #2: video (video/webm) ──────────────────────────────────────────────────────────────
    ../test-results/e2e-working-payment-flow-W-ee6f9-ment-flow-with-card-payment-Mobile-Chrome/video.webm
    ────────────────────────────────────────────────────────────────────────────────────────────────

    Error Context: ../test-results/e2e-working-payment-flow-W-ee6f9-ment-flow-with-card-payment-Mobile-Chrome/error-context.md
]]>
</failure>
<system-out>
<![CDATA[🚀 Starting complete payment flow test
📱 Step 1: Navigate to menu
🍽️ Step 2: Select menu item
🛒 Step 3: Add item to cart
✅ Item added to cart
🛍️ Step 4: Open cart and checkout
✅ Cart opened
✅ Clicked checkout button
✅ On checkout page
📝 Step 5: Fill delivery details
✅ Filled fullName: John Doe Test
✅ Filled email: john.doe.test@example.com
✅ Filled phone: 07123456789
✅ Filled address: 123 Test Street, Test Area
✅ Filled city: London
✅ Filled postcode: SW1A 1AA
✅ Proceeded to payment step
💳 Step 6: Select card payment
🔢 Step 7: Fill card details

[[ATTACHMENT|e2e-working-payment-flow-W-ee6f9-ment-flow-with-card-payment-Mobile-Chrome/test-failed-1.png]]

[[ATTACHMENT|e2e-working-payment-flow-W-ee6f9-ment-flow-with-card-payment-Mobile-Chrome/video.webm]]

[[ATTACHMENT|e2e-working-payment-flow-W-ee6f9-ment-flow-with-card-payment-Mobile-Chrome/error-context.md]]
]]>
</system-out>
</testcase>
<testcase name="Working Payment Flow - Add to Cart → Card Payment → Success Page › should handle Safari payment recommendations" classname="e2e/working-payment-flow.spec.ts" time="6.65">
<system-out>
<![CDATA[🍎 Testing Safari payment flow
]]>
</system-out>
</testcase>
</testsuite>
<testsuite name="mobile/mobile-navigation.spec.ts" timestamp="2025-07-20T10:35:55.243Z" hostname="Mobile Chrome" tests="14" failures="14" skipped="0" time="327.612" errors="0">
<testcase name="Mobile Navigation › should display hamburger menu on mobile" classname="mobile/mobile-navigation.spec.ts" time="5.713">
<failure message="mobile-navigation.spec.ts:10:7 should display hamburger menu on mobile" type="FAILURE">
<![CDATA[  [Mobile Chrome] › mobile/mobile-navigation.spec.ts:10:7 › Mobile Navigation › should display hamburger menu on mobile 

    Error: Timed out 5000ms waiting for expect(locator).toBeVisible()

    Locator: locator('button[aria-label*="menu"], .hamburger-menu, [data-testid="mobile-menu-toggle"]').first()
    Expected: visible
    Received: <element(s) not found>
    Call log:
      - Expect "toBeVisible" with timeout 5000ms
      - waiting for locator('button[aria-label*="menu"], .hamburger-menu, [data-testid="mobile-menu-toggle"]').first()


      11 |     // Check hamburger menu button is visible
      12 |     const hamburgerButton = page.locator('button[aria-label*="menu"], .hamburger-menu, [data-testid="mobile-menu-toggle"]');
    > 13 |     await expect(hamburgerButton.first()).toBeVisible();
         |                                           ^
      14 |   });
      15 |
      16 |   test('should toggle mobile menu when hamburger is clicked', async ({ page }) => {
        at /Users/I590496/TKAFROKITCHEN/tk-afro-kitchen/tests/mobile/mobile-navigation.spec.ts:13:43

    attachment #1: screenshot (image/png) ──────────────────────────────────────────────────────────
    ../test-results/mobile-mobile-navigation-M-1d5c4-ay-hamburger-menu-on-mobile-Mobile-Chrome/test-failed-1.png
    ────────────────────────────────────────────────────────────────────────────────────────────────

    attachment #2: video (video/webm) ──────────────────────────────────────────────────────────────
    ../test-results/mobile-mobile-navigation-M-1d5c4-ay-hamburger-menu-on-mobile-Mobile-Chrome/video.webm
    ────────────────────────────────────────────────────────────────────────────────────────────────

    Error Context: ../test-results/mobile-mobile-navigation-M-1d5c4-ay-hamburger-menu-on-mobile-Mobile-Chrome/error-context.md
]]>
</failure>
<system-out>
<![CDATA[
[[ATTACHMENT|mobile-mobile-navigation-M-1d5c4-ay-hamburger-menu-on-mobile-Mobile-Chrome/test-failed-1.png]]

[[ATTACHMENT|mobile-mobile-navigation-M-1d5c4-ay-hamburger-menu-on-mobile-Mobile-Chrome/video.webm]]

[[ATTACHMENT|mobile-mobile-navigation-M-1d5c4-ay-hamburger-menu-on-mobile-Mobile-Chrome/error-context.md]]
]]>
</system-out>
</testcase>
<testcase name="Mobile Navigation › should toggle mobile menu when hamburger is clicked" classname="mobile/mobile-navigation.spec.ts" time="30.394">
<failure message="mobile-navigation.spec.ts:16:7 should toggle mobile menu when hamburger is clicked" type="FAILURE">
<![CDATA[  [Mobile Chrome] › mobile/mobile-navigation.spec.ts:16:7 › Mobile Navigation › should toggle mobile menu when hamburger is clicked 

    Test timeout of 30000ms exceeded.

    Error: locator.click: Test timeout of 30000ms exceeded.
    Call log:
      - waiting for locator('button[aria-label*="menu"], .hamburger-menu, [data-testid="mobile-menu-toggle"]').first()


      19 |     
      20 |     // Click hamburger menu
    > 21 |     await hamburgerButton.first().click();
         |                                   ^
      22 |     
      23 |     // Check mobile menu is visible
      24 |     const mobileMenu = page.locator('.mobile-menu, [data-testid="mobile-menu"], nav.md\\:hidden');
        at /Users/I590496/TKAFROKITCHEN/tk-afro-kitchen/tests/mobile/mobile-navigation.spec.ts:21:35

    attachment #1: screenshot (image/png) ──────────────────────────────────────────────────────────
    ../test-results/mobile-mobile-navigation-M-fbf4e-u-when-hamburger-is-clicked-Mobile-Chrome/test-failed-1.png
    ────────────────────────────────────────────────────────────────────────────────────────────────

    attachment #2: video (video/webm) ──────────────────────────────────────────────────────────────
    ../test-results/mobile-mobile-navigation-M-fbf4e-u-when-hamburger-is-clicked-Mobile-Chrome/video.webm
    ────────────────────────────────────────────────────────────────────────────────────────────────

    Error Context: ../test-results/mobile-mobile-navigation-M-fbf4e-u-when-hamburger-is-clicked-Mobile-Chrome/error-context.md
]]>
</failure>
<system-out>
<![CDATA[
[[ATTACHMENT|mobile-mobile-navigation-M-fbf4e-u-when-hamburger-is-clicked-Mobile-Chrome/test-failed-1.png]]

[[ATTACHMENT|mobile-mobile-navigation-M-fbf4e-u-when-hamburger-is-clicked-Mobile-Chrome/video.webm]]

[[ATTACHMENT|mobile-mobile-navigation-M-fbf4e-u-when-hamburger-is-clicked-Mobile-Chrome/error-context.md]]
]]>
</system-out>
</testcase>
<testcase name="Mobile Navigation › should close mobile menu when clicking outside" classname="mobile/mobile-navigation.spec.ts" time="30.447">
<failure message="mobile-navigation.spec.ts:34:7 should close mobile menu when clicking outside" type="FAILURE">
<![CDATA[  [Mobile Chrome] › mobile/mobile-navigation.spec.ts:34:7 › Mobile Navigation › should close mobile menu when clicking outside 

    Test timeout of 30000ms exceeded.

    Error: locator.click: Test timeout of 30000ms exceeded.
    Call log:
      - waiting for locator('button[aria-label*="menu"], .hamburger-menu, [data-testid="mobile-menu-toggle"]').first()


      35 |     // Open mobile menu
      36 |     const hamburgerButton = page.locator('button[aria-label*="menu"], .hamburger-menu, [data-testid="mobile-menu-toggle"]');
    > 37 |     await hamburgerButton.first().click();
         |                                   ^
      38 |     
      39 |     // Click outside menu (on body)
      40 |     await page.click('body', { position: { x: 50, y: 50 } });
        at /Users/I590496/TKAFROKITCHEN/tk-afro-kitchen/tests/mobile/mobile-navigation.spec.ts:37:35

    attachment #1: screenshot (image/png) ──────────────────────────────────────────────────────────
    ../test-results/mobile-mobile-navigation-M-c3646--menu-when-clicking-outside-Mobile-Chrome/test-failed-1.png
    ────────────────────────────────────────────────────────────────────────────────────────────────

    attachment #2: video (video/webm) ──────────────────────────────────────────────────────────────
    ../test-results/mobile-mobile-navigation-M-c3646--menu-when-clicking-outside-Mobile-Chrome/video.webm
    ────────────────────────────────────────────────────────────────────────────────────────────────

    Error Context: ../test-results/mobile-mobile-navigation-M-c3646--menu-when-clicking-outside-Mobile-Chrome/error-context.md
]]>
</failure>
<system-out>
<![CDATA[
[[ATTACHMENT|mobile-mobile-navigation-M-c3646--menu-when-clicking-outside-Mobile-Chrome/test-failed-1.png]]

[[ATTACHMENT|mobile-mobile-navigation-M-c3646--menu-when-clicking-outside-Mobile-Chrome/video.webm]]

[[ATTACHMENT|mobile-mobile-navigation-M-c3646--menu-when-clicking-outside-Mobile-Chrome/error-context.md]]
]]>
</system-out>
</testcase>
<testcase name="Mobile Navigation › should close mobile menu when clicking a menu item" classname="mobile/mobile-navigation.spec.ts" time="30.419">
<failure message="mobile-navigation.spec.ts:47:7 should close mobile menu when clicking a menu item" type="FAILURE">
<![CDATA[  [Mobile Chrome] › mobile/mobile-navigation.spec.ts:47:7 › Mobile Navigation › should close mobile menu when clicking a menu item 

    Test timeout of 30000ms exceeded.

    Error: locator.click: Test timeout of 30000ms exceeded.
    Call log:
      - waiting for locator('button[aria-label*="menu"], .hamburger-menu, [data-testid="mobile-menu-toggle"]').first()


      48 |     // Open mobile menu
      49 |     const hamburgerButton = page.locator('button[aria-label*="menu"], .hamburger-menu, [data-testid="mobile-menu-toggle"]');
    > 50 |     await hamburgerButton.first().click();
         |                                   ^
      51 |     
      52 |     // Click on a menu item
      53 |     await page.click('text=Menu');
        at /Users/I590496/TKAFROKITCHEN/tk-afro-kitchen/tests/mobile/mobile-navigation.spec.ts:50:35

    attachment #1: screenshot (image/png) ──────────────────────────────────────────────────────────
    ../test-results/mobile-mobile-navigation-M-c3892-u-when-clicking-a-menu-item-Mobile-Chrome/test-failed-1.png
    ────────────────────────────────────────────────────────────────────────────────────────────────

    attachment #2: video (video/webm) ──────────────────────────────────────────────────────────────
    ../test-results/mobile-mobile-navigation-M-c3892-u-when-clicking-a-menu-item-Mobile-Chrome/video.webm
    ────────────────────────────────────────────────────────────────────────────────────────────────

    Error Context: ../test-results/mobile-mobile-navigation-M-c3892-u-when-clicking-a-menu-item-Mobile-Chrome/error-context.md
]]>
</failure>
<system-out>
<![CDATA[
[[ATTACHMENT|mobile-mobile-navigation-M-c3892-u-when-clicking-a-menu-item-Mobile-Chrome/test-failed-1.png]]

[[ATTACHMENT|mobile-mobile-navigation-M-c3892-u-when-clicking-a-menu-item-Mobile-Chrome/video.webm]]

[[ATTACHMENT|mobile-mobile-navigation-M-c3892-u-when-clicking-a-menu-item-Mobile-Chrome/error-context.md]]
]]>
</system-out>
</testcase>
<testcase name="Mobile Navigation › should navigate to correct pages from mobile menu" classname="mobile/mobile-navigation.spec.ts" time="30.394">
<failure message="mobile-navigation.spec.ts:60:7 should navigate to correct pages from mobile menu" type="FAILURE">
<![CDATA[  [Mobile Chrome] › mobile/mobile-navigation.spec.ts:60:7 › Mobile Navigation › should navigate to correct pages from mobile menu 

    Test timeout of 30000ms exceeded.

    Error: locator.click: Test timeout of 30000ms exceeded.
    Call log:
      - waiting for locator('button[aria-label*="menu"], .hamburger-menu, [data-testid="mobile-menu-toggle"]').first()


      61 |     // Open mobile menu
      62 |     const hamburgerButton = page.locator('button[aria-label*="menu"], .hamburger-menu, [data-testid="mobile-menu-toggle"]');
    > 63 |     await hamburgerButton.first().click();
         |                                   ^
      64 |     
      65 |     // Test navigation to different pages
      66 |     const testPages = [
        at /Users/I590496/TKAFROKITCHEN/tk-afro-kitchen/tests/mobile/mobile-navigation.spec.ts:63:35

    attachment #1: screenshot (image/png) ──────────────────────────────────────────────────────────
    ../test-results/mobile-mobile-navigation-M-60022-rect-pages-from-mobile-menu-Mobile-Chrome/test-failed-1.png
    ────────────────────────────────────────────────────────────────────────────────────────────────

    attachment #2: video (video/webm) ──────────────────────────────────────────────────────────────
    ../test-results/mobile-mobile-navigation-M-60022-rect-pages-from-mobile-menu-Mobile-Chrome/video.webm
    ────────────────────────────────────────────────────────────────────────────────────────────────

    Error Context: ../test-results/mobile-mobile-navigation-M-60022-rect-pages-from-mobile-menu-Mobile-Chrome/error-context.md
]]>
</failure>
<system-out>
<![CDATA[
[[ATTACHMENT|mobile-mobile-navigation-M-60022-rect-pages-from-mobile-menu-Mobile-Chrome/test-failed-1.png]]

[[ATTACHMENT|mobile-mobile-navigation-M-60022-rect-pages-from-mobile-menu-Mobile-Chrome/video.webm]]

[[ATTACHMENT|mobile-mobile-navigation-M-60022-rect-pages-from-mobile-menu-Mobile-Chrome/error-context.md]]
]]>
</system-out>
</testcase>
<testcase name="Mobile Navigation › should handle touch gestures correctly" classname="mobile/mobile-navigation.spec.ts" time="30.417">
<failure message="mobile-navigation.spec.ts:84:7 should handle touch gestures correctly" type="FAILURE">
<![CDATA[  [Mobile Chrome] › mobile/mobile-navigation.spec.ts:84:7 › Mobile Navigation › should handle touch gestures correctly 

    Test timeout of 30000ms exceeded.

    Error: locator.tap: Test timeout of 30000ms exceeded.
    Call log:
      - waiting for locator('button[aria-label*="menu"], .hamburger-menu, [data-testid="mobile-menu-toggle"]').first()


      88 |     // For now, test basic touch interactions
      89 |     const hamburgerButton = page.locator('button[aria-label*="menu"], .hamburger-menu, [data-testid="mobile-menu-toggle"]');
    > 90 |     await hamburgerButton.first().tap();
         |                                   ^
      91 |     
      92 |     const mobileMenu = page.locator('.mobile-menu, [data-testid="mobile-menu"], nav.md\\:hidden');
      93 |     await expect(mobileMenu).toBeVisible();
        at /Users/I590496/TKAFROKITCHEN/tk-afro-kitchen/tests/mobile/mobile-navigation.spec.ts:90:35

    attachment #1: screenshot (image/png) ──────────────────────────────────────────────────────────
    ../test-results/mobile-mobile-navigation-M-66fc1-le-touch-gestures-correctly-Mobile-Chrome/test-failed-1.png
    ────────────────────────────────────────────────────────────────────────────────────────────────

    attachment #2: video (video/webm) ──────────────────────────────────────────────────────────────
    ../test-results/mobile-mobile-navigation-M-66fc1-le-touch-gestures-correctly-Mobile-Chrome/video.webm
    ────────────────────────────────────────────────────────────────────────────────────────────────

    Error Context: ../test-results/mobile-mobile-navigation-M-66fc1-le-touch-gestures-correctly-Mobile-Chrome/error-context.md
]]>
</failure>
<system-out>
<![CDATA[
[[ATTACHMENT|mobile-mobile-navigation-M-66fc1-le-touch-gestures-correctly-Mobile-Chrome/test-failed-1.png]]

[[ATTACHMENT|mobile-mobile-navigation-M-66fc1-le-touch-gestures-correctly-Mobile-Chrome/video.webm]]

[[ATTACHMENT|mobile-mobile-navigation-M-66fc1-le-touch-gestures-correctly-Mobile-Chrome/error-context.md]]
]]>
</system-out>
</testcase>
<testcase name="Mobile Navigation › should maintain menu state during page navigation" classname="mobile/mobile-navigation.spec.ts" time="30.447">
<failure message="mobile-navigation.spec.ts:96:7 should maintain menu state during page navigation" type="FAILURE">
<![CDATA[  [Mobile Chrome] › mobile/mobile-navigation.spec.ts:96:7 › Mobile Navigation › should maintain menu state during page navigation 

    Test timeout of 30000ms exceeded.

    Error: locator.click: Test timeout of 30000ms exceeded.
    Call log:
      - waiting for locator('button[aria-label*="menu"], .hamburger-menu, [data-testid="mobile-menu-toggle"]').first()


       97 |     // Open mobile menu
       98 |     const hamburgerButton = page.locator('button[aria-label*="menu"], .hamburger-menu, [data-testid="mobile-menu-toggle"]');
    >  99 |     await hamburgerButton.first().click();
          |                                   ^
      100 |     
      101 |     // Navigate to another page
      102 |     await page.click('text=Menu');
        at /Users/I590496/TKAFROKITCHEN/tk-afro-kitchen/tests/mobile/mobile-navigation.spec.ts:99:35

    attachment #1: screenshot (image/png) ──────────────────────────────────────────────────────────
    ../test-results/mobile-mobile-navigation-M-81514-tate-during-page-navigation-Mobile-Chrome/test-failed-1.png
    ────────────────────────────────────────────────────────────────────────────────────────────────

    attachment #2: video (video/webm) ──────────────────────────────────────────────────────────────
    ../test-results/mobile-mobile-navigation-M-81514-tate-during-page-navigation-Mobile-Chrome/video.webm
    ────────────────────────────────────────────────────────────────────────────────────────────────

    Error Context: ../test-results/mobile-mobile-navigation-M-81514-tate-during-page-navigation-Mobile-Chrome/error-context.md
]]>
</failure>
<system-out>
<![CDATA[
[[ATTACHMENT|mobile-mobile-navigation-M-81514-tate-during-page-navigation-Mobile-Chrome/test-failed-1.png]]

[[ATTACHMENT|mobile-mobile-navigation-M-81514-tate-during-page-navigation-Mobile-Chrome/video.webm]]

[[ATTACHMENT|mobile-mobile-navigation-M-81514-tate-during-page-navigation-Mobile-Chrome/error-context.md]]
]]>
</system-out>
</testcase>
<testcase name="Mobile Navigation › should handle orientation changes" classname="mobile/mobile-navigation.spec.ts" time="5.87">
<failure message="mobile-navigation.spec.ts:112:7 should handle orientation changes" type="FAILURE">
<![CDATA[  [Mobile Chrome] › mobile/mobile-navigation.spec.ts:112:7 › Mobile Navigation › should handle orientation changes 

    Error: Timed out 5000ms waiting for expect(locator).toBeVisible()

    Locator: locator('button[aria-label*="menu"], .hamburger-menu, [data-testid="mobile-menu-toggle"]').first()
    Expected: visible
    Received: <element(s) not found>
    Call log:
      - Expect "toBeVisible" with timeout 5000ms
      - waiting for locator('button[aria-label*="menu"], .hamburger-menu, [data-testid="mobile-menu-toggle"]').first()


      116 |     // Check navigation still works
      117 |     const hamburgerButton = page.locator('button[aria-label*="menu"], .hamburger-menu, [data-testid="mobile-menu-toggle"]');
    > 118 |     await expect(hamburgerButton.first()).toBeVisible();
          |                                           ^
      119 |     
      120 |     // Test portrait orientation
      121 |     await page.setViewportSize({ width: 375, height: 667 });
        at /Users/I590496/TKAFROKITCHEN/tk-afro-kitchen/tests/mobile/mobile-navigation.spec.ts:118:43

    attachment #1: screenshot (image/png) ──────────────────────────────────────────────────────────
    ../test-results/mobile-mobile-navigation-M-81277--handle-orientation-changes-Mobile-Chrome/test-failed-1.png
    ────────────────────────────────────────────────────────────────────────────────────────────────

    attachment #2: video (video/webm) ──────────────────────────────────────────────────────────────
    ../test-results/mobile-mobile-navigation-M-81277--handle-orientation-changes-Mobile-Chrome/video.webm
    ────────────────────────────────────────────────────────────────────────────────────────────────

    Error Context: ../test-results/mobile-mobile-navigation-M-81277--handle-orientation-changes-Mobile-Chrome/error-context.md
]]>
</failure>
<system-out>
<![CDATA[
[[ATTACHMENT|mobile-mobile-navigation-M-81277--handle-orientation-changes-Mobile-Chrome/test-failed-1.png]]

[[ATTACHMENT|mobile-mobile-navigation-M-81277--handle-orientation-changes-Mobile-Chrome/video.webm]]

[[ATTACHMENT|mobile-mobile-navigation-M-81277--handle-orientation-changes-Mobile-Chrome/error-context.md]]
]]>
</system-out>
</testcase>
<testcase name="Mobile Navigation › should have proper focus management" classname="mobile/mobile-navigation.spec.ts" time="30.417">
<failure message="mobile-navigation.spec.ts:125:7 should have proper focus management" type="FAILURE">
<![CDATA[  [Mobile Chrome] › mobile/mobile-navigation.spec.ts:125:7 › Mobile Navigation › should have proper focus management 

    Test timeout of 30000ms exceeded.

    Error: locator.click: Test timeout of 30000ms exceeded.
    Call log:
      - waiting for locator('button[aria-label*="menu"], .hamburger-menu, [data-testid="mobile-menu-toggle"]').first()


      126 |     // Open mobile menu
      127 |     const hamburgerButton = page.locator('button[aria-label*="menu"], .hamburger-menu, [data-testid="mobile-menu-toggle"]');
    > 128 |     await hamburgerButton.first().click();
          |                                   ^
      129 |     
      130 |     // Check first menu item is focusable
      131 |     const firstMenuItem = page.locator('nav a').first();
        at /Users/I590496/TKAFROKITCHEN/tk-afro-kitchen/tests/mobile/mobile-navigation.spec.ts:128:35

    attachment #1: screenshot (image/png) ──────────────────────────────────────────────────────────
    ../test-results/mobile-mobile-navigation-M-b062b-ave-proper-focus-management-Mobile-Chrome/test-failed-1.png
    ────────────────────────────────────────────────────────────────────────────────────────────────

    attachment #2: video (video/webm) ──────────────────────────────────────────────────────────────
    ../test-results/mobile-mobile-navigation-M-b062b-ave-proper-focus-management-Mobile-Chrome/video.webm
    ────────────────────────────────────────────────────────────────────────────────────────────────

    Error Context: ../test-results/mobile-mobile-navigation-M-b062b-ave-proper-focus-management-Mobile-Chrome/error-context.md
]]>
</failure>
<system-out>
<![CDATA[
[[ATTACHMENT|mobile-mobile-navigation-M-b062b-ave-proper-focus-management-Mobile-Chrome/test-failed-1.png]]

[[ATTACHMENT|mobile-mobile-navigation-M-b062b-ave-proper-focus-management-Mobile-Chrome/video.webm]]

[[ATTACHMENT|mobile-mobile-navigation-M-b062b-ave-proper-focus-management-Mobile-Chrome/error-context.md]]
]]>
</system-out>
</testcase>
<testcase name="Mobile Navigation › should handle keyboard navigation" classname="mobile/mobile-navigation.spec.ts" time="30.444">
<failure message="mobile-navigation.spec.ts:136:7 should handle keyboard navigation" type="FAILURE">
<![CDATA[  [Mobile Chrome] › mobile/mobile-navigation.spec.ts:136:7 › Mobile Navigation › should handle keyboard navigation 

    Test timeout of 30000ms exceeded.

    Error: locator.click: Test timeout of 30000ms exceeded.
    Call log:
      - waiting for locator('button[aria-label*="menu"], .hamburger-menu, [data-testid="mobile-menu-toggle"]').first()


      137 |     // Open mobile menu
      138 |     const hamburgerButton = page.locator('button[aria-label*="menu"], .hamburger-menu, [data-testid="mobile-menu-toggle"]');
    > 139 |     await hamburgerButton.first().click();
          |                                   ^
      140 |     
      141 |     // Test keyboard navigation
      142 |     await page.keyboard.press('Tab');
        at /Users/I590496/TKAFROKITCHEN/tk-afro-kitchen/tests/mobile/mobile-navigation.spec.ts:139:35

    attachment #1: screenshot (image/png) ──────────────────────────────────────────────────────────
    ../test-results/mobile-mobile-navigation-M-819d2--handle-keyboard-navigation-Mobile-Chrome/test-failed-1.png
    ────────────────────────────────────────────────────────────────────────────────────────────────

    attachment #2: video (video/webm) ──────────────────────────────────────────────────────────────
    ../test-results/mobile-mobile-navigation-M-819d2--handle-keyboard-navigation-Mobile-Chrome/video.webm
    ────────────────────────────────────────────────────────────────────────────────────────────────

    Error Context: ../test-results/mobile-mobile-navigation-M-819d2--handle-keyboard-navigation-Mobile-Chrome/error-context.md
]]>
</failure>
<system-out>
<![CDATA[
[[ATTACHMENT|mobile-mobile-navigation-M-819d2--handle-keyboard-navigation-Mobile-Chrome/test-failed-1.png]]

[[ATTACHMENT|mobile-mobile-navigation-M-819d2--handle-keyboard-navigation-Mobile-Chrome/video.webm]]

[[ATTACHMENT|mobile-mobile-navigation-M-819d2--handle-keyboard-navigation-Mobile-Chrome/error-context.md]]
]]>
</system-out>
</testcase>
<testcase name="Mobile Navigation › should have proper ARIA attributes" classname="mobile/mobile-navigation.spec.ts" time="5.755">
<failure message="mobile-navigation.spec.ts:149:7 should have proper ARIA attributes" type="FAILURE">
<![CDATA[  [Mobile Chrome] › mobile/mobile-navigation.spec.ts:149:7 › Mobile Navigation › should have proper ARIA attributes 

    Error: Timed out 5000ms waiting for expect(locator).toBeVisible()

    Locator: locator('button[aria-label*="menu"], .hamburger-menu, [data-testid="mobile-menu-toggle"]').first()
    Expected: visible
    Received: <element(s) not found>
    Call log:
      - Expect "toBeVisible" with timeout 5000ms
      - waiting for locator('button[aria-label*="menu"], .hamburger-menu, [data-testid="mobile-menu-toggle"]').first()


      150 |     // Check hamburger button has proper ARIA attributes
      151 |     const hamburgerButton = page.locator('button[aria-label*="menu"], .hamburger-menu, [data-testid="mobile-menu-toggle"]');
    > 152 |     await expect(hamburgerButton.first()).toBeVisible();
          |                                           ^
      153 |     
      154 |     // Check for aria-expanded attribute
      155 |     const ariaExpanded = await hamburgerButton.first().getAttribute('aria-expanded');
        at /Users/I590496/TKAFROKITCHEN/tk-afro-kitchen/tests/mobile/mobile-navigation.spec.ts:152:43

    attachment #1: screenshot (image/png) ──────────────────────────────────────────────────────────
    ../test-results/mobile-mobile-navigation-M-07eb3-have-proper-ARIA-attributes-Mobile-Chrome/test-failed-1.png
    ────────────────────────────────────────────────────────────────────────────────────────────────

    attachment #2: video (video/webm) ──────────────────────────────────────────────────────────────
    ../test-results/mobile-mobile-navigation-M-07eb3-have-proper-ARIA-attributes-Mobile-Chrome/video.webm
    ────────────────────────────────────────────────────────────────────────────────────────────────

    Error Context: ../test-results/mobile-mobile-navigation-M-07eb3-have-proper-ARIA-attributes-Mobile-Chrome/error-context.md
]]>
</failure>
<system-out>
<![CDATA[
[[ATTACHMENT|mobile-mobile-navigation-M-07eb3-have-proper-ARIA-attributes-Mobile-Chrome/test-failed-1.png]]

[[ATTACHMENT|mobile-mobile-navigation-M-07eb3-have-proper-ARIA-attributes-Mobile-Chrome/video.webm]]

[[ATTACHMENT|mobile-mobile-navigation-M-07eb3-have-proper-ARIA-attributes-Mobile-Chrome/error-context.md]]
]]>
</system-out>
</testcase>
<testcase name="Mobile Navigation › should handle rapid menu toggles" classname="mobile/mobile-navigation.spec.ts" time="30.45">
<failure message="mobile-navigation.spec.ts:159:7 should handle rapid menu toggles" type="FAILURE">
<![CDATA[  [Mobile Chrome] › mobile/mobile-navigation.spec.ts:159:7 › Mobile Navigation › should handle rapid menu toggles 

    Test timeout of 30000ms exceeded.

    Error: locator.click: Test timeout of 30000ms exceeded.
    Call log:
      - waiting for locator('button[aria-label*="menu"], .hamburger-menu, [data-testid="mobile-menu-toggle"]').first()


      162 |     // Rapidly click hamburger menu
      163 |     for (let i = 0; i < 5; i++) {
    > 164 |       await hamburgerButton.first().click();
          |                                     ^
      165 |       await page.waitForTimeout(100);
      166 |     }
      167 |     
        at /Users/I590496/TKAFROKITCHEN/tk-afro-kitchen/tests/mobile/mobile-navigation.spec.ts:164:37

    attachment #1: screenshot (image/png) ──────────────────────────────────────────────────────────
    ../test-results/mobile-mobile-navigation-M-e96ff-d-handle-rapid-menu-toggles-Mobile-Chrome/test-failed-1.png
    ────────────────────────────────────────────────────────────────────────────────────────────────

    attachment #2: video (video/webm) ──────────────────────────────────────────────────────────────
    ../test-results/mobile-mobile-navigation-M-e96ff-d-handle-rapid-menu-toggles-Mobile-Chrome/video.webm
    ────────────────────────────────────────────────────────────────────────────────────────────────

    Error Context: ../test-results/mobile-mobile-navigation-M-e96ff-d-handle-rapid-menu-toggles-Mobile-Chrome/error-context.md
]]>
</failure>
<system-out>
<![CDATA[
[[ATTACHMENT|mobile-mobile-navigation-M-e96ff-d-handle-rapid-menu-toggles-Mobile-Chrome/test-failed-1.png]]

[[ATTACHMENT|mobile-mobile-navigation-M-e96ff-d-handle-rapid-menu-toggles-Mobile-Chrome/video.webm]]

[[ATTACHMENT|mobile-mobile-navigation-M-e96ff-d-handle-rapid-menu-toggles-Mobile-Chrome/error-context.md]]
]]>
</system-out>
</testcase>
<testcase name="Mobile Navigation › should work on different mobile screen sizes" classname="mobile/mobile-navigation.spec.ts" time="6.024">
<failure message="mobile-navigation.spec.ts:173:7 should work on different mobile screen sizes" type="FAILURE">
<![CDATA[  [Mobile Chrome] › mobile/mobile-navigation.spec.ts:173:7 › Mobile Navigation › should work on different mobile screen sizes 

    Error: Timed out 5000ms waiting for expect(locator).toBeVisible()

    Locator: locator('button[aria-label*="menu"], .hamburger-menu, [data-testid="mobile-menu-toggle"]').first()
    Expected: visible
    Received: <element(s) not found>
    Call log:
      - Expect "toBeVisible" with timeout 5000ms
      - waiting for locator('button[aria-label*="menu"], .hamburger-menu, [data-testid="mobile-menu-toggle"]').first()


      184 |       
      185 |       const hamburgerButton = page.locator('button[aria-label*="menu"], .hamburger-menu, [data-testid="mobile-menu-toggle"]');
    > 186 |       await expect(hamburgerButton.first()).toBeVisible();
          |                                             ^
      187 |     }
      188 |   });
      189 |
        at /Users/I590496/TKAFROKITCHEN/tk-afro-kitchen/tests/mobile/mobile-navigation.spec.ts:186:45

    attachment #1: screenshot (image/png) ──────────────────────────────────────────────────────────
    ../test-results/mobile-mobile-navigation-M-06806-fferent-mobile-screen-sizes-Mobile-Chrome/test-failed-1.png
    ────────────────────────────────────────────────────────────────────────────────────────────────

    attachment #2: video (video/webm) ──────────────────────────────────────────────────────────────
    ../test-results/mobile-mobile-navigation-M-06806-fferent-mobile-screen-sizes-Mobile-Chrome/video.webm
    ────────────────────────────────────────────────────────────────────────────────────────────────

    Error Context: ../test-results/mobile-mobile-navigation-M-06806-fferent-mobile-screen-sizes-Mobile-Chrome/error-context.md
]]>
</failure>
<system-out>
<![CDATA[
[[ATTACHMENT|mobile-mobile-navigation-M-06806-fferent-mobile-screen-sizes-Mobile-Chrome/test-failed-1.png]]

[[ATTACHMENT|mobile-mobile-navigation-M-06806-fferent-mobile-screen-sizes-Mobile-Chrome/video.webm]]

[[ATTACHMENT|mobile-mobile-navigation-M-06806-fferent-mobile-screen-sizes-Mobile-Chrome/error-context.md]]
]]>
</system-out>
</testcase>
<testcase name="Mobile Navigation › should handle network interruptions gracefully" classname="mobile/mobile-navigation.spec.ts" time="30.421">
<failure message="mobile-navigation.spec.ts:190:7 should handle network interruptions gracefully" type="FAILURE">
<![CDATA[  [Mobile Chrome] › mobile/mobile-navigation.spec.ts:190:7 › Mobile Navigation › should handle network interruptions gracefully 

    Test timeout of 30000ms exceeded.

    Error: locator.click: Test timeout of 30000ms exceeded.
    Call log:
      - waiting for locator('button[aria-label*="menu"], .hamburger-menu, [data-testid="mobile-menu-toggle"]').first()


      197 |     // Try to open mobile menu
      198 |     const hamburgerButton = page.locator('button[aria-label*="menu"], .hamburger-menu, [data-testid="mobile-menu-toggle"]');
    > 199 |     await hamburgerButton.first().click();
          |                                   ^
      200 |     
      201 |     // Menu should still work
      202 |     const mobileMenu = page.locator('.mobile-menu, [data-testid="mobile-menu"], nav.md\\:hidden');
        at /Users/I590496/TKAFROKITCHEN/tk-afro-kitchen/tests/mobile/mobile-navigation.spec.ts:199:35

    attachment #1: screenshot (image/png) ──────────────────────────────────────────────────────────
    ../test-results/mobile-mobile-navigation-M-dff51-rk-interruptions-gracefully-Mobile-Chrome/test-failed-1.png
    ────────────────────────────────────────────────────────────────────────────────────────────────

    attachment #2: video (video/webm) ──────────────────────────────────────────────────────────────
    ../test-results/mobile-mobile-navigation-M-dff51-rk-interruptions-gracefully-Mobile-Chrome/video.webm
    ────────────────────────────────────────────────────────────────────────────────────────────────

    Error Context: ../test-results/mobile-mobile-navigation-M-dff51-rk-interruptions-gracefully-Mobile-Chrome/error-context.md
]]>
</failure>
<system-out>
<![CDATA[
[[ATTACHMENT|mobile-mobile-navigation-M-dff51-rk-interruptions-gracefully-Mobile-Chrome/test-failed-1.png]]

[[ATTACHMENT|mobile-mobile-navigation-M-dff51-rk-interruptions-gracefully-Mobile-Chrome/video.webm]]

[[ATTACHMENT|mobile-mobile-navigation-M-dff51-rk-interruptions-gracefully-Mobile-Chrome/error-context.md]]
]]>
</system-out>
</testcase>
</testsuite>
<testsuite name="performance/performance.spec.ts" timestamp="2025-07-20T10:35:55.243Z" hostname="Mobile Chrome" tests="13" failures="2" skipped="0" time="21.941" errors="0">
<testcase name="Performance Tests › should load homepage within performance budget" classname="performance/performance.spec.ts" time="1.617">
<system-out>
<![CDATA[Homepage load time: 1045ms
]]>
</system-out>
</testcase>
<testcase name="Performance Tests › should load menu page within performance budget" classname="performance/performance.spec.ts" time="1.74">
<system-out>
<![CDATA[Menu page load time: 1294ms
]]>
</system-out>
</testcase>
<testcase name="Performance Tests › should have optimized images" classname="performance/performance.spec.ts" time="1.175">
</testcase>
<testcase name="Performance Tests › should have reasonable bundle size" classname="performance/performance.spec.ts" time="0.839">
<system-out>
<![CDATA[Page size: 0.02MB
]]>
</system-out>
</testcase>
<testcase name="Performance Tests › should have fast Time to Interactive" classname="performance/performance.spec.ts" time="0.669">
<system-out>
<![CDATA[Time to Interactive: 257.10000002384186ms
]]>
</system-out>
</testcase>
<testcase name="Performance Tests › should handle slow network conditions" classname="performance/performance.spec.ts" time="5.5">
<system-out>
<![CDATA[Slow network load time: 4967ms
]]>
</system-out>
</testcase>
<testcase name="Performance Tests › should have efficient CSS and JS loading" classname="performance/performance.spec.ts" time="0.631">
<failure message="performance.spec.ts:134:7 should have efficient CSS and JS loading" type="FAILURE">
<![CDATA[  [Mobile Chrome] › performance/performance.spec.ts:134:7 › Performance Tests › should have efficient CSS and JS loading 

    Error: expect(received).toBeGreaterThan(expected)

    Expected: > 0
    Received:   0

      140 |     
      141 |     // Should have some inline critical CSS
    > 142 |     expect(inlineStyleCount).toBeGreaterThan(0);
          |                              ^
      143 |     
      144 |     // Check for deferred non-critical CSS
      145 |     const deferredCSS = page.locator('link[rel="stylesheet"][media="print"]');
        at /Users/I590496/TKAFROKITCHEN/tk-afro-kitchen/tests/performance/performance.spec.ts:142:30

    attachment #1: screenshot (image/png) ──────────────────────────────────────────────────────────
    ../test-results/performance-performance-Pe-6b5c2-fficient-CSS-and-JS-loading-Mobile-Chrome/test-failed-1.png
    ────────────────────────────────────────────────────────────────────────────────────────────────

    attachment #2: video (video/webm) ──────────────────────────────────────────────────────────────
    ../test-results/performance-performance-Pe-6b5c2-fficient-CSS-and-JS-loading-Mobile-Chrome/video.webm
    ────────────────────────────────────────────────────────────────────────────────────────────────

    Error Context: ../test-results/performance-performance-Pe-6b5c2-fficient-CSS-and-JS-loading-Mobile-Chrome/error-context.md
]]>
</failure>
<system-out>
<![CDATA[
[[ATTACHMENT|performance-performance-Pe-6b5c2-fficient-CSS-and-JS-loading-Mobile-Chrome/test-failed-1.png]]

[[ATTACHMENT|performance-performance-Pe-6b5c2-fficient-CSS-and-JS-loading-Mobile-Chrome/video.webm]]

[[ATTACHMENT|performance-performance-Pe-6b5c2-fficient-CSS-and-JS-loading-Mobile-Chrome/error-context.md]]
]]>
</system-out>
</testcase>
<testcase name="Performance Tests › should have optimized fonts loading" classname="performance/performance.spec.ts" time="0.856">
<system-out>
<![CDATA[Font preloads: 1
]]>
</system-out>
</testcase>
<testcase name="Performance Tests › should have efficient caching headers" classname="performance/performance.spec.ts" time="1.122">
<system-out>
<![CDATA[Cache-Control: public, max-age=0, must-revalidate, ETag: W/"84a03db97744f0f4e5c54d56b801159c"
]]>
</system-out>
</testcase>
<testcase name="Performance Tests › should handle concurrent user load" classname="performance/performance.spec.ts" time="4.815">
<system-out>
<![CDATA[Concurrent load time: 2516ms
]]>
</system-out>
</testcase>
<testcase name="Performance Tests › should have efficient memory usage" classname="performance/performance.spec.ts" time="0.742">
<failure message="performance.spec.ts:210:7 should have efficient memory usage" type="FAILURE">
<![CDATA[  [Mobile Chrome] › performance/performance.spec.ts:210:7 › Performance Tests › should have efficient memory usage 

    Error: expect(received).toBeLessThan(expected)

    Matcher error: received value must be a number or bigint

    Received has value: undefined

      225 |       
      226 |       // Should use less than 50MB of JavaScript heap
    > 227 |       expect(usedJSHeapSize).toBeLessThan(50 * 1024 * 1024);
          |                              ^
      228 |       
      229 |       console.log(`Memory usage: ${(usedJSHeapSize / 1024 / 1024).toFixed(2)}MB / ${(totalJSHeapSize / 1024 / 1024).toFixed(2)}MB`);
      230 |     }
        at /Users/I590496/TKAFROKITCHEN/tk-afro-kitchen/tests/performance/performance.spec.ts:227:30

    attachment #1: screenshot (image/png) ──────────────────────────────────────────────────────────
    ../test-results/performance-performance-Pe-5c62e-have-efficient-memory-usage-Mobile-Chrome/test-failed-1.png
    ────────────────────────────────────────────────────────────────────────────────────────────────

    attachment #2: video (video/webm) ──────────────────────────────────────────────────────────────
    ../test-results/performance-performance-Pe-5c62e-have-efficient-memory-usage-Mobile-Chrome/video.webm
    ────────────────────────────────────────────────────────────────────────────────────────────────

    Error Context: ../test-results/performance-performance-Pe-5c62e-have-efficient-memory-usage-Mobile-Chrome/error-context.md
]]>
</failure>
<system-out>
<![CDATA[
[[ATTACHMENT|performance-performance-Pe-5c62e-have-efficient-memory-usage-Mobile-Chrome/test-failed-1.png]]

[[ATTACHMENT|performance-performance-Pe-5c62e-have-efficient-memory-usage-Mobile-Chrome/video.webm]]

[[ATTACHMENT|performance-performance-Pe-5c62e-have-efficient-memory-usage-Mobile-Chrome/error-context.md]]
]]>
</system-out>
</testcase>
<testcase name="Performance Tests › should have optimized animations" classname="performance/performance.spec.ts" time="0.753">
<system-out>
<![CDATA[Animated elements: 158, Hardware accelerated: 17
]]>
</system-out>
</testcase>
<testcase name="Performance Tests › should have efficient API calls" classname="performance/performance.spec.ts" time="1.482">
<system-out>
<![CDATA[API calls on homepage: 0
]]>
</system-out>
</testcase>
</testsuite>
<testsuite name="e2e/checkout.spec.ts" timestamp="2025-07-20T10:35:55.243Z" hostname="Mobile Safari" tests="7" failures="4" skipped="0" time="62.044" errors="0">
<testcase name="Checkout Flow › should load checkout page successfully" classname="e2e/checkout.spec.ts" time="8.262">
<failure message="checkout.spec.ts:30:7 should load checkout page successfully" type="FAILURE">
<![CDATA[  [Mobile Safari] › e2e/checkout.spec.ts:30:7 › Checkout Flow › should load checkout page successfully 

    Error: Timed out 5000ms waiting for expect(page).toHaveURL(expected)

    Expected pattern: /.*checkout/
    Received string:  "https://tkafrokitchen.com/menu"
    Call log:
      - Expect "toHaveURL" with timeout 5000ms
        9 × unexpected value "https://tkafrokitchen.com/menu"


      29 |
      30 |   test('should load checkout page successfully', async ({ page }) => {
    > 31 |     await expect(page).toHaveURL(/.*checkout/);
         |                        ^
      32 |     
      33 |     // Check for delivery details form
      34 |     await expect(page.locator('text=Delivery, text=Details, text=Information')).toBeVisible();
        at /Users/I590496/TKAFROKITCHEN/tk-afro-kitchen/tests/e2e/checkout.spec.ts:31:24

    attachment #1: screenshot (image/png) ──────────────────────────────────────────────────────────
    ../test-results/e2e-checkout-Checkout-Flow-dea30--checkout-page-successfully-Mobile-Safari/test-failed-1.png
    ────────────────────────────────────────────────────────────────────────────────────────────────

    attachment #2: video (video/webm) ──────────────────────────────────────────────────────────────
    ../test-results/e2e-checkout-Checkout-Flow-dea30--checkout-page-successfully-Mobile-Safari/video.webm
    ────────────────────────────────────────────────────────────────────────────────────────────────

    Error Context: ../test-results/e2e-checkout-Checkout-Flow-dea30--checkout-page-successfully-Mobile-Safari/error-context.md
]]>
</failure>
<system-out>
<![CDATA[
[[ATTACHMENT|e2e-checkout-Checkout-Flow-dea30--checkout-page-successfully-Mobile-Safari/test-failed-1.png]]

[[ATTACHMENT|e2e-checkout-Checkout-Flow-dea30--checkout-page-successfully-Mobile-Safari/video.webm]]

[[ATTACHMENT|e2e-checkout-Checkout-Flow-dea30--checkout-page-successfully-Mobile-Safari/error-context.md]]
]]>
</system-out>
</testcase>
<testcase name="Checkout Flow › should validate required delivery details" classname="e2e/checkout.spec.ts" time="2.671">
</testcase>
<testcase name="Checkout Flow › should fill delivery details and proceed to payment" classname="e2e/checkout.spec.ts" time="2.189">
</testcase>
<testcase name="Checkout Flow › should show payment options" classname="e2e/checkout.spec.ts" time="30.247">
<failure message="checkout.spec.ts:93:7 should show payment options" type="FAILURE">
<![CDATA[  [Mobile Safari] › e2e/checkout.spec.ts:93:7 › Checkout Flow › should show payment options ────────

    Test timeout of 30000ms exceeded.

    Error: locator.fill: Test timeout of 30000ms exceeded.
    Call log:
      - waiting for locator('input[name="fullName"], input[placeholder*="name" i]').first()


      93 |   test('should show payment options', async ({ page }) => {
      94 |     // First fill delivery details
    > 95 |     await page.locator('input[name="fullName"], input[placeholder*="name" i]').first().fill('John Doe');
         |                                                                                        ^
      96 |     await page.locator('input[name="email"], input[type="email"]').first().fill('john.doe@example.com');
      97 |     await page.locator('input[name="phone"], input[type="tel"]').first().fill('07123456789');
      98 |     await page.locator('input[name="address"], input[placeholder*="address" i]').first().fill('123 Test Street');
        at /Users/I590496/TKAFROKITCHEN/tk-afro-kitchen/tests/e2e/checkout.spec.ts:95:88

    attachment #1: screenshot (image/png) ──────────────────────────────────────────────────────────
    ../test-results/e2e-checkout-Checkout-Flow-should-show-payment-options-Mobile-Safari/test-failed-1.png
    ────────────────────────────────────────────────────────────────────────────────────────────────

    attachment #2: video (video/webm) ──────────────────────────────────────────────────────────────
    ../test-results/e2e-checkout-Checkout-Flow-should-show-payment-options-Mobile-Safari/video.webm
    ────────────────────────────────────────────────────────────────────────────────────────────────

    Error Context: ../test-results/e2e-checkout-Checkout-Flow-should-show-payment-options-Mobile-Safari/error-context.md
]]>
</failure>
<system-out>
<![CDATA[
[[ATTACHMENT|e2e-checkout-Checkout-Flow-should-show-payment-options-Mobile-Safari/test-failed-1.png]]

[[ATTACHMENT|e2e-checkout-Checkout-Flow-should-show-payment-options-Mobile-Safari/video.webm]]

[[ATTACHMENT|e2e-checkout-Checkout-Flow-should-show-payment-options-Mobile-Safari/error-context.md]]
]]>
</system-out>
</testcase>
<testcase name="Checkout Flow › should have continue shopping option in checkout" classname="e2e/checkout.spec.ts" time="3.136">
</testcase>
<testcase name="Checkout Flow › should show order summary" classname="e2e/checkout.spec.ts" time="8.188">
<failure message="checkout.spec.ts:130:7 should show order summary" type="FAILURE">
<![CDATA[  [Mobile Safari] › e2e/checkout.spec.ts:130:7 › Checkout Flow › should show order summary ─────────

    Error: Timed out 5000ms waiting for expect(locator).toBeVisible()

    Locator: locator('text=Order Summary, text=Summary, text=Total')
    Expected: visible
    Received: <element(s) not found>
    Call log:
      - Expect "toBeVisible" with timeout 5000ms
      - waiting for locator('text=Order Summary, text=Summary, text=Total')


      130 |   test('should show order summary', async ({ page }) => {
      131 |     // Check for order summary section
    > 132 |     await expect(page.locator('text=Order Summary, text=Summary, text=Total')).toBeVisible();
          |                                                                                ^
      133 |     
      134 |     // Check for price display
      135 |     await expect(page.locator('text=£').first()).toBeVisible();
        at /Users/I590496/TKAFROKITCHEN/tk-afro-kitchen/tests/e2e/checkout.spec.ts:132:80

    attachment #1: screenshot (image/png) ──────────────────────────────────────────────────────────
    ../test-results/e2e-checkout-Checkout-Flow-should-show-order-summary-Mobile-Safari/test-failed-1.png
    ────────────────────────────────────────────────────────────────────────────────────────────────

    attachment #2: video (video/webm) ──────────────────────────────────────────────────────────────
    ../test-results/e2e-checkout-Checkout-Flow-should-show-order-summary-Mobile-Safari/video.webm
    ────────────────────────────────────────────────────────────────────────────────────────────────

    Error Context: ../test-results/e2e-checkout-Checkout-Flow-should-show-order-summary-Mobile-Safari/error-context.md
]]>
</failure>
<system-out>
<![CDATA[
[[ATTACHMENT|e2e-checkout-Checkout-Flow-should-show-order-summary-Mobile-Safari/test-failed-1.png]]

[[ATTACHMENT|e2e-checkout-Checkout-Flow-should-show-order-summary-Mobile-Safari/video.webm]]

[[ATTACHMENT|e2e-checkout-Checkout-Flow-should-show-order-summary-Mobile-Safari/error-context.md]]
]]>
</system-out>
</testcase>
<testcase name="Checkout Flow › should show delivery fee calculation" classname="e2e/checkout.spec.ts" time="7.351">
<failure message="checkout.spec.ts:138:7 should show delivery fee calculation" type="FAILURE">
<![CDATA[  [Mobile Safari] › e2e/checkout.spec.ts:138:7 › Checkout Flow › should show delivery fee calculation 

    Error: Timed out 5000ms waiting for expect(locator).toBeVisible()

    Locator: locator('text=Delivery, text=Fee').or(locator('text=Free, text=FREE')).first()
    Expected: visible
    Received: <element(s) not found>
    Call log:
      - Expect "toBeVisible" with timeout 5000ms
      - waiting for locator('text=Delivery, text=Fee').or(locator('text=Free, text=FREE')).first()


      142 |     
      143 |     // Either delivery fee or free delivery should be mentioned
    > 144 |     await expect(deliveryFee.or(freeDelivery).first()).toBeVisible();
          |                                                        ^
      145 |   });
      146 | });
        at /Users/I590496/TKAFROKITCHEN/tk-afro-kitchen/tests/e2e/checkout.spec.ts:144:56

    attachment #1: screenshot (image/png) ──────────────────────────────────────────────────────────
    ../test-results/e2e-checkout-Checkout-Flow-f2fb9-ow-delivery-fee-calculation-Mobile-Safari/test-failed-1.png
    ────────────────────────────────────────────────────────────────────────────────────────────────

    attachment #2: video (video/webm) ──────────────────────────────────────────────────────────────
    ../test-results/e2e-checkout-Checkout-Flow-f2fb9-ow-delivery-fee-calculation-Mobile-Safari/video.webm
    ────────────────────────────────────────────────────────────────────────────────────────────────

    Error Context: ../test-results/e2e-checkout-Checkout-Flow-f2fb9-ow-delivery-fee-calculation-Mobile-Safari/error-context.md
]]>
</failure>
<system-out>
<![CDATA[
[[ATTACHMENT|e2e-checkout-Checkout-Flow-f2fb9-ow-delivery-fee-calculation-Mobile-Safari/test-failed-1.png]]

[[ATTACHMENT|e2e-checkout-Checkout-Flow-f2fb9-ow-delivery-fee-calculation-Mobile-Safari/video.webm]]

[[ATTACHMENT|e2e-checkout-Checkout-Flow-f2fb9-ow-delivery-fee-calculation-Mobile-Safari/error-context.md]]
]]>
</system-out>
</testcase>
</testsuite>
<testsuite name="e2e/contact.spec.ts" timestamp="2025-07-20T10:35:55.243Z" hostname="Mobile Safari" tests="14" failures="12" skipped="0" time="210.527" errors="0">
<testcase name="Contact Page › should load contact page successfully" classname="e2e/contact.spec.ts" time="5.481">
<failure message="contact.spec.ts:8:7 should load contact page successfully" type="FAILURE">
<![CDATA[  [Mobile Safari] › e2e/contact.spec.ts:8:7 › Contact Page › should load contact page successfully ─

    Error: Timed out 5000ms waiting for expect(page).toHaveTitle(expected)

    Expected pattern: /Contact/
    Received string:  "TK Afro Kitchen"
    Call log:
      - Expect "toHaveTitle" with timeout 5000ms
        9 × unexpected value "TK Afro Kitchen"


       8 |   test('should load contact page successfully', async ({ page }) => {
       9 |     // Check page title
    > 10 |     await expect(page).toHaveTitle(/Contact/);
         |                        ^
      11 |     
      12 |     // Check main heading
      13 |     await expect(page.locator('h1')).toContainText(/Contact/);
        at /Users/I590496/TKAFROKITCHEN/tk-afro-kitchen/tests/e2e/contact.spec.ts:10:24

    attachment #1: screenshot (image/png) ──────────────────────────────────────────────────────────
    ../test-results/e2e-contact-Contact-Page-s-00e0b-d-contact-page-successfully-Mobile-Safari/test-failed-1.png
    ────────────────────────────────────────────────────────────────────────────────────────────────

    attachment #2: video (video/webm) ──────────────────────────────────────────────────────────────
    ../test-results/e2e-contact-Contact-Page-s-00e0b-d-contact-page-successfully-Mobile-Safari/video.webm
    ────────────────────────────────────────────────────────────────────────────────────────────────

    Error Context: ../test-results/e2e-contact-Contact-Page-s-00e0b-d-contact-page-successfully-Mobile-Safari/error-context.md
]]>
</failure>
<system-out>
<![CDATA[
[[ATTACHMENT|e2e-contact-Contact-Page-s-00e0b-d-contact-page-successfully-Mobile-Safari/test-failed-1.png]]

[[ATTACHMENT|e2e-contact-Contact-Page-s-00e0b-d-contact-page-successfully-Mobile-Safari/video.webm]]

[[ATTACHMENT|e2e-contact-Contact-Page-s-00e0b-d-contact-page-successfully-Mobile-Safari/error-context.md]]
]]>
</system-out>
</testcase>
<testcase name="Contact Page › should display contact form" classname="e2e/contact.spec.ts" time="5.67">
<failure message="contact.spec.ts:19:7 should display contact form" type="FAILURE">
<![CDATA[  [Mobile Safari] › e2e/contact.spec.ts:19:7 › Contact Page › should display contact form ──────────

    Error: Timed out 5000ms waiting for expect(locator).toBeVisible()

    Locator: locator('form')
    Expected: visible
    Received: <element(s) not found>
    Call log:
      - Expect "toBeVisible" with timeout 5000ms
      - waiting for locator('form')


      19 |   test('should display contact form', async ({ page }) => {
      20 |     // Check form is visible
    > 21 |     await expect(page.locator('form')).toBeVisible();
         |                                        ^
      22 |     
      23 |     // Check for form fields
      24 |     await expect(page.locator('input[name="name"], input[placeholder*="Name"]')).toBeVisible();
        at /Users/I590496/TKAFROKITCHEN/tk-afro-kitchen/tests/e2e/contact.spec.ts:21:40

    attachment #1: screenshot (image/png) ──────────────────────────────────────────────────────────
    ../test-results/e2e-contact-Contact-Page-should-display-contact-form-Mobile-Safari/test-failed-1.png
    ────────────────────────────────────────────────────────────────────────────────────────────────

    attachment #2: video (video/webm) ──────────────────────────────────────────────────────────────
    ../test-results/e2e-contact-Contact-Page-should-display-contact-form-Mobile-Safari/video.webm
    ────────────────────────────────────────────────────────────────────────────────────────────────

    Error Context: ../test-results/e2e-contact-Contact-Page-should-display-contact-form-Mobile-Safari/error-context.md
]]>
</failure>
<system-out>
<![CDATA[
[[ATTACHMENT|e2e-contact-Contact-Page-should-display-contact-form-Mobile-Safari/test-failed-1.png]]

[[ATTACHMENT|e2e-contact-Contact-Page-should-display-contact-form-Mobile-Safari/video.webm]]

[[ATTACHMENT|e2e-contact-Contact-Page-should-display-contact-form-Mobile-Safari/error-context.md]]
]]>
</system-out>
</testcase>
<testcase name="Contact Page › should validate required fields" classname="e2e/contact.spec.ts" time="4.857">
</testcase>
<testcase name="Contact Page › should validate email format" classname="e2e/contact.spec.ts" time="30.292">
<failure message="contact.spec.ts:40:7 should validate email format" type="FAILURE">
<![CDATA[  [Mobile Safari] › e2e/contact.spec.ts:40:7 › Contact Page › should validate email format ─────────

    Test timeout of 30000ms exceeded.

    Error: page.fill: Test timeout of 30000ms exceeded.
    Call log:
      - waiting for locator('input[name="name"], input[placeholder*="Name"]')


      40 |   test('should validate email format', async ({ page }) => {
      41 |     // Fill form with invalid email
    > 42 |     await page.fill('input[name="name"], input[placeholder*="Name"]', 'Test User');
         |                ^
      43 |     await page.fill('input[name="email"], input[placeholder*="Email"]', 'invalid-email');
      44 |     await page.fill('textarea[name="message"], textarea[placeholder*="Message"]', 'Test message');
      45 |     
        at /Users/I590496/TKAFROKITCHEN/tk-afro-kitchen/tests/e2e/contact.spec.ts:42:16

    attachment #1: screenshot (image/png) ──────────────────────────────────────────────────────────
    ../test-results/e2e-contact-Contact-Page-should-validate-email-format-Mobile-Safari/test-failed-1.png
    ────────────────────────────────────────────────────────────────────────────────────────────────

    attachment #2: video (video/webm) ──────────────────────────────────────────────────────────────
    ../test-results/e2e-contact-Contact-Page-should-validate-email-format-Mobile-Safari/video.webm
    ────────────────────────────────────────────────────────────────────────────────────────────────

    Error Context: ../test-results/e2e-contact-Contact-Page-should-validate-email-format-Mobile-Safari/error-context.md
]]>
</failure>
<system-out>
<![CDATA[
[[ATTACHMENT|e2e-contact-Contact-Page-should-validate-email-format-Mobile-Safari/test-failed-1.png]]

[[ATTACHMENT|e2e-contact-Contact-Page-should-validate-email-format-Mobile-Safari/video.webm]]

[[ATTACHMENT|e2e-contact-Contact-Page-should-validate-email-format-Mobile-Safari/error-context.md]]
]]>
</system-out>
</testcase>
<testcase name="Contact Page › should accept valid form submission" classname="e2e/contact.spec.ts" time="30.274">
<failure message="contact.spec.ts:56:7 should accept valid form submission" type="FAILURE">
<![CDATA[  [Mobile Safari] › e2e/contact.spec.ts:56:7 › Contact Page › should accept valid form submission ──

    Test timeout of 30000ms exceeded.

    Error: page.fill: Test timeout of 30000ms exceeded.
    Call log:
      - waiting for locator('input[name="name"], input[placeholder*="Name"]')


      56 |   test('should accept valid form submission', async ({ page }) => {
      57 |     // Fill form with valid data
    > 58 |     await page.fill('input[name="name"], input[placeholder*="Name"]', 'Test User');
         |                ^
      59 |     await page.fill('input[name="email"], input[placeholder*="Email"]', 'test@example.com');
      60 |     await page.fill('textarea[name="message"], textarea[placeholder*="Message"]', 'This is a test message');
      61 |     
        at /Users/I590496/TKAFROKITCHEN/tk-afro-kitchen/tests/e2e/contact.spec.ts:58:16

    attachment #1: screenshot (image/png) ──────────────────────────────────────────────────────────
    ../test-results/e2e-contact-Contact-Page-should-accept-valid-form-submission-Mobile-Safari/test-failed-1.png
    ────────────────────────────────────────────────────────────────────────────────────────────────

    attachment #2: video (video/webm) ──────────────────────────────────────────────────────────────
    ../test-results/e2e-contact-Contact-Page-should-accept-valid-form-submission-Mobile-Safari/video.webm
    ────────────────────────────────────────────────────────────────────────────────────────────────

    Error Context: ../test-results/e2e-contact-Contact-Page-should-accept-valid-form-submission-Mobile-Safari/error-context.md
]]>
</failure>
<system-out>
<![CDATA[
[[ATTACHMENT|e2e-contact-Contact-Page-should-accept-valid-form-submission-Mobile-Safari/test-failed-1.png]]

[[ATTACHMENT|e2e-contact-Contact-Page-should-accept-valid-form-submission-Mobile-Safari/video.webm]]

[[ATTACHMENT|e2e-contact-Contact-Page-should-accept-valid-form-submission-Mobile-Safari/error-context.md]]
]]>
</system-out>
</testcase>
<testcase name="Contact Page › should display contact information" classname="e2e/contact.spec.ts" time="0.672">
<failure message="contact.spec.ts:81:7 should display contact information" type="FAILURE">
<![CDATA[  [Mobile Safari] › e2e/contact.spec.ts:81:7 › Contact Page › should display contact information ───

    Error: expect.toBeVisible: Error: strict mode violation: locator('text=Milton Keynes') resolved to 3 elements:
        1) <span>Milton Keynes, UK</span> aka getByRole('banner').getByText('Milton Keynes, UK')
        2) <p class="text-sm sm:text-base text-gray-300">Milton Keynes, UK</p> aka getByRole('paragraph').filter({ hasText: 'Milton Keynes, UK' })
        3) <span class="text-sm">Milton Keynes, UK</span> aka getByRole('contentinfo').getByText('Milton Keynes, UK')

    Call log:
      - Expect "toBeVisible" with timeout 5000ms
      - waiting for locator('text=Milton Keynes')


      81 |   test('should display contact information', async ({ page }) => {
      82 |     // Check for contact details
    > 83 |     await expect(page.locator('text=Milton Keynes')).toBeVisible();
         |                                                      ^
      84 |     
      85 |     // Check for phone number if present
      86 |     const phoneNumber = page.locator('text=+44, a[href*="tel"]');
        at /Users/I590496/TKAFROKITCHEN/tk-afro-kitchen/tests/e2e/contact.spec.ts:83:54

    attachment #1: screenshot (image/png) ──────────────────────────────────────────────────────────
    ../test-results/e2e-contact-Contact-Page-should-display-contact-information-Mobile-Safari/test-failed-1.png
    ────────────────────────────────────────────────────────────────────────────────────────────────

    attachment #2: video (video/webm) ──────────────────────────────────────────────────────────────
    ../test-results/e2e-contact-Contact-Page-should-display-contact-information-Mobile-Safari/video.webm
    ────────────────────────────────────────────────────────────────────────────────────────────────

    Error Context: ../test-results/e2e-contact-Contact-Page-should-display-contact-information-Mobile-Safari/error-context.md
]]>
</failure>
<system-out>
<![CDATA[
[[ATTACHMENT|e2e-contact-Contact-Page-should-display-contact-information-Mobile-Safari/test-failed-1.png]]

[[ATTACHMENT|e2e-contact-Contact-Page-should-display-contact-information-Mobile-Safari/video.webm]]

[[ATTACHMENT|e2e-contact-Contact-Page-should-display-contact-information-Mobile-Safari/error-context.md]]
]]>
</system-out>
</testcase>
<testcase name="Contact Page › should have working social media links" classname="e2e/contact.spec.ts" time="0.639">
<failure message="contact.spec.ts:92:7 should have working social media links" type="FAILURE">
<![CDATA[  [Mobile Safari] › e2e/contact.spec.ts:92:7 › Contact Page › should have working social media links 

    Error: expect.toBeVisible: Error: strict mode violation: locator('a[href*="instagram"]') resolved to 3 elements:
        1) <a target="_blank" href="https://instagram.com/tk_afro_kitchen" class="text-slate-300 hover:text-orange-400 transition-colors">…</a> aka locator('div').filter({ hasText: /^AboutFAQContact$/ }).locator('a').first()
        2) <a target="_blank" href="https://instagram.com/tk_afro_kitchen" class="w-10 h-10 sm:w-12 sm:h-12 bg-gradient-to-r from-pink-500 to-purple-500 rounded-full flex items-center justify-center text-white hover:scale-110 transition-transform">…</a> aka getByRole('link').filter({ hasText: /^$/ }).first()
        3) <a target="_blank" rel="noopener noreferrer" href="https://instagram.com/tk_afro_kitchen" class="w-10 h-10 bg-gradient-to-r from-pink-500 to-purple-500 rounded-full flex items-center justify-center text-white shadow-lg hover:shadow-xl transition-all duration-300">…</a> aka getByRole('link').filter({ hasText: /^$/ }).nth(2)

    Call log:
      - Expect "toBeVisible" with timeout 5000ms
      - waiting for locator('a[href*="instagram"]')


      92 |   test('should have working social media links', async ({ page }) => {
      93 |     // Check social media links
    > 94 |     await expect(page.locator('a[href*="instagram"]')).toBeVisible();
         |                                                        ^
      95 |     await expect(page.locator('a[href*="facebook"]')).toBeVisible();
      96 |   });
      97 |
        at /Users/I590496/TKAFROKITCHEN/tk-afro-kitchen/tests/e2e/contact.spec.ts:94:56

    attachment #1: screenshot (image/png) ──────────────────────────────────────────────────────────
    ../test-results/e2e-contact-Contact-Page-s-68c4b--working-social-media-links-Mobile-Safari/test-failed-1.png
    ────────────────────────────────────────────────────────────────────────────────────────────────

    attachment #2: video (video/webm) ──────────────────────────────────────────────────────────────
    ../test-results/e2e-contact-Contact-Page-s-68c4b--working-social-media-links-Mobile-Safari/video.webm
    ────────────────────────────────────────────────────────────────────────────────────────────────

    Error Context: ../test-results/e2e-contact-Contact-Page-s-68c4b--working-social-media-links-Mobile-Safari/error-context.md
]]>
</failure>
<system-out>
<![CDATA[
[[ATTACHMENT|e2e-contact-Contact-Page-s-68c4b--working-social-media-links-Mobile-Safari/test-failed-1.png]]

[[ATTACHMENT|e2e-contact-Contact-Page-s-68c4b--working-social-media-links-Mobile-Safari/video.webm]]

[[ATTACHMENT|e2e-contact-Contact-Page-s-68c4b--working-social-media-links-Mobile-Safari/error-context.md]]
]]>
</system-out>
</testcase>
<testcase name="Contact Page › should display business hours if available" classname="e2e/contact.spec.ts" time="0.698">
</testcase>
<testcase name="Contact Page › should have accessible form labels" classname="e2e/contact.spec.ts" time="5.607">
<failure message="contact.spec.ts:106:7 should have accessible form labels" type="FAILURE">
<![CDATA[  [Mobile Safari] › e2e/contact.spec.ts:106:7 › Contact Page › should have accessible form labels ──

    Error: Timed out 5000ms waiting for expect(locator).toBeVisible()

    Locator: locator('input[name="name"], input[placeholder*="Name"]')
    Expected: visible
    Received: <element(s) not found>
    Call log:
      - Expect "toBeVisible" with timeout 5000ms
      - waiting for locator('input[name="name"], input[placeholder*="Name"]')


      107 |     // Check form fields have proper labels
      108 |     const nameField = page.locator('input[name="name"], input[placeholder*="Name"]');
    > 109 |     await expect(nameField).toBeVisible();
          |                             ^
      110 |     
      111 |     const emailField = page.locator('input[name="email"], input[placeholder*="Email"]');
      112 |     await expect(emailField).toBeVisible();
        at /Users/I590496/TKAFROKITCHEN/tk-afro-kitchen/tests/e2e/contact.spec.ts:109:29

    attachment #1: screenshot (image/png) ──────────────────────────────────────────────────────────
    ../test-results/e2e-contact-Contact-Page-should-have-accessible-form-labels-Mobile-Safari/test-failed-1.png
    ────────────────────────────────────────────────────────────────────────────────────────────────

    attachment #2: video (video/webm) ──────────────────────────────────────────────────────────────
    ../test-results/e2e-contact-Contact-Page-should-have-accessible-form-labels-Mobile-Safari/video.webm
    ────────────────────────────────────────────────────────────────────────────────────────────────

    Error Context: ../test-results/e2e-contact-Contact-Page-should-have-accessible-form-labels-Mobile-Safari/error-context.md
]]>
</failure>
<system-out>
<![CDATA[
[[ATTACHMENT|e2e-contact-Contact-Page-should-have-accessible-form-labels-Mobile-Safari/test-failed-1.png]]

[[ATTACHMENT|e2e-contact-Contact-Page-should-have-accessible-form-labels-Mobile-Safari/video.webm]]

[[ATTACHMENT|e2e-contact-Contact-Page-should-have-accessible-form-labels-Mobile-Safari/error-context.md]]
]]>
</system-out>
</testcase>
<testcase name="Contact Page › should handle form submission errors gracefully" classname="e2e/contact.spec.ts" time="30.182">
<failure message="contact.spec.ts:118:7 should handle form submission errors gracefully" type="FAILURE">
<![CDATA[  [Mobile Safari] › e2e/contact.spec.ts:118:7 › Contact Page › should handle form submission errors gracefully 

    Test timeout of 30000ms exceeded.

    Error: page.fill: Test timeout of 30000ms exceeded.
    Call log:
      - waiting for locator('input[name="name"], input[placeholder*="Name"]')


      118 |   test('should handle form submission errors gracefully', async ({ page }) => {
      119 |     // Fill form with valid data
    > 120 |     await page.fill('input[name="name"], input[placeholder*="Name"]', 'Test User');
          |                ^
      121 |     await page.fill('input[name="email"], input[placeholder*="Email"]', 'test@example.com');
      122 |     await page.fill('textarea[name="message"], textarea[placeholder*="Message"]', 'Test message');
      123 |     
        at /Users/I590496/TKAFROKITCHEN/tk-afro-kitchen/tests/e2e/contact.spec.ts:120:16

    attachment #1: screenshot (image/png) ──────────────────────────────────────────────────────────
    ../test-results/e2e-contact-Contact-Page-s-94020-ubmission-errors-gracefully-Mobile-Safari/test-failed-1.png
    ────────────────────────────────────────────────────────────────────────────────────────────────

    attachment #2: video (video/webm) ──────────────────────────────────────────────────────────────
    ../test-results/e2e-contact-Contact-Page-s-94020-ubmission-errors-gracefully-Mobile-Safari/video.webm
    ────────────────────────────────────────────────────────────────────────────────────────────────

    Error Context: ../test-results/e2e-contact-Contact-Page-s-94020-ubmission-errors-gracefully-Mobile-Safari/error-context.md
]]>
</failure>
<system-out>
<![CDATA[
[[ATTACHMENT|e2e-contact-Contact-Page-s-94020-ubmission-errors-gracefully-Mobile-Safari/test-failed-1.png]]

[[ATTACHMENT|e2e-contact-Contact-Page-s-94020-ubmission-errors-gracefully-Mobile-Safari/video.webm]]

[[ATTACHMENT|e2e-contact-Contact-Page-s-94020-ubmission-errors-gracefully-Mobile-Safari/error-context.md]]
]]>
</system-out>
</testcase>
<testcase name="Contact Page › should prevent multiple form submissions" classname="e2e/contact.spec.ts" time="30.164">
<failure message="contact.spec.ts:143:7 should prevent multiple form submissions" type="FAILURE">
<![CDATA[  [Mobile Safari] › e2e/contact.spec.ts:143:7 › Contact Page › should prevent multiple form submissions 

    Test timeout of 30000ms exceeded.

    Error: page.fill: Test timeout of 30000ms exceeded.
    Call log:
      - waiting for locator('input[name="name"], input[placeholder*="Name"]')


      143 |   test('should prevent multiple form submissions', async ({ page }) => {
      144 |     // Fill form
    > 145 |     await page.fill('input[name="name"], input[placeholder*="Name"]', 'Test User');
          |                ^
      146 |     await page.fill('input[name="email"], input[placeholder*="Email"]', 'test@example.com');
      147 |     await page.fill('textarea[name="message"], textarea[placeholder*="Message"]', 'Test message');
      148 |     
        at /Users/I590496/TKAFROKITCHEN/tk-afro-kitchen/tests/e2e/contact.spec.ts:145:16

    attachment #1: screenshot (image/png) ──────────────────────────────────────────────────────────
    ../test-results/e2e-contact-Contact-Page-s-2667b-t-multiple-form-submissions-Mobile-Safari/test-failed-1.png
    ────────────────────────────────────────────────────────────────────────────────────────────────

    attachment #2: video (video/webm) ──────────────────────────────────────────────────────────────
    ../test-results/e2e-contact-Contact-Page-s-2667b-t-multiple-form-submissions-Mobile-Safari/video.webm
    ────────────────────────────────────────────────────────────────────────────────────────────────

    Error Context: ../test-results/e2e-contact-Contact-Page-s-2667b-t-multiple-form-submissions-Mobile-Safari/error-context.md
]]>
</failure>
<system-out>
<![CDATA[
[[ATTACHMENT|e2e-contact-Contact-Page-s-2667b-t-multiple-form-submissions-Mobile-Safari/test-failed-1.png]]

[[ATTACHMENT|e2e-contact-Contact-Page-s-2667b-t-multiple-form-submissions-Mobile-Safari/video.webm]]

[[ATTACHMENT|e2e-contact-Contact-Page-s-2667b-t-multiple-form-submissions-Mobile-Safari/error-context.md]]
]]>
</system-out>
</testcase>
<testcase name="Contact Page › should clear form after successful submission" classname="e2e/contact.spec.ts" time="30.178">
<failure message="contact.spec.ts:169:7 should clear form after successful submission" type="FAILURE">
<![CDATA[  [Mobile Safari] › e2e/contact.spec.ts:169:7 › Contact Page › should clear form after successful submission 

    Test timeout of 30000ms exceeded.

    Error: page.fill: Test timeout of 30000ms exceeded.
    Call log:
      - waiting for locator('input[name="name"], input[placeholder*="Name"]')


      169 |   test('should clear form after successful submission', async ({ page }) => {
      170 |     // Fill form
    > 171 |     await page.fill('input[name="name"], input[placeholder*="Name"]', 'Test User');
          |                ^
      172 |     await page.fill('input[name="email"], input[placeholder*="Email"]', 'test@example.com');
      173 |     await page.fill('textarea[name="message"], textarea[placeholder*="Message"]', 'Test message');
      174 |     
        at /Users/I590496/TKAFROKITCHEN/tk-afro-kitchen/tests/e2e/contact.spec.ts:171:16

    attachment #1: screenshot (image/png) ──────────────────────────────────────────────────────────
    ../test-results/e2e-contact-Contact-Page-s-2e0ba-after-successful-submission-Mobile-Safari/test-failed-1.png
    ────────────────────────────────────────────────────────────────────────────────────────────────

    attachment #2: video (video/webm) ──────────────────────────────────────────────────────────────
    ../test-results/e2e-contact-Contact-Page-s-2e0ba-after-successful-submission-Mobile-Safari/video.webm
    ────────────────────────────────────────────────────────────────────────────────────────────────

    Error Context: ../test-results/e2e-contact-Contact-Page-s-2e0ba-after-successful-submission-Mobile-Safari/error-context.md
]]>
</failure>
<system-out>
<![CDATA[
[[ATTACHMENT|e2e-contact-Contact-Page-s-2e0ba-after-successful-submission-Mobile-Safari/test-failed-1.png]]

[[ATTACHMENT|e2e-contact-Contact-Page-s-2e0ba-after-successful-submission-Mobile-Safari/video.webm]]

[[ATTACHMENT|e2e-contact-Contact-Page-s-2e0ba-after-successful-submission-Mobile-Safari/error-context.md]]
]]>
</system-out>
</testcase>
<testcase name="Contact Page › should be responsive on mobile devices" classname="e2e/contact.spec.ts" time="5.625">
<failure message="contact.spec.ts:200:7 should be responsive on mobile devices" type="FAILURE">
<![CDATA[  [Mobile Safari] › e2e/contact.spec.ts:200:7 › Contact Page › should be responsive on mobile devices 

    Error: Timed out 5000ms waiting for expect(locator).toBeVisible()

    Locator: locator('form')
    Expected: visible
    Received: <element(s) not found>
    Call log:
      - Expect "toBeVisible" with timeout 5000ms
      - waiting for locator('form')


      203 |     
      204 |     // Check form is still usable
    > 205 |     await expect(page.locator('form')).toBeVisible();
          |                                        ^
      206 |     await expect(page.locator('input[name="name"], input[placeholder*="Name"]')).toBeVisible();
      207 |     await expect(page.locator('button[type="submit"], button:has-text("Send Message")')).toBeVisible();
      208 |   });
        at /Users/I590496/TKAFROKITCHEN/tk-afro-kitchen/tests/e2e/contact.spec.ts:205:40

    attachment #1: screenshot (image/png) ──────────────────────────────────────────────────────────
    ../test-results/e2e-contact-Contact-Page-s-daced-esponsive-on-mobile-devices-Mobile-Safari/test-failed-1.png
    ────────────────────────────────────────────────────────────────────────────────────────────────

    attachment #2: video (video/webm) ──────────────────────────────────────────────────────────────
    ../test-results/e2e-contact-Contact-Page-s-daced-esponsive-on-mobile-devices-Mobile-Safari/video.webm
    ────────────────────────────────────────────────────────────────────────────────────────────────

    Error Context: ../test-results/e2e-contact-Contact-Page-s-daced-esponsive-on-mobile-devices-Mobile-Safari/error-context.md
]]>
</failure>
<system-out>
<![CDATA[
[[ATTACHMENT|e2e-contact-Contact-Page-s-daced-esponsive-on-mobile-devices-Mobile-Safari/test-failed-1.png]]

[[ATTACHMENT|e2e-contact-Contact-Page-s-daced-esponsive-on-mobile-devices-Mobile-Safari/video.webm]]

[[ATTACHMENT|e2e-contact-Contact-Page-s-daced-esponsive-on-mobile-devices-Mobile-Safari/error-context.md]]
]]>
</system-out>
</testcase>
<testcase name="Contact Page › should handle special characters in form fields" classname="e2e/contact.spec.ts" time="30.188">
<failure message="contact.spec.ts:210:7 should handle special characters in form fields" type="FAILURE">
<![CDATA[  [Mobile Safari] › e2e/contact.spec.ts:210:7 › Contact Page › should handle special characters in form fields 

    Test timeout of 30000ms exceeded.

    Error: page.fill: Test timeout of 30000ms exceeded.
    Call log:
      - waiting for locator('input[name="name"], input[placeholder*="Name"]')


      213 |     const specialMessage = 'Hello! This is a test message with special chars: @#$%^&*()';
      214 |     
    > 215 |     await page.fill('input[name="name"], input[placeholder*="Name"]', specialName);
          |                ^
      216 |     await page.fill('input[name="email"], input[placeholder*="Email"]', 'test@example.com');
      217 |     await page.fill('textarea[name="message"], textarea[placeholder*="Message"]', specialMessage);
      218 |     
        at /Users/I590496/TKAFROKITCHEN/tk-afro-kitchen/tests/e2e/contact.spec.ts:215:16

    attachment #1: screenshot (image/png) ──────────────────────────────────────────────────────────
    ../test-results/e2e-contact-Contact-Page-s-09cbe-l-characters-in-form-fields-Mobile-Safari/test-failed-1.png
    ────────────────────────────────────────────────────────────────────────────────────────────────

    attachment #2: video (video/webm) ──────────────────────────────────────────────────────────────
    ../test-results/e2e-contact-Contact-Page-s-09cbe-l-characters-in-form-fields-Mobile-Safari/video.webm
    ────────────────────────────────────────────────────────────────────────────────────────────────

    Error Context: ../test-results/e2e-contact-Contact-Page-s-09cbe-l-characters-in-form-fields-Mobile-Safari/error-context.md
]]>
</failure>
<system-out>
<![CDATA[
[[ATTACHMENT|e2e-contact-Contact-Page-s-09cbe-l-characters-in-form-fields-Mobile-Safari/test-failed-1.png]]

[[ATTACHMENT|e2e-contact-Contact-Page-s-09cbe-l-characters-in-form-fields-Mobile-Safari/video.webm]]

[[ATTACHMENT|e2e-contact-Contact-Page-s-09cbe-l-characters-in-form-fields-Mobile-Safari/error-context.md]]
]]>
</system-out>
</testcase>
</testsuite>
<testsuite name="e2e/cross-browser.spec.ts" timestamp="2025-07-20T10:35:55.243Z" hostname="Mobile Safari" tests="10" failures="7" skipped="0" time="70.646" errors="0">
<testcase name="Cross-Browser Compatibility › should load homepage correctly across browsers" classname="e2e/cross-browser.spec.ts" time="7.263">
<failure message="cross-browser.spec.ts:4:7 should load homepage correctly across browsers" type="FAILURE">
<![CDATA[  [Mobile Safari] › e2e/cross-browser.spec.ts:4:7 › Cross-Browser Compatibility › should load homepage correctly across browsers 

    Error: Timed out 5000ms waiting for expect(locator).toContainText(expected)

    Locator: locator('h1')
    Expected string: "Authentic Nigerian Cuisine"
    Received string: "TK Afro Kitchen"
    Call log:
      - Expect "toContainText" with timeout 5000ms
      - waiting for locator('h1')
        9 × locator resolved to <h1 class="text-5xl md:text-7xl font-bold mb-6">…</h1>
          - unexpected value "TK Afro Kitchen"


       6 |     
       7 |     // Basic page load check
    >  8 |     await expect(page.locator('h1')).toContainText('Authentic Nigerian Cuisine');
         |                                      ^
       9 |     await expect(page.locator('text=Browse Our Menu')).toBeVisible();
      10 |     
      11 |     // Check that navigation works
        at /Users/I590496/TKAFROKITCHEN/tk-afro-kitchen/tests/e2e/cross-browser.spec.ts:8:38

    attachment #1: screenshot (image/png) ──────────────────────────────────────────────────────────
    ../test-results/e2e-cross-browser-Cross-Br-8508e-e-correctly-across-browsers-Mobile-Safari/test-failed-1.png
    ────────────────────────────────────────────────────────────────────────────────────────────────

    attachment #2: video (video/webm) ──────────────────────────────────────────────────────────────
    ../test-results/e2e-cross-browser-Cross-Br-8508e-e-correctly-across-browsers-Mobile-Safari/video.webm
    ────────────────────────────────────────────────────────────────────────────────────────────────

    Error Context: ../test-results/e2e-cross-browser-Cross-Br-8508e-e-correctly-across-browsers-Mobile-Safari/error-context.md
]]>
</failure>
<system-out>
<![CDATA[
[[ATTACHMENT|e2e-cross-browser-Cross-Br-8508e-e-correctly-across-browsers-Mobile-Safari/test-failed-1.png]]

[[ATTACHMENT|e2e-cross-browser-Cross-Br-8508e-e-correctly-across-browsers-Mobile-Safari/video.webm]]

[[ATTACHMENT|e2e-cross-browser-Cross-Br-8508e-e-correctly-across-browsers-Mobile-Safari/error-context.md]]
]]>
</system-out>
</testcase>
<testcase name="Cross-Browser Compatibility › should handle navigation correctly" classname="e2e/cross-browser.spec.ts" time="6.854">
<failure message="cross-browser.spec.ts:18:7 should handle navigation correctly" type="FAILURE">
<![CDATA[  [Mobile Safari] › e2e/cross-browser.spec.ts:18:7 › Cross-Browser Compatibility › should handle navigation correctly 

    Error: Timed out 5000ms waiting for expect(locator).toContainText(expected)

    Locator: locator('h1')
    Expected string: "Authentic Nigerian Cuisine"
    Received string: "TK Afro Kitchen"
    Call log:
      - Expect "toContainText" with timeout 5000ms
      - waiting for locator('h1')
        9 × locator resolved to <h1 class="text-5xl md:text-7xl font-bold mb-6">…</h1>
          - unexpected value "TK Afro Kitchen"


      29 |     // Navigate back to home
      30 |     await page.goto('/');
    > 31 |     await expect(page.locator('h1')).toContainText('Authentic Nigerian Cuisine');
         |                                      ^
      32 |   });
      33 |
      34 |   test('should handle cart functionality', async ({ page }) => {
        at /Users/I590496/TKAFROKITCHEN/tk-afro-kitchen/tests/e2e/cross-browser.spec.ts:31:38

    attachment #1: screenshot (image/png) ──────────────────────────────────────────────────────────
    ../test-results/e2e-cross-browser-Cross-Br-d1cbb-handle-navigation-correctly-Mobile-Safari/test-failed-1.png
    ────────────────────────────────────────────────────────────────────────────────────────────────

    attachment #2: video (video/webm) ──────────────────────────────────────────────────────────────
    ../test-results/e2e-cross-browser-Cross-Br-d1cbb-handle-navigation-correctly-Mobile-Safari/video.webm
    ────────────────────────────────────────────────────────────────────────────────────────────────

    Error Context: ../test-results/e2e-cross-browser-Cross-Br-d1cbb-handle-navigation-correctly-Mobile-Safari/error-context.md
]]>
</failure>
<system-out>
<![CDATA[
[[ATTACHMENT|e2e-cross-browser-Cross-Br-d1cbb-handle-navigation-correctly-Mobile-Safari/test-failed-1.png]]

[[ATTACHMENT|e2e-cross-browser-Cross-Br-d1cbb-handle-navigation-correctly-Mobile-Safari/video.webm]]

[[ATTACHMENT|e2e-cross-browser-Cross-Br-d1cbb-handle-navigation-correctly-Mobile-Safari/error-context.md]]
]]>
</system-out>
</testcase>
<testcase name="Cross-Browser Compatibility › should handle cart functionality" classname="e2e/cross-browser.spec.ts" time="1.124">
</testcase>
<testcase name="Cross-Browser Compatibility › should render responsive design correctly" classname="e2e/cross-browser.spec.ts" time="1.281">
</testcase>
<testcase name="Safari-Specific Compatibility › should handle Safari-specific link behavior" classname="e2e/cross-browser.spec.ts" time="30.266">
<failure message="cross-browser.spec.ts:72:7 should handle Safari-specific link behavior" type="FAILURE">
<![CDATA[  [Mobile Safari] › e2e/cross-browser.spec.ts:72:7 › Safari-Specific Compatibility › should handle Safari-specific link behavior 

    Test timeout of 30000ms exceeded.

    Error: locator.click: Test timeout of 30000ms exceeded.
    Call log:
      - waiting for locator('text=Browse Our Menu').first()


      77 |     // Test that Safari-specific link handlers work
      78 |     const menuLink = page.locator('text=Browse Our Menu').first();
    > 79 |     await menuLink.click();
         |                    ^
      80 |     
      81 |     // Should navigate successfully despite Safari quirks
      82 |     await page.waitForURL('**/menu', { timeout: 10000 });
        at /Users/I590496/TKAFROKITCHEN/tk-afro-kitchen/tests/e2e/cross-browser.spec.ts:79:20

    attachment #1: screenshot (image/png) ──────────────────────────────────────────────────────────
    ../test-results/e2e-cross-browser-Safari-S-dc6d6-fari-specific-link-behavior-Mobile-Safari/test-failed-1.png
    ────────────────────────────────────────────────────────────────────────────────────────────────

    attachment #2: video (video/webm) ──────────────────────────────────────────────────────────────
    ../test-results/e2e-cross-browser-Safari-S-dc6d6-fari-specific-link-behavior-Mobile-Safari/video.webm
    ────────────────────────────────────────────────────────────────────────────────────────────────

    Error Context: ../test-results/e2e-cross-browser-Safari-S-dc6d6-fari-specific-link-behavior-Mobile-Safari/error-context.md
]]>
</failure>
<system-out>
<![CDATA[
[[ATTACHMENT|e2e-cross-browser-Safari-S-dc6d6-fari-specific-link-behavior-Mobile-Safari/test-failed-1.png]]

[[ATTACHMENT|e2e-cross-browser-Safari-S-dc6d6-fari-specific-link-behavior-Mobile-Safari/video.webm]]

[[ATTACHMENT|e2e-cross-browser-Safari-S-dc6d6-fari-specific-link-behavior-Mobile-Safari/error-context.md]]
]]>
</system-out>
</testcase>
<testcase name="Safari-Specific Compatibility › should handle Safari payment redirect behavior" classname="e2e/cross-browser.spec.ts" time="6.61">
<failure message="cross-browser.spec.ts:86:7 should handle Safari payment redirect behavior" type="FAILURE">
<![CDATA[  [Mobile Safari] › e2e/cross-browser.spec.ts:86:7 › Safari-Specific Compatibility › should handle Safari payment redirect behavior 

    Error: Timed out 5000ms waiting for expect(locator).toBeVisible()

    Locator: locator('text=Payment Successful, text=Thank you')
    Expected: visible
    Received: <element(s) not found>
    Call log:
      - Expect "toBeVisible" with timeout 5000ms
      - waiting for locator('text=Payment Successful, text=Thank you')


      104 |     
      105 |     // Should show Safari-specific success handling
    > 106 |     await expect(page.locator('text=Payment Successful, text=Thank you')).toBeVisible();
          |                                                                           ^
      107 |   });
      108 | });
      109 |
        at /Users/I590496/TKAFROKITCHEN/tk-afro-kitchen/tests/e2e/cross-browser.spec.ts:106:75

    attachment #1: screenshot (image/png) ──────────────────────────────────────────────────────────
    ../test-results/e2e-cross-browser-Safari-S-9b1e7-i-payment-redirect-behavior-Mobile-Safari/test-failed-1.png
    ────────────────────────────────────────────────────────────────────────────────────────────────

    attachment #2: video (video/webm) ──────────────────────────────────────────────────────────────
    ../test-results/e2e-cross-browser-Safari-S-9b1e7-i-payment-redirect-behavior-Mobile-Safari/video.webm
    ────────────────────────────────────────────────────────────────────────────────────────────────

    Error Context: ../test-results/e2e-cross-browser-Safari-S-9b1e7-i-payment-redirect-behavior-Mobile-Safari/error-context.md
]]>
</failure>
<system-out>
<![CDATA[
[[ATTACHMENT|e2e-cross-browser-Safari-S-9b1e7-i-payment-redirect-behavior-Mobile-Safari/test-failed-1.png]]

[[ATTACHMENT|e2e-cross-browser-Safari-S-9b1e7-i-payment-redirect-behavior-Mobile-Safari/video.webm]]

[[ATTACHMENT|e2e-cross-browser-Safari-S-9b1e7-i-payment-redirect-behavior-Mobile-Safari/error-context.md]]
]]>
</system-out>
</testcase>
<testcase name="Mobile Compatibility › should handle mobile navigation" classname="e2e/cross-browser.spec.ts" time="1.89">
<failure message="cross-browser.spec.ts:112:7 should handle mobile navigation" type="FAILURE">
<![CDATA[  [Mobile Safari] › e2e/cross-browser.spec.ts:112:7 › Mobile Compatibility › should handle mobile navigation 

    Error: locator.isVisible: Error: strict mode violation: locator('a[href="/menu"]').filter({ hasText: 'Menu' }) resolved to 6 elements:
        1) <a href="/menu" class="nav-link">Menu</a> aka locator('header').getByText('Menu')
        2) <a href="/menu">…</a> aka locator('a').filter({ hasText: 'Explore Our Menu' })
        3) <a href="/menu" data-slot="button" class="inline-flex items-center justify-center gap-2 whitespace-nowrap text-sm font-medium transition-all disabled:pointer-events-none disabled:opacity-50 [&_svg]:pointer-events-none [&_svg:not([class*='size-'])]:size-4 shrink-0 [&_svg]:shrink-0 outline-none focus-visible:border-ring focus-visible:ring-ring/50 focus-visible:ring-[3px] aria-invalid:ring-destructive/20 dark:aria-invalid:ring-destructive/40 aria-invalid:border-destructive text-primary-foreground sh…>View Our Menu</a> aka getByText('View Our Menu')
        4) <a href="/menu" data-slot="button" class="inline-flex items-center justify-center gap-2 whitespace-nowrap text-sm font-medium transition-all disabled:pointer-events-none disabled:opacity-50 [&_svg]:pointer-events-none [&_svg:not([class*='size-'])]:size-4 shrink-0 [&_svg]:shrink-0 outline-none focus-visible:border-ring focus-visible:ring-ring/50 focus-visible:ring-[3px] aria-invalid:ring-destructive/20 dark:aria-invalid:ring-destructive/40 aria-invalid:border-destructive text-primary-foreground sh…>View Complete Menu</a> aka getByText('View Complete Menu')
        5) <a href="/menu" class="text-gray-300 hover:text-orange-400 transition-colors duration-300 text-sm flex items-center group">…</a> aka locator('footer').getByText('Menu', { exact: true })
        6) <a href="/menu">…</a> aka locator('a').filter({ hasText: /^Menu$/ }).nth(2)

    Call log:
        - checking visibility of locator('a[href="/menu"]').filter({ hasText: 'Menu' })


      126 |     // Look for navigation links
      127 |     const mobileMenuLink = page.locator('a[href="/menu"]').filter({ hasText: 'Menu' });
    > 128 |     if (await mobileMenuLink.isVisible()) {
          |                              ^
      129 |       await mobileMenuLink.click();
      130 |       await page.waitForURL('**/menu');
      131 |       await expect(page).toHaveURL(/.*menu/);
        at /Users/I590496/TKAFROKITCHEN/tk-afro-kitchen/tests/e2e/cross-browser.spec.ts:128:30

    attachment #1: screenshot (image/png) ──────────────────────────────────────────────────────────
    ../test-results/e2e-cross-browser-Mobile-C-ec940-ld-handle-mobile-navigation-Mobile-Safari/test-failed-1.png
    ────────────────────────────────────────────────────────────────────────────────────────────────

    attachment #2: video (video/webm) ──────────────────────────────────────────────────────────────
    ../test-results/e2e-cross-browser-Mobile-C-ec940-ld-handle-mobile-navigation-Mobile-Safari/video.webm
    ────────────────────────────────────────────────────────────────────────────────────────────────

    Error Context: ../test-results/e2e-cross-browser-Mobile-C-ec940-ld-handle-mobile-navigation-Mobile-Safari/error-context.md
]]>
</failure>
<system-out>
<![CDATA[
[[ATTACHMENT|e2e-cross-browser-Mobile-C-ec940-ld-handle-mobile-navigation-Mobile-Safari/test-failed-1.png]]

[[ATTACHMENT|e2e-cross-browser-Mobile-C-ec940-ld-handle-mobile-navigation-Mobile-Safari/video.webm]]

[[ATTACHMENT|e2e-cross-browser-Mobile-C-ec940-ld-handle-mobile-navigation-Mobile-Safari/error-context.md]]
]]>
</system-out>
</testcase>
<testcase name="Mobile Compatibility › should handle mobile cart interaction" classname="e2e/cross-browser.spec.ts" time="1.226">
</testcase>
<testcase name="Performance Checks › should load pages within acceptable time limits" classname="e2e/cross-browser.spec.ts" time="6.318">
<failure message="cross-browser.spec.ts:159:7 should load pages within acceptable time limits" type="FAILURE">
<![CDATA[  [Mobile Safari] › e2e/cross-browser.spec.ts:159:7 › Performance Checks › should load pages within acceptable time limits 

    Error: Timed out 5000ms waiting for expect(locator).toBeVisible()

    Locator: locator('text=Browse Our Menu')
    Expected: visible
    Received: <element(s) not found>
    Call log:
      - Expect "toBeVisible" with timeout 5000ms
      - waiting for locator('text=Browse Our Menu')


      169 |     // Check that critical content is visible
      170 |     await expect(page.locator('h1')).toBeVisible();
    > 171 |     await expect(page.locator('text=Browse Our Menu')).toBeVisible();
          |                                                        ^
      172 |   });
      173 |
      174 |   test('should handle JavaScript loading correctly', async ({ page }) => {
        at /Users/I590496/TKAFROKITCHEN/tk-afro-kitchen/tests/e2e/cross-browser.spec.ts:171:56

    attachment #1: screenshot (image/png) ──────────────────────────────────────────────────────────
    ../test-results/e2e-cross-browser-Performa-d046d-thin-acceptable-time-limits-Mobile-Safari/test-failed-1.png
    ────────────────────────────────────────────────────────────────────────────────────────────────

    attachment #2: video (video/webm) ──────────────────────────────────────────────────────────────
    ../test-results/e2e-cross-browser-Performa-d046d-thin-acceptable-time-limits-Mobile-Safari/video.webm
    ────────────────────────────────────────────────────────────────────────────────────────────────

    Error Context: ../test-results/e2e-cross-browser-Performa-d046d-thin-acceptable-time-limits-Mobile-Safari/error-context.md
]]>
</failure>
<system-out>
<![CDATA[
[[ATTACHMENT|e2e-cross-browser-Performa-d046d-thin-acceptable-time-limits-Mobile-Safari/test-failed-1.png]]

[[ATTACHMENT|e2e-cross-browser-Performa-d046d-thin-acceptable-time-limits-Mobile-Safari/video.webm]]

[[ATTACHMENT|e2e-cross-browser-Performa-d046d-thin-acceptable-time-limits-Mobile-Safari/error-context.md]]
]]>
</system-out>
</testcase>
<testcase name="Performance Checks › should handle JavaScript loading correctly" classname="e2e/cross-browser.spec.ts" time="7.814">
<failure message="cross-browser.spec.ts:174:7 should handle JavaScript loading correctly" type="FAILURE">
<![CDATA[  [Mobile Safari] › e2e/cross-browser.spec.ts:174:7 › Performance Checks › should handle JavaScript loading correctly 

    Error: Timed out 5000ms waiting for expect(locator).toBeEnabled()

    Locator: locator('text=Browse Our Menu').first()
    Expected: enabled
    Received: <element(s) not found>
    Call log:
      - Expect "toBeEnabled" with timeout 5000ms
      - waiting for locator('text=Browse Our Menu').first()


      180 |     // Interactive elements should work
      181 |     const menuButton = page.locator('text=Browse Our Menu').first();
    > 182 |     await expect(menuButton).toBeEnabled();
          |                              ^
      183 |     
      184 |     await menuButton.click();
      185 |     await page.waitForURL('**/menu');
        at /Users/I590496/TKAFROKITCHEN/tk-afro-kitchen/tests/e2e/cross-browser.spec.ts:182:30

    attachment #1: screenshot (image/png) ──────────────────────────────────────────────────────────
    ../test-results/e2e-cross-browser-Performa-7a126-avaScript-loading-correctly-Mobile-Safari/test-failed-1.png
    ────────────────────────────────────────────────────────────────────────────────────────────────

    attachment #2: video (video/webm) ──────────────────────────────────────────────────────────────
    ../test-results/e2e-cross-browser-Performa-7a126-avaScript-loading-correctly-Mobile-Safari/video.webm
    ────────────────────────────────────────────────────────────────────────────────────────────────

    Error Context: ../test-results/e2e-cross-browser-Performa-7a126-avaScript-loading-correctly-Mobile-Safari/error-context.md
]]>
</failure>
<system-out>
<![CDATA[
[[ATTACHMENT|e2e-cross-browser-Performa-7a126-avaScript-loading-correctly-Mobile-Safari/test-failed-1.png]]

[[ATTACHMENT|e2e-cross-browser-Performa-7a126-avaScript-loading-correctly-Mobile-Safari/video.webm]]

[[ATTACHMENT|e2e-cross-browser-Performa-7a126-avaScript-loading-correctly-Mobile-Safari/error-context.md]]
]]>
</system-out>
</testcase>
</testsuite>
<testsuite name="e2e/final-payment-flow.spec.ts" timestamp="2025-07-20T10:35:55.243Z" hostname="Mobile Safari" tests="2" failures="1" skipped="0" time="28.75" errors="0">
<testcase name="Final Payment Flow Test - Complete E2E › should complete add to cart → card payment → success page flow" classname="e2e/final-payment-flow.spec.ts" time="19.921">
<failure message="final-payment-flow.spec.ts:5:7 should complete add to cart → card payment → success page flow" type="FAILURE">
<![CDATA[  [Mobile Safari] › e2e/final-payment-flow.spec.ts:5:7 › Final Payment Flow Test - Complete E2E › should complete add to cart → card payment → success page flow 

    Error: Timed out 5000ms waiting for expect(page).toHaveURL(expected)

    Expected pattern: /.*checkout/
    Received string:  "https://tkafrokitchen.com/menu"
    Call log:
      - Expect "toHaveURL" with timeout 5000ms
        9 × unexpected value "https://tkafrokitchen.com/menu"


      57 |     
      58 |     // Verify we're on checkout page and not redirected (cart should have items)
    > 59 |     await expect(page).toHaveURL(/.*checkout/);
         |                        ^
      60 |     console.log('✅ Successfully on checkout page with items in cart');
      61 |     
      62 |     // Step 6: Fill delivery details
        at /Users/I590496/TKAFROKITCHEN/tk-afro-kitchen/tests/e2e/final-payment-flow.spec.ts:59:24

    attachment #1: screenshot (image/png) ──────────────────────────────────────────────────────────
    ../test-results/e2e-final-payment-flow-Fin-cc011-payment-→-success-page-flow-Mobile-Safari/test-failed-1.png
    ────────────────────────────────────────────────────────────────────────────────────────────────

    attachment #2: video (video/webm) ──────────────────────────────────────────────────────────────
    ../test-results/e2e-final-payment-flow-Fin-cc011-payment-→-success-page-flow-Mobile-Safari/video.webm
    ────────────────────────────────────────────────────────────────────────────────────────────────

    Error Context: ../test-results/e2e-final-payment-flow-Fin-cc011-payment-→-success-page-flow-Mobile-Safari/error-context.md
]]>
</failure>
<system-out>
<![CDATA[🚀 Starting complete payment flow test
📱 Step 1: Navigate to menu
🍽️ Step 2: Select menu item
🛒 Step 3: Add item to cart from modal
✅ Item added to cart
🔄 Step 4: Ensure modal is closed
🛍️ Step 5: Navigate to checkout

[[ATTACHMENT|e2e-final-payment-flow-Fin-cc011-payment-→-success-page-flow-Mobile-Safari/test-failed-1.png]]

[[ATTACHMENT|e2e-final-payment-flow-Fin-cc011-payment-→-success-page-flow-Mobile-Safari/video.webm]]

[[ATTACHMENT|e2e-final-payment-flow-Fin-cc011-payment-→-success-page-flow-Mobile-Safari/error-context.md]]
]]>
</system-out>
</testcase>
<testcase name="Final Payment Flow Test - Complete E2E › should add item to cart and verify cart state" classname="e2e/final-payment-flow.spec.ts" time="8.829">
<system-out>
<![CDATA[🛒 Testing cart functionality only
✅ Item added to cart
❌ Redirected from checkout - cart may be empty
]]>
</system-out>
</testcase>
</testsuite>
<testsuite name="e2e/full-payment-flow.spec.ts" timestamp="2025-07-20T10:35:55.243Z" hostname="Mobile Safari" tests="4" failures="4" skipped="0" time="120.955" errors="0">
<testcase name="Complete Payment Flow - Add to Cart → Card Payment → Success Page › should complete full payment flow with card payment" classname="e2e/full-payment-flow.spec.ts" time="30.235">
<failure message="full-payment-flow.spec.ts:11:7 should complete full payment flow with card payment" type="FAILURE">
<![CDATA[  [Mobile Safari] › e2e/full-payment-flow.spec.ts:11:7 › Complete Payment Flow - Add to Cart → Card Payment → Success Page › should complete full payment flow with card payment 

    Test timeout of 30000ms exceeded.

    Error: locator.click: Test timeout of 30000ms exceeded.
    Call log:
      - waiting for locator('a[href="/menu"]:has-text("Browse Our Menu")')


      14 |     
      15 |     // Navigate to menu using the correct Link component
    > 16 |     await page.locator('a[href="/menu"]:has-text("Browse Our Menu")').click();
         |                                                                       ^
      17 |     await expect(page).toHaveURL(/.*menu/);
      18 |     await page.waitForLoadState('networkidle');
      19 |     
        at /Users/I590496/TKAFROKITCHEN/tk-afro-kitchen/tests/e2e/full-payment-flow.spec.ts:16:71

    attachment #1: screenshot (image/png) ──────────────────────────────────────────────────────────
    ../test-results/e2e-full-payment-flow-Comp-4918c-ment-flow-with-card-payment-Mobile-Safari/test-failed-1.png
    ────────────────────────────────────────────────────────────────────────────────────────────────

    attachment #2: video (video/webm) ──────────────────────────────────────────────────────────────
    ../test-results/e2e-full-payment-flow-Comp-4918c-ment-flow-with-card-payment-Mobile-Safari/video.webm
    ────────────────────────────────────────────────────────────────────────────────────────────────

    Error Context: ../test-results/e2e-full-payment-flow-Comp-4918c-ment-flow-with-card-payment-Mobile-Safari/error-context.md
]]>
</failure>
<system-out>
<![CDATA[🛒 Step 1: Adding item to cart

[[ATTACHMENT|e2e-full-payment-flow-Comp-4918c-ment-flow-with-card-payment-Mobile-Safari/test-failed-1.png]]

[[ATTACHMENT|e2e-full-payment-flow-Comp-4918c-ment-flow-with-card-payment-Mobile-Safari/video.webm]]

[[ATTACHMENT|e2e-full-payment-flow-Comp-4918c-ment-flow-with-card-payment-Mobile-Safari/error-context.md]]
]]>
</system-out>
</testcase>
<testcase name="Complete Payment Flow - Add to Cart → Card Payment → Success Page › should handle continue shopping during checkout" classname="e2e/full-payment-flow.spec.ts" time="30.227">
<failure message="full-payment-flow.spec.ts:159:7 should handle continue shopping during checkout" type="FAILURE">
<![CDATA[  [Mobile Safari] › e2e/full-payment-flow.spec.ts:159:7 › Complete Payment Flow - Add to Cart → Card Payment → Success Page › should handle continue shopping during checkout 

    Test timeout of 30000ms exceeded.

    Error: locator.click: Test timeout of 30000ms exceeded.
    Call log:
      - waiting for locator('[data-testid="menu-item"], .menu-item, .product-card').first()


      163 |     
      164 |     const menuItem = page.locator('[data-testid="menu-item"], .menu-item, .product-card').first();
    > 165 |     await menuItem.click();
          |                    ^
      166 |     
      167 |     const addToCartButton = page.locator('button:has-text("Add to Cart"), button:has-text("Add To Cart")');
      168 |     await addToCartButton.click();
        at /Users/I590496/TKAFROKITCHEN/tk-afro-kitchen/tests/e2e/full-payment-flow.spec.ts:165:20

    attachment #1: screenshot (image/png) ──────────────────────────────────────────────────────────
    ../test-results/e2e-full-payment-flow-Comp-c8666-ue-shopping-during-checkout-Mobile-Safari/test-failed-1.png
    ────────────────────────────────────────────────────────────────────────────────────────────────

    attachment #2: video (video/webm) ──────────────────────────────────────────────────────────────
    ../test-results/e2e-full-payment-flow-Comp-c8666-ue-shopping-during-checkout-Mobile-Safari/video.webm
    ────────────────────────────────────────────────────────────────────────────────────────────────

    Error Context: ../test-results/e2e-full-payment-flow-Comp-c8666-ue-shopping-during-checkout-Mobile-Safari/error-context.md
]]>
</failure>
<system-out>
<![CDATA[
[[ATTACHMENT|e2e-full-payment-flow-Comp-c8666-ue-shopping-during-checkout-Mobile-Safari/test-failed-1.png]]

[[ATTACHMENT|e2e-full-payment-flow-Comp-c8666-ue-shopping-during-checkout-Mobile-Safari/video.webm]]

[[ATTACHMENT|e2e-full-payment-flow-Comp-c8666-ue-shopping-during-checkout-Mobile-Safari/error-context.md]]
]]>
</system-out>
</testcase>
<testcase name="Complete Payment Flow - Add to Cart → Card Payment → Success Page › should validate payment form fields" classname="e2e/full-payment-flow.spec.ts" time="30.228">
<failure message="full-payment-flow.spec.ts:182:7 should validate payment form fields" type="FAILURE">
<![CDATA[  [Mobile Safari] › e2e/full-payment-flow.spec.ts:182:7 › Complete Payment Flow - Add to Cart → Card Payment → Success Page › should validate payment form fields 

    Test timeout of 30000ms exceeded.

    Error: locator.click: Test timeout of 30000ms exceeded.
    Call log:
      - waiting for locator('[data-testid="menu-item"], .menu-item, .product-card').first()


      186 |     
      187 |     const menuItem = page.locator('[data-testid="menu-item"], .menu-item, .product-card').first();
    > 188 |     await menuItem.click();
          |                    ^
      189 |     
      190 |     const addToCartButton = page.locator('button:has-text("Add to Cart")');
      191 |     await addToCartButton.click();
        at /Users/I590496/TKAFROKITCHEN/tk-afro-kitchen/tests/e2e/full-payment-flow.spec.ts:188:20

    attachment #1: screenshot (image/png) ──────────────────────────────────────────────────────────
    ../test-results/e2e-full-payment-flow-Comp-dd5fd-alidate-payment-form-fields-Mobile-Safari/test-failed-1.png
    ────────────────────────────────────────────────────────────────────────────────────────────────

    attachment #2: video (video/webm) ──────────────────────────────────────────────────────────────
    ../test-results/e2e-full-payment-flow-Comp-dd5fd-alidate-payment-form-fields-Mobile-Safari/video.webm
    ────────────────────────────────────────────────────────────────────────────────────────────────

    Error Context: ../test-results/e2e-full-payment-flow-Comp-dd5fd-alidate-payment-form-fields-Mobile-Safari/error-context.md
]]>
</failure>
<system-out>
<![CDATA[
[[ATTACHMENT|e2e-full-payment-flow-Comp-dd5fd-alidate-payment-form-fields-Mobile-Safari/test-failed-1.png]]

[[ATTACHMENT|e2e-full-payment-flow-Comp-dd5fd-alidate-payment-form-fields-Mobile-Safari/video.webm]]

[[ATTACHMENT|e2e-full-payment-flow-Comp-dd5fd-alidate-payment-form-fields-Mobile-Safari/error-context.md]]
]]>
</system-out>
</testcase>
<testcase name="Complete Payment Flow - Add to Cart → Card Payment → Success Page › should show order summary in checkout" classname="e2e/full-payment-flow.spec.ts" time="30.265">
<failure message="full-payment-flow.spec.ts:204:7 should show order summary in checkout" type="FAILURE">
<![CDATA[  [Mobile Safari] › e2e/full-payment-flow.spec.ts:204:7 › Complete Payment Flow - Add to Cart → Card Payment → Success Page › should show order summary in checkout 

    Test timeout of 30000ms exceeded.

    Error: locator.click: Test timeout of 30000ms exceeded.
    Call log:
      - waiting for locator('[data-testid="menu-item"], .menu-item, .product-card').first()


      208 |     
      209 |     const menuItem = page.locator('[data-testid="menu-item"], .menu-item, .product-card').first();
    > 210 |     await menuItem.click();
          |                    ^
      211 |     
      212 |     const addToCartButton = page.locator('button:has-text("Add to Cart")');
      213 |     await addToCartButton.click();
        at /Users/I590496/TKAFROKITCHEN/tk-afro-kitchen/tests/e2e/full-payment-flow.spec.ts:210:20

    attachment #1: screenshot (image/png) ──────────────────────────────────────────────────────────
    ../test-results/e2e-full-payment-flow-Comp-12f70-w-order-summary-in-checkout-Mobile-Safari/test-failed-1.png
    ────────────────────────────────────────────────────────────────────────────────────────────────

    attachment #2: video (video/webm) ──────────────────────────────────────────────────────────────
    ../test-results/e2e-full-payment-flow-Comp-12f70-w-order-summary-in-checkout-Mobile-Safari/video.webm
    ────────────────────────────────────────────────────────────────────────────────────────────────

    Error Context: ../test-results/e2e-full-payment-flow-Comp-12f70-w-order-summary-in-checkout-Mobile-Safari/error-context.md
]]>
</failure>
<system-out>
<![CDATA[
[[ATTACHMENT|e2e-full-payment-flow-Comp-12f70-w-order-summary-in-checkout-Mobile-Safari/test-failed-1.png]]

[[ATTACHMENT|e2e-full-payment-flow-Comp-12f70-w-order-summary-in-checkout-Mobile-Safari/video.webm]]

[[ATTACHMENT|e2e-full-payment-flow-Comp-12f70-w-order-summary-in-checkout-Mobile-Safari/error-context.md]]
]]>
</system-out>
</testcase>
</testsuite>
<testsuite name="e2e/full-user-journey.spec.ts" timestamp="2025-07-20T10:35:55.243Z" hostname="Mobile Safari" tests="6" failures="5" skipped="0" time="29.744" errors="0">
<testcase name="Complete User Journey › should complete full user journey from homepage to success" classname="e2e/full-user-journey.spec.ts" time="6.083">
<failure message="full-user-journey.spec.ts:12:7 should complete full user journey from homepage to success" type="FAILURE">
<![CDATA[  [Mobile Safari] › e2e/full-user-journey.spec.ts:12:7 › Complete User Journey › should complete full user journey from homepage to success 

    Error: Timed out 5000ms waiting for expect(locator).toContainText(expected)

    Locator: locator('h1')
    Expected string: "Authentic Nigerian Cuisine"
    Received string: "TK Afro Kitchen"
    Call log:
      - Expect "toContainText" with timeout 5000ms
      - waiting for locator('h1')
        9 × locator resolved to <h1 class="text-5xl md:text-7xl font-bold mb-6">…</h1>
          - unexpected value "TK Afro Kitchen"


      13 |     // Step 1: Start from homepage
      14 |     await page.goto('/');
    > 15 |     await expect(page.locator('h1')).toContainText('Authentic Nigerian Cuisine');
         |                                      ^
      16 |
      17 |     // Step 2: Navigate to menu
      18 |     const browseMenuBtn = page.locator('text=Browse Our Menu').first();
        at /Users/I590496/TKAFROKITCHEN/tk-afro-kitchen/tests/e2e/full-user-journey.spec.ts:15:38

    attachment #1: screenshot (image/png) ──────────────────────────────────────────────────────────
    ../test-results/e2e-full-user-journey-Comp-56edd-ey-from-homepage-to-success-Mobile-Safari/test-failed-1.png
    ────────────────────────────────────────────────────────────────────────────────────────────────

    attachment #2: video (video/webm) ──────────────────────────────────────────────────────────────
    ../test-results/e2e-full-user-journey-Comp-56edd-ey-from-homepage-to-success-Mobile-Safari/video.webm
    ────────────────────────────────────────────────────────────────────────────────────────────────

    Error Context: ../test-results/e2e-full-user-journey-Comp-56edd-ey-from-homepage-to-success-Mobile-Safari/error-context.md
]]>
</failure>
<system-out>
<![CDATA[
[[ATTACHMENT|e2e-full-user-journey-Comp-56edd-ey-from-homepage-to-success-Mobile-Safari/test-failed-1.png]]

[[ATTACHMENT|e2e-full-user-journey-Comp-56edd-ey-from-homepage-to-success-Mobile-Safari/video.webm]]

[[ATTACHMENT|e2e-full-user-journey-Comp-56edd-ey-from-homepage-to-success-Mobile-Safari/error-context.md]]
]]>
</system-out>
</testcase>
<testcase name="Complete User Journey › should handle continue shopping flow" classname="e2e/full-user-journey.spec.ts" time="6.231">
<failure message="full-user-journey.spec.ts:64:7 should handle continue shopping flow" type="FAILURE">
<![CDATA[  [Mobile Safari] › e2e/full-user-journey.spec.ts:64:7 › Complete User Journey › should handle continue shopping flow 

    Error: Timed out 5000ms waiting for expect(locator).toBeVisible()

    Locator: locator('button:has-text("Add to Cart"), button:has-text("Add to Basket")').first()
    Expected: visible
    Received: <element(s) not found>
    Call log:
      - Expect "toBeVisible" with timeout 5000ms
      - waiting for locator('button:has-text("Add to Cart"), button:has-text("Add to Basket")').first()


       at e2e/utils/test-helpers.ts:13

      11 |     
      12 |     const addToCartBtn = this.page.locator('button:has-text("Add to Cart"), button:has-text("Add to Basket")').first();
    > 13 |     await expect(addToCartBtn).toBeVisible();
         |                                ^
      14 |     await addToCartBtn.click();
      15 |     await this.page.waitForTimeout(1000);
      16 |   }
        at TestHelpers.addItemToCart (/Users/I590496/TKAFROKITCHEN/tk-afro-kitchen/tests/e2e/utils/test-helpers.ts:13:32)
        at /Users/I590496/TKAFROKITCHEN/tk-afro-kitchen/tests/e2e/full-user-journey.spec.ts:66:5

    attachment #1: screenshot (image/png) ──────────────────────────────────────────────────────────
    ../test-results/e2e-full-user-journey-Comp-cd047-ndle-continue-shopping-flow-Mobile-Safari/test-failed-1.png
    ────────────────────────────────────────────────────────────────────────────────────────────────

    attachment #2: video (video/webm) ──────────────────────────────────────────────────────────────
    ../test-results/e2e-full-user-journey-Comp-cd047-ndle-continue-shopping-flow-Mobile-Safari/video.webm
    ────────────────────────────────────────────────────────────────────────────────────────────────

    Error Context: ../test-results/e2e-full-user-journey-Comp-cd047-ndle-continue-shopping-flow-Mobile-Safari/error-context.md
]]>
</failure>
<system-out>
<![CDATA[
[[ATTACHMENT|e2e-full-user-journey-Comp-cd047-ndle-continue-shopping-flow-Mobile-Safari/test-failed-1.png]]

[[ATTACHMENT|e2e-full-user-journey-Comp-cd047-ndle-continue-shopping-flow-Mobile-Safari/video.webm]]

[[ATTACHMENT|e2e-full-user-journey-Comp-cd047-ndle-continue-shopping-flow-Mobile-Safari/error-context.md]]
]]>
</system-out>
</testcase>
<testcase name="Complete User Journey › should handle Safari-specific payment flow" classname="e2e/full-user-journey.spec.ts" time="6.269">
<failure message="full-user-journey.spec.ts:93:7 should handle Safari-specific payment flow" type="FAILURE">
<![CDATA[  [Mobile Safari] › e2e/full-user-journey.spec.ts:93:7 › Complete User Journey › should handle Safari-specific payment flow 

    Error: Timed out 5000ms waiting for expect(locator).toBeVisible()

    Locator: locator('button:has-text("Add to Cart"), button:has-text("Add to Basket")').first()
    Expected: visible
    Received: <element(s) not found>
    Call log:
      - Expect "toBeVisible" with timeout 5000ms
      - waiting for locator('button:has-text("Add to Cart"), button:has-text("Add to Basket")').first()


       at e2e/utils/test-helpers.ts:13

      11 |     
      12 |     const addToCartBtn = this.page.locator('button:has-text("Add to Cart"), button:has-text("Add to Basket")').first();
    > 13 |     await expect(addToCartBtn).toBeVisible();
         |                                ^
      14 |     await addToCartBtn.click();
      15 |     await this.page.waitForTimeout(1000);
      16 |   }
        at TestHelpers.addItemToCart (/Users/I590496/TKAFROKITCHEN/tk-afro-kitchen/tests/e2e/utils/test-helpers.ts:13:32)
        at TestHelpers.proceedToCheckout (/Users/I590496/TKAFROKITCHEN/tk-afro-kitchen/tests/e2e/utils/test-helpers.ts:32:5)
        at TestHelpers.completeCheckoutFlow (/Users/I590496/TKAFROKITCHEN/tk-afro-kitchen/tests/e2e/utils/test-helpers.ts:205:5)
        at /Users/I590496/TKAFROKITCHEN/tk-afro-kitchen/tests/e2e/full-user-journey.spec.ts:102:5

    attachment #1: screenshot (image/png) ──────────────────────────────────────────────────────────
    ../test-results/e2e-full-user-journey-Comp-3922b-afari-specific-payment-flow-Mobile-Safari/test-failed-1.png
    ────────────────────────────────────────────────────────────────────────────────────────────────

    attachment #2: video (video/webm) ──────────────────────────────────────────────────────────────
    ../test-results/e2e-full-user-journey-Comp-3922b-afari-specific-payment-flow-Mobile-Safari/video.webm
    ────────────────────────────────────────────────────────────────────────────────────────────────

    Error Context: ../test-results/e2e-full-user-journey-Comp-3922b-afari-specific-payment-flow-Mobile-Safari/error-context.md
]]>
</failure>
<system-out>
<![CDATA[
[[ATTACHMENT|e2e-full-user-journey-Comp-3922b-afari-specific-payment-flow-Mobile-Safari/test-failed-1.png]]

[[ATTACHMENT|e2e-full-user-journey-Comp-3922b-afari-specific-payment-flow-Mobile-Safari/video.webm]]

[[ATTACHMENT|e2e-full-user-journey-Comp-3922b-afari-specific-payment-flow-Mobile-Safari/error-context.md]]
]]>
</system-out>
</testcase>
<testcase name="Complete User Journey › should handle mobile user journey" classname="e2e/full-user-journey.spec.ts" time="2.002">
<failure message="full-user-journey.spec.ts:134:7 should handle mobile user journey" type="FAILURE">
<![CDATA[  [Mobile Safari] › e2e/full-user-journey.spec.ts:134:7 › Complete User Journey › should handle mobile user journey 

    Error: locator.isVisible: Error: strict mode violation: locator('a[href="/menu"]').filter({ hasText: 'Menu' }) resolved to 6 elements:
        1) <a href="/menu" class="nav-link">Menu</a> aka locator('header').getByText('Menu')
        2) <a href="/menu">…</a> aka locator('a').filter({ hasText: 'Explore Our Menu' })
        3) <a href="/menu" data-slot="button" class="inline-flex items-center justify-center gap-2 whitespace-nowrap text-sm font-medium transition-all disabled:pointer-events-none disabled:opacity-50 [&_svg]:pointer-events-none [&_svg:not([class*='size-'])]:size-4 shrink-0 [&_svg]:shrink-0 outline-none focus-visible:border-ring focus-visible:ring-ring/50 focus-visible:ring-[3px] aria-invalid:ring-destructive/20 dark:aria-invalid:ring-destructive/40 aria-invalid:border-destructive text-primary-foreground sh…>View Our Menu</a> aka getByText('View Our Menu')
        4) <a href="/menu" data-slot="button" class="inline-flex items-center justify-center gap-2 whitespace-nowrap text-sm font-medium transition-all disabled:pointer-events-none disabled:opacity-50 [&_svg]:pointer-events-none [&_svg:not([class*='size-'])]:size-4 shrink-0 [&_svg]:shrink-0 outline-none focus-visible:border-ring focus-visible:ring-ring/50 focus-visible:ring-[3px] aria-invalid:ring-destructive/20 dark:aria-invalid:ring-destructive/40 aria-invalid:border-destructive text-primary-foreground sh…>View Complete Menu</a> aka getByText('View Complete Menu')
        5) <a href="/menu" class="text-gray-300 hover:text-orange-400 transition-colors duration-300 text-sm flex items-center group">…</a> aka locator('footer').getByText('Menu', { exact: true })
        6) <a href="/menu">…</a> aka locator('a').filter({ hasText: /^Menu$/ }).nth(2)

    Call log:
        - checking visibility of locator('a[href="/menu"]').filter({ hasText: 'Menu' })


      151 |       // Look for mobile navigation
      152 |       const mobileMenuLink = page.locator('a[href="/menu"]').filter({ hasText: 'Menu' });
    > 153 |       if (await mobileMenuLink.isVisible()) {
          |                                ^
      154 |         await mobileMenuLink.click();
      155 |         await helpers.waitForNavigation('/menu');
      156 |       } else {
        at /Users/I590496/TKAFROKITCHEN/tk-afro-kitchen/tests/e2e/full-user-journey.spec.ts:153:32

    attachment #1: screenshot (image/png) ──────────────────────────────────────────────────────────
    ../test-results/e2e-full-user-journey-Comp-5cf25--handle-mobile-user-journey-Mobile-Safari/test-failed-1.png
    ────────────────────────────────────────────────────────────────────────────────────────────────

    attachment #2: video (video/webm) ──────────────────────────────────────────────────────────────
    ../test-results/e2e-full-user-journey-Comp-5cf25--handle-mobile-user-journey-Mobile-Safari/video.webm
    ────────────────────────────────────────────────────────────────────────────────────────────────

    Error Context: ../test-results/e2e-full-user-journey-Comp-5cf25--handle-mobile-user-journey-Mobile-Safari/error-context.md
]]>
</failure>
<system-out>
<![CDATA[
[[ATTACHMENT|e2e-full-user-journey-Comp-5cf25--handle-mobile-user-journey-Mobile-Safari/test-failed-1.png]]

[[ATTACHMENT|e2e-full-user-journey-Comp-5cf25--handle-mobile-user-journey-Mobile-Safari/video.webm]]

[[ATTACHMENT|e2e-full-user-journey-Comp-5cf25--handle-mobile-user-journey-Mobile-Safari/error-context.md]]
]]>
</system-out>
</testcase>
<testcase name="Complete User Journey › should handle error scenarios gracefully" classname="e2e/full-user-journey.spec.ts" time="2.906">
</testcase>
<testcase name="Complete User Journey › should maintain cart state across navigation" classname="e2e/full-user-journey.spec.ts" time="6.253">
<failure message="full-user-journey.spec.ts:200:7 should maintain cart state across navigation" type="FAILURE">
<![CDATA[  [Mobile Safari] › e2e/full-user-journey.spec.ts:200:7 › Complete User Journey › should maintain cart state across navigation 

    Error: Timed out 5000ms waiting for expect(locator).toBeVisible()

    Locator: locator('button:has-text("Add to Cart"), button:has-text("Add to Basket")').first()
    Expected: visible
    Received: <element(s) not found>
    Call log:
      - Expect "toBeVisible" with timeout 5000ms
      - waiting for locator('button:has-text("Add to Cart"), button:has-text("Add to Basket")').first()


       at e2e/utils/test-helpers.ts:13

      11 |     
      12 |     const addToCartBtn = this.page.locator('button:has-text("Add to Cart"), button:has-text("Add to Basket")').first();
    > 13 |     await expect(addToCartBtn).toBeVisible();
         |                                ^
      14 |     await addToCartBtn.click();
      15 |     await this.page.waitForTimeout(1000);
      16 |   }
        at TestHelpers.addItemToCart (/Users/I590496/TKAFROKITCHEN/tk-afro-kitchen/tests/e2e/utils/test-helpers.ts:13:32)
        at /Users/I590496/TKAFROKITCHEN/tk-afro-kitchen/tests/e2e/full-user-journey.spec.ts:202:5

    attachment #1: screenshot (image/png) ──────────────────────────────────────────────────────────
    ../test-results/e2e-full-user-journey-Comp-6839f-art-state-across-navigation-Mobile-Safari/test-failed-1.png
    ────────────────────────────────────────────────────────────────────────────────────────────────

    attachment #2: video (video/webm) ──────────────────────────────────────────────────────────────
    ../test-results/e2e-full-user-journey-Comp-6839f-art-state-across-navigation-Mobile-Safari/video.webm
    ────────────────────────────────────────────────────────────────────────────────────────────────

    Error Context: ../test-results/e2e-full-user-journey-Comp-6839f-art-state-across-navigation-Mobile-Safari/error-context.md
]]>
</failure>
<system-out>
<![CDATA[
[[ATTACHMENT|e2e-full-user-journey-Comp-6839f-art-state-across-navigation-Mobile-Safari/test-failed-1.png]]

[[ATTACHMENT|e2e-full-user-journey-Comp-6839f-art-state-across-navigation-Mobile-Safari/video.webm]]

[[ATTACHMENT|e2e-full-user-journey-Comp-6839f-art-state-across-navigation-Mobile-Safari/error-context.md]]
]]>
</system-out>
</testcase>
</testsuite>
<testsuite name="e2e/homepage.spec.ts" timestamp="2025-07-20T10:35:55.243Z" hostname="Mobile Safari" tests="11" failures="6" skipped="0" time="28.112" errors="0">
<testcase name="Homepage › should load homepage successfully" classname="e2e/homepage.spec.ts" time="1.388">
</testcase>
<testcase name="Homepage › should display navigation menu correctly" classname="e2e/homepage.spec.ts" time="1.07">
<failure message="homepage.spec.ts:19:7 should display navigation menu correctly" type="FAILURE">
<![CDATA[  [Mobile Safari] › e2e/homepage.spec.ts:19:7 › Homepage › should display navigation menu correctly 

    Error: expect.toBeVisible: Error: strict mode violation: locator('nav') resolved to 3 elements:
        1) <nav class="flex items-center space-x-4">…</nav> aka getByText('AboutFAQContact')
        2) <nav class="hidden md:flex items-center space-x-6">…</nav> aka getByText('MenuPricingFrozenCatering')
        3) <nav class="fixed bottom-0 left-0 right-0 z-50 md:hidden">…</nav> aka getByRole('navigation')

    Call log:
      - Expect "toBeVisible" with timeout 5000ms
      - waiting for locator('nav')


      19 |   test('should display navigation menu correctly', async ({ page }) => {
      20 |     // Check main navigation is visible
    > 21 |     await expect(page.locator('nav')).toBeVisible();
         |                                       ^
      22 |     
      23 |     // Check key navigation links are present
      24 |     const navLinks = ['Menu', 'Pricing', 'Frozen', 'Catering', 'About', 'FAQ', 'Contact'];
        at /Users/I590496/TKAFROKITCHEN/tk-afro-kitchen/tests/e2e/homepage.spec.ts:21:39

    attachment #1: screenshot (image/png) ──────────────────────────────────────────────────────────
    ../test-results/e2e-homepage-Homepage-shou-5ffc8-y-navigation-menu-correctly-Mobile-Safari/test-failed-1.png
    ────────────────────────────────────────────────────────────────────────────────────────────────

    attachment #2: video (video/webm) ──────────────────────────────────────────────────────────────
    ../test-results/e2e-homepage-Homepage-shou-5ffc8-y-navigation-menu-correctly-Mobile-Safari/video.webm
    ────────────────────────────────────────────────────────────────────────────────────────────────

    Error Context: ../test-results/e2e-homepage-Homepage-shou-5ffc8-y-navigation-menu-correctly-Mobile-Safari/error-context.md
]]>
</failure>
<system-out>
<![CDATA[
[[ATTACHMENT|e2e-homepage-Homepage-shou-5ffc8-y-navigation-menu-correctly-Mobile-Safari/test-failed-1.png]]

[[ATTACHMENT|e2e-homepage-Homepage-shou-5ffc8-y-navigation-menu-correctly-Mobile-Safari/video.webm]]

[[ATTACHMENT|e2e-homepage-Homepage-shou-5ffc8-y-navigation-menu-correctly-Mobile-Safari/error-context.md]]
]]>
</system-out>
</testcase>
<testcase name="Homepage › should display hero section with call-to-action" classname="e2e/homepage.spec.ts" time="6.743">
<failure message="homepage.spec.ts:31:7 should display hero section with call-to-action" type="FAILURE">
<![CDATA[  [Mobile Safari] › e2e/homepage.spec.ts:31:7 › Homepage › should display hero section with call-to-action 

    Error: Timed out 5000ms waiting for expect(locator).toBeVisible()

    Locator: locator('button:has-text("Order Now")')
    Expected: visible
    Received: <element(s) not found>
    Call log:
      - Expect "toBeVisible" with timeout 5000ms
      - waiting for locator('button:has-text("Order Now")')


      34 |     
      35 |     // Check for call-to-action buttons
    > 36 |     await expect(page.locator('button:has-text("Order Now")')).toBeVisible();
         |                                                                ^
      37 |     await expect(page.locator('a:has-text("Browse Menu")')).toBeVisible();
      38 |   });
      39 |
        at /Users/I590496/TKAFROKITCHEN/tk-afro-kitchen/tests/e2e/homepage.spec.ts:36:64

    attachment #1: screenshot (image/png) ──────────────────────────────────────────────────────────
    ../test-results/e2e-homepage-Homepage-shou-3a893-section-with-call-to-action-Mobile-Safari/test-failed-1.png
    ────────────────────────────────────────────────────────────────────────────────────────────────

    attachment #2: video (video/webm) ──────────────────────────────────────────────────────────────
    ../test-results/e2e-homepage-Homepage-shou-3a893-section-with-call-to-action-Mobile-Safari/video.webm
    ────────────────────────────────────────────────────────────────────────────────────────────────

    Error Context: ../test-results/e2e-homepage-Homepage-shou-3a893-section-with-call-to-action-Mobile-Safari/error-context.md
]]>
</failure>
<system-out>
<![CDATA[
[[ATTACHMENT|e2e-homepage-Homepage-shou-3a893-section-with-call-to-action-Mobile-Safari/test-failed-1.png]]

[[ATTACHMENT|e2e-homepage-Homepage-shou-3a893-section-with-call-to-action-Mobile-Safari/video.webm]]

[[ATTACHMENT|e2e-homepage-Homepage-shou-3a893-section-with-call-to-action-Mobile-Safari/error-context.md]]
]]>
</system-out>
</testcase>
<testcase name="Homepage › should display featured dishes section" classname="e2e/homepage.spec.ts" time="6.475">
<failure message="homepage.spec.ts:40:7 should display featured dishes section" type="FAILURE">
<![CDATA[  [Mobile Safari] › e2e/homepage.spec.ts:40:7 › Homepage › should display featured dishes section ──

    Error: Timed out 5000ms waiting for expect(locator).toBeVisible()

    Locator: locator('.featured-dishes, [data-testid="featured-dishes"]')
    Expected: visible
    Received: <element(s) not found>
    Call log:
      - Expect "toBeVisible" with timeout 5000ms
      - waiting for locator('.featured-dishes, [data-testid="featured-dishes"]')


      43 |     
      44 |     // Check for featured dishes
    > 45 |     await expect(page.locator('.featured-dishes, [data-testid="featured-dishes"]')).toBeVisible();
         |                                                                                     ^
      46 |     
      47 |     // Check for dish cards
      48 |     const dishCards = page.locator('.dish-card, [data-testid="dish-card"]');
        at /Users/I590496/TKAFROKITCHEN/tk-afro-kitchen/tests/e2e/homepage.spec.ts:45:85

    attachment #1: screenshot (image/png) ──────────────────────────────────────────────────────────
    ../test-results/e2e-homepage-Homepage-should-display-featured-dishes-section-Mobile-Safari/test-failed-1.png
    ────────────────────────────────────────────────────────────────────────────────────────────────

    attachment #2: video (video/webm) ──────────────────────────────────────────────────────────────
    ../test-results/e2e-homepage-Homepage-should-display-featured-dishes-section-Mobile-Safari/video.webm
    ────────────────────────────────────────────────────────────────────────────────────────────────

    Error Context: ../test-results/e2e-homepage-Homepage-should-display-featured-dishes-section-Mobile-Safari/error-context.md
]]>
</failure>
<system-out>
<![CDATA[
[[ATTACHMENT|e2e-homepage-Homepage-should-display-featured-dishes-section-Mobile-Safari/test-failed-1.png]]

[[ATTACHMENT|e2e-homepage-Homepage-should-display-featured-dishes-section-Mobile-Safari/video.webm]]

[[ATTACHMENT|e2e-homepage-Homepage-should-display-featured-dishes-section-Mobile-Safari/error-context.md]]
]]>
</system-out>
</testcase>
<testcase name="Homepage › should display footer with contact information" classname="e2e/homepage.spec.ts" time="1.586">
<failure message="homepage.spec.ts:52:7 should display footer with contact information" type="FAILURE">
<![CDATA[  [Mobile Safari] › e2e/homepage.spec.ts:52:7 › Homepage › should display footer with contact information 

    Error: expect.toBeVisible: Error: strict mode violation: locator('text=Milton Keynes') resolved to 2 elements:
        1) <span>Milton Keynes, UK</span> aka getByRole('banner').getByText('Milton Keynes, UK')
        2) <span class="text-sm">Milton Keynes, UK</span> aka getByRole('contentinfo').getByText('Milton Keynes, UK')

    Call log:
      - Expect "toBeVisible" with timeout 5000ms
      - waiting for locator('text=Milton Keynes')


      58 |     
      59 |     // Check for contact information
    > 60 |     await expect(page.locator('text=Milton Keynes')).toBeVisible();
         |                                                      ^
      61 |   });
      62 |
      63 |   test('should have working social media links', async ({ page }) => {
        at /Users/I590496/TKAFROKITCHEN/tk-afro-kitchen/tests/e2e/homepage.spec.ts:60:54

    attachment #1: screenshot (image/png) ──────────────────────────────────────────────────────────
    ../test-results/e2e-homepage-Homepage-shou-de17b-er-with-contact-information-Mobile-Safari/test-failed-1.png
    ────────────────────────────────────────────────────────────────────────────────────────────────

    attachment #2: video (video/webm) ──────────────────────────────────────────────────────────────
    ../test-results/e2e-homepage-Homepage-shou-de17b-er-with-contact-information-Mobile-Safari/video.webm
    ────────────────────────────────────────────────────────────────────────────────────────────────

    Error Context: ../test-results/e2e-homepage-Homepage-shou-de17b-er-with-contact-information-Mobile-Safari/error-context.md
]]>
</failure>
<system-out>
<![CDATA[
[[ATTACHMENT|e2e-homepage-Homepage-shou-de17b-er-with-contact-information-Mobile-Safari/test-failed-1.png]]

[[ATTACHMENT|e2e-homepage-Homepage-shou-de17b-er-with-contact-information-Mobile-Safari/video.webm]]

[[ATTACHMENT|e2e-homepage-Homepage-shou-de17b-er-with-contact-information-Mobile-Safari/error-context.md]]
]]>
</system-out>
</testcase>
<testcase name="Homepage › should have working social media links" classname="e2e/homepage.spec.ts" time="1.288">
<failure message="homepage.spec.ts:63:7 should have working social media links" type="FAILURE">
<![CDATA[  [Mobile Safari] › e2e/homepage.spec.ts:63:7 › Homepage › should have working social media links ──

    Error: expect.toBeVisible: Error: strict mode violation: locator('a[href*="instagram"]') resolved to 2 elements:
        1) <a target="_blank" href="https://instagram.com/tk_afro_kitchen" class="text-slate-300 hover:text-orange-400 transition-colors">…</a> aka locator('div').filter({ hasText: /^AboutFAQContact$/ }).locator('a').first()
        2) <a target="_blank" rel="noopener noreferrer" href="https://instagram.com/tk_afro_kitchen" class="w-10 h-10 bg-gradient-to-r from-pink-500 to-purple-500 rounded-full flex items-center justify-center text-white shadow-lg hover:shadow-xl transition-all duration-300">…</a> aka getByRole('contentinfo').getByRole('link').filter({ hasText: /^$/ }).first()

    Call log:
      - Expect "toBeVisible" with timeout 5000ms
      - waiting for locator('a[href*="instagram"]')


      63 |   test('should have working social media links', async ({ page }) => {
      64 |     // Check social media icons are present
    > 65 |     await expect(page.locator('a[href*="instagram"]')).toBeVisible();
         |                                                        ^
      66 |     await expect(page.locator('a[href*="facebook"]')).toBeVisible();
      67 |   });
      68 |
        at /Users/I590496/TKAFROKITCHEN/tk-afro-kitchen/tests/e2e/homepage.spec.ts:65:56

    attachment #1: screenshot (image/png) ──────────────────────────────────────────────────────────
    ../test-results/e2e-homepage-Homepage-should-have-working-social-media-links-Mobile-Safari/test-failed-1.png
    ────────────────────────────────────────────────────────────────────────────────────────────────

    attachment #2: video (video/webm) ──────────────────────────────────────────────────────────────
    ../test-results/e2e-homepage-Homepage-should-have-working-social-media-links-Mobile-Safari/video.webm
    ────────────────────────────────────────────────────────────────────────────────────────────────

    Error Context: ../test-results/e2e-homepage-Homepage-should-have-working-social-media-links-Mobile-Safari/error-context.md
]]>
</failure>
<system-out>
<![CDATA[
[[ATTACHMENT|e2e-homepage-Homepage-should-have-working-social-media-links-Mobile-Safari/test-failed-1.png]]

[[ATTACHMENT|e2e-homepage-Homepage-should-have-working-social-media-links-Mobile-Safari/video.webm]]

[[ATTACHMENT|e2e-homepage-Homepage-should-have-working-social-media-links-Mobile-Safari/error-context.md]]
]]>
</system-out>
</testcase>
<testcase name="Homepage › should display logo and branding correctly" classname="e2e/homepage.spec.ts" time="1.345">
<failure message="homepage.spec.ts:69:7 should display logo and branding correctly" type="FAILURE">
<![CDATA[  [Mobile Safari] › e2e/homepage.spec.ts:69:7 › Homepage › should display logo and branding correctly 

    Error: expect.toBeVisible: Error: strict mode violation: locator('img[alt*="TK Afro Kitchen"]') resolved to 2 elements:
        1) <img sizes="100vw" loading="lazy" decoding="async" data-nimg="fill" alt="TK Afro Kitchen" class="object-contain rounded-full" src="/_next/image?url=%2Fimages%2Fbrand%2Ftklogo.jpg&w=3840&q=75" srcset="/_next/image?url=%2Fimages%2Fbrand%2Ftklogo.jpg&w=640&q=75 640w, /_next/image?url=%2Fimages%2Fbrand%2Ftklogo.jpg&w=750&q=75 750w, /_next/image?url=%2Fimages%2Fbrand%2Ftklogo.jpg&w=828&q=75 828w, /_next/image?url=%2Fimages%2Fbrand%2Ftklogo.jpg&w=1080&q=75 1080w, /_next/image?url=%2Fimages%2Fbrand%2Ftklo…/> aka getByRole('link', { name: 'TK Afro Kitchen TKAfro Kitchen' })
        2) <img sizes="100vw" loading="lazy" decoding="async" data-nimg="fill" alt="TK Afro Kitchen" class="object-contain rounded-full" src="/_next/image?url=%2Fimages%2Fbrand%2Ftklogo.jpg&w=3840&q=75" srcset="/_next/image?url=%2Fimages%2Fbrand%2Ftklogo.jpg&w=640&q=75 640w, /_next/image?url=%2Fimages%2Fbrand%2Ftklogo.jpg&w=750&q=75 750w, /_next/image?url=%2Fimages%2Fbrand%2Ftklogo.jpg&w=828&q=75 828w, /_next/image?url=%2Fimages%2Fbrand%2Ftklogo.jpg&w=1080&q=75 1080w, /_next/image?url=%2Fimages%2Fbrand%2Ftklo…/> aka getByRole('contentinfo').getByRole('img', { name: 'TK Afro Kitchen' })

    Call log:
      - Expect "toBeVisible" with timeout 5000ms
      - waiting for locator('img[alt*="TK Afro Kitchen"]')


      69 |   test('should display logo and branding correctly', async ({ page }) => {
      70 |     // Check logo is visible
    > 71 |     await expect(page.locator('img[alt*="TK Afro Kitchen"]')).toBeVisible();
         |                                                               ^
      72 |     
      73 |     // Check brand name is displayed
      74 |     await expect(page.locator('text=TKAfro Kitchen')).toBeVisible();
        at /Users/I590496/TKAFROKITCHEN/tk-afro-kitchen/tests/e2e/homepage.spec.ts:71:63

    attachment #1: screenshot (image/png) ──────────────────────────────────────────────────────────
    ../test-results/e2e-homepage-Homepage-shou-3ea0d-logo-and-branding-correctly-Mobile-Safari/test-failed-1.png
    ────────────────────────────────────────────────────────────────────────────────────────────────

    attachment #2: video (video/webm) ──────────────────────────────────────────────────────────────
    ../test-results/e2e-homepage-Homepage-shou-3ea0d-logo-and-branding-correctly-Mobile-Safari/video.webm
    ────────────────────────────────────────────────────────────────────────────────────────────────

    Error Context: ../test-results/e2e-homepage-Homepage-shou-3ea0d-logo-and-branding-correctly-Mobile-Safari/error-context.md
]]>
</failure>
<system-out>
<![CDATA[
[[ATTACHMENT|e2e-homepage-Homepage-shou-3ea0d-logo-and-branding-correctly-Mobile-Safari/test-failed-1.png]]

[[ATTACHMENT|e2e-homepage-Homepage-shou-3ea0d-logo-and-branding-correctly-Mobile-Safari/video.webm]]

[[ATTACHMENT|e2e-homepage-Homepage-shou-3ea0d-logo-and-branding-correctly-Mobile-Safari/error-context.md]]
]]>
</system-out>
</testcase>
<testcase name="Homepage › should have proper meta tags for SEO" classname="e2e/homepage.spec.ts" time="1.383">
</testcase>
<testcase name="Homepage › should load images without errors" classname="e2e/homepage.spec.ts" time="1.825">
</testcase>
<testcase name="Homepage › should have accessible color contrast" classname="e2e/homepage.spec.ts" time="1.412">
</testcase>
<testcase name="Homepage › should handle page refresh correctly" classname="e2e/homepage.spec.ts" time="3.597">
</testcase>
</testsuite>
<testsuite name="e2e/menu-and-cart.spec.ts" timestamp="2025-07-20T10:35:55.243Z" hostname="Mobile Safari" tests="7" failures="4" skipped="0" time="38.959" errors="0">
<testcase name="Menu and Cart Functionality › should load menu page successfully" classname="e2e/menu-and-cart.spec.ts" time="1.573">
</testcase>
<testcase name="Menu and Cart Functionality › should be able to add items to cart" classname="e2e/menu-and-cart.spec.ts" time="6.6">
<failure message="menu-and-cart.spec.ts:23:7 should be able to add items to cart" type="FAILURE">
<![CDATA[  [Mobile Safari] › e2e/menu-and-cart.spec.ts:23:7 › Menu and Cart Functionality › should be able to add items to cart 

    Error: Timed out 5000ms waiting for expect(locator).toBeVisible()

    Locator: locator('button:has-text("Add to Cart"), button:has-text("Add to Basket")').first()
    Expected: visible
    Received: <element(s) not found>
    Call log:
      - Expect "toBeVisible" with timeout 5000ms
      - waiting for locator('button:has-text("Add to Cart"), button:has-text("Add to Basket")').first()


      24 |     // Find a menu item with an "Add to Cart" button
      25 |     const addToCartBtn = page.locator('button:has-text("Add to Cart"), button:has-text("Add to Basket")').first();
    > 26 |     await expect(addToCartBtn).toBeVisible();
         |                                ^
      27 |     
      28 |     // Click add to cart
      29 |     await addToCartBtn.click();
        at /Users/I590496/TKAFROKITCHEN/tk-afro-kitchen/tests/e2e/menu-and-cart.spec.ts:26:32

    attachment #1: screenshot (image/png) ──────────────────────────────────────────────────────────
    ../test-results/e2e-menu-and-cart-Menu-and-df8ab-e-able-to-add-items-to-cart-Mobile-Safari/test-failed-1.png
    ────────────────────────────────────────────────────────────────────────────────────────────────

    attachment #2: video (video/webm) ──────────────────────────────────────────────────────────────
    ../test-results/e2e-menu-and-cart-Menu-and-df8ab-e-able-to-add-items-to-cart-Mobile-Safari/video.webm
    ────────────────────────────────────────────────────────────────────────────────────────────────

    Error Context: ../test-results/e2e-menu-and-cart-Menu-and-df8ab-e-able-to-add-items-to-cart-Mobile-Safari/error-context.md
]]>
</failure>
<system-out>
<![CDATA[
[[ATTACHMENT|e2e-menu-and-cart-Menu-and-df8ab-e-able-to-add-items-to-cart-Mobile-Safari/test-failed-1.png]]

[[ATTACHMENT|e2e-menu-and-cart-Menu-and-df8ab-e-able-to-add-items-to-cart-Mobile-Safari/video.webm]]

[[ATTACHMENT|e2e-menu-and-cart-Menu-and-df8ab-e-able-to-add-items-to-cart-Mobile-Safari/error-context.md]]
]]>
</system-out>
</testcase>
<testcase name="Menu and Cart Functionality › should be able to manage cart items" classname="e2e/menu-and-cart.spec.ts" time="8.239">
<failure message="menu-and-cart.spec.ts:50:7 should be able to manage cart items" type="FAILURE">
<![CDATA[  [Mobile Safari] › e2e/menu-and-cart.spec.ts:50:7 › Menu and Cart Functionality › should be able to manage cart items 

    Error: Timed out 5000ms waiting for expect(locator).toBeVisible()

    Locator: locator('text=Your Cart, text=Cart')
    Expected: visible
    Received: <element(s) not found>
    Call log:
      - Expect "toBeVisible" with timeout 5000ms
      - waiting for locator('text=Your Cart, text=Cart')


      62 |     
      63 |     // Check if cart modal is open
    > 64 |     await expect(page.locator('text=Your Cart, text=Cart')).toBeVisible();
         |                                                             ^
      65 |     
      66 |     // Look for quantity controls
      67 |     const plusButton = page.locator('button:has-text("+"), button[aria-label*="increase"], button[aria-label*="plus"]');
        at /Users/I590496/TKAFROKITCHEN/tk-afro-kitchen/tests/e2e/menu-and-cart.spec.ts:64:61

    attachment #1: screenshot (image/png) ──────────────────────────────────────────────────────────
    ../test-results/e2e-menu-and-cart-Menu-and-e0bcc-e-able-to-manage-cart-items-Mobile-Safari/test-failed-1.png
    ────────────────────────────────────────────────────────────────────────────────────────────────

    attachment #2: video (video/webm) ──────────────────────────────────────────────────────────────
    ../test-results/e2e-menu-and-cart-Menu-and-e0bcc-e-able-to-manage-cart-items-Mobile-Safari/video.webm
    ────────────────────────────────────────────────────────────────────────────────────────────────

    Error Context: ../test-results/e2e-menu-and-cart-Menu-and-e0bcc-e-able-to-manage-cart-items-Mobile-Safari/error-context.md
]]>
</failure>
<system-out>
<![CDATA[
[[ATTACHMENT|e2e-menu-and-cart-Menu-and-e0bcc-e-able-to-manage-cart-items-Mobile-Safari/test-failed-1.png]]

[[ATTACHMENT|e2e-menu-and-cart-Menu-and-e0bcc-e-able-to-manage-cart-items-Mobile-Safari/video.webm]]

[[ATTACHMENT|e2e-menu-and-cart-Menu-and-e0bcc-e-able-to-manage-cart-items-Mobile-Safari/error-context.md]]
]]>
</system-out>
</testcase>
<testcase name="Menu and Cart Functionality › should show cart total" classname="e2e/menu-and-cart.spec.ts" time="9.014">
<failure message="menu-and-cart.spec.ts:88:7 should show cart total" type="FAILURE">
<![CDATA[  [Mobile Safari] › e2e/menu-and-cart.spec.ts:88:7 › Menu and Cart Functionality › should show cart total 

    Error: Timed out 5000ms waiting for expect(locator).toBeVisible()

    Locator: locator('text=Total, text=£').or(locator('[data-testid="cart-total"]'))
    Expected: visible
    Received: <element(s) not found>
    Call log:
      - Expect "toBeVisible" with timeout 5000ms
      - waiting for locator('text=Total, text=£').or(locator('[data-testid="cart-total"]'))


      100 |     
      101 |     // Check for total price
    > 102 |     await expect(page.locator('text=Total, text=£').or(page.locator('[data-testid="cart-total"]'))).toBeVisible();
          |                                                                                                     ^
      103 |   });
      104 |
      105 |   test('should have continue shopping functionality', async ({ page }) => {
        at /Users/I590496/TKAFROKITCHEN/tk-afro-kitchen/tests/e2e/menu-and-cart.spec.ts:102:101

    attachment #1: screenshot (image/png) ──────────────────────────────────────────────────────────
    ../test-results/e2e-menu-and-cart-Menu-and-7db2a-lity-should-show-cart-total-Mobile-Safari/test-failed-1.png
    ────────────────────────────────────────────────────────────────────────────────────────────────

    attachment #2: video (video/webm) ──────────────────────────────────────────────────────────────
    ../test-results/e2e-menu-and-cart-Menu-and-7db2a-lity-should-show-cart-total-Mobile-Safari/video.webm
    ────────────────────────────────────────────────────────────────────────────────────────────────

    Error Context: ../test-results/e2e-menu-and-cart-Menu-and-7db2a-lity-should-show-cart-total-Mobile-Safari/error-context.md
]]>
</failure>
<system-out>
<![CDATA[
[[ATTACHMENT|e2e-menu-and-cart-Menu-and-7db2a-lity-should-show-cart-total-Mobile-Safari/test-failed-1.png]]

[[ATTACHMENT|e2e-menu-and-cart-Menu-and-7db2a-lity-should-show-cart-total-Mobile-Safari/video.webm]]

[[ATTACHMENT|e2e-menu-and-cart-Menu-and-7db2a-lity-should-show-cart-total-Mobile-Safari/error-context.md]]
]]>
</system-out>
</testcase>
<testcase name="Menu and Cart Functionality › should have continue shopping functionality" classname="e2e/menu-and-cart.spec.ts" time="3.754">
</testcase>
<testcase name="Menu and Cart Functionality › should proceed to checkout with items in cart" classname="e2e/menu-and-cart.spec.ts" time="2.362">
</testcase>
<testcase name="Menu and Cart Functionality › should show empty cart message when no items" classname="e2e/menu-and-cart.spec.ts" time="7.417">
<failure message="menu-and-cart.spec.ts:160:7 should show empty cart message when no items" type="FAILURE">
<![CDATA[  [Mobile Safari] › e2e/menu-and-cart.spec.ts:160:7 › Menu and Cart Functionality › should show empty cart message when no items 

    Error: Timed out 5000ms waiting for expect(locator).toBeVisible()

    Locator: locator('text=empty, text=no items')
    Expected: visible
    Received: <element(s) not found>
    Call log:
      - Expect "toBeVisible" with timeout 5000ms
      - waiting for locator('text=empty, text=no items')


      165 |     
      166 |     // Should show empty cart message
    > 167 |     await expect(page.locator('text=empty, text=no items')).toBeVisible();
          |                                                             ^
      168 |   });
      169 | });
        at /Users/I590496/TKAFROKITCHEN/tk-afro-kitchen/tests/e2e/menu-and-cart.spec.ts:167:61

    attachment #1: screenshot (image/png) ──────────────────────────────────────────────────────────
    ../test-results/e2e-menu-and-cart-Menu-and-c6fee--cart-message-when-no-items-Mobile-Safari/test-failed-1.png
    ────────────────────────────────────────────────────────────────────────────────────────────────

    attachment #2: video (video/webm) ──────────────────────────────────────────────────────────────
    ../test-results/e2e-menu-and-cart-Menu-and-c6fee--cart-message-when-no-items-Mobile-Safari/video.webm
    ────────────────────────────────────────────────────────────────────────────────────────────────

    Error Context: ../test-results/e2e-menu-and-cart-Menu-and-c6fee--cart-message-when-no-items-Mobile-Safari/error-context.md
]]>
</failure>
<system-out>
<![CDATA[
[[ATTACHMENT|e2e-menu-and-cart-Menu-and-c6fee--cart-message-when-no-items-Mobile-Safari/test-failed-1.png]]

[[ATTACHMENT|e2e-menu-and-cart-Menu-and-c6fee--cart-message-when-no-items-Mobile-Safari/video.webm]]

[[ATTACHMENT|e2e-menu-and-cart-Menu-and-c6fee--cart-message-when-no-items-Mobile-Safari/error-context.md]]
]]>
</system-out>
</testcase>
</testsuite>
<testsuite name="e2e/menu.spec.ts" timestamp="2025-07-20T10:35:55.243Z" hostname="Mobile Safari" tests="16" failures="8" skipped="0" time="80.229" errors="0">
<testcase name="Menu Page › should load menu page successfully" classname="e2e/menu.spec.ts" time="6.171">
<failure message="menu.spec.ts:8:7 should load menu page successfully" type="FAILURE">
<![CDATA[  [Mobile Safari] › e2e/menu.spec.ts:8:7 › Menu Page › should load menu page successfully ──────────

    Error: Timed out 5000ms waiting for expect(page).toHaveTitle(expected)

    Expected pattern: /Menu/
    Received string:  "TK Afro Kitchen"
    Call log:
      - Expect "toHaveTitle" with timeout 5000ms
        9 × unexpected value "TK Afro Kitchen"


       8 |   test('should load menu page successfully', async ({ page }) => {
       9 |     // Check page title
    > 10 |     await expect(page).toHaveTitle(/Menu/);
         |                        ^
      11 |     
      12 |     // Check main heading
      13 |     await expect(page.locator('h1')).toContainText(/Our Menu/);
        at /Users/I590496/TKAFROKITCHEN/tk-afro-kitchen/tests/e2e/menu.spec.ts:10:24

    attachment #1: screenshot (image/png) ──────────────────────────────────────────────────────────
    ../test-results/e2e-menu-Menu-Page-should-load-menu-page-successfully-Mobile-Safari/test-failed-1.png
    ────────────────────────────────────────────────────────────────────────────────────────────────

    attachment #2: video (video/webm) ──────────────────────────────────────────────────────────────
    ../test-results/e2e-menu-Menu-Page-should-load-menu-page-successfully-Mobile-Safari/video.webm
    ────────────────────────────────────────────────────────────────────────────────────────────────

    Error Context: ../test-results/e2e-menu-Menu-Page-should-load-menu-page-successfully-Mobile-Safari/error-context.md
]]>
</failure>
<system-out>
<![CDATA[
[[ATTACHMENT|e2e-menu-Menu-Page-should-load-menu-page-successfully-Mobile-Safari/test-failed-1.png]]

[[ATTACHMENT|e2e-menu-Menu-Page-should-load-menu-page-successfully-Mobile-Safari/video.webm]]

[[ATTACHMENT|e2e-menu-Menu-Page-should-load-menu-page-successfully-Mobile-Safari/error-context.md]]
]]>
</system-out>
</testcase>
<testcase name="Menu Page › should display category filters on desktop" classname="e2e/menu.spec.ts" time="1.39">
<failure message="menu.spec.ts:19:7 should display category filters on desktop" type="FAILURE">
<![CDATA[  [Mobile Safari] › e2e/menu.spec.ts:19:7 › Menu Page › should display category filters on desktop ─

    Error: expect.toBeVisible: Error: strict mode violation: locator('button:has-text("All Dishes")') resolved to 2 elements:
        1) <button tabindex="0" class="px-4 sm:px-6 py-2 sm:py-3 rounded-full border transition-all duration-300 text-sm sm:text-base bg-gradient-to-r from-orange-500 to-yellow-500 text-white border-orange-500">🍽️ All Dishes</button> aka getByRole('button', { name: '🍽️ All Dishes' })
        2) <button class="relative w-32 h-20 rounded-xl border-2 transition-all duration-300 flex flex-col items-center justify-center bg-gradient-to-br from-orange-500 to-yellow-500 border-orange-400 text-white shadow-lg">…</button> aka getByText('🍽️All Dishes')

    Call log:
      - Expect "toBeVisible" with timeout 5000ms
      - waiting for locator('button:has-text("All Dishes")')


      22 |     
      23 |     // Check category filter buttons are visible
    > 24 |     await expect(page.locator('button:has-text("All Dishes")')).toBeVisible();
         |                                                                 ^
      25 |     await expect(page.locator('button:has-text("Rice Dishes")')).toBeVisible();
      26 |     await expect(page.locator('button:has-text("Soups & Stews")')).toBeVisible();
      27 |   });
        at /Users/I590496/TKAFROKITCHEN/tk-afro-kitchen/tests/e2e/menu.spec.ts:24:65

    attachment #1: screenshot (image/png) ──────────────────────────────────────────────────────────
    ../test-results/e2e-menu-Menu-Page-should--cfe65-category-filters-on-desktop-Mobile-Safari/test-failed-1.png
    ────────────────────────────────────────────────────────────────────────────────────────────────

    attachment #2: video (video/webm) ──────────────────────────────────────────────────────────────
    ../test-results/e2e-menu-Menu-Page-should--cfe65-category-filters-on-desktop-Mobile-Safari/video.webm
    ────────────────────────────────────────────────────────────────────────────────────────────────

    Error Context: ../test-results/e2e-menu-Menu-Page-should--cfe65-category-filters-on-desktop-Mobile-Safari/error-context.md
]]>
</failure>
<system-out>
<![CDATA[
[[ATTACHMENT|e2e-menu-Menu-Page-should--cfe65-category-filters-on-desktop-Mobile-Safari/test-failed-1.png]]

[[ATTACHMENT|e2e-menu-Menu-Page-should--cfe65-category-filters-on-desktop-Mobile-Safari/video.webm]]

[[ATTACHMENT|e2e-menu-Menu-Page-should--cfe65-category-filters-on-desktop-Mobile-Safari/error-context.md]]
]]>
</system-out>
</testcase>
<testcase name="Menu Page › should display mobile category filter on mobile" classname="e2e/menu.spec.ts" time="1.199">
</testcase>
<testcase name="Menu Page › should filter menu items by category" classname="e2e/menu.spec.ts" time="3.719">
</testcase>
<testcase name="Menu Page › should auto-scroll to menu items on mobile category selection" classname="e2e/menu.spec.ts" time="30.25">
<failure message="menu.spec.ts:62:7 should auto-scroll to menu items on mobile category selection" type="FAILURE">
<![CDATA[  [Mobile Safari] › e2e/menu.spec.ts:62:7 › Menu Page › should auto-scroll to menu items on mobile category selection 

    Test timeout of 30000ms exceeded.

    Error: page.click: Test timeout of 30000ms exceeded.
    Call log:
      - waiting for locator('button:has-text("Rice Dishes")')
        - locator resolved to 2 elements. Proceeding with the first one: <button tabindex="0" class="px-4 sm:px-6 py-2 sm:py-3 rounded-full border transition-all duration-300 text-sm sm:text-base bg-transparent text-gray-300 border-gray-600 hover:border-orange-500 hover:text-orange-400">Rice Dishes</button>
      - attempting click action
        2 × waiting for element to be visible, enabled and stable
          - element is not visible
        - retrying click action
        - waiting 20ms
        2 × waiting for element to be visible, enabled and stable
          - element is not visible
        - retrying click action
          - waiting 100ms
        54 × waiting for element to be visible, enabled and stable
           - element is not visible
         - retrying click action
           - waiting 500ms
        - waiting for element to be visible, enabled and stable


      68 |     
      69 |     // Click on a category in mobile filter
    > 70 |     await page.click('button:has-text("Rice Dishes")');
         |                ^
      71 |     
      72 |     // Wait for scroll animation
      73 |     await page.waitForTimeout(1000);
        at /Users/I590496/TKAFROKITCHEN/tk-afro-kitchen/tests/e2e/menu.spec.ts:70:16

    attachment #1: screenshot (image/png) ──────────────────────────────────────────────────────────
    ../test-results/e2e-menu-Menu-Page-should--fd837-n-mobile-category-selection-Mobile-Safari/test-failed-1.png
    ────────────────────────────────────────────────────────────────────────────────────────────────

    attachment #2: video (video/webm) ──────────────────────────────────────────────────────────────
    ../test-results/e2e-menu-Menu-Page-should--fd837-n-mobile-category-selection-Mobile-Safari/video.webm
    ────────────────────────────────────────────────────────────────────────────────────────────────

    Error Context: ../test-results/e2e-menu-Menu-Page-should--fd837-n-mobile-category-selection-Mobile-Safari/error-context.md
]]>
</failure>
<system-out>
<![CDATA[
[[ATTACHMENT|e2e-menu-Menu-Page-should--fd837-n-mobile-category-selection-Mobile-Safari/test-failed-1.png]]

[[ATTACHMENT|e2e-menu-Menu-Page-should--fd837-n-mobile-category-selection-Mobile-Safari/video.webm]]

[[ATTACHMENT|e2e-menu-Menu-Page-should--fd837-n-mobile-category-selection-Mobile-Safari/error-context.md]]
]]>
</system-out>
</testcase>
<testcase name="Menu Page › should display menu items with correct information" classname="e2e/menu.spec.ts" time="6.36">
<failure message="menu.spec.ts:80:7 should display menu items with correct information" type="FAILURE">
<![CDATA[  [Mobile Safari] › e2e/menu.spec.ts:80:7 › Menu Page › should display menu items with correct information 

    Error: Timed out 5000ms waiting for expect(locator).toBeVisible()

    Locator: locator('.menu-item, [data-testid="menu-item"]').first()
    Expected: visible
    Received: <element(s) not found>
    Call log:
      - Expect "toBeVisible" with timeout 5000ms
      - waiting for locator('.menu-item, [data-testid="menu-item"]').first()


      81 |     // Check for menu items
      82 |     const menuItems = page.locator('.menu-item, [data-testid="menu-item"]');
    > 83 |     await expect(menuItems.first()).toBeVisible();
         |                                     ^
      84 |     
      85 |     // Check item structure
      86 |     const firstItem = menuItems.first();
        at /Users/I590496/TKAFROKITCHEN/tk-afro-kitchen/tests/e2e/menu.spec.ts:83:37

    attachment #1: screenshot (image/png) ──────────────────────────────────────────────────────────
    ../test-results/e2e-menu-Menu-Page-should--3df41-ms-with-correct-information-Mobile-Safari/test-failed-1.png
    ────────────────────────────────────────────────────────────────────────────────────────────────

    attachment #2: video (video/webm) ──────────────────────────────────────────────────────────────
    ../test-results/e2e-menu-Menu-Page-should--3df41-ms-with-correct-information-Mobile-Safari/video.webm
    ────────────────────────────────────────────────────────────────────────────────────────────────

    Error Context: ../test-results/e2e-menu-Menu-Page-should--3df41-ms-with-correct-information-Mobile-Safari/error-context.md
]]>
</failure>
<system-out>
<![CDATA[
[[ATTACHMENT|e2e-menu-Menu-Page-should--3df41-ms-with-correct-information-Mobile-Safari/test-failed-1.png]]

[[ATTACHMENT|e2e-menu-Menu-Page-should--3df41-ms-with-correct-information-Mobile-Safari/video.webm]]

[[ATTACHMENT|e2e-menu-Menu-Page-should--3df41-ms-with-correct-information-Mobile-Safari/error-context.md]]
]]>
</system-out>
</testcase>
<testcase name="Menu Page › should display prices for menu items" classname="e2e/menu.spec.ts" time="8.701">
<failure message="menu.spec.ts:92:7 should display prices for menu items" type="FAILURE">
<![CDATA[  [Mobile Safari] › e2e/menu.spec.ts:92:7 › Menu Page › should display prices for menu items ───────

    Error: Timed out 5000ms waiting for expect(locator).toBeVisible()

    Locator: locator('.price, [data-testid="price"]').first()
    Expected: visible
    Received: <element(s) not found>
    Call log:
      - Expect "toBeVisible" with timeout 5000ms
      - waiting for locator('.price, [data-testid="price"]').first()


      93 |     // Check for price elements
      94 |     const prices = page.locator('.price, [data-testid="price"]');
    > 95 |     await expect(prices.first()).toBeVisible();
         |                                  ^
      96 |     
      97 |     // Check price format (should contain £ symbol)
      98 |     const firstPrice = await prices.first().textContent();
        at /Users/I590496/TKAFROKITCHEN/tk-afro-kitchen/tests/e2e/menu.spec.ts:95:34

    attachment #1: screenshot (image/png) ──────────────────────────────────────────────────────────
    ../test-results/e2e-menu-Menu-Page-should-display-prices-for-menu-items-Mobile-Safari/test-failed-1.png
    ────────────────────────────────────────────────────────────────────────────────────────────────

    attachment #2: video (video/webm) ──────────────────────────────────────────────────────────────
    ../test-results/e2e-menu-Menu-Page-should-display-prices-for-menu-items-Mobile-Safari/video.webm
    ────────────────────────────────────────────────────────────────────────────────────────────────

    Error Context: ../test-results/e2e-menu-Menu-Page-should-display-prices-for-menu-items-Mobile-Safari/error-context.md
]]>
</failure>
<system-out>
<![CDATA[
[[ATTACHMENT|e2e-menu-Menu-Page-should-display-prices-for-menu-items-Mobile-Safari/test-failed-1.png]]

[[ATTACHMENT|e2e-menu-Menu-Page-should-display-prices-for-menu-items-Mobile-Safari/video.webm]]

[[ATTACHMENT|e2e-menu-Menu-Page-should-display-prices-for-menu-items-Mobile-Safari/error-context.md]]
]]>
</system-out>
</testcase>
<testcase name="Menu Page › should have working search functionality" classname="e2e/menu.spec.ts" time="9.151">
<failure message="menu.spec.ts:102:7 should have working search functionality" type="FAILURE">
<![CDATA[  [Mobile Safari] › e2e/menu.spec.ts:102:7 › Menu Page › should have working search functionality ──

    Error: Timed out 5000ms waiting for expect(locator).toBeVisible()

    Locator: locator('.menu-item, [data-testid="menu-item"]').first()
    Expected: visible
    Received: <element(s) not found>
    Call log:
      - Expect "toBeVisible" with timeout 5000ms
      - waiting for locator('.menu-item, [data-testid="menu-item"]').first()


      116 |     // Check that results are filtered
      117 |     const results = page.locator('.menu-item, [data-testid="menu-item"]');
    > 118 |     await expect(results.first()).toBeVisible();
          |                                   ^
      119 |   });
      120 |
      121 |   test('should display size options for menu items', async ({ page }) => {
        at /Users/I590496/TKAFROKITCHEN/tk-afro-kitchen/tests/e2e/menu.spec.ts:118:35

    attachment #1: screenshot (image/png) ──────────────────────────────────────────────────────────
    ../test-results/e2e-menu-Menu-Page-should-have-working-search-functionality-Mobile-Safari/test-failed-1.png
    ────────────────────────────────────────────────────────────────────────────────────────────────

    attachment #2: video (video/webm) ──────────────────────────────────────────────────────────────
    ../test-results/e2e-menu-Menu-Page-should-have-working-search-functionality-Mobile-Safari/video.webm
    ────────────────────────────────────────────────────────────────────────────────────────────────

    Error Context: ../test-results/e2e-menu-Menu-Page-should-have-working-search-functionality-Mobile-Safari/error-context.md
]]>
</failure>
<system-out>
<![CDATA[
[[ATTACHMENT|e2e-menu-Menu-Page-should-have-working-search-functionality-Mobile-Safari/test-failed-1.png]]

[[ATTACHMENT|e2e-menu-Menu-Page-should-have-working-search-functionality-Mobile-Safari/video.webm]]

[[ATTACHMENT|e2e-menu-Menu-Page-should-have-working-search-functionality-Mobile-Safari/error-context.md]]
]]>
</system-out>
</testcase>
<testcase name="Menu Page › should display size options for menu items" classname="e2e/menu.spec.ts" time="2.123">
</testcase>
<testcase name="Menu Page › should have add to cart functionality" classname="e2e/menu.spec.ts" time="1.295">
</testcase>
<testcase name="Menu Page › should handle empty search results gracefully" classname="e2e/menu.spec.ts" time="2.227">
</testcase>
<testcase name="Menu Page › should maintain filter state on page refresh" classname="e2e/menu.spec.ts" time="1.688">
<failure message="menu.spec.ts:155:7 should maintain filter state on page refresh" type="FAILURE">
<![CDATA[  [Mobile Safari] › e2e/menu.spec.ts:155:7 › Menu Page › should maintain filter state on page refresh 

    Error: expect.toHaveClass: Error: strict mode violation: locator('button:has-text("Rice Dishes")') resolved to 2 elements:
        1) <button tabindex="0" class="px-4 sm:px-6 py-2 sm:py-3 rounded-full border transition-all duration-300 text-sm sm:text-base bg-transparent text-gray-300 border-gray-600 hover:border-orange-500 hover:text-orange-400">Rice Dishes</button> aka getByRole('button', { name: 'Rice Dishes' })
        2) <button class="relative w-32 h-20 rounded-xl border-2 transition-all duration-300 flex flex-col items-center justify-center overflow-hidden bg-white/10 border-white/20 text-gray-300 hover:border-orange-500/50 hover:text-orange-400">…</button> aka getByText('🍚Rice Dishes')

    Call log:
      - Expect "toHaveClass" with timeout 5000ms
      - waiting for locator('button:has-text("Rice Dishes")')


      164 |     
      165 |     // Check that the category is still selected
    > 166 |     await expect(page.locator('button:has-text("Rice Dishes")')).toHaveClass(/selected|active/);
          |                                                                  ^
      167 |   });
      168 |
      169 |   test('should have responsive design on different screen sizes', async ({ page }) => {
        at /Users/I590496/TKAFROKITCHEN/tk-afro-kitchen/tests/e2e/menu.spec.ts:166:66

    attachment #1: screenshot (image/png) ──────────────────────────────────────────────────────────
    ../test-results/e2e-menu-Menu-Page-should--25743-ilter-state-on-page-refresh-Mobile-Safari/test-failed-1.png
    ────────────────────────────────────────────────────────────────────────────────────────────────

    attachment #2: video (video/webm) ──────────────────────────────────────────────────────────────
    ../test-results/e2e-menu-Menu-Page-should--25743-ilter-state-on-page-refresh-Mobile-Safari/video.webm
    ────────────────────────────────────────────────────────────────────────────────────────────────

    Error Context: ../test-results/e2e-menu-Menu-Page-should--25743-ilter-state-on-page-refresh-Mobile-Safari/error-context.md
]]>
</failure>
<system-out>
<![CDATA[
[[ATTACHMENT|e2e-menu-Menu-Page-should--25743-ilter-state-on-page-refresh-Mobile-Safari/test-failed-1.png]]

[[ATTACHMENT|e2e-menu-Menu-Page-should--25743-ilter-state-on-page-refresh-Mobile-Safari/video.webm]]

[[ATTACHMENT|e2e-menu-Menu-Page-should--25743-ilter-state-on-page-refresh-Mobile-Safari/error-context.md]]
]]>
</system-out>
</testcase>
<testcase name="Menu Page › should have responsive design on different screen sizes" classname="e2e/menu.spec.ts" time="1.296">
<failure message="menu.spec.ts:169:7 should have responsive design on different screen sizes" type="FAILURE">
<![CDATA[  [Mobile Safari] › e2e/menu.spec.ts:169:7 › Menu Page › should have responsive design on different screen sizes 

    Error: expect.toBeVisible: Error: strict mode violation: locator('nav') resolved to 3 elements:
        1) <nav class="flex items-center space-x-4">…</nav> aka getByText('AboutFAQContact')
        2) <nav class="hidden md:flex items-center space-x-6">…</nav> aka getByText('MenuPricingFrozenCatering')
        3) <nav class="fixed bottom-0 left-0 right-0 z-50 md:hidden">…</nav> aka locator('nav').filter({ hasText: 'HomeMenuFrozenCateringCart' })

    Call log:
      - Expect "toBeVisible" with timeout 5000ms
      - waiting for locator('nav')


      170 |     // Test desktop
      171 |     await page.setViewportSize({ width: 1280, height: 720 });
    > 172 |     await expect(page.locator('nav')).toBeVisible();
          |                                       ^
      173 |     
      174 |     // Test tablet
      175 |     await page.setViewportSize({ width: 768, height: 1024 });
        at /Users/I590496/TKAFROKITCHEN/tk-afro-kitchen/tests/e2e/menu.spec.ts:172:39

    attachment #1: screenshot (image/png) ──────────────────────────────────────────────────────────
    ../test-results/e2e-menu-Menu-Page-should--c6122-n-on-different-screen-sizes-Mobile-Safari/test-failed-1.png
    ────────────────────────────────────────────────────────────────────────────────────────────────

    attachment #2: video (video/webm) ──────────────────────────────────────────────────────────────
    ../test-results/e2e-menu-Menu-Page-should--c6122-n-on-different-screen-sizes-Mobile-Safari/video.webm
    ────────────────────────────────────────────────────────────────────────────────────────────────

    Error Context: ../test-results/e2e-menu-Menu-Page-should--c6122-n-on-different-screen-sizes-Mobile-Safari/error-context.md
]]>
</failure>
<system-out>
<![CDATA[
[[ATTACHMENT|e2e-menu-Menu-Page-should--c6122-n-on-different-screen-sizes-Mobile-Safari/test-failed-1.png]]

[[ATTACHMENT|e2e-menu-Menu-Page-should--c6122-n-on-different-screen-sizes-Mobile-Safari/video.webm]]

[[ATTACHMENT|e2e-menu-Menu-Page-should--c6122-n-on-different-screen-sizes-Mobile-Safari/error-context.md]]
]]>
</system-out>
</testcase>
<testcase name="Menu Page › should handle mobile menu toggle correctly" classname="e2e/menu.spec.ts" time="1.815">
</testcase>
<testcase name="Menu Page › should display loading states correctly" classname="e2e/menu.spec.ts" time="1.292">
</testcase>
<testcase name="Menu Page › should handle network errors gracefully" classname="e2e/menu.spec.ts" time="1.552">
</testcase>
</testsuite>
<testsuite name="e2e/mock-payment-flow.spec.ts" timestamp="2025-07-20T10:35:55.243Z" hostname="Mobile Safari" tests="4" failures="2" skipped="0" time="54" errors="0">
<testcase name="Mock Payment Flow - Bypassing Cart Issues › should complete mock payment flow with card payment" classname="e2e/mock-payment-flow.spec.ts" time="16.486">
<failure message="mock-payment-flow.spec.ts:41:7 should complete mock payment flow with card payment" type="FAILURE">
<![CDATA[  [Mobile Safari] › e2e/mock-payment-flow.spec.ts:41:7 › Mock Payment Flow - Bypassing Cart Issues › should complete mock payment flow with card payment 

    Error: locator.count: Unexpected token "=" while parsing css selector "[class*="success"], [class*="green"], text=Payment Successful, text=Order Confirmed". Did you mean to CSS.escape it?

      218 |       // Look for success banners or states on current page
      219 |       const successBanner = page.locator('[class*="success"], [class*="green"], text=Payment Successful, text=Order Confirmed');
    > 220 |       if (await successBanner.count() > 0) {
          |                               ^
      221 |         console.log('✅ Success banner found on current page');
      222 |       }
      223 |       
        at /Users/I590496/TKAFROKITCHEN/tk-afro-kitchen/tests/e2e/mock-payment-flow.spec.ts:220:31

    attachment #1: screenshot (image/png) ──────────────────────────────────────────────────────────
    ../test-results/e2e-mock-payment-flow-Mock-3b853-ment-flow-with-card-payment-Mobile-Safari/test-failed-1.png
    ────────────────────────────────────────────────────────────────────────────────────────────────

    attachment #2: video (video/webm) ──────────────────────────────────────────────────────────────
    ../test-results/e2e-mock-payment-flow-Mock-3b853-ment-flow-with-card-payment-Mobile-Safari/video.webm
    ────────────────────────────────────────────────────────────────────────────────────────────────

    Error Context: ../test-results/e2e-mock-payment-flow-Mock-3b853-ment-flow-with-card-payment-Mobile-Safari/error-context.md
]]>
</failure>
<system-out>
<![CDATA[🚀 Starting mock payment flow test
🛍️ Step 1: Navigate to checkout with mock cart
Current URL: https://tkafrokitchen.com/menu
⚠️ Still redirected - will test checkout components directly
📝 Step 2: Fill delivery details
⚠️ Field fullName not found or not visible
⚠️ Field email not found or not visible
⚠️ Field phone not found or not visible
⚠️ Field address not found or not visible
⚠️ Field city not found or not visible
⚠️ Field postcode not found or not visible
💳 Step 3: Proceed to payment step
⚠️ Continue button not found - may already be on payment step
💳 Step 4: Select card payment method
⚠️ Card payment button not found - checking for existing payment form
🔢 Step 5: Fill payment details
⚠️ Stripe iframe not available: locator.isVisible: Error: strict mode violation: locator('iframe[src*="stripe"], iframe[name*="stripe"]') resolved to 2 elements:
    1) <iframe tabindex="-1" scrolling="no" frameborder="0" allow="payment *" aria-hidden="true" role="presentation" allowtransparency="true" name="__privateStripeController8041" src="https://js.stripe.com/v3/controller-with-preconnect-5a125e125bbb24d882c0a6f33f679c89.html#__shared_params__[version]=basil&apiKey=pk_live_51RI9m6D7KJvDWZWcxrFaS7HOqtfxKfDVxTDtWxJ37EiQkjLSY8Ij2Jd75GZjDinEvyhPgh8DrkrzSohoao5H852g00n8mS2Eca&apiVersion=2025-03-31.basil&stripeJsId=c2ba72d7-a79b-4431-abb3-9e08e9814f93&stripeObjId=sob…></iframe> aka locator('iframe[name="__privateStripeController8041"]')
    2) <iframe tabindex="-1" scrolling="no" frameborder="0" allow="payment *" aria-hidden="true" role="presentation" allowtransparency="true" name="__privateStripeMetricsController8040" src="https://js.stripe.com/v3/m-outer-3437aaddcdf6922d623e172c2d6f9278.html#url=https%3A%2F%2Ftkafrokitchen.com%2Fmenu&title=TK%20Afro%20Kitchen&referrer=&muid=NA&sid=NA&version=6&preview=false&__shared_params__[version]=basil"></iframe> aka locator('iframe[name="__privateStripeMetricsController8040"]')

Call log:
[2m    - checking visibility of locator('iframe[src*="stripe"], iframe[name*="stripe"]').contentFrame().locator('input[name="cardnumber"], input[placeholder*="1234"]')[22m

🔧 Looking for mock payment fields
✅ Step 6: Submit payment
Found payment submit button
✅ Payment submitted
🎉 Step 7: Check for success state
Final URL: https://tkafrokitchen.com/pricing
⚠️ Not redirected to success page - checking for success indicators

[[ATTACHMENT|e2e-mock-payment-flow-Mock-3b853-ment-flow-with-card-payment-Mobile-Safari/test-failed-1.png]]

[[ATTACHMENT|e2e-mock-payment-flow-Mock-3b853-ment-flow-with-card-payment-Mobile-Safari/video.webm]]

[[ATTACHMENT|e2e-mock-payment-flow-Mock-3b853-ment-flow-with-card-payment-Mobile-Safari/error-context.md]]
]]>
</system-out>
</testcase>
<testcase name="Mock Payment Flow - Bypassing Cart Issues › should test Safari-specific payment flow" classname="e2e/mock-payment-flow.spec.ts" time="3.656">
<system-out>
<![CDATA[🍎 Testing Safari-specific payment flow
🍎 Safari payment flow test completed
]]>
</system-out>
</testcase>
<testcase name="Mock Payment Flow - Bypassing Cart Issues › should test payment form validation" classname="e2e/mock-payment-flow.spec.ts" time="30.274">
<failure message="mock-payment-flow.spec.ts:312:7 should test payment form validation" type="FAILURE">
<![CDATA[  [Mobile Safari] › e2e/mock-payment-flow.spec.ts:312:7 › Mock Payment Flow - Bypassing Cart Issues › should test payment form validation 

    Test timeout of 30000ms exceeded.

    Error: page.fill: Test timeout of 30000ms exceeded.
    Call log:
      - waiting for locator('input[name="fullName"], input[id="fullName"]')


      330 |     
      331 |     // Fill some fields and leave others empty
    > 332 |     await page.fill('input[name="fullName"], input[id="fullName"]', 'Test User');
          |                ^
      333 |     await page.fill('input[name="email"], input[id="email"]', 'invalid-email');
      334 |     
      335 |     if (await continueButton.isVisible()) {
        at /Users/I590496/TKAFROKITCHEN/tk-afro-kitchen/tests/e2e/mock-payment-flow.spec.ts:332:16

    attachment #1: screenshot (image/png) ──────────────────────────────────────────────────────────
    ../test-results/e2e-mock-payment-flow-Mock-b2a23-est-payment-form-validation-Mobile-Safari/test-failed-1.png
    ────────────────────────────────────────────────────────────────────────────────────────────────

    attachment #2: video (video/webm) ──────────────────────────────────────────────────────────────
    ../test-results/e2e-mock-payment-flow-Mock-b2a23-est-payment-form-validation-Mobile-Safari/video.webm
    ────────────────────────────────────────────────────────────────────────────────────────────────

    Error Context: ../test-results/e2e-mock-payment-flow-Mock-b2a23-est-payment-form-validation-Mobile-Safari/error-context.md
]]>
</failure>
<system-out>
<![CDATA[📝 Testing payment form validation

[[ATTACHMENT|e2e-mock-payment-flow-Mock-b2a23-est-payment-form-validation-Mobile-Safari/test-failed-1.png]]

[[ATTACHMENT|e2e-mock-payment-flow-Mock-b2a23-est-payment-form-validation-Mobile-Safari/video.webm]]

[[ATTACHMENT|e2e-mock-payment-flow-Mock-b2a23-est-payment-form-validation-Mobile-Safari/error-context.md]]
]]>
</system-out>
</testcase>
<testcase name="Mock Payment Flow - Bypassing Cart Issues › should test order summary display" classname="e2e/mock-payment-flow.spec.ts" time="3.584">
<system-out>
<![CDATA[📊 Testing order summary display
📊 Order summary test completed
]]>
</system-out>
</testcase>
</testsuite>
<testsuite name="e2e/payment-components-test.spec.ts" timestamp="2025-07-20T10:35:55.243Z" hostname="Mobile Safari" tests="6" failures="1" skipped="0" time="46.672" errors="0">
<testcase name="Payment Components Test - Direct Component Testing › should test payment components on success page directly" classname="e2e/payment-components-test.spec.ts" time="1.819">
<system-out>
<![CDATA[🎯 Testing success page components directly
✅ Found success element: text=Success
✅ Found success element: text=Successful
✅ Found success element: text=Confirmed
✅ Found success element: text=Thank you
✅ Found success element: text=Order
✅ Found success element: text=£25.99
✅ Found success element: text=TEST123
Current URL: https://tkafrokitchen.com/success?orderId=TEST123&amount=25.99&method=card&timestamp=1234567890
]]>
</system-out>
</testcase>
<testcase name="Payment Components Test - Direct Component Testing › should test Stripe payment integration with mock setup" classname="e2e/payment-components-test.spec.ts" time="2.149">
<system-out>
<![CDATA[💳 Testing Stripe payment integration
Checkout URL: https://tkafrokitchen.com/menu
⚠️ Redirected to menu - testing Stripe components on menu page
Found 1 Stripe iframes on page
✅ Stripe is loading even on menu page
]]>
</system-out>
</testcase>
<testcase name="Payment Components Test - Direct Component Testing › should test card payment flow with manual checkout setup" classname="e2e/payment-components-test.spec.ts" time="9.624">
<system-out>
<![CDATA[🔧 Testing manual checkout setup
Attempt 1: Accessing checkout
Attempt 1 URL: https://tkafrokitchen.com/menu
Attempt 2: Accessing checkout
Attempt 2 URL: https://tkafrokitchen.com/menu
Attempt 3: Accessing checkout
Attempt 3 URL: https://tkafrokitchen.com/menu
⚠️ All attempts failed - cart persistence issue confirmed
🔄 Testing payment components indirectly
✅ Stripe script found
Found 0 payment-related elements
]]>
</system-out>
</testcase>
<testcase name="Payment Components Test - Direct Component Testing › should simulate card payment success flow" classname="e2e/payment-components-test.spec.ts" time="1.482">
<system-out>
<![CDATA[🎉 Simulating card payment success flow
Success URL: /success?orderId=CARD_TEST_1753008643505&amount=29.99&method=card&customerEmail=test%40example.com&customerName=Card+Test+User&timestamp=1753008643505&paymentId=pi_test_card_payment&safari=false
✅ Payment amount found
⚠️ Customer email not found
⚠️ Customer name not found
⚠️ Success message not found
✅ Card payment success flow test completed
]]>
</system-out>
</testcase>
<testcase name="Payment Components Test - Direct Component Testing › should test Safari payment success flow" classname="e2e/payment-components-test.spec.ts" time="1.476">
<system-out>
<![CDATA[🍎 Simulating Safari payment success flow
Safari Success URL: /success?orderId=SAFARI_TEST_1753008644012&amount=19.99&method=paypal&customerEmail=safari.test%40example.com&customerName=Safari+Test+User&timestamp=1753008644012&paymentId=paypal_safari_test&safari=true
⚠️ PayPal payment method not found
✅ Safari-specific text found
✅ PayPal amount found
⚠️ Safari-specific elements not found
🍎 Safari payment success flow test completed
]]>
</system-out>
</testcase>
<testcase name="Payment Components Test - Direct Component Testing › should validate payment form field behavior" classname="e2e/payment-components-test.spec.ts" time="30.122">
<failure message="payment-components-test.spec.ts:233:7 should validate payment form field behavior" type="FAILURE">
<![CDATA[  [Mobile Safari] › e2e/payment-components-test.spec.ts:233:7 › Payment Components Test - Direct Component Testing › should validate payment form field behavior 

    Test timeout of 30000ms exceeded.

    Error: page.waitForLoadState: Test timeout of 30000ms exceeded.

      274 |     // Set the HTML content
      275 |     await page.setContent(testFormHtml);
    > 276 |     await page.waitForLoadState('networkidle');
          |                ^
      277 |     
      278 |     // Test form field interactions
      279 |     const testData = {
        at /Users/I590496/TKAFROKITCHEN/tk-afro-kitchen/tests/e2e/payment-components-test.spec.ts:276:16

    attachment #1: screenshot (image/png) ──────────────────────────────────────────────────────────
    ../test-results/e2e-payment-components-tes-f8c49-payment-form-field-behavior-Mobile-Safari/test-failed-1.png
    ────────────────────────────────────────────────────────────────────────────────────────────────

    attachment #2: video (video/webm) ──────────────────────────────────────────────────────────────
    ../test-results/e2e-payment-components-tes-f8c49-payment-form-field-behavior-Mobile-Safari/video.webm
    ────────────────────────────────────────────────────────────────────────────────────────────────

    Error Context: ../test-results/e2e-payment-components-tes-f8c49-payment-form-field-behavior-Mobile-Safari/error-context.md
]]>
</failure>
<system-out>
<![CDATA[📝 Testing payment form field behavior

[[ATTACHMENT|e2e-payment-components-tes-f8c49-payment-form-field-behavior-Mobile-Safari/test-failed-1.png]]

[[ATTACHMENT|e2e-payment-components-tes-f8c49-payment-form-field-behavior-Mobile-Safari/video.webm]]

[[ATTACHMENT|e2e-payment-components-tes-f8c49-payment-form-field-behavior-Mobile-Safari/error-context.md]]
]]>
</system-out>
</testcase>
</testsuite>
<testsuite name="e2e/payment-flow-debug.spec.ts" timestamp="2025-07-20T10:35:55.243Z" hostname="Mobile Safari" tests="5" failures="1" skipped="0" time="15.241" errors="0">
<testcase name="Payment Flow Debug - Step by Step › should navigate to menu page" classname="e2e/payment-flow-debug.spec.ts" time="1.857">
<failure message="payment-flow-debug.spec.ts:5:7 should navigate to menu page" type="FAILURE">
<![CDATA[  [Mobile Safari] › e2e/payment-flow-debug.spec.ts:5:7 › Payment Flow Debug - Step by Step › should navigate to menu page 

    Error: expect.toBeVisible: Error: strict mode violation: locator('a[href="/menu"]') resolved to 18 elements:
        1) <a href="/menu" class="nav-link">Menu</a> aka getByRole('banner').getByText('Menu')
        2) <a href="/menu" class="hidden md:flex inline-flex items-center justify-center gap-2 whitespace-nowrap rounded-md text-sm font-medium transition-all h-9 px-4 py-2 bg-gradient-to-r from-orange-500 to-yellow-500 hover:from-orange-600 hover:to-yellow-600 text-white">Order Now</a> aka getByRole('banner').getByText('Order Now')
        3) <a href="/menu" class="inline-flex items-center justify-center gap-1 sm:gap-2 whitespace-nowrap rounded-md text-xs sm:text-sm font-medium transition-all h-7 sm:h-9 px-2 sm:px-4 py-1 sm:py-2 bg-white/20 backdrop-blur-sm hover:bg-white/30 text-white border border-white/30 hover:border-white/50">…</a> aka getByRole('link', { name: 'Order', exact: true })
        4) <a href="/menu">…</a> aka getByRole('link', { name: 'Explore Our Menu' })
        5) <a href="/menu" data-slot="button" class="inline-flex items-center justify-center gap-2 whitespace-nowrap text-sm font-medium transition-all disabled:pointer-events-none disabled:opacity-50 [&_svg]:pointer-events-none [&_svg:not([class*='size-'])]:size-4 shrink-0 [&_svg]:shrink-0 outline-none focus-visible:border-ring focus-visible:ring-ring/50 focus-visible:ring-[3px] aria-invalid:ring-destructive/20 dark:aria-invalid:ring-destructive/40 aria-invalid:border-destructive text-primary-foreground sh…>View Our Menu</a> aka getByRole('link', { name: 'View Our Menu' })
        6) <a href="/menu" data-slot="button" class="inline-flex items-center justify-center whitespace-nowrap text-sm font-medium transition-all disabled:pointer-events-none disabled:opacity-50 [&_svg]:pointer-events-none [&_svg:not([class*='size-'])]:size-4 [&_svg]:shrink-0 outline-none focus-visible:border-ring focus-visible:ring-ring/50 focus-visible:ring-[3px] aria-invalid:ring-destructive/20 dark:aria-invalid:ring-destructive/40 aria-invalid:border-destructive text-primary-foreground shadow-xs hover:b…>…</a> aka getByRole('link', { name: 'Add to Cart' }).first()
        7) <a href="/menu" data-slot="button" class="inline-flex items-center justify-center whitespace-nowrap text-sm font-medium transition-all disabled:pointer-events-none disabled:opacity-50 [&_svg]:pointer-events-none [&_svg:not([class*='size-'])]:size-4 shrink-0 [&_svg]:shrink-0 outline-none focus-visible:border-ring focus-visible:ring-ring/50 focus-visible:ring-[3px] aria-invalid:ring-destructive/20 dark:aria-invalid:ring-destructive/40 aria-invalid:border-destructive border bg-background shadow-xs d…>…</a> aka getByRole('main').getByRole('link').filter({ hasText: /^$/ }).first()
        8) <a href="/menu" data-slot="button" class="inline-flex items-center justify-center whitespace-nowrap text-sm font-medium transition-all disabled:pointer-events-none disabled:opacity-50 [&_svg]:pointer-events-none [&_svg:not([class*='size-'])]:size-4 [&_svg]:shrink-0 outline-none focus-visible:border-ring focus-visible:ring-ring/50 focus-visible:ring-[3px] aria-invalid:ring-destructive/20 dark:aria-invalid:ring-destructive/40 aria-invalid:border-destructive text-primary-foreground shadow-xs hover:b…>…</a> aka getByRole('link', { name: 'Add to Cart' }).nth(1)
        9) <a href="/menu" data-slot="button" class="inline-flex items-center justify-center whitespace-nowrap text-sm font-medium transition-all disabled:pointer-events-none disabled:opacity-50 [&_svg]:pointer-events-none [&_svg:not([class*='size-'])]:size-4 shrink-0 [&_svg]:shrink-0 outline-none focus-visible:border-ring focus-visible:ring-ring/50 focus-visible:ring-[3px] aria-invalid:ring-destructive/20 dark:aria-invalid:ring-destructive/40 aria-invalid:border-destructive border bg-background shadow-xs d…>…</a> aka getByRole('main').getByRole('link').filter({ hasText: /^$/ }).nth(1)
        10) <a href="/menu" data-slot="button" class="inline-flex items-center justify-center whitespace-nowrap text-sm font-medium transition-all disabled:pointer-events-none disabled:opacity-50 [&_svg]:pointer-events-none [&_svg:not([class*='size-'])]:size-4 [&_svg]:shrink-0 outline-none focus-visible:border-ring focus-visible:ring-ring/50 focus-visible:ring-[3px] aria-invalid:ring-destructive/20 dark:aria-invalid:ring-destructive/40 aria-invalid:border-destructive text-primary-foreground shadow-xs hover:b…>…</a> aka getByRole('link', { name: 'Add to Cart' }).nth(2)
        ...

    Call log:
      - Expect "toBeVisible" with timeout 5000ms
      - waiting for locator('a[href="/menu"]')


      13 |     // Check if menu link exists
      14 |     const menuLink = page.locator('a[href="/menu"]');
    > 15 |     await expect(menuLink).toBeVisible();
         |                            ^
      16 |     console.log('✅ Menu link found');
      17 |     
      18 |     // Click menu link
        at /Users/I590496/TKAFROKITCHEN/tk-afro-kitchen/tests/e2e/payment-flow-debug.spec.ts:15:28

    attachment #1: screenshot (image/png) ──────────────────────────────────────────────────────────
    ../test-results/e2e-payment-flow-debug-Pay-f4071-hould-navigate-to-menu-page-Mobile-Safari/test-failed-1.png
    ────────────────────────────────────────────────────────────────────────────────────────────────

    attachment #2: video (video/webm) ──────────────────────────────────────────────────────────────
    ../test-results/e2e-payment-flow-debug-Pay-f4071-hould-navigate-to-menu-page-Mobile-Safari/video.webm
    ────────────────────────────────────────────────────────────────────────────────────────────────

    Error Context: ../test-results/e2e-payment-flow-debug-Pay-f4071-hould-navigate-to-menu-page-Mobile-Safari/error-context.md
]]>
</failure>
<system-out>
<![CDATA[
[[ATTACHMENT|e2e-payment-flow-debug-Pay-f4071-hould-navigate-to-menu-page-Mobile-Safari/test-failed-1.png]]

[[ATTACHMENT|e2e-payment-flow-debug-Pay-f4071-hould-navigate-to-menu-page-Mobile-Safari/video.webm]]

[[ATTACHMENT|e2e-payment-flow-debug-Pay-f4071-hould-navigate-to-menu-page-Mobile-Safari/error-context.md]]
]]>
</system-out>
</testcase>
<testcase name="Payment Flow Debug - Step by Step › should find menu items on menu page" classname="e2e/payment-flow-debug.spec.ts" time="4.221">
<system-out>
<![CDATA[Found 94 potential menu cards
First card text: Jollof RiceOur signature Jollof rice cooked with rich tomato sauce and aromatic spicesFrom £35.003 s
✅ Successfully clicked first menu item
]]>
</system-out>
</testcase>
<testcase name="Payment Flow Debug - Step by Step › should find and use cart functionality" classname="e2e/payment-flow-debug.spec.ts" time="2.718">
<system-out>
<![CDATA[Found 1 potential cart buttons in header
✅ Cart button found in header
✅ Cart button clicked
Found 0 "Add to Cart" buttons
]]>
</system-out>
</testcase>
<testcase name="Payment Flow Debug - Step by Step › should access checkout page directly" classname="e2e/payment-flow-debug.spec.ts" time="3.158">
<system-out>
<![CDATA[Current URL after checkout navigation: https://tkafrokitchen.com/menu
❌ Redirected from checkout (likely due to empty cart)
]]>
</system-out>
</testcase>
<testcase name="Payment Flow Debug - Step by Step › should find payment components" classname="e2e/payment-flow-debug.spec.ts" time="3.287">
<system-out>
<![CDATA[Found 0 payment method options
Found 1 Stripe iframes
]]>
</system-out>
</testcase>
</testsuite>
<testsuite name="e2e/safari-checkout-verification.spec.ts" timestamp="2025-07-20T10:35:55.243Z" hostname="Mobile Safari" tests="3" failures="1" skipped="0" time="20.019" errors="0">
<testcase name="Safari Checkout Verification - End to End › should verify Safari checkout to success flow without menu revert" classname="e2e/safari-checkout-verification.spec.ts" time="7.354">
<system-out>
<![CDATA[🍎 Verifying complete Safari checkout to success flow
🛒 Step 1: Simulating successful Safari payment
🎯 Step 2: Navigating to Safari success page
Safari Success URL: /success?orderId=SAFARI_1753008654936&amount=24.99&method=paypal&customerEmail=safari.user%40test.com&customerName=Safari+Test+User&timestamp=1753008654936&paymentId=paypal_safari_1753008654936&safari=true&items=%5B%7B%22id%22%3A%22jollof-rice%22%2C%22name%22%3A%22Jollof+Rice%22%2C%22quantity%22%3A1%2C%22price%22%3A12.99%2C%22selectedSize%22%3A%7B%22size%22%3A%22Medium%22%2C%22price%22%3A12.99%7D%7D%2C%7B%22id%22%3A%22plantain%22%2C%22name%22%3A%22Sweet+Plantain%22%2C%22quantity%22%3A1%2C%22price%22%3A11.99%2C%22selectedSize%22%3A%7B%22size%22%3A%22Large%22%2C%22price%22%3A11.99%7D%7D%5D&deliveryDetails=%7B%22fullName%22%3A%22Safari+Test+User%22%2C%22email%22%3A%22safari.user%40test.com%22%2C%22phone%22%3A%2207123456789%22%2C%22address%22%3A%22123+Safari+Street%22%2C%22city%22%3A%22London%22%2C%22postcode%22%3A%22SW1A+1AA%22%7D
Current URL after navigation: https://tkafrokitchen.com/success?orderId=SAFARI_1753008654936&amount=24.99&method=paypal&customerEmail=safari.user%40test.com&customerName=Safari+Test+User&timestamp=1753008654936&paymentId=paypal_safari_1753008654936&safari=true&items=%5B%7B%22id%22%3A%22jollof-rice%22%2C%22name%22%3A%22Jollof+Rice%22%2C%22quantity%22%3A1%2C%22price%22%3A12.99%2C%22selectedSize%22%3A%7B%22size%22%3A%22Medium%22%2C%22price%22%3A12.99%7D%7D%2C%7B%22id%22%3A%22plantain%22%2C%22name%22%3A%22Sweet+Plantain%22%2C%22quantity%22%3A1%2C%22price%22%3A11.99%2C%22selectedSize%22%3A%7B%22size%22%3A%22Large%22%2C%22price%22%3A11.99%7D%7D%5D&deliveryDetails=%7B%22fullName%22%3A%22Safari+Test+User%22%2C%22email%22%3A%22safari.user%40test.com%22%2C%22phone%22%3A%2207123456789%22%2C%22address%22%3A%22123+Safari+Street%22%2C%22city%22%3A%22London%22%2C%22postcode%22%3A%22SW1A+1AA%22%7D
✅ Step 3: Verifying no menu revert
✅ SUCCESS: Stayed on success page, no menu revert!
🔍 Step 4: Verifying Safari success content
⚠️ Success message not found (may not be implemented yet)
✅ Payment amount found
✅ Order ID found
⚠️ Customer email not found (may not be implemented yet)
⚠️ PayPal payment method not found (may not be implemented yet)
⚠️ Customer name not found (may not be implemented yet)
🔄 Step 5: Testing Safari navigation handling
Found 0 navigation buttons
🛡️ Step 6: Testing Safari redirect prevention
✅ SUCCESS: Safari redirect prevention working - stayed on success page
🎉 Safari checkout verification completed successfully!
]]>
</system-out>
</testcase>
<testcase name="Safari Checkout Verification - End to End › should verify Safari payment handler integration" classname="e2e/safari-checkout-verification.spec.ts" time="0.177">
<failure message="safari-checkout-verification.spec.ts:147:7 should verify Safari payment handler integration" type="FAILURE">
<![CDATA[  [Mobile Safari] › e2e/safari-checkout-verification.spec.ts:147:7 › Safari Checkout Verification - End to End › should verify Safari payment handler integration 

    Error: page.evaluate: TypeError: undefined is not a constructor (evaluating 'new window.SafariPaymentHandler({
            orderId: 'TEST123',
            amount: '25.99',
            currency: 'GBP'
          })')

      176 |     
      177 |     // Test the Safari payment handler functionality
    > 178 |     const testResult = await page.evaluate(() => {
          |                                   ^
      179 |       const handler = new window.SafariPaymentHandler({
      180 |         orderId: 'TEST123',
      181 |         amount: '25.99',
        at /Users/I590496/TKAFROKITCHEN/tk-afro-kitchen/tests/e2e/safari-checkout-verification.spec.ts:178:35

    attachment #1: screenshot (image/png) ──────────────────────────────────────────────────────────
    ../test-results/e2e-safari-checkout-verifi-a0c92-payment-handler-integration-Mobile-Safari/test-failed-1.png
    ────────────────────────────────────────────────────────────────────────────────────────────────

    attachment #2: video (video/webm) ──────────────────────────────────────────────────────────────
    ../test-results/e2e-safari-checkout-verifi-a0c92-payment-handler-integration-Mobile-Safari/video.webm
    ────────────────────────────────────────────────────────────────────────────────────────────────
]]>
</failure>
<system-out>
<![CDATA[🔧 Verifying Safari payment handler integration

[[ATTACHMENT|e2e-safari-checkout-verifi-a0c92-payment-handler-integration-Mobile-Safari/test-failed-1.png]]

[[ATTACHMENT|e2e-safari-checkout-verifi-a0c92-payment-handler-integration-Mobile-Safari/video.webm]]
]]>
</system-out>
</testcase>
<testcase name="Safari Checkout Verification - End to End › should verify comprehensive Safari success scenarios" classname="e2e/safari-checkout-verification.spec.ts" time="12.488">
<system-out>
<![CDATA[📋 Testing comprehensive Safari success scenarios
🧪 Testing scenario: PayPal Safari Payment
✅ PayPal Safari Payment: Success page loaded correctly
✅ PayPal Safari Payment: Amount £29.99 displayed
✅ PayPal Safari Payment: Order ID PAYPAL_SAFARI_001 displayed
🧪 Testing scenario: Apple Pay Safari Payment
✅ Apple Pay Safari Payment: Success page loaded correctly
✅ Apple Pay Safari Payment: Amount £19.99 displayed
✅ Apple Pay Safari Payment: Order ID APPLEPAY_SAFARI_002 displayed
🧪 Testing scenario: Card Safari Payment (with delays)
✅ Card Safari Payment (with delays): Success page loaded correctly
✅ Card Safari Payment (with delays): Amount £34.99 displayed
✅ Card Safari Payment (with delays): Order ID CARD_SAFARI_003 displayed
📋 Safari scenarios testing completed
]]>
</system-out>
</testcase>
</testsuite>
<testsuite name="e2e/safari-payment.spec.ts" timestamp="2025-07-20T10:35:55.243Z" hostname="Mobile Safari" tests="7" failures="4" skipped="0" time="59.382" errors="0">
<testcase name="Safari Payment Success Flow › should detect Safari browser correctly" classname="e2e/safari-payment.spec.ts" time="1.035">
<system-out>
<![CDATA[User Agent: Mozilla/5.0 (iPhone; CPU iPhone OS 14_4 like Mac OS X) AppleWebKit/605.1.15 (KHTML, like Gecko) Version/26.0 Mobile/15E148 Safari/604.1
]]>
</system-out>
</testcase>
<testcase name="Safari Payment Success Flow › should handle Safari payment redirect correctly" classname="e2e/safari-payment.spec.ts" time="30.272">
<failure message="safari-payment.spec.ts:55:7 should handle Safari payment redirect correctly" type="FAILURE">
<![CDATA[  [Mobile Safari] › e2e/safari-payment.spec.ts:55:7 › Safari Payment Success Flow › should handle Safari payment redirect correctly 

    Test timeout of 30000ms exceeded.

    Error: locator.fill: Test timeout of 30000ms exceeded.
    Call log:
      - waiting for locator('input[name="fullName"], input[placeholder*="name" i]').first()


      59 |     
      60 |     // Fill delivery details
    > 61 |     await page.locator('input[name="fullName"], input[placeholder*="name" i]').first().fill('Safari Test User');
         |                                                                                        ^
      62 |     await page.locator('input[name="email"], input[type="email"]').first().fill('safari.test@example.com');
      63 |     await page.locator('input[name="phone"], input[type="tel"]').first().fill('07123456789');
      64 |     await page.locator('input[name="address"], input[placeholder*="address" i]').first().fill('123 Safari Street');
        at /Users/I590496/TKAFROKITCHEN/tk-afro-kitchen/tests/e2e/safari-payment.spec.ts:61:88

    attachment #1: screenshot (image/png) ──────────────────────────────────────────────────────────
    ../test-results/e2e-safari-payment-Safari--9b14a--payment-redirect-correctly-Mobile-Safari/test-failed-1.png
    ────────────────────────────────────────────────────────────────────────────────────────────────

    attachment #2: video (video/webm) ──────────────────────────────────────────────────────────────
    ../test-results/e2e-safari-payment-Safari--9b14a--payment-redirect-correctly-Mobile-Safari/video.webm
    ────────────────────────────────────────────────────────────────────────────────────────────────

    Error Context: ../test-results/e2e-safari-payment-Safari--9b14a--payment-redirect-correctly-Mobile-Safari/error-context.md
]]>
</failure>
<system-out>
<![CDATA[
[[ATTACHMENT|e2e-safari-payment-Safari--9b14a--payment-redirect-correctly-Mobile-Safari/test-failed-1.png]]

[[ATTACHMENT|e2e-safari-payment-Safari--9b14a--payment-redirect-correctly-Mobile-Safari/video.webm]]

[[ATTACHMENT|e2e-safari-payment-Safari--9b14a--payment-redirect-correctly-Mobile-Safari/error-context.md]]
]]>
</system-out>
</testcase>
<testcase name="Safari Payment Success Flow › should show Safari success banner on payment completion" classname="e2e/safari-payment.spec.ts" time="11.583">
<failure message="safari-payment.spec.ts:114:7 should show Safari success banner on payment completion" type="FAILURE">
<![CDATA[  [Mobile Safari] › e2e/safari-payment.spec.ts:114:7 › Safari Payment Success Flow › should show Safari success banner on payment completion 

    Error: Timed out 10000ms waiting for expect(locator).toBeVisible()

    Locator: locator('text=Payment Successful, text=order has been confirmed')
    Expected: visible
    Received: <element(s) not found>
    Call log:
      - Expect "toBeVisible" with timeout 10000ms
      - waiting for locator('text=Payment Successful, text=order has been confirmed')


      138 |     // Check for Safari-specific success banner
      139 |     const safariSuccessBanner = page.locator('text=Payment Successful, text=order has been confirmed');
    > 140 |     await expect(safariSuccessBanner).toBeVisible({ timeout: 10000 });
          |                                       ^
      141 |     
      142 |     // Check that success page content is displayed
      143 |     await expect(page.locator('text=Thank you, text=successful')).toBeVisible();
        at /Users/I590496/TKAFROKITCHEN/tk-afro-kitchen/tests/e2e/safari-payment.spec.ts:140:39

    attachment #1: screenshot (image/png) ──────────────────────────────────────────────────────────
    ../test-results/e2e-safari-payment-Safari--6d305-anner-on-payment-completion-Mobile-Safari/test-failed-1.png
    ────────────────────────────────────────────────────────────────────────────────────────────────

    attachment #2: video (video/webm) ──────────────────────────────────────────────────────────────
    ../test-results/e2e-safari-payment-Safari--6d305-anner-on-payment-completion-Mobile-Safari/video.webm
    ────────────────────────────────────────────────────────────────────────────────────────────────

    Error Context: ../test-results/e2e-safari-payment-Safari--6d305-anner-on-payment-completion-Mobile-Safari/error-context.md
]]>
</failure>
<system-out>
<![CDATA[
[[ATTACHMENT|e2e-safari-payment-Safari--6d305-anner-on-payment-completion-Mobile-Safari/test-failed-1.png]]

[[ATTACHMENT|e2e-safari-payment-Safari--6d305-anner-on-payment-completion-Mobile-Safari/video.webm]]

[[ATTACHMENT|e2e-safari-payment-Safari--6d305-anner-on-payment-completion-Mobile-Safari/error-context.md]]
]]>
</system-out>
</testcase>
<testcase name="Safari Payment Success Flow › should retrieve order details from URL parameters in Safari" classname="e2e/safari-payment.spec.ts" time="1.568">
</testcase>
<testcase name="Safari Payment Success Flow › should prevent automatic redirects from success page in Safari" classname="e2e/safari-payment.spec.ts" time="2.598">
</testcase>
<testcase name="Safari Payment Success Flow › should handle localStorage access delays in Safari" classname="e2e/safari-payment.spec.ts" time="6.64">
<failure message="safari-payment.spec.ts:181:7 should handle localStorage access delays in Safari" type="FAILURE">
<![CDATA[  [Mobile Safari] › e2e/safari-payment.spec.ts:181:7 › Safari Payment Success Flow › should handle localStorage access delays in Safari 

    Error: Timed out 5000ms waiting for expect(locator).toBeVisible()

    Locator: locator('text=Thank you, text=Payment Successful')
    Expected: visible
    Received: <element(s) not found>
    Call log:
      - Expect "toBeVisible" with timeout 5000ms
      - waiting for locator('text=Thank you, text=Payment Successful')


      204 |     
      205 |     // Success content should eventually be visible
    > 206 |     await expect(page.locator('text=Thank you, text=Payment Successful')).toBeVisible({ timeout: 5000 });
          |                                                                           ^
      207 |   });
      208 |
      209 |   test('should show loading state before displaying success content', async ({ page, browserName }) => {
        at /Users/I590496/TKAFROKITCHEN/tk-afro-kitchen/tests/e2e/safari-payment.spec.ts:206:75

    attachment #1: screenshot (image/png) ──────────────────────────────────────────────────────────
    ../test-results/e2e-safari-payment-Safari--5ae08-age-access-delays-in-Safari-Mobile-Safari/test-failed-1.png
    ────────────────────────────────────────────────────────────────────────────────────────────────

    attachment #2: video (video/webm) ──────────────────────────────────────────────────────────────
    ../test-results/e2e-safari-payment-Safari--5ae08-age-access-delays-in-Safari-Mobile-Safari/video.webm
    ────────────────────────────────────────────────────────────────────────────────────────────────

    Error Context: ../test-results/e2e-safari-payment-Safari--5ae08-age-access-delays-in-Safari-Mobile-Safari/error-context.md
]]>
</failure>
<system-out>
<![CDATA[
[[ATTACHMENT|e2e-safari-payment-Safari--5ae08-age-access-delays-in-Safari-Mobile-Safari/test-failed-1.png]]

[[ATTACHMENT|e2e-safari-payment-Safari--5ae08-age-access-delays-in-Safari-Mobile-Safari/video.webm]]

[[ATTACHMENT|e2e-safari-payment-Safari--5ae08-age-access-delays-in-Safari-Mobile-Safari/error-context.md]]
]]>
</system-out>
</testcase>
<testcase name="Safari Payment Success Flow › should show loading state before displaying success content" classname="e2e/safari-payment.spec.ts" time="5.686">
<failure message="safari-payment.spec.ts:209:7 should show loading state before displaying success content" type="FAILURE">
<![CDATA[  [Mobile Safari] › e2e/safari-payment.spec.ts:209:7 › Safari Payment Success Flow › should show loading state before displaying success content 

    Error: Timed out 5000ms waiting for expect(locator).toBeVisible()

    Locator: locator('text=Thank you, text=Payment Successful, text=order')
    Expected: visible
    Received: <element(s) not found>
    Call log:
      - Expect "toBeVisible" with timeout 5000ms
      - waiting for locator('text=Thank you, text=Payment Successful, text=order')


      217 |     // Loading should be visible initially (may be very brief)
      218 |     // Then success content should appear
    > 219 |     await expect(page.locator('text=Thank you, text=Payment Successful, text=order')).toBeVisible({ timeout: 5000 });
          |                                                                                       ^
      220 |   });
      221 | });
        at /Users/I590496/TKAFROKITCHEN/tk-afro-kitchen/tests/e2e/safari-payment.spec.ts:219:87

    attachment #1: screenshot (image/png) ──────────────────────────────────────────────────────────
    ../test-results/e2e-safari-payment-Safari--2f4a6--displaying-success-content-Mobile-Safari/test-failed-1.png
    ────────────────────────────────────────────────────────────────────────────────────────────────

    attachment #2: video (video/webm) ──────────────────────────────────────────────────────────────
    ../test-results/e2e-safari-payment-Safari--2f4a6--displaying-success-content-Mobile-Safari/video.webm
    ────────────────────────────────────────────────────────────────────────────────────────────────

    Error Context: ../test-results/e2e-safari-payment-Safari--2f4a6--displaying-success-content-Mobile-Safari/error-context.md
]]>
</failure>
<system-out>
<![CDATA[
[[ATTACHMENT|e2e-safari-payment-Safari--2f4a6--displaying-success-content-Mobile-Safari/test-failed-1.png]]

[[ATTACHMENT|e2e-safari-payment-Safari--2f4a6--displaying-success-content-Mobile-Safari/video.webm]]

[[ATTACHMENT|e2e-safari-payment-Safari--2f4a6--displaying-success-content-Mobile-Safari/error-context.md]]
]]>
</system-out>
</testcase>
</testsuite>
<testsuite name="e2e/working-payment-flow.spec.ts" timestamp="2025-07-20T10:35:55.243Z" hostname="Mobile Safari" tests="2" failures="1" skipped="0" time="18.78" errors="0">
<testcase name="Working Payment Flow - Add to Cart → Card Payment → Success Page › should complete full payment flow with card payment" classname="e2e/working-payment-flow.spec.ts" time="10.657">
<failure message="working-payment-flow.spec.ts:5:7 should complete full payment flow with card payment" type="FAILURE">
<![CDATA[  [Mobile Safari] › e2e/working-payment-flow.spec.ts:5:7 › Working Payment Flow - Add to Cart → Card Payment → Success Page › should complete full payment flow with card payment 

    Error: locator.isVisible: Error: strict mode violation: locator('iframe[src*="stripe"], iframe[name*="stripe"]') resolved to 5 elements:
        1) <iframe scrolling="no" frameborder="0" allow="payment *" role="presentation" allowtransparency="true" name="__privateStripeFrame4503" title="Secure card payment input frame" src="https://js.stripe.com/v3/elements-inner-card-b4804e456573ea7724b00214ad90dc84.html#__shared_params__[version]=basil&wait=false&mids[guid]=NA&mids[muid]=NA&mids[sid]=NA&hidePostalCode=true&style[base][fontSize]=16px&style[base][color]=%23424770&style[base][::placeholder][color]=%23aab7c4&style[base][backgroundColor]=%23ffffff&…></iframe> aka locator('iframe[name="__privateStripeFrame4503"]')
        2) <iframe tabindex="-1" scrolling="no" frameborder="0" name="cardButton4504" allowtransparency="true" src="https://js.stripe.com/v3/elements-inner-link-button-for-card-db8475545bc2de759f51a8e562d0e681.html#locale=en&style[backgroundColor]=%23ffffff&style[foregroundColor]=%23424770&frameId=__privateStripeFrame4503&publishableKey=pk_live_51RI9m6D7KJvDWZWcxrFaS7HOqtfxKfDVxTDtWxJ37EiQkjLSY8Ij2Jd75GZjDinEvyhPgh8DrkrzSohoao5H852g00n8mS2Eca&stripeJsId=d97e1aac-c36d-42fb-8510-ca634f1ea82e&controllerId=__private…></iframe> aka locator('iframe[name="cardButton4504"]')
        3) <iframe tabindex="-1" scrolling="no" frameborder="0" allow="payment *" aria-hidden="true" role="presentation" allowtransparency="true" name="__privateStripeController4501" src="https://js.stripe.com/v3/controller-with-preconnect-5a125e125bbb24d882c0a6f33f679c89.html#__shared_params__[version]=basil&apiKey=pk_live_51RI9m6D7KJvDWZWcxrFaS7HOqtfxKfDVxTDtWxJ37EiQkjLSY8Ij2Jd75GZjDinEvyhPgh8DrkrzSohoao5H852g00n8mS2Eca&apiVersion=2025-03-31.basil&stripeJsId=d97e1aac-c36d-42fb-8510-ca634f1ea82e&stripeObjId=sob…></iframe> aka locator('iframe[name="__privateStripeController4501"]')
        4) <iframe tabindex="-1" scrolling="no" frameborder="0" aria-hidden="true" data-initialized="true" allowtransparency="true" name="hcaptcha-invisible" referrerpolicy="no-referrer" src="https://js.stripe.com/v3/hcaptcha-invisible-ca8c165ddc029076f72982d5bdfea0c0.html#debugMode=false&parentOrigin=https%3A%2F%2Ftkafrokitchen.com"></iframe> aka locator('iframe[name="hcaptcha-invisible"]')
        5) <iframe scrolling="no" frameborder="0" role="presentation" allowtransparency="true" name="__privateStripeFrame4505" allow="payment *; publickey-credentials-get *" src="https://js.stripe.com/v3/link-auth-modal-inner-85b88fd2d40d021dd3c825f5131eab19.html#apiKey=pk_live_51RI9m6D7KJvDWZWcxrFaS7HOqtfxKfDVxTDtWxJ37EiQkjLSY8Ij2Jd75GZjDinEvyhPgh8DrkrzSohoao5H852g00n8mS2Eca&locale=&stripeJsId=d97e1aac-c36d-42fb-8510-ca634f1ea82e&requestSurface=web_card_element_popup&mids[guid]=NA&mids[muid]=NA&mids[sid]=NA&ref…></iframe> aka locator('iframe[name="__privateStripeFrame4505"]')

    Call log:
        - checking visibility of locator('iframe[src*="stripe"], iframe[name*="stripe"]').contentFrame().locator('input[name="cardnumber"], input[placeholder*="card"]')


      124 |     const cardInput = stripeFrame.locator('input[name="cardnumber"], input[placeholder*="card"]');
      125 |     
    > 126 |     if (await cardInput.isVisible({ timeout: 5000 })) {
          |                         ^
      127 |       console.log('✅ Found Stripe card input');
      128 |       
      129 |       // Fill Stripe test card details
        at /Users/I590496/TKAFROKITCHEN/tk-afro-kitchen/tests/e2e/working-payment-flow.spec.ts:126:25

    attachment #1: screenshot (image/png) ──────────────────────────────────────────────────────────
    ../test-results/e2e-working-payment-flow-W-ee6f9-ment-flow-with-card-payment-Mobile-Safari/test-failed-1.png
    ────────────────────────────────────────────────────────────────────────────────────────────────

    attachment #2: video (video/webm) ──────────────────────────────────────────────────────────────
    ../test-results/e2e-working-payment-flow-W-ee6f9-ment-flow-with-card-payment-Mobile-Safari/video.webm
    ────────────────────────────────────────────────────────────────────────────────────────────────

    Error Context: ../test-results/e2e-working-payment-flow-W-ee6f9-ment-flow-with-card-payment-Mobile-Safari/error-context.md
]]>
</failure>
<system-out>
<![CDATA[🚀 Starting complete payment flow test
📱 Step 1: Navigate to menu
🍽️ Step 2: Select menu item
🛒 Step 3: Add item to cart
✅ Item added to cart
🛍️ Step 4: Open cart and checkout
✅ Cart opened
✅ Clicked checkout button
✅ On checkout page
📝 Step 5: Fill delivery details
✅ Filled fullName: John Doe Test
✅ Filled email: john.doe.test@example.com
✅ Filled phone: 07123456789
✅ Filled address: 123 Test Street, Test Area
✅ Filled city: London
✅ Filled postcode: SW1A 1AA
✅ Proceeded to payment step
💳 Step 6: Select card payment
🔢 Step 7: Fill card details

[[ATTACHMENT|e2e-working-payment-flow-W-ee6f9-ment-flow-with-card-payment-Mobile-Safari/test-failed-1.png]]

[[ATTACHMENT|e2e-working-payment-flow-W-ee6f9-ment-flow-with-card-payment-Mobile-Safari/video.webm]]

[[ATTACHMENT|e2e-working-payment-flow-W-ee6f9-ment-flow-with-card-payment-Mobile-Safari/error-context.md]]
]]>
</system-out>
</testcase>
<testcase name="Working Payment Flow - Add to Cart → Card Payment → Success Page › should handle Safari payment recommendations" classname="e2e/working-payment-flow.spec.ts" time="8.123">
<system-out>
<![CDATA[🍎 Testing Safari payment flow
]]>
</system-out>
</testcase>
</testsuite>
<testsuite name="mobile/mobile-navigation.spec.ts" timestamp="2025-07-20T10:35:55.243Z" hostname="Mobile Safari" tests="14" failures="14" skipped="0" time="328.204" errors="0">
<testcase name="Mobile Navigation › should display hamburger menu on mobile" classname="mobile/mobile-navigation.spec.ts" time="6.21">
<failure message="mobile-navigation.spec.ts:10:7 should display hamburger menu on mobile" type="FAILURE">
<![CDATA[  [Mobile Safari] › mobile/mobile-navigation.spec.ts:10:7 › Mobile Navigation › should display hamburger menu on mobile 

    Error: Timed out 5000ms waiting for expect(locator).toBeVisible()

    Locator: locator('button[aria-label*="menu"], .hamburger-menu, [data-testid="mobile-menu-toggle"]').first()
    Expected: visible
    Received: <element(s) not found>
    Call log:
      - Expect "toBeVisible" with timeout 5000ms
      - waiting for locator('button[aria-label*="menu"], .hamburger-menu, [data-testid="mobile-menu-toggle"]').first()


      11 |     // Check hamburger menu button is visible
      12 |     const hamburgerButton = page.locator('button[aria-label*="menu"], .hamburger-menu, [data-testid="mobile-menu-toggle"]');
    > 13 |     await expect(hamburgerButton.first()).toBeVisible();
         |                                           ^
      14 |   });
      15 |
      16 |   test('should toggle mobile menu when hamburger is clicked', async ({ page }) => {
        at /Users/I590496/TKAFROKITCHEN/tk-afro-kitchen/tests/mobile/mobile-navigation.spec.ts:13:43

    attachment #1: screenshot (image/png) ──────────────────────────────────────────────────────────
    ../test-results/mobile-mobile-navigation-M-1d5c4-ay-hamburger-menu-on-mobile-Mobile-Safari/test-failed-1.png
    ────────────────────────────────────────────────────────────────────────────────────────────────

    attachment #2: video (video/webm) ──────────────────────────────────────────────────────────────
    ../test-results/mobile-mobile-navigation-M-1d5c4-ay-hamburger-menu-on-mobile-Mobile-Safari/video.webm
    ────────────────────────────────────────────────────────────────────────────────────────────────

    Error Context: ../test-results/mobile-mobile-navigation-M-1d5c4-ay-hamburger-menu-on-mobile-Mobile-Safari/error-context.md
]]>
</failure>
<system-out>
<![CDATA[
[[ATTACHMENT|mobile-mobile-navigation-M-1d5c4-ay-hamburger-menu-on-mobile-Mobile-Safari/test-failed-1.png]]

[[ATTACHMENT|mobile-mobile-navigation-M-1d5c4-ay-hamburger-menu-on-mobile-Mobile-Safari/video.webm]]

[[ATTACHMENT|mobile-mobile-navigation-M-1d5c4-ay-hamburger-menu-on-mobile-Mobile-Safari/error-context.md]]
]]>
</system-out>
</testcase>
<testcase name="Mobile Navigation › should toggle mobile menu when hamburger is clicked" classname="mobile/mobile-navigation.spec.ts" time="30.297">
<failure message="mobile-navigation.spec.ts:16:7 should toggle mobile menu when hamburger is clicked" type="FAILURE">
<![CDATA[  [Mobile Safari] › mobile/mobile-navigation.spec.ts:16:7 › Mobile Navigation › should toggle mobile menu when hamburger is clicked 

    Test timeout of 30000ms exceeded.

    Error: locator.click: Test timeout of 30000ms exceeded.
    Call log:
      - waiting for locator('button[aria-label*="menu"], .hamburger-menu, [data-testid="mobile-menu-toggle"]').first()


      19 |     
      20 |     // Click hamburger menu
    > 21 |     await hamburgerButton.first().click();
         |                                   ^
      22 |     
      23 |     // Check mobile menu is visible
      24 |     const mobileMenu = page.locator('.mobile-menu, [data-testid="mobile-menu"], nav.md\\:hidden');
        at /Users/I590496/TKAFROKITCHEN/tk-afro-kitchen/tests/mobile/mobile-navigation.spec.ts:21:35

    attachment #1: screenshot (image/png) ──────────────────────────────────────────────────────────
    ../test-results/mobile-mobile-navigation-M-fbf4e-u-when-hamburger-is-clicked-Mobile-Safari/test-failed-1.png
    ────────────────────────────────────────────────────────────────────────────────────────────────

    attachment #2: video (video/webm) ──────────────────────────────────────────────────────────────
    ../test-results/mobile-mobile-navigation-M-fbf4e-u-when-hamburger-is-clicked-Mobile-Safari/video.webm
    ────────────────────────────────────────────────────────────────────────────────────────────────

    Error Context: ../test-results/mobile-mobile-navigation-M-fbf4e-u-when-hamburger-is-clicked-Mobile-Safari/error-context.md
]]>
</failure>
<system-out>
<![CDATA[
[[ATTACHMENT|mobile-mobile-navigation-M-fbf4e-u-when-hamburger-is-clicked-Mobile-Safari/test-failed-1.png]]

[[ATTACHMENT|mobile-mobile-navigation-M-fbf4e-u-when-hamburger-is-clicked-Mobile-Safari/video.webm]]

[[ATTACHMENT|mobile-mobile-navigation-M-fbf4e-u-when-hamburger-is-clicked-Mobile-Safari/error-context.md]]
]]>
</system-out>
</testcase>
<testcase name="Mobile Navigation › should close mobile menu when clicking outside" classname="mobile/mobile-navigation.spec.ts" time="30.252">
<failure message="mobile-navigation.spec.ts:34:7 should close mobile menu when clicking outside" type="FAILURE">
<![CDATA[  [Mobile Safari] › mobile/mobile-navigation.spec.ts:34:7 › Mobile Navigation › should close mobile menu when clicking outside 

    Test timeout of 30000ms exceeded.

    Error: locator.click: Test timeout of 30000ms exceeded.
    Call log:
      - waiting for locator('button[aria-label*="menu"], .hamburger-menu, [data-testid="mobile-menu-toggle"]').first()


      35 |     // Open mobile menu
      36 |     const hamburgerButton = page.locator('button[aria-label*="menu"], .hamburger-menu, [data-testid="mobile-menu-toggle"]');
    > 37 |     await hamburgerButton.first().click();
         |                                   ^
      38 |     
      39 |     // Click outside menu (on body)
      40 |     await page.click('body', { position: { x: 50, y: 50 } });
        at /Users/I590496/TKAFROKITCHEN/tk-afro-kitchen/tests/mobile/mobile-navigation.spec.ts:37:35

    attachment #1: screenshot (image/png) ──────────────────────────────────────────────────────────
    ../test-results/mobile-mobile-navigation-M-c3646--menu-when-clicking-outside-Mobile-Safari/test-failed-1.png
    ────────────────────────────────────────────────────────────────────────────────────────────────

    attachment #2: video (video/webm) ──────────────────────────────────────────────────────────────
    ../test-results/mobile-mobile-navigation-M-c3646--menu-when-clicking-outside-Mobile-Safari/video.webm
    ────────────────────────────────────────────────────────────────────────────────────────────────

    Error Context: ../test-results/mobile-mobile-navigation-M-c3646--menu-when-clicking-outside-Mobile-Safari/error-context.md
]]>
</failure>
<system-out>
<![CDATA[
[[ATTACHMENT|mobile-mobile-navigation-M-c3646--menu-when-clicking-outside-Mobile-Safari/test-failed-1.png]]

[[ATTACHMENT|mobile-mobile-navigation-M-c3646--menu-when-clicking-outside-Mobile-Safari/video.webm]]

[[ATTACHMENT|mobile-mobile-navigation-M-c3646--menu-when-clicking-outside-Mobile-Safari/error-context.md]]
]]>
</system-out>
</testcase>
<testcase name="Mobile Navigation › should close mobile menu when clicking a menu item" classname="mobile/mobile-navigation.spec.ts" time="30.247">
<failure message="mobile-navigation.spec.ts:47:7 should close mobile menu when clicking a menu item" type="FAILURE">
<![CDATA[  [Mobile Safari] › mobile/mobile-navigation.spec.ts:47:7 › Mobile Navigation › should close mobile menu when clicking a menu item 

    Test timeout of 30000ms exceeded.

    Error: locator.click: Test timeout of 30000ms exceeded.
    Call log:
      - waiting for locator('button[aria-label*="menu"], .hamburger-menu, [data-testid="mobile-menu-toggle"]').first()


      48 |     // Open mobile menu
      49 |     const hamburgerButton = page.locator('button[aria-label*="menu"], .hamburger-menu, [data-testid="mobile-menu-toggle"]');
    > 50 |     await hamburgerButton.first().click();
         |                                   ^
      51 |     
      52 |     // Click on a menu item
      53 |     await page.click('text=Menu');
        at /Users/I590496/TKAFROKITCHEN/tk-afro-kitchen/tests/mobile/mobile-navigation.spec.ts:50:35

    attachment #1: screenshot (image/png) ──────────────────────────────────────────────────────────
    ../test-results/mobile-mobile-navigation-M-c3892-u-when-clicking-a-menu-item-Mobile-Safari/test-failed-1.png
    ────────────────────────────────────────────────────────────────────────────────────────────────

    attachment #2: video (video/webm) ──────────────────────────────────────────────────────────────
    ../test-results/mobile-mobile-navigation-M-c3892-u-when-clicking-a-menu-item-Mobile-Safari/video.webm
    ────────────────────────────────────────────────────────────────────────────────────────────────

    Error Context: ../test-results/mobile-mobile-navigation-M-c3892-u-when-clicking-a-menu-item-Mobile-Safari/error-context.md
]]>
</failure>
<system-out>
<![CDATA[
[[ATTACHMENT|mobile-mobile-navigation-M-c3892-u-when-clicking-a-menu-item-Mobile-Safari/test-failed-1.png]]

[[ATTACHMENT|mobile-mobile-navigation-M-c3892-u-when-clicking-a-menu-item-Mobile-Safari/video.webm]]

[[ATTACHMENT|mobile-mobile-navigation-M-c3892-u-when-clicking-a-menu-item-Mobile-Safari/error-context.md]]
]]>
</system-out>
</testcase>
<testcase name="Mobile Navigation › should navigate to correct pages from mobile menu" classname="mobile/mobile-navigation.spec.ts" time="30.342">
<failure message="mobile-navigation.spec.ts:60:7 should navigate to correct pages from mobile menu" type="FAILURE">
<![CDATA[  [Mobile Safari] › mobile/mobile-navigation.spec.ts:60:7 › Mobile Navigation › should navigate to correct pages from mobile menu 

    Test timeout of 30000ms exceeded.

    Error: locator.click: Test timeout of 30000ms exceeded.
    Call log:
      - waiting for locator('button[aria-label*="menu"], .hamburger-menu, [data-testid="mobile-menu-toggle"]').first()


      61 |     // Open mobile menu
      62 |     const hamburgerButton = page.locator('button[aria-label*="menu"], .hamburger-menu, [data-testid="mobile-menu-toggle"]');
    > 63 |     await hamburgerButton.first().click();
         |                                   ^
      64 |     
      65 |     // Test navigation to different pages
      66 |     const testPages = [
        at /Users/I590496/TKAFROKITCHEN/tk-afro-kitchen/tests/mobile/mobile-navigation.spec.ts:63:35

    attachment #1: screenshot (image/png) ──────────────────────────────────────────────────────────
    ../test-results/mobile-mobile-navigation-M-60022-rect-pages-from-mobile-menu-Mobile-Safari/test-failed-1.png
    ────────────────────────────────────────────────────────────────────────────────────────────────

    attachment #2: video (video/webm) ──────────────────────────────────────────────────────────────
    ../test-results/mobile-mobile-navigation-M-60022-rect-pages-from-mobile-menu-Mobile-Safari/video.webm
    ────────────────────────────────────────────────────────────────────────────────────────────────

    Error Context: ../test-results/mobile-mobile-navigation-M-60022-rect-pages-from-mobile-menu-Mobile-Safari/error-context.md
]]>
</failure>
<system-out>
<![CDATA[
[[ATTACHMENT|mobile-mobile-navigation-M-60022-rect-pages-from-mobile-menu-Mobile-Safari/test-failed-1.png]]

[[ATTACHMENT|mobile-mobile-navigation-M-60022-rect-pages-from-mobile-menu-Mobile-Safari/video.webm]]

[[ATTACHMENT|mobile-mobile-navigation-M-60022-rect-pages-from-mobile-menu-Mobile-Safari/error-context.md]]
]]>
</system-out>
</testcase>
<testcase name="Mobile Navigation › should handle touch gestures correctly" classname="mobile/mobile-navigation.spec.ts" time="30.282">
<failure message="mobile-navigation.spec.ts:84:7 should handle touch gestures correctly" type="FAILURE">
<![CDATA[  [Mobile Safari] › mobile/mobile-navigation.spec.ts:84:7 › Mobile Navigation › should handle touch gestures correctly 

    Test timeout of 30000ms exceeded.

    Error: locator.tap: Test timeout of 30000ms exceeded.
    Call log:
      - waiting for locator('button[aria-label*="menu"], .hamburger-menu, [data-testid="mobile-menu-toggle"]').first()


      88 |     // For now, test basic touch interactions
      89 |     const hamburgerButton = page.locator('button[aria-label*="menu"], .hamburger-menu, [data-testid="mobile-menu-toggle"]');
    > 90 |     await hamburgerButton.first().tap();
         |                                   ^
      91 |     
      92 |     const mobileMenu = page.locator('.mobile-menu, [data-testid="mobile-menu"], nav.md\\:hidden');
      93 |     await expect(mobileMenu).toBeVisible();
        at /Users/I590496/TKAFROKITCHEN/tk-afro-kitchen/tests/mobile/mobile-navigation.spec.ts:90:35

    attachment #1: screenshot (image/png) ──────────────────────────────────────────────────────────
    ../test-results/mobile-mobile-navigation-M-66fc1-le-touch-gestures-correctly-Mobile-Safari/test-failed-1.png
    ────────────────────────────────────────────────────────────────────────────────────────────────

    attachment #2: video (video/webm) ──────────────────────────────────────────────────────────────
    ../test-results/mobile-mobile-navigation-M-66fc1-le-touch-gestures-correctly-Mobile-Safari/video.webm
    ────────────────────────────────────────────────────────────────────────────────────────────────

    Error Context: ../test-results/mobile-mobile-navigation-M-66fc1-le-touch-gestures-correctly-Mobile-Safari/error-context.md
]]>
</failure>
<system-out>
<![CDATA[
[[ATTACHMENT|mobile-mobile-navigation-M-66fc1-le-touch-gestures-correctly-Mobile-Safari/test-failed-1.png]]

[[ATTACHMENT|mobile-mobile-navigation-M-66fc1-le-touch-gestures-correctly-Mobile-Safari/video.webm]]

[[ATTACHMENT|mobile-mobile-navigation-M-66fc1-le-touch-gestures-correctly-Mobile-Safari/error-context.md]]
]]>
</system-out>
</testcase>
<testcase name="Mobile Navigation › should maintain menu state during page navigation" classname="mobile/mobile-navigation.spec.ts" time="30.313">
<failure message="mobile-navigation.spec.ts:96:7 should maintain menu state during page navigation" type="FAILURE">
<![CDATA[  [Mobile Safari] › mobile/mobile-navigation.spec.ts:96:7 › Mobile Navigation › should maintain menu state during page navigation 

    Test timeout of 30000ms exceeded.

    Error: locator.click: Test timeout of 30000ms exceeded.
    Call log:
      - waiting for locator('button[aria-label*="menu"], .hamburger-menu, [data-testid="mobile-menu-toggle"]').first()


       97 |     // Open mobile menu
       98 |     const hamburgerButton = page.locator('button[aria-label*="menu"], .hamburger-menu, [data-testid="mobile-menu-toggle"]');
    >  99 |     await hamburgerButton.first().click();
          |                                   ^
      100 |     
      101 |     // Navigate to another page
      102 |     await page.click('text=Menu');
        at /Users/I590496/TKAFROKITCHEN/tk-afro-kitchen/tests/mobile/mobile-navigation.spec.ts:99:35

    attachment #1: screenshot (image/png) ──────────────────────────────────────────────────────────
    ../test-results/mobile-mobile-navigation-M-81514-tate-during-page-navigation-Mobile-Safari/test-failed-1.png
    ────────────────────────────────────────────────────────────────────────────────────────────────

    attachment #2: video (video/webm) ──────────────────────────────────────────────────────────────
    ../test-results/mobile-mobile-navigation-M-81514-tate-during-page-navigation-Mobile-Safari/video.webm
    ────────────────────────────────────────────────────────────────────────────────────────────────

    Error Context: ../test-results/mobile-mobile-navigation-M-81514-tate-during-page-navigation-Mobile-Safari/error-context.md
]]>
</failure>
<system-out>
<![CDATA[
[[ATTACHMENT|mobile-mobile-navigation-M-81514-tate-during-page-navigation-Mobile-Safari/test-failed-1.png]]

[[ATTACHMENT|mobile-mobile-navigation-M-81514-tate-during-page-navigation-Mobile-Safari/video.webm]]

[[ATTACHMENT|mobile-mobile-navigation-M-81514-tate-during-page-navigation-Mobile-Safari/error-context.md]]
]]>
</system-out>
</testcase>
<testcase name="Mobile Navigation › should handle orientation changes" classname="mobile/mobile-navigation.spec.ts" time="6.113">
<failure message="mobile-navigation.spec.ts:112:7 should handle orientation changes" type="FAILURE">
<![CDATA[  [Mobile Safari] › mobile/mobile-navigation.spec.ts:112:7 › Mobile Navigation › should handle orientation changes 

    Error: Timed out 5000ms waiting for expect(locator).toBeVisible()

    Locator: locator('button[aria-label*="menu"], .hamburger-menu, [data-testid="mobile-menu-toggle"]').first()
    Expected: visible
    Received: <element(s) not found>
    Call log:
      - Expect "toBeVisible" with timeout 5000ms
      - waiting for locator('button[aria-label*="menu"], .hamburger-menu, [data-testid="mobile-menu-toggle"]').first()


      116 |     // Check navigation still works
      117 |     const hamburgerButton = page.locator('button[aria-label*="menu"], .hamburger-menu, [data-testid="mobile-menu-toggle"]');
    > 118 |     await expect(hamburgerButton.first()).toBeVisible();
          |                                           ^
      119 |     
      120 |     // Test portrait orientation
      121 |     await page.setViewportSize({ width: 375, height: 667 });
        at /Users/I590496/TKAFROKITCHEN/tk-afro-kitchen/tests/mobile/mobile-navigation.spec.ts:118:43

    attachment #1: screenshot (image/png) ──────────────────────────────────────────────────────────
    ../test-results/mobile-mobile-navigation-M-81277--handle-orientation-changes-Mobile-Safari/test-failed-1.png
    ────────────────────────────────────────────────────────────────────────────────────────────────

    attachment #2: video (video/webm) ──────────────────────────────────────────────────────────────
    ../test-results/mobile-mobile-navigation-M-81277--handle-orientation-changes-Mobile-Safari/video.webm
    ────────────────────────────────────────────────────────────────────────────────────────────────

    Error Context: ../test-results/mobile-mobile-navigation-M-81277--handle-orientation-changes-Mobile-Safari/error-context.md
]]>
</failure>
<system-out>
<![CDATA[
[[ATTACHMENT|mobile-mobile-navigation-M-81277--handle-orientation-changes-Mobile-Safari/test-failed-1.png]]

[[ATTACHMENT|mobile-mobile-navigation-M-81277--handle-orientation-changes-Mobile-Safari/video.webm]]

[[ATTACHMENT|mobile-mobile-navigation-M-81277--handle-orientation-changes-Mobile-Safari/error-context.md]]
]]>
</system-out>
</testcase>
<testcase name="Mobile Navigation › should have proper focus management" classname="mobile/mobile-navigation.spec.ts" time="30.251">
<failure message="mobile-navigation.spec.ts:125:7 should have proper focus management" type="FAILURE">
<![CDATA[  [Mobile Safari] › mobile/mobile-navigation.spec.ts:125:7 › Mobile Navigation › should have proper focus management 

    Test timeout of 30000ms exceeded.

    Error: locator.click: Test timeout of 30000ms exceeded.
    Call log:
      - waiting for locator('button[aria-label*="menu"], .hamburger-menu, [data-testid="mobile-menu-toggle"]').first()


      126 |     // Open mobile menu
      127 |     const hamburgerButton = page.locator('button[aria-label*="menu"], .hamburger-menu, [data-testid="mobile-menu-toggle"]');
    > 128 |     await hamburgerButton.first().click();
          |                                   ^
      129 |     
      130 |     // Check first menu item is focusable
      131 |     const firstMenuItem = page.locator('nav a').first();
        at /Users/I590496/TKAFROKITCHEN/tk-afro-kitchen/tests/mobile/mobile-navigation.spec.ts:128:35

    attachment #1: screenshot (image/png) ──────────────────────────────────────────────────────────
    ../test-results/mobile-mobile-navigation-M-b062b-ave-proper-focus-management-Mobile-Safari/test-failed-1.png
    ────────────────────────────────────────────────────────────────────────────────────────────────

    attachment #2: video (video/webm) ──────────────────────────────────────────────────────────────
    ../test-results/mobile-mobile-navigation-M-b062b-ave-proper-focus-management-Mobile-Safari/video.webm
    ────────────────────────────────────────────────────────────────────────────────────────────────

    Error Context: ../test-results/mobile-mobile-navigation-M-b062b-ave-proper-focus-management-Mobile-Safari/error-context.md
]]>
</failure>
<system-out>
<![CDATA[
[[ATTACHMENT|mobile-mobile-navigation-M-b062b-ave-proper-focus-management-Mobile-Safari/test-failed-1.png]]

[[ATTACHMENT|mobile-mobile-navigation-M-b062b-ave-proper-focus-management-Mobile-Safari/video.webm]]

[[ATTACHMENT|mobile-mobile-navigation-M-b062b-ave-proper-focus-management-Mobile-Safari/error-context.md]]
]]>
</system-out>
</testcase>
<testcase name="Mobile Navigation › should handle keyboard navigation" classname="mobile/mobile-navigation.spec.ts" time="30.243">
<failure message="mobile-navigation.spec.ts:136:7 should handle keyboard navigation" type="FAILURE">
<![CDATA[  [Mobile Safari] › mobile/mobile-navigation.spec.ts:136:7 › Mobile Navigation › should handle keyboard navigation 

    Test timeout of 30000ms exceeded.

    Error: locator.click: Test timeout of 30000ms exceeded.
    Call log:
      - waiting for locator('button[aria-label*="menu"], .hamburger-menu, [data-testid="mobile-menu-toggle"]').first()


      137 |     // Open mobile menu
      138 |     const hamburgerButton = page.locator('button[aria-label*="menu"], .hamburger-menu, [data-testid="mobile-menu-toggle"]');
    > 139 |     await hamburgerButton.first().click();
          |                                   ^
      140 |     
      141 |     // Test keyboard navigation
      142 |     await page.keyboard.press('Tab');
        at /Users/I590496/TKAFROKITCHEN/tk-afro-kitchen/tests/mobile/mobile-navigation.spec.ts:139:35

    attachment #1: screenshot (image/png) ──────────────────────────────────────────────────────────
    ../test-results/mobile-mobile-navigation-M-819d2--handle-keyboard-navigation-Mobile-Safari/test-failed-1.png
    ────────────────────────────────────────────────────────────────────────────────────────────────

    attachment #2: video (video/webm) ──────────────────────────────────────────────────────────────
    ../test-results/mobile-mobile-navigation-M-819d2--handle-keyboard-navigation-Mobile-Safari/video.webm
    ────────────────────────────────────────────────────────────────────────────────────────────────

    Error Context: ../test-results/mobile-mobile-navigation-M-819d2--handle-keyboard-navigation-Mobile-Safari/error-context.md
]]>
</failure>
<system-out>
<![CDATA[
[[ATTACHMENT|mobile-mobile-navigation-M-819d2--handle-keyboard-navigation-Mobile-Safari/test-failed-1.png]]

[[ATTACHMENT|mobile-mobile-navigation-M-819d2--handle-keyboard-navigation-Mobile-Safari/video.webm]]

[[ATTACHMENT|mobile-mobile-navigation-M-819d2--handle-keyboard-navigation-Mobile-Safari/error-context.md]]
]]>
</system-out>
</testcase>
<testcase name="Mobile Navigation › should have proper ARIA attributes" classname="mobile/mobile-navigation.spec.ts" time="6.406">
<failure message="mobile-navigation.spec.ts:149:7 should have proper ARIA attributes" type="FAILURE">
<![CDATA[  [Mobile Safari] › mobile/mobile-navigation.spec.ts:149:7 › Mobile Navigation › should have proper ARIA attributes 

    Error: Timed out 5000ms waiting for expect(locator).toBeVisible()

    Locator: locator('button[aria-label*="menu"], .hamburger-menu, [data-testid="mobile-menu-toggle"]').first()
    Expected: visible
    Received: <element(s) not found>
    Call log:
      - Expect "toBeVisible" with timeout 5000ms
      - waiting for locator('button[aria-label*="menu"], .hamburger-menu, [data-testid="mobile-menu-toggle"]').first()


      150 |     // Check hamburger button has proper ARIA attributes
      151 |     const hamburgerButton = page.locator('button[aria-label*="menu"], .hamburger-menu, [data-testid="mobile-menu-toggle"]');
    > 152 |     await expect(hamburgerButton.first()).toBeVisible();
          |                                           ^
      153 |     
      154 |     // Check for aria-expanded attribute
      155 |     const ariaExpanded = await hamburgerButton.first().getAttribute('aria-expanded');
        at /Users/I590496/TKAFROKITCHEN/tk-afro-kitchen/tests/mobile/mobile-navigation.spec.ts:152:43

    attachment #1: screenshot (image/png) ──────────────────────────────────────────────────────────
    ../test-results/mobile-mobile-navigation-M-07eb3-have-proper-ARIA-attributes-Mobile-Safari/test-failed-1.png
    ────────────────────────────────────────────────────────────────────────────────────────────────

    attachment #2: video (video/webm) ──────────────────────────────────────────────────────────────
    ../test-results/mobile-mobile-navigation-M-07eb3-have-proper-ARIA-attributes-Mobile-Safari/video.webm
    ────────────────────────────────────────────────────────────────────────────────────────────────

    Error Context: ../test-results/mobile-mobile-navigation-M-07eb3-have-proper-ARIA-attributes-Mobile-Safari/error-context.md
]]>
</failure>
<system-out>
<![CDATA[
[[ATTACHMENT|mobile-mobile-navigation-M-07eb3-have-proper-ARIA-attributes-Mobile-Safari/test-failed-1.png]]

[[ATTACHMENT|mobile-mobile-navigation-M-07eb3-have-proper-ARIA-attributes-Mobile-Safari/video.webm]]

[[ATTACHMENT|mobile-mobile-navigation-M-07eb3-have-proper-ARIA-attributes-Mobile-Safari/error-context.md]]
]]>
</system-out>
</testcase>
<testcase name="Mobile Navigation › should handle rapid menu toggles" classname="mobile/mobile-navigation.spec.ts" time="30.241">
<failure message="mobile-navigation.spec.ts:159:7 should handle rapid menu toggles" type="FAILURE">
<![CDATA[  [Mobile Safari] › mobile/mobile-navigation.spec.ts:159:7 › Mobile Navigation › should handle rapid menu toggles 

    Test timeout of 30000ms exceeded.

    Error: locator.click: Test timeout of 30000ms exceeded.
    Call log:
      - waiting for locator('button[aria-label*="menu"], .hamburger-menu, [data-testid="mobile-menu-toggle"]').first()


      162 |     // Rapidly click hamburger menu
      163 |     for (let i = 0; i < 5; i++) {
    > 164 |       await hamburgerButton.first().click();
          |                                     ^
      165 |       await page.waitForTimeout(100);
      166 |     }
      167 |     
        at /Users/I590496/TKAFROKITCHEN/tk-afro-kitchen/tests/mobile/mobile-navigation.spec.ts:164:37

    attachment #1: screenshot (image/png) ──────────────────────────────────────────────────────────
    ../test-results/mobile-mobile-navigation-M-e96ff-d-handle-rapid-menu-toggles-Mobile-Safari/test-failed-1.png
    ────────────────────────────────────────────────────────────────────────────────────────────────

    attachment #2: video (video/webm) ──────────────────────────────────────────────────────────────
    ../test-results/mobile-mobile-navigation-M-e96ff-d-handle-rapid-menu-toggles-Mobile-Safari/video.webm
    ────────────────────────────────────────────────────────────────────────────────────────────────

    Error Context: ../test-results/mobile-mobile-navigation-M-e96ff-d-handle-rapid-menu-toggles-Mobile-Safari/error-context.md
]]>
</failure>
<system-out>
<![CDATA[
[[ATTACHMENT|mobile-mobile-navigation-M-e96ff-d-handle-rapid-menu-toggles-Mobile-Safari/test-failed-1.png]]

[[ATTACHMENT|mobile-mobile-navigation-M-e96ff-d-handle-rapid-menu-toggles-Mobile-Safari/video.webm]]

[[ATTACHMENT|mobile-mobile-navigation-M-e96ff-d-handle-rapid-menu-toggles-Mobile-Safari/error-context.md]]
]]>
</system-out>
</testcase>
<testcase name="Mobile Navigation › should work on different mobile screen sizes" classname="mobile/mobile-navigation.spec.ts" time="6.768">
<failure message="mobile-navigation.spec.ts:173:7 should work on different mobile screen sizes" type="FAILURE">
<![CDATA[  [Mobile Safari] › mobile/mobile-navigation.spec.ts:173:7 › Mobile Navigation › should work on different mobile screen sizes 

    Error: Timed out 5000ms waiting for expect(locator).toBeVisible()

    Locator: locator('button[aria-label*="menu"], .hamburger-menu, [data-testid="mobile-menu-toggle"]').first()
    Expected: visible
    Received: <element(s) not found>
    Call log:
      - Expect "toBeVisible" with timeout 5000ms
      - waiting for locator('button[aria-label*="menu"], .hamburger-menu, [data-testid="mobile-menu-toggle"]').first()


      184 |       
      185 |       const hamburgerButton = page.locator('button[aria-label*="menu"], .hamburger-menu, [data-testid="mobile-menu-toggle"]');
    > 186 |       await expect(hamburgerButton.first()).toBeVisible();
          |                                             ^
      187 |     }
      188 |   });
      189 |
        at /Users/I590496/TKAFROKITCHEN/tk-afro-kitchen/tests/mobile/mobile-navigation.spec.ts:186:45

    attachment #1: screenshot (image/png) ──────────────────────────────────────────────────────────
    ../test-results/mobile-mobile-navigation-M-06806-fferent-mobile-screen-sizes-Mobile-Safari/test-failed-1.png
    ────────────────────────────────────────────────────────────────────────────────────────────────

    attachment #2: video (video/webm) ──────────────────────────────────────────────────────────────
    ../test-results/mobile-mobile-navigation-M-06806-fferent-mobile-screen-sizes-Mobile-Safari/video.webm
    ────────────────────────────────────────────────────────────────────────────────────────────────

    Error Context: ../test-results/mobile-mobile-navigation-M-06806-fferent-mobile-screen-sizes-Mobile-Safari/error-context.md
]]>
</failure>
<system-out>
<![CDATA[
[[ATTACHMENT|mobile-mobile-navigation-M-06806-fferent-mobile-screen-sizes-Mobile-Safari/test-failed-1.png]]

[[ATTACHMENT|mobile-mobile-navigation-M-06806-fferent-mobile-screen-sizes-Mobile-Safari/video.webm]]

[[ATTACHMENT|mobile-mobile-navigation-M-06806-fferent-mobile-screen-sizes-Mobile-Safari/error-context.md]]
]]>
</system-out>
</testcase>
<testcase name="Mobile Navigation › should handle network interruptions gracefully" classname="mobile/mobile-navigation.spec.ts" time="30.239">
<failure message="mobile-navigation.spec.ts:190:7 should handle network interruptions gracefully" type="FAILURE">
<![CDATA[  [Mobile Safari] › mobile/mobile-navigation.spec.ts:190:7 › Mobile Navigation › should handle network interruptions gracefully 

    Test timeout of 30000ms exceeded.

    Error: locator.click: Test timeout of 30000ms exceeded.
    Call log:
      - waiting for locator('button[aria-label*="menu"], .hamburger-menu, [data-testid="mobile-menu-toggle"]').first()


      197 |     // Try to open mobile menu
      198 |     const hamburgerButton = page.locator('button[aria-label*="menu"], .hamburger-menu, [data-testid="mobile-menu-toggle"]');
    > 199 |     await hamburgerButton.first().click();
          |                                   ^
      200 |     
      201 |     // Menu should still work
      202 |     const mobileMenu = page.locator('.mobile-menu, [data-testid="mobile-menu"], nav.md\\:hidden');
        at /Users/I590496/TKAFROKITCHEN/tk-afro-kitchen/tests/mobile/mobile-navigation.spec.ts:199:35

    attachment #1: screenshot (image/png) ──────────────────────────────────────────────────────────
    ../test-results/mobile-mobile-navigation-M-dff51-rk-interruptions-gracefully-Mobile-Safari/test-failed-1.png
    ────────────────────────────────────────────────────────────────────────────────────────────────

    attachment #2: video (video/webm) ──────────────────────────────────────────────────────────────
    ../test-results/mobile-mobile-navigation-M-dff51-rk-interruptions-gracefully-Mobile-Safari/video.webm
    ────────────────────────────────────────────────────────────────────────────────────────────────

    Error Context: ../test-results/mobile-mobile-navigation-M-dff51-rk-interruptions-gracefully-Mobile-Safari/error-context.md
]]>
</failure>
<system-out>
<![CDATA[
[[ATTACHMENT|mobile-mobile-navigation-M-dff51-rk-interruptions-gracefully-Mobile-Safari/test-failed-1.png]]

[[ATTACHMENT|mobile-mobile-navigation-M-dff51-rk-interruptions-gracefully-Mobile-Safari/video.webm]]

[[ATTACHMENT|mobile-mobile-navigation-M-dff51-rk-interruptions-gracefully-Mobile-Safari/error-context.md]]
]]>
</system-out>
</testcase>
</testsuite>
<testsuite name="performance/performance.spec.ts" timestamp="2025-07-20T10:35:55.243Z" hostname="Mobile Safari" tests="13" failures="1" skipped="0" time="25.802" errors="0">
<testcase name="Performance Tests › should load homepage within performance budget" classname="performance/performance.spec.ts" time="1.801">
<system-out>
<![CDATA[Homepage load time: 1234ms
]]>
</system-out>
</testcase>
<testcase name="Performance Tests › should load menu page within performance budget" classname="performance/performance.spec.ts" time="2.026">
<system-out>
<![CDATA[Menu page load time: 1520ms
]]>
</system-out>
</testcase>
<testcase name="Performance Tests › should have optimized images" classname="performance/performance.spec.ts" time="1.179">
</testcase>
<testcase name="Performance Tests › should have reasonable bundle size" classname="performance/performance.spec.ts" time="1.025">
<system-out>
<![CDATA[Page size: 0.02MB
]]>
</system-out>
</testcase>
<testcase name="Performance Tests › should have fast Time to Interactive" classname="performance/performance.spec.ts" time="1.247">
<system-out>
<![CDATA[Time to Interactive: 896ms
]]>
</system-out>
</testcase>
<testcase name="Performance Tests › should handle slow network conditions" classname="performance/performance.spec.ts" time="5.777">
<system-out>
<![CDATA[Slow network load time: 5142ms
]]>
</system-out>
</testcase>
<testcase name="Performance Tests › should have efficient CSS and JS loading" classname="performance/performance.spec.ts" time="1.402">
<failure message="performance.spec.ts:134:7 should have efficient CSS and JS loading" type="FAILURE">
<![CDATA[  [Mobile Safari] › performance/performance.spec.ts:134:7 › Performance Tests › should have efficient CSS and JS loading 

    Error: expect(received).toBeGreaterThan(expected)

    Expected: > 0
    Received:   0

      140 |     
      141 |     // Should have some inline critical CSS
    > 142 |     expect(inlineStyleCount).toBeGreaterThan(0);
          |                              ^
      143 |     
      144 |     // Check for deferred non-critical CSS
      145 |     const deferredCSS = page.locator('link[rel="stylesheet"][media="print"]');
        at /Users/I590496/TKAFROKITCHEN/tk-afro-kitchen/tests/performance/performance.spec.ts:142:30

    attachment #1: screenshot (image/png) ──────────────────────────────────────────────────────────
    ../test-results/performance-performance-Pe-6b5c2-fficient-CSS-and-JS-loading-Mobile-Safari/test-failed-1.png
    ────────────────────────────────────────────────────────────────────────────────────────────────

    attachment #2: video (video/webm) ──────────────────────────────────────────────────────────────
    ../test-results/performance-performance-Pe-6b5c2-fficient-CSS-and-JS-loading-Mobile-Safari/video.webm
    ────────────────────────────────────────────────────────────────────────────────────────────────

    Error Context: ../test-results/performance-performance-Pe-6b5c2-fficient-CSS-and-JS-loading-Mobile-Safari/error-context.md
]]>
</failure>
<system-out>
<![CDATA[
[[ATTACHMENT|performance-performance-Pe-6b5c2-fficient-CSS-and-JS-loading-Mobile-Safari/test-failed-1.png]]

[[ATTACHMENT|performance-performance-Pe-6b5c2-fficient-CSS-and-JS-loading-Mobile-Safari/video.webm]]

[[ATTACHMENT|performance-performance-Pe-6b5c2-fficient-CSS-and-JS-loading-Mobile-Safari/error-context.md]]
]]>
</system-out>
</testcase>
<testcase name="Performance Tests › should have optimized fonts loading" classname="performance/performance.spec.ts" time="1.215">
<system-out>
<![CDATA[Font preloads: 1
]]>
</system-out>
</testcase>
<testcase name="Performance Tests › should have efficient caching headers" classname="performance/performance.spec.ts" time="0.986">
<system-out>
<![CDATA[Cache-Control: public, max-age=0, must-revalidate, ETag: W/"84a03db97744f0f4e5c54d56b801159c"
]]>
</system-out>
</testcase>
<testcase name="Performance Tests › should handle concurrent user load" classname="performance/performance.spec.ts" time="4.533">
<system-out>
<![CDATA[Concurrent load time: 3449ms
]]>
</system-out>
</testcase>
<testcase name="Performance Tests › should have efficient memory usage" classname="performance/performance.spec.ts" time="1.652">
</testcase>
<testcase name="Performance Tests › should have optimized animations" classname="performance/performance.spec.ts" time="1.482">
<system-out>
<![CDATA[Animated elements: 158, Hardware accelerated: 17
]]>
</system-out>
</testcase>
<testcase name="Performance Tests › should have efficient API calls" classname="performance/performance.spec.ts" time="1.477">
<system-out>
<![CDATA[API calls on homepage: 0
]]>
</system-out>
</testcase>
</testsuite>
</testsuites>